latest ledger 5081348
build wasm sha256 e36d155f0381a466fb6c2c29b788a9d52e4a6f3e568f30da981609075bb7a0b3 1542 bytes
prime CCGGOBFHDOSHJSNKE5OD5OWOE6T4BOV54FG2PGRNSPIP5FWAAR6V6ONO wasm 91a2cd56ba1a75d78eeb8ddc5d1841c5d439b7726a140bc84c850f73396298a9 
S_mm CAHJHPZFB2M7FNWOYHVV7YR45AR2BCJDUR6WFLKJD5I7SE4PQD3HDMTI wasm e36d155f0381a466fb6c2c29b788a9d52e4a6f3e568f30da981609075bb7a0b3 == build
S_fr CDTN6U5HIV76RSG3C2JNU6JWQX6VF3AJZDKVPVANA5BTIDVN5CFAULY5 wasm e36d155f0381a466fb6c2c29b788a9d52e4a6f3e568f30da981609075bb7a0b3 == build
S_ph CCCJ3LW2MOP3WFNEOHYUJDHZLTYYMFWBRJTCFOEYRBNIOJEV5AKN25IH wasm e36d155f0381a466fb6c2c29b788a9d52e4a6f3e568f30da981609075bb7a0b3 == build
S_rf CB5GRYA2OJBPJCJVBSTJHAVYQWFW222PUNGIVMZUQ74MVZ4CK5EMOIUQ wasm e36d155f0381a466fb6c2c29b788a9d52e4a6f3e568f30da981609075bb7a0b3 == build
S_mm owner GBDUSRWW2OKYUCKSF4A4SKIQDVHL4ASYKEIHWR4GA4ZRWAYDZ6QK3SIO == expected session owner
S_fr owner GDHZ2JROFT36GPQUCJDOHPGC45UN7FV7NEYG72RVV7U6CGAIPJR2PO2I == expected session owner
S_ph owner GC6ZPOMRB5C3OP2NYCFXBUWPS5US5GQ2FSWABPC4UREPRSJ6QBF7TCRN == expected session owner
S_rf owner GBXPJIRTCWJUFX4KM42UNIMTIUGJRU3U56D2KXN43ACGOZRQPVEJ2OD2 == expected session owner
seat MetaMask GDVVSXHOBP76OPRF7Q34I4IBBG3MIRTKYUBLA2YHSVM5CJQJCUWX4SJW thresholds 1/1/2 signers GDVVSXHOBP76OPRF7Q34I4IBBG3MIRTKYUBLA2YHSVM5CJQJCUWX4SJW:1 == locked
seat Phantom GB2UUGB6GRDXFWQZGI2LQW2TX3PLQ7E6WMCYEJZBQM67Z2PTE7BWKJQJ thresholds 1/1/2 signers GB2UUGB6GRDXFWQZGI2LQW2TX3PLQ7E6WMCYEJZBQM67Z2PTE7BWKJQJ:1 == locked
owner MetaMask GBDUSRWW2OKYUCKSF4A4SKIQDVHL4ASYKEIHWR4GA4ZRWAYDZ6QK3SIO thresholds 1/1/2 signers GBDUSRWW2OKYUCKSF4A4SKIQDVHL4ASYKEIHWR4GA4ZRWAYDZ6QK3SIO:1 == locked
owner Phantom GC6ZPOMRB5C3OP2NYCFXBUWPS5US5GQ2FSWABPC4UREPRSJ6QBF7TCRN thresholds 1/1/2 signers GC6ZPOMRB5C3OP2NYCFXBUWPS5US5GQ2FSWABPC4UREPRSJ6QBF7TCRN:1 == locked
uploaded wasm e36d155f0381a466fb6c2c29b788a9d52e4a6f3e568f30da981609075bb7a0b3 == build
account wasm exports __check_auth,__constructor,add_context_rule,add_policy,add_signer,batch_add_signer,execute,get_context_rule,get_context_rules_count,get_policy_id,get_signer_id,memory,remove_context_rule,remove_policy,remove_signer,update_context_rule_name,update_context_rule_valid_until,upgrade
prime-session wasm exports __check_auth,__constructor,grant,memory
rule 0 {"context_type":["Default"],"id":0,"name":"multisig","policies":["CCTNRFZCL45GTJICA3Z2KFQO3VEGBHGCVBLHQ3GLJKAGACQIJMYJS7T2"],"policy_ids":[0],"signer_ids":[0,1,2],"signers":[["Delegated","GDVVSXHOBP76OPRF7Q34I4IBBG3MIRTKYUBLA2YHSVM5CJQJCUWX4SJW"],["Delegated","GDHZ2JROFT36GPQUCJDOHPGC45UN7FV7NEYG72RVV7U6CGAIPJR2PO2I"],["Delegated","GB2UUGB6GRDXFWQZGI2LQW2TX3PLQ7E6WMCYEJZBQM67Z2PTE7BWKJQJ"]],"valid_until":null}
rule 3 {"context_type":["CallContract","CDLZFC3SYJYDZT7K67VZ75HPJVIEUVNIXF47ZG2FB2RMQQVU2HHGCYSC"],"id":3,"name":"xlm_mm","policies":["CCBHVZ6HGGV7C4SNHCZ3S5665Z2WEMHTMBAEPO4XW6PKON464BEBANU5"],"policy_ids":[1],"signer_ids":[3],"signers":[["Delegated","CAHJHPZFB2M7FNWOYHVV7YR45AR2BCJDUR6WFLKJD5I7SE4PQD3HDMTI"]],"valid_until":null}
rule 4 {"context_type":["CallContract","CDLZFC3SYJYDZT7K67VZ75HPJVIEUVNIXF47ZG2FB2RMQQVU2HHGCYSC"],"id":4,"name":"xlm_fr","policies":["CCBHVZ6HGGV7C4SNHCZ3S5665Z2WEMHTMBAEPO4XW6PKON464BEBANU5"],"policy_ids":[1],"signer_ids":[4],"signers":[["Delegated","CDTN6U5HIV76RSG3C2JNU6JWQX6VF3AJZDKVPVANA5BTIDVN5CFAULY5"]],"valid_until":null}
rule 5 {"context_type":["CallContract","CDLZFC3SYJYDZT7K67VZ75HPJVIEUVNIXF47ZG2FB2RMQQVU2HHGCYSC"],"id":5,"name":"xlm_ph","policies":["CCBHVZ6HGGV7C4SNHCZ3S5665Z2WEMHTMBAEPO4XW6PKON464BEBANU5"],"policy_ids":[1],"signer_ids":[5],"signers":[["Delegated","CCCJ3LW2MOP3WFNEOHYUJDHZLTYYMFWBRJTCFOEYRBNIOJEV5AKN25IH"]],"valid_until":null}
rule 6 {"context_type":["CallContract","CDLZFC3SYJYDZT7K67VZ75HPJVIEUVNIXF47ZG2FB2RMQQVU2HHGCYSC"],"id":6,"name":"xlm_rf","policies":["CCBHVZ6HGGV7C4SNHCZ3S5665Z2WEMHTMBAEPO4XW6PKON464BEBANU5"],"policy_ids":[1],"signer_ids":[6],"signers":[["Delegated","CB5GRYA2OJBPJCJVBSTJHAVYQWFW222PUNGIVMZUQ74MVZ4CK5EMOIUQ"]],"valid_until":null}
minPersistentTtl 120960 maxEntryTtl 3110400 minTemporaryTtl 720
OK: every prime-session instance runs the built wasm, has its expected owner, and every MPC-derived G account is locked
