{
  MetaMask: "4TXiTPLxe5PrpwiY15tj9nP3wF5F8JPKUsYQyfHCCcod",
  Freighter: "9BcBicoPrGtPJnVynJoj2g1p6zrvaFBkJccorLwGTMZo",
  Phantom: "G5H71U2pASYLeei9MYvWVmCZzjHp2VscWTjpdLYa6LT4",
  sessionMetaMask: "3YomJ7dnhtqFnnPAzRUGmhC8EevR2R4F6Sdx7YN6Pppc",
  sessionFreighter: "Cn2bjH8kGkjioVoB9MY86TDsJ6kKjvaiu9ZCmMsJVW74",
  program: "FTNMFWiECbRp7D5MwJUiNQfee6NuJPjE7S11J9yc2B9G",
  programB: "J38gUL2YFo91GDBnDXwVDaGpk6XWSJUhs7RuditRdiVo",
  net: "localnet",
}
PASS P0. seats are exactly MetaMask(NEAR MPC), Freighter(NEAR MPC), Phantom(own key); threshold 2; vault funded | ok 31Mgj6AEjCN9houEMYjw9eNCQNQUXzzCHKSp5nDXQnzpqgcMVbetaxddXdkzRGBpjfpFB4VMJ5R3JJLAfHRwdXu3
PASS K1-MetaMask. MetaMask alone:a. MetaMask proposes and approves | ok 2UwZFfe4afQNDtAicUKC76yoSJF8arK3EX83VhRCPvdJkkXMzaWjoqxbq5UvyDqkN7BuJTBgrff29pF5Kz889L1F
PASS K1-MetaMask. MetaMask alone:b. MetaMask executes with only its own approval | refused: Error Code: InvalidProposalStatus
PASS K1-Freighter. Freighter alone:a. Freighter proposes and approves | ok 66wJFJs66SPq23kLmoLiM3Bb72FiYfCaEAFyE1anUugzkxxN3VEym3H2CTGgcJrR3D7K85iexdLviNDAx5YsNWMc
PASS K1-Freighter. Freighter alone:b. Freighter executes with only its own approval | refused: Error Code: InvalidProposalStatus
PASS K1-Phantom. Phantom alone:a. Phantom proposes and approves | ok 3MYAhznUZ987rBX9fhDeh3CZFjpd9ceSGFvPCSbynG61andTviTApu1K9SicdFh3u7G7WDc4a5KiqLmf95Jd65u1
PASS K1-Phantom. Phantom alone:b. Phantom executes with only its own approval | refused: Error Code: InvalidProposalStatus
PASS K2. MetaMask + Freighter:a. MetaMask proposes and approves | ok 3CkAEuacNoHxsHk64avmfFeLuziSvk48AEBEpXJUwp1Y3EZFMa5rqcxJrFTU7WsSnSpfpRbLqZ8wdByCmRPZgSMg
METRIC seat-propose-K2-MetaMask {"totalCu":78014,"bytes":579,"fee":10000}
PASS K2. MetaMask + Freighter:b. Freighter approves and executes | ok 2rnyjZybc6iqjnRAe9sC3W7HZiHJPq598NgS1xPYn9Lhyx1CTtN1uBhSwgkuA9Abk6joQF4g5oc12jAQZ3mzUznF
METRIC seat-exec-K2-Freighter {"totalCu":67701,"bytes":490,"fee":10000}
PASS K3. Freighter + Phantom:a. Freighter proposes and approves | ok 5Ltpc2mhokGdndxpT5bTKJKbJPn7Kj8oYzegFKXeARD5UagvYdiYBCAeRkis3fsC3H1d8biNmVaRR8JBijD9MUqw
METRIC seat-propose-K3-Freighter {"totalCu":83828,"bytes":579,"fee":10000}
PASS K3. Freighter + Phantom:b. Phantom approves and executes | ok 3AG4KneqHCy8jbC2ZA17WJbLYe9JcBD7xQhQikonTbSLrrgc36dJNz2DidDLHhT2AWDqApkjJvPXT7KRbJ1bvuA1
METRIC seat-exec-K3-Phantom {"totalCu":70829,"bytes":490,"fee":10000}
PASS K4. Phantom + MetaMask:a. Phantom proposes and approves | ok 66m6zhPKituL3DAV99XA69fgM6tLFnorKJo57PvjLhFtudEcWSTQyyf8CLGtBcinsoRj6Mx4yez7ofkXzuLwjexG
METRIC seat-propose-K4-Phantom {"totalCu":79520,"bytes":579,"fee":10000}
PASS K4. Phantom + MetaMask:b. MetaMask approves and executes | ok 4BN9QtedGDkSuHSHoTaWTE7fG4o1cPwNesfgQZDfxFuFGjct8NWRG2HTCwBaX2WyrgJMkRhQk8ZLAGH45GTJDrhV
METRIC seat-exec-K4-MetaMask {"totalCu":67876,"bytes":490,"fee":10000}
PASS K5. DEST received exactly 0.03 SOL | ok 0.03
PASS K6. MetaMask alone (open proposal):a. MetaMask proposes and approves | ok 4NTJspnkkPzygLW89BALzL9SBcJQ3GFNzVnT38nMZmZELPc3oAy2Z5PJYKhrZUYPeCePsATQ7mgVtmDRP94JtRWf
PASS K6. MetaMask alone (open proposal):b. MetaMask executes with only its own approval | refused: Error Code: InvalidProposalStatus
PASS K6c. an outsider approves it | refused: Error Code: NotASigner
PASS K6d. Freighter's seat signed by MetaMask's MPC key | refused: Transaction did not pass signature verification
PASS K6e. Freighter's seat signed by its MPC key under another path | refused: Transaction did not pass signature verification
PASS K6f-MetaMask. MetaMask's seat vote signed by its session-path key | refused: Transaction did not pass signature verification
PASS K6g-MetaMask. MetaMask's session-path key approves as itself | refused: Error Code: NotASigner
PASS K6f-Freighter. Freighter's seat vote signed by its session-path key | refused: Transaction did not pass signature verification
PASS K6g-Freighter. Freighter's session-path key approves as itself | refused: Error Code: NotASigner
PASS K7. install the movers policy (members: the three session PDAs):a. MetaMask proposes and approves | ok 3QvaX8mRPFewX7MYqZT6trs8e9gvZZqqrS8g5zHbgGf59SnGpN5NHMKSwDkAEy91pVzwZPtD8uTpRxG2o7bWrEqR
PASS K7. install the movers policy (members: the three session PDAs):b. Phantom approves and executes | ok 4aLHiUSghyMftUcjm3AniTKPBh67CFpTYdAywbfk7jXdEW6XES2ZR4UyUjEw88N6gcNLVT1k5WAadqvx9aL8XCAu
PASS N0. MetaMask alone (open proposal):a. MetaMask proposes and approves | ok 5m1B8Vbu5JY8WSpXfUi955S1Cr96NFFFwQdZ5wDCbx3YL2utmpc6cytrfRjEUAwiPHARkhatccfeLTWpb4b9Zcf3
PASS N0. MetaMask alone (open proposal):b. MetaMask executes with only its own approval | refused: Error Code: InvalidProposalStatus
PASS N1. Phantom session approves that proposal as its PDA | refused: Error Code: NotASigner
PASS N2. Phantom session key approves it as itself | refused: Error Code: NotASigner
PASS N3. Phantom session proposes a vault transaction as its PDA | refused: Error Code: NotASigner
PASS N4. Phantom session adds its key as a seat (settings sync, as its PDA) | refused: Error Code: InvalidSignerCount
PASS N5. Phantom session calls a program other than the Smart Account (System transfer from its PDA) | refused: Program FTNMFWiECbRp7D5MwJUiNQfee6NuJPjE7S11J9yc2B9G invoke [1] Unknown program SMRTzfY6DfH5ik3TKiyLFfXexV8uSG3d2UksSCYdunG Program FTNMFWiECbRp7D5MwJUiNQfee6Nu
PASS G-MetaMask1. one MetaMask signature (through NEAR) -> session; relayer pays: 0.01 SOL to VENUE | ok fvmX3ZfrN4NNPYGzYLFnT4dbmaQAHgjXgd6HbKq9Mn2oL1s8SeWzHRhdqL2yhcHB7X58aXEgpgXJTrx8jk9jUL1
METRIC move-MetaMask-relayed {"totalCu":59766,"primeSessionCu":59766,"bytes":975,"fee":15000}
PASS G-MetaMask2. relayer down: session key pays the fee itself: 0.005 SOL to VENUE | ok 3ZsHSf8KWVGJJdXF5iC4r5qfmYyjDrdJuMhWgG7GFF1qFnH46seGmLBfRi13bLCb8XYCHYR3X88DqphxGcMoZaSU
PASS G-MetaMask3. VENUE received exactly 0.015 SOL | ok 0.015
PASS G-MetaMask4. relayer down and the session key has no SOL | refused: Attempt to debit an account but found no record of a prior credit
PASS G-MetaMask5. same session: 0.01 SOL elsewhere (policy) | refused: Error Code: ProgramInteractionAccountConstraintViolated
PASS G-MetaMask6. same session: 0.06 SOL to VENUE (over the 0.05 per-move limit) | refused: Error Code: ProgramInteractionInvalidNumericValue
PASS G-MetaMask7. stretched valid-until | refused: custom program error: 0x7
PASS G-MetaMask8. someone else replays the grant with their own key | refused: custom program error: 0x7
PASS G-Freighter1. one Freighter signature (through NEAR) -> session; relayer pays: 0.01 SOL to VENUE | ok 2r5WxoTEJka3VKazFgfJx5vTyfCP2FunkhFbLnofX83eRP8g2it1qKhnZDXcgyAbapr1XUoDi9L795CaMWnVcpyf
METRIC move-Freighter-relayed {"totalCu":56735,"primeSessionCu":56735,"bytes":975,"fee":15000}
PASS G-Freighter2. relayer down: session key pays the fee itself: 0.005 SOL to VENUE | ok 41E9WJtJMEoKLPVuMhMoBVpwnMBPDLG4r7wmrqPoXdL7mAGyxg2xNAWwKxMBmoRLt51rkuzsYiAFqmcj2Awzime4
PASS G-Freighter3. VENUE received exactly 0.015 SOL | ok 0.015
PASS G-Freighter4. relayer down and the session key has no SOL | refused: Attempt to debit an account but found no record of a prior credit
PASS G-Freighter5. same session: 0.01 SOL elsewhere (policy) | refused: Error Code: ProgramInteractionAccountConstraintViolated
PASS G-Freighter6. same session: 0.06 SOL to VENUE (over the 0.05 per-move limit) | refused: Error Code: ProgramInteractionInvalidNumericValue
PASS G-Freighter7. stretched valid-until | refused: custom program error: 0x7
PASS G-Freighter8. someone else replays the grant with their own key | refused: custom program error: 0x7
PASS G-Phantom1. one Phantom signature -> session; relayer pays: 0.01 SOL to VENUE | ok 4o7eoK5v72oF3TKP2ALHtZ4PiU3MYjkpqrezdMfSJfpjpFwVshTnX7vjTABEfQFjLAiiKuhtzpJ45uhY5kFFHoCw
METRIC move-Phantom-relayed {"totalCu":53767,"primeSessionCu":53767,"bytes":975,"fee":15000}
PASS G-Phantom2. relayer down: session key pays the fee itself: 0.005 SOL to VENUE | ok 5YPmQ26BEefb4eTUawy9cpfXx7z7obiaUwLrM6uiDmJoDrqkyGWZpaeDpByJ9FJNTU76UXTmCsALw4ofjaA4YDeN
PASS G-Phantom3. VENUE received exactly 0.015 SOL | ok 0.015
PASS G-Phantom4. relayer down and the session key has no SOL | refused: Attempt to debit an account but found no record of a prior credit
PASS G-Phantom5. same session: 0.01 SOL elsewhere (policy) | refused: Error Code: ProgramInteractionAccountConstraintViolated
PASS G-Phantom6. same session: 0.06 SOL to VENUE (over the 0.05 per-move limit) | refused: Error Code: ProgramInteractionInvalidNumericValue
PASS G-Phantom7. stretched valid-until | refused: custom program error: 0x7
PASS G-Phantom8. someone else replays the grant with their own key | refused: custom program error: 0x7
PASS G9. grant longer than 7 days | refused: custom program error: 0x4
PASS G10. expired grant | refused: custom program error: 0x4
PASS G11. MetaMask grant with the ed25519 program instruction missing | refused: custom program error: 0x7
PASS G12. ed25519 instruction reading its public key from another instruction | refused: custom program error: 0x0
PASS G13. daily cap shared by all: 0.045 used + 0.05 = 0.095 <= 0.1 | ok 2bPjDgj24zLQEPXLhWbzrBXRbk8gdovzrSNXV2gxNHLiVdcnp24SPmdMTd55WD1iSPGCJg3kd2WP3CVTcwZNUXwA
PASS G13b. + 0.01 = 0.105 > 0.1 | refused: Error Code: ProgramInteractionInsufficientLamportAllowance
PASS X1. Freighter's PDA with a grant signed by MetaMask (NEAR) | refused: custom program error: 0x7
PASS X2. Phantom's PDA with a grant signed by Freighter (NEAR) | refused: custom program error: 0x7
PASS X3. MetaMask's PDA with a grant signed by Phantom | refused: custom program error: 0x7
PASS X4. Freighter's PDA with its MPC key under another path | refused: custom program error: 0x7
PASS X4b. Freighter's session PDA with a grant signed by its seat key (prime:solana) | refused: custom program error: 0x7
PASS X5. Phantom grant presented for MetaMask's PDA | refused: custom program error: 0x7
PASS X6. grant signed for cluster mainnet, used on localnet | refused: custom program error: 0x7
PASS X7a. a grant naming program A's PDA, presented to program B with A's PDA | refused: custom program error: 0x2
PASS X7b. the same grant presented to program B with B's PDA (text mismatch) | refused: custom program error: 0x7
PASS X7c. a grant naming program B's PDA, presented to program A with B's PDA | refused: custom program error: 0x2
PASS X7d. the same grant presented to program A with A's PDA (text mismatch) | refused: custom program error: 0x7
PASS X8. Phantom's own signed grant naming MetaMask's PDA | refused: custom program error: 0x2
PASS X9a. valid Phantom grant, data names another settings address | refused: custom program error: 0x2
PASS X10. the session key does not sign (relayer only) | refused: Program FTNMFWiECbRp7D5MwJUiNQfee6NuJPjE7S11J9yc2B9G invoke [1] Program FTNMFWiECbRp7D5MwJUiNQfee6NuJPjE7S11J9yc2B9G consumed 165 of 203000 compute units Progra
PASS X11a. account 3 set to the System program instead of the Smart Account program: the move still runs | ok 5duMgrtrrzNwSMVvEe92QiZrh35iu53WPsaknjLc4kvdH7Lrg39HJrcukFAppQqmFtCFkF3YHNsmjbBy6QRJiQmQ
PASS X11b. ...and prime-session called only the Smart Account program | ok 5duMgrtrrzNw… Program SMRTzfY6DfH5ik3TKiyLFfXexV8uSG3d2UksSCYdunG invoke [2]
PASS A0. account B created with the same three seats | ok zNQYUXuBNGNNbGkdN5BWZrfDaiNB13SqDpiwPzVqWyRtG6dG5wDXPRJ9ugXzw57Nr4GYe8S9SjXbABaD1ifwNoy
PASS A1. account B installs its movers policy (members: each wallet's PDA for account B):a. MetaMask proposes and approves | ok 4pio6PSgHUfFQHgijK5otybbKidnUwWxK5EWbUNwCLAH5DFSTxVyzXjixJEGYTxNYQyz3RxsiQvA8H7q24MPUEyj
PASS A1. account B installs its movers policy (members: each wallet's PDA for account B):b. Phantom approves and executes | ok 36423VRfU9rdT83xAvaNRFjqxPpTrLsACu6ejxRJTQJAwmkQjgU9iFxzcgUYKhRFDiYcu94xRGb94Mmu25FGRXJA
PASS A2. each wallet's PDA differs between account A and account B | ok 7qriG5,J5qGs8,CxMTvv
PASS A3. account A's Phantom grant presented to account B (as Phantom's account-B PDA) | refused: custom program error: 0x7
PASS A4. account A's Phantom PDA calling account B's policy | refused: Error Code: NotASigner
PASS A5. a Phantom grant made for account B works in account B | ok 3sqFRX1u5bhN2aU7ecjVDmDctiCDqqNBxAQwSkv1Eg1R3VzP5WUVsTeoAADhRT9DRU2wbHo7e7wDHoqviPEqCWM
PASS A5-M0. Phantom session: one move through the Smart Account (compute units recorded) | ok HfUwJaZTSCq5dnKxad81f8QnhciS2EU7oXCKXBs4eQrwRvNbZnhtjvfMzYuZX1kRWdCiDo3B9WPGpczXdUaJMjN
METRIC move-sample-0 {"totalCu":49235,"primeSessionCu":49235,"bytes":975,"fee":15000}
PASS A5-M1. Phantom session: one move through the Smart Account (compute units recorded) | ok P1hFpg6Tbd1Q8uArhYqDKabHPREThE9uDi8ngXnNRTe1wNMw5Q2qREvrZtXCAs9t73qAnpgY9q5GUa9hMAGTbp2
METRIC move-sample-1 {"totalCu":59735,"primeSessionCu":59735,"bytes":975,"fee":15000}
PASS A5-M2. Phantom session: one move through the Smart Account (compute units recorded) | ok 5RW8Xy1x1SV3m19NEMxShW2Ar5sgFubSYG1P9LGFuBERCVFRNkLXaAJuFPKNP2XdFKEEYubj14SwdTanLubwURwG
METRIC move-sample-2 {"totalCu":49235,"primeSessionCu":49235,"bytes":975,"fee":15000}
PASS A5-M3. Phantom session: one move through the Smart Account (compute units recorded) | ok ybw8bsFsom68MULCG9nDacKLS6VPSyddnsXCTqzQyoHNajZwTW9frNpCdgYzKiWNMK2Aud4ye3fCDwEMhBWhjDM
METRIC move-sample-3 {"totalCu":50725,"primeSessionCu":50725,"bytes":974,"fee":15000}
PASS A5-M4. Phantom session: one move through the Smart Account (compute units recorded) | ok 3wGXb25kPJw5TBFoKnug8v9HNUCyt7AiTd7bM5JcX9Kiscbgtf2vEkt2cXtsa1WmVxxzXDB9artCXRm4dHLsnApF
METRIC move-sample-4 {"totalCu":49235,"primeSessionCu":49235,"bytes":975,"fee":15000}
PASS A5-M5. Phantom session: one move through the Smart Account (compute units recorded) | ok 3h1U4YKoDjbg8FkWqwnRJnAxP9eK81yZFn11fp329RSiTWTmBK1JMJBhfxYuKdHfT7it1MmagnTR3YMAJNK9kX81
METRIC move-sample-5 {"totalCu":50735,"primeSessionCu":50735,"bytes":975,"fee":15000}
PASS A5-M6. Phantom session: one move through the Smart Account (compute units recorded) | ok 3fDEgUKDVYdQAURp2NcywCEqvQJAJUt7b6tscX25MXcN3myUqfJmdBrZeY7B7UcmqjCMsY3ZJuprA9xZTef2W73k
METRIC move-sample-6 {"totalCu":53735,"primeSessionCu":53735,"bytes":975,"fee":15000}
PASS A5-M7. Phantom session: one move through the Smart Account (compute units recorded) | ok 2c1NxSW5C2duppf5HQzC7yvtxxNzeA6P1vTJVBNC8WAyC41Qbw288aCLw3eW4GxFvtcqq7NMXr5onupR7Uk6Ym5m
METRIC move-sample-7 {"totalCu":49235,"primeSessionCu":49235,"bytes":975,"fee":15000}
PASS A5-M8. Phantom session: one move through the Smart Account (compute units recorded) | ok 4sTs7VJWzVWMgkHAS23Vu43PPCxRpGv7EskAP2gUTThA94tZ4PBiVeJzSRsW7jeL6QhBb8tULXkMshn1BfcP8nuH
METRIC move-sample-8 {"totalCu":50735,"primeSessionCu":50735,"bytes":975,"fee":15000}
PASS A5-M9. Phantom session: one move through the Smart Account (compute units recorded) | ok 2hPphRSc9FTNww483qL8TveeE78mP1fCeVmvgCyN46zcPtCNu4UJv8L5nUenf7byrex9QVDoXwHRrTFM1z9ku7YN
METRIC move-sample-9 {"totalCu":49235,"primeSessionCu":49235,"bytes":975,"fee":15000}
PASS A6. account B's grant presented to account A | refused: custom program error: 0x7
PASS V0a. Phantom session 1 works | ok wZUSGndivMpvEFssrkQv1z4SwFAv4JYowWi58iifzKSdjBCdiCmQ4bqwuDo1JKWUAK3MkQLk4M7NcizUkidxtzz
PASS V0b. Phantom session 2 works | ok 2uqxh9PfUSZVxkwRwcyK7S1eChMAezjRQ9PVswCyRiM2LHa2bKVFgrUEwVpSE2iLE15hBdADibhvxotD7wPgB4V2
PASS V0c. no marker exists for session 1 yet | ok 42XMgxNNcu1MWP3oeANzjes1ZKGmuXZ4Hdct8AogLzA2
PASS V1. Phantom revokes session 1 (one signature, relayed, session key does not sign) | ok 3Mye4ffU5UB6H7FwwBJvyrzpJvvJaBVYTX5ePXhhJN8SWJoc1r84yneziabr7ifaFLSrC1qe5sZjWgEmmtyfqzZi
METRIC revoke {"totalCu":18570,"primeSessionCu":18570,"bytes":726,"fee":10000}
PASS V1b. the marker is empty, owned by prime-session and rent exempt | ok {"lamports":890880,"dataBytes":0,"owner":"FTNMFWiECbRp7D5MwJUiNQfee6NuJPjE7S11J9yc2B9G"}
PASS V2. the revoked session 1 is refused | refused: custom program error: 0x2
PASS V3. the same wallet's session 2 keeps working | ok 26gHjiQdAuzw49UQCBtw8qivciGY2AtZTZfr6zCAY9GEz9VfnVYQ1uyfcprx9iNVaMusALc1y7VK32q3J5tYP6od
PASS V3b. revoking session 1 again is refused | refused: custom program error: 0x2
PASS V4a. MetaMask's session-owner key signs a revoke of Phantom's session 2 (data names Phantom as owner) | refused: custom program error: 0x7
PASS V4b. MetaMask signs a revoke naming Phantom's PDA under its own owner field | refused: custom program error: 0x2
PASS V4c. Phantom session 2 still works | ok 4TEpigq66o3CJEPKs9zZwW7h8ZbQeVsxvtzqu69bhN8DBWDWqqnzJ1sV64zg37AyzNpK9gpS5Tdq9ZoX6HAgzWoD
PASS V4d. MetaMask revokes the same key under its own PDA (a marker in MetaMask's namespace) | ok rf8rnyKDs7fyYRfvJKJqNmX1pvFbkpesiCxZi3baF9n28uapvRA25udCbbgdYDYWN11xkUrdhnAKNixbb41WgfF
PASS V4e. ...and Phantom's session 2 still works (the marker is per owner) | ok 5ryobpv9MVWByp5FUfvCHJtydVE5EBozktCXbr68WdneAS7GWsu1b6JJ1o8EU7moiDwVjimyEY4pEWMJD1BzQ9Zy
PASS V5a. Phantom revokes a key it never granted | ok 2GtkexJLqxbKjHZ3ubeu27qdx2JHnE9Jxh5KXzkDHhiCjpcJtggnQqnRYzyKXZuXsGSncK7VexHsqE6QCWFAkEsM
PASS V5b. a grant signed for that key afterwards is refused | refused: custom program error: 0x2
PASS V6a. a revoke signed for account A's PDA, sent with account B's settings and B's marker | refused: custom program error: 0x2
PASS V6b. no marker was created in account B | ok 
PASS V6c. session 3 still works in account A | ok 3rqK9UDQ9vRySKyhd9CuXznUNYz9t7hJtVsZBwgwLXyr9JffyzgKCFX6vnEMguGDn9131xux81Z5PKqPLPjEeoMw
PASS V7a. a pre-fund below the rent minimum is refused by the runtime | refused: {"InsufficientFundsForRent":{"account_index":1}}
PASS V7b. a stranger pre-funds the marker address with 0.001 SOL | ok 3ryVaez57yvZozLm9KqggnHt4RmrfrPNMpRs4eHt6FNQ5r2H9WPRETNMYuAp3Pj9Ak73zd3ga2o16ffDDVR4AmnL
PASS V7c. the revoke still works | ok 4UEragQzpxteHkR71TLmxFb1kSNEL6ZxbV7CYsdMo1XcBs99Gz8h4K9vdUZZckKaNLejoeoUqJAiTLtnLLYWPzhT
PASS V7d. the revoked session 4 is refused | refused: custom program error: 0x2
PASS V8a. a move that passes another marker address | refused: custom program error: 0x2
PASS V8b. a move with non-canonical bump 254 (canonical 255) and the canonical PDA account | refused: custom program error: 0x2
PASS V8c. the same session with the canonical bump works | ok 2QufkdEz6Wmi5gQosamJFnS81XFFHUhM89YCnW5iMUWdEB89CncXqUS8rQNUBf4Az7Yk8b4fbCAXH8D1KcygNZv8
PASS V9. a 72-byte instruction (the old length check) | refused: Program FTNMFWiECbRp7D5MwJUiNQfee6NuJPjE7S11J9yc2B9G invoke [1] Program FTNMFWiECbRp7D5MwJUiNQfee6NuJPjE7S11J9yc2B9G consumed 88 of 203000 compute units Program
PASS V9b. a 10-byte instruction | refused: Program FTNMFWiECbRp7D5MwJUiNQfee6NuJPjE7S11J9yc2B9G invoke [1] Program FTNMFWiECbRp7D5MwJUiNQfee6NuJPjE7S11J9yc2B9G consumed 88 of 203000 compute units Program
PASS R0. Freighter session works before | ok 2ExjgcypmuMKnfncZ7epbppUg1quDXXnqysqpmU9sCZZRpsdqDtRfoTQgWH6L9tPPoSKuhxJBjKcqAZzoFYrPPjB
PASS R1. MetaMask + Phantom update the policy: members MetaMask and Phantom PDAs only:a. MetaMask proposes and approves | ok 2wr7xXPBq8T3Pz8G91JfW1Pe2ygded2EPuC6ckLB4XuhGq4dQc16NdF83kTWPXKVK9WEekHKw2WH8haXK1o79Jhw
PASS R1. MetaMask + Phantom update the policy: members MetaMask and Phantom PDAs only:b. Phantom approves and executes | ok 2mVQLZrTuZiwGQY4eE6vXNjb2dUzTkNrpswz7w5G3UWKRfucnLiArDKGwhHjBHnzo2E5Fm5FRZpCE6a291QDGxpg
PASS R2. the live Freighter session after removal | refused: Error Code: NotASigner
PASS R3. MetaMask session still works | ok 2bXrbNFD7wnQedhYgdK1kWNSyzQTaqu9CYXsbhB36xQE4k5hG5871DXDPGxpWDLSKeVm6Br71T27hifCFXFw14ED
METRIC relayerSpend {"net":"localnet","spentLamports":4092309680,"vaultFundingLamports":4000000000,"sessionKeysFunded":41,"sessionKeyFundingDevnetLamports":82000000,"devnetEstimateLamports":454309680}
NEAR MPC signatures: 35, average 0.0s
128/128 passed
