{
  MetaMask: "4TXiTPLxe5PrpwiY15tj9nP3wF5F8JPKUsYQyfHCCcod",
  Freighter: "9BcBicoPrGtPJnVynJoj2g1p6zrvaFBkJccorLwGTMZo",
  Phantom: "G5H71U2pASYLeei9MYvWVmCZzjHp2VscWTjpdLYa6LT4",
  sessionMetaMask: "3YomJ7dnhtqFnnPAzRUGmhC8EevR2R4F6Sdx7YN6Pppc",
  sessionFreighter: "Cn2bjH8kGkjioVoB9MY86TDsJ6kKjvaiu9ZCmMsJVW74",
  program: "FTNMFWiECbRp7D5MwJUiNQfee6NuJPjE7S11J9yc2B9G",
  programB: "J38gUL2YFo91GDBnDXwVDaGpk6XWSJUhs7RuditRdiVo",
  net: "localnet",
}
PASS P0. seats are exactly MetaMask(NEAR MPC), Freighter(NEAR MPC), Phantom(own key); threshold 2; vault funded | ok 219ZGE9JwiK1JryJtHWa5seSXTXFe2BipL8zJekJAidkF6e7NMvHGbu9m8McNo7e5T1sTu1uVt5MQsNLMswk2nGw
PASS K1-MetaMask. MetaMask alone:a. MetaMask proposes and approves | ok qRDGRNQtNGNW28RnZNQoymuADDeLXeravcqeVVaUiDBQST4y51Aasm9oHT7TvKyXodTfH7DEDs5CNLiz9fK245g
PASS K1-MetaMask. MetaMask alone:b. MetaMask executes with only its own approval | refused: Error Code: InvalidProposalStatus
PASS K1-Freighter. Freighter alone:a. Freighter proposes and approves | ok 3EhGyf1cRAAD1mZ7gS4RGMjPw3igEk8UDtstAbFcMyt3afSAhF6fohraLJq59h3FZaiTHCrjBJMozP9XrnZRLQ3T
PASS K1-Freighter. Freighter alone:b. Freighter executes with only its own approval | refused: Error Code: InvalidProposalStatus
PASS K1-Phantom. Phantom alone:a. Phantom proposes and approves | ok 3RebT6Mdoy5qJwjhzum9nPJ8EjYQa5JenV3hA9egjdfiSa92xjVFAtCa5tjZ5qEF4iMEV1QEAPCS6AuyvKUwcBq1
PASS K1-Phantom. Phantom alone:b. Phantom executes with only its own approval | refused: Error Code: InvalidProposalStatus
PASS K2. MetaMask + Freighter:a. MetaMask proposes and approves | ok 4QqTJLi3TcY45xpWkBWDAkBzs1vb7SZCpFvege5FHR2Pu942Stb87VDxwqGHoa3GVNXE6LvwahHP9Z1DV7KxyXuW
METRIC seat-propose-K2-MetaMask {"totalCu":78014,"bytes":579,"fee":10000}
PASS K2. MetaMask + Freighter:b. Freighter approves and executes | ok 5tJ6usmyztRQdpjXfJgg5YyabSWD8y4V2MZs3NWsMLrC2xNGSmJ18mEWSb2CzkmCJ938y3oSNMsQQpYnzS8HfdJN
METRIC seat-exec-K2-Freighter {"totalCu":67701,"bytes":490,"fee":10000}
PASS K3. Freighter + Phantom:a. Freighter proposes and approves | ok 61LW4iwuFwGwq3cgqo7Xmv6qcKvrXbFTFvGErAoS759Q6u5LNPUrPo95VnHWgsTgB4PboDKpjbGpT28RXfHnT1p5
METRIC seat-propose-K3-Freighter {"totalCu":83828,"bytes":579,"fee":10000}
PASS K3. Freighter + Phantom:b. Phantom approves and executes | ok 5j4Lpv4v2ayCaiomayAXDnXhgxzd3UqsE9E11EnV2yXZFLYhbNTn7UDqCfZccPQnrMm3X52o7Hb7vw1kDwub57Bg
METRIC seat-exec-K3-Phantom {"totalCu":70829,"bytes":490,"fee":10000}
PASS K4. Phantom + MetaMask:a. Phantom proposes and approves | ok 2zAkekZXkBKMG6hYNH39ssLSDkTxeMd1t3E2TCPAxTij4L7grVV8Xbq3mbzbRbTQD9cm1KyNBZDqLPpAjRJy6LR9
METRIC seat-propose-K4-Phantom {"totalCu":79520,"bytes":579,"fee":10000}
PASS K4. Phantom + MetaMask:b. MetaMask approves and executes | ok 2rLrDfACvMCk2vwA4Gf954PyzHTbUvRTQDuRBJCw7ibZFVimPsgFo2xUKYdkwV9WDbk9aL5Y6BjyAfSe687Cq242
METRIC seat-exec-K4-MetaMask {"totalCu":67876,"bytes":490,"fee":10000}
PASS K5. DEST received exactly 0.03 SOL | ok 0.03
PASS K6. MetaMask alone (open proposal):a. MetaMask proposes and approves | ok 67gToEqw26MSrJXx7Vys7CUQXZcYphvfbiw16GrxAGp5xYfW3iMYvq2vw3xjR8DgJVV9nTTxZ8zpAhrADSEYfWS3
PASS K6. MetaMask alone (open proposal):b. MetaMask executes with only its own approval | refused: Error Code: InvalidProposalStatus
PASS K6c. an outsider approves it | refused: Error Code: NotASigner
PASS K6d. Freighter's seat signed by MetaMask's MPC key | refused: Transaction did not pass signature verification
PASS K6e. Freighter's seat signed by its MPC key under another path | refused: Transaction did not pass signature verification
PASS K6f-MetaMask. MetaMask's seat vote signed by its session-path key | refused: Transaction did not pass signature verification
PASS K6g-MetaMask. MetaMask's session-path key approves as itself | refused: Error Code: NotASigner
PASS K6f-Freighter. Freighter's seat vote signed by its session-path key | refused: Transaction did not pass signature verification
PASS K6g-Freighter. Freighter's session-path key approves as itself | refused: Error Code: NotASigner
PASS K7. install the movers policy (members: the three session PDAs):a. MetaMask proposes and approves | ok 35g1G8KZktDX7tiPyP19EJaxi5SabVg8apPtSZ7jTFbBMbDzoG9mj46cT49zkrW37gjwYoPu4KDXLev6fta6AmF
PASS K7. install the movers policy (members: the three session PDAs):b. Phantom approves and executes | ok 4xiFcQjngUzkTqmqXzPPy2m5uJ7zDTkiAuQjcXAfKWhV3buVHBe13KLm2wR5p3f586rmmandpLC97J3vXosBSfFv
PASS N0. MetaMask alone (open proposal):a. MetaMask proposes and approves | ok 36wSeBbty4Nke9FEWRrSkH4YruRmR6kqCuXsTHJtwWMNZjgseGGpN16QNtdwKSHCdbpKFUwKTj84Zjo8JPbJThcT
PASS N0. MetaMask alone (open proposal):b. MetaMask executes with only its own approval | refused: Error Code: InvalidProposalStatus
PASS N1. Phantom session approves that proposal as its PDA | refused: Error Code: NotASigner
PASS N2. Phantom session key approves it as itself | refused: Error Code: NotASigner
PASS N3. Phantom session proposes a vault transaction as its PDA | refused: Error Code: NotASigner
PASS N4. Phantom session adds its key as a seat (settings sync, as its PDA) | refused: Error Code: InvalidSignerCount
PASS N5. Phantom session calls a program other than the Smart Account (System transfer from its PDA) | refused: Program FTNMFWiECbRp7D5MwJUiNQfee6NuJPjE7S11J9yc2B9G invoke [1] Unknown program SMRTzfY6DfH5ik3TKiyLFfXexV8uSG3d2UksSCYdunG Program FTNMFWiECbRp7D5MwJUiNQfee6Nu
PASS G-MetaMask1. one MetaMask signature (through NEAR) -> session; relayer pays: 0.01 SOL to VENUE | ok 4qctsvExeWxttytY1NwmttfQKyEXw42hmG4Aw7a6rjGrhSq2KDwLUXHYstsgDAw3Gg5w5oCffe8onz4BXKtPdtVc
METRIC move-MetaMask-relayed {"totalCu":52269,"primeSessionCu":52269,"bytes":975,"fee":15000}
PASS G-MetaMask2. relayer down: session key pays the fee itself: 0.005 SOL to VENUE | ok XU7Z1HMMxgAwjmN6c5NCFmrAjZV7cCMwZTxeAPJwiVX9wQ3cwKCggv83dDX15hBfjmfxBdHXKJuffdpqnKX1BUb
PASS G-MetaMask3. VENUE received exactly 0.015 SOL | ok 0.015
PASS G-MetaMask4. relayer down and the session key has no SOL | refused: Attempt to debit an account but found no record of a prior credit
PASS G-MetaMask5. same session: 0.01 SOL elsewhere (policy) | refused: Error Code: ProgramInteractionAccountConstraintViolated
PASS G-MetaMask6. same session: 0.06 SOL to VENUE (over the 0.05 per-move limit) | refused: Error Code: ProgramInteractionInvalidNumericValue
PASS G-MetaMask7. stretched valid-until | refused: custom program error: 0x7
PASS G-MetaMask8. someone else replays the grant with their own key | refused: custom program error: 0x7
PASS G-Freighter1. one Freighter signature (through NEAR) -> session; relayer pays: 0.01 SOL to VENUE | ok 4QHicMednq1V2cTTMEo8fF9vmCnhNgiyPtvvzs1nx2oqSMNWwZ3Qgxik9MZDBCYSwCsdp9L9F9psvcjQyf2QtNj9
METRIC move-Freighter-relayed {"totalCu":53738,"primeSessionCu":53738,"bytes":975,"fee":15000}
PASS G-Freighter2. relayer down: session key pays the fee itself: 0.005 SOL to VENUE | ok 717aWLwpQ9ZdiH8bStGSeeJFUm5JmZh4LgMfL8wovC3Ta2p11WuEdDgTaPrFpbSc7boLJPGFwTBscAqAHZ7xi4S
PASS G-Freighter3. VENUE received exactly 0.015 SOL | ok 0.015
PASS G-Freighter4. relayer down and the session key has no SOL | refused: Attempt to debit an account but found no record of a prior credit
PASS G-Freighter5. same session: 0.01 SOL elsewhere (policy) | refused: Error Code: ProgramInteractionAccountConstraintViolated
PASS G-Freighter6. same session: 0.06 SOL to VENUE (over the 0.05 per-move limit) | refused: Error Code: ProgramInteractionInvalidNumericValue
PASS G-Freighter7. stretched valid-until | refused: custom program error: 0x7
PASS G-Freighter8. someone else replays the grant with their own key | refused: custom program error: 0x7
PASS G-Phantom1. one Phantom signature -> session; relayer pays: 0.01 SOL to VENUE | ok 4odj4ka8pzGo6AfMti6qgPCinWBApeNfWp7i2RzpPG5UGPg3dtNm16X26ZMxtmmYQMSLeeqKZesGyiZFGHanTCoB
METRIC move-Phantom-relayed {"totalCu":52270,"primeSessionCu":52270,"bytes":975,"fee":15000}
PASS G-Phantom2. relayer down: session key pays the fee itself: 0.005 SOL to VENUE | ok uQ3HbTarsn9H5kRouUKgvS1cefkBKRRpAh3kHzKyEdbiYhq4akgiy33VUbJaxhr69WdMCVK7A57Bbz5HuWG6rrj
PASS G-Phantom3. VENUE received exactly 0.015 SOL | ok 0.015
PASS G-Phantom4. relayer down and the session key has no SOL | refused: Attempt to debit an account but found no record of a prior credit
PASS G-Phantom5. same session: 0.01 SOL elsewhere (policy) | refused: Error Code: ProgramInteractionAccountConstraintViolated
PASS G-Phantom6. same session: 0.06 SOL to VENUE (over the 0.05 per-move limit) | refused: Error Code: ProgramInteractionInvalidNumericValue
PASS G-Phantom7. stretched valid-until | refused: custom program error: 0x7
PASS G-Phantom8. someone else replays the grant with their own key | refused: custom program error: 0x7
PASS G9. grant longer than 7 days | refused: custom program error: 0x4
PASS G10. expired grant | refused: custom program error: 0x4
PASS G11. MetaMask grant with the ed25519 program instruction missing | refused: custom program error: 0x7
PASS G12. ed25519 instruction reading its public key from another instruction | refused: custom program error: 0x0
PASS G13. daily cap shared by all: 0.045 used + 0.05 = 0.095 <= 0.1 | ok E9skuinbXvPdcoqyCJ4sDeAW6dVxWurq3TFDgyGpNYipEV9Fp7w3hb1zGgWW5eankvuatyd8U5FTfa2PJwz7HUj
PASS G13b. + 0.01 = 0.105 > 0.1 | refused: Error Code: ProgramInteractionInsufficientLamportAllowance
PASS X1. Freighter's PDA with a grant signed by MetaMask (NEAR) | refused: custom program error: 0x7
PASS X2. Phantom's PDA with a grant signed by Freighter (NEAR) | refused: custom program error: 0x7
PASS X3. MetaMask's PDA with a grant signed by Phantom | refused: custom program error: 0x7
PASS X4. Freighter's PDA with its MPC key under another path | refused: custom program error: 0x7
PASS X4b. Freighter's session PDA with a grant signed by its seat key (prime:solana) | refused: custom program error: 0x7
PASS X5. Phantom grant presented for MetaMask's PDA | refused: custom program error: 0x7
PASS X6. grant signed for cluster mainnet, used on localnet | refused: custom program error: 0x7
PASS X7a. a grant naming program A's PDA, presented to program B with A's PDA | refused: custom program error: 0x2
PASS X7b. the same grant presented to program B with B's PDA (text mismatch) | refused: custom program error: 0x7
PASS X7c. a grant naming program B's PDA, presented to program A with B's PDA | refused: custom program error: 0x2
PASS X7d. the same grant presented to program A with A's PDA (text mismatch) | refused: custom program error: 0x7
PASS X8. Phantom's own signed grant naming MetaMask's PDA | refused: custom program error: 0x2
PASS X9a. valid Phantom grant, data names another settings address | refused: custom program error: 0x2
PASS X10. the session key does not sign (relayer only) | refused: Program FTNMFWiECbRp7D5MwJUiNQfee6NuJPjE7S11J9yc2B9G invoke [1] Program FTNMFWiECbRp7D5MwJUiNQfee6NuJPjE7S11J9yc2B9G consumed 165 of 203000 compute units Progra
PASS X11a. account 3 set to the System program instead of the Smart Account program: the move still runs | ok WapyVHJS6bxs94chhdvTyb2LgXuNV8QNjSpXQFycvSdAe31MdKaDYfNiYtxNztvn6Za49eztFDBWqucXXBpix1o
PASS X11b. ...and prime-session called only the Smart Account program | ok WapyVHJS6bxs… Program SMRTzfY6DfH5ik3TKiyLFfXexV8uSG3d2UksSCYdunG invoke [2]
PASS A0. account B created with the same three seats | ok 5CnDHoBUHiU6hNS623yxX5e6UWNVyWfd113Yp7JwWAeRQNFaydeFdnsbdn1k6mMvcnTrsUpyxchxKGk8w7wHvYrD
PASS A1. account B installs its movers policy (members: each wallet's PDA for account B):a. MetaMask proposes and approves | ok 4WhaxW6upXRpdDTQRSGTB1f4wN2ZW1W59Pf9eUcVNiRDJoRFvowu9Cwk33WNjmUsdJ2at1jCbZqLsXQkKn8nTG7J
PASS A1. account B installs its movers policy (members: each wallet's PDA for account B):b. Phantom approves and executes | ok 4gfduBnTocvtbkd9kmb5PTJU8GpSR5tMeWYfKPVna9bycVrfJYKFsz92ZqQofsgwCTaTecFyXKAbqH6Yi9JX6F2H
PASS A2. each wallet's PDA differs between account A and account B | ok 7qriG5,J5qGs8,CxMTvv
PASS A3. account A's Phantom grant presented to account B (as Phantom's account-B PDA) | refused: custom program error: 0x7
PASS A4. account A's Phantom PDA calling account B's policy | refused: Error Code: NotASigner
PASS A5. a Phantom grant made for account B works in account B | ok 1pfFwLRtwkhxuscz7asox81joxKWQFCSV3BKHD7Qfj1x5CrgXkruCcaBEBBBVCmYxzEisYSoLoQBDTWKSt7YxzD
PASS A5-M0. Phantom session: one move through the Smart Account (compute units recorded) | ok 2dU15337DTLKhkAcDGrh2AmRjx4z28p9q3CU1i5yDvyhbR4XQUcQjcWheYU2o6XP6V6vBFfd9LA3xNscBj7P9shJ
METRIC move-sample-0 {"totalCu":49238,"primeSessionCu":49238,"bytes":975,"fee":15000}
PASS A5-M1. Phantom session: one move through the Smart Account (compute units recorded) | ok 4uaMTZ24RVmaLuU4rmVQjy95cMpBC6iuZL8Huu8M9AqLwvYHJmkAmgrm52EMU5b25uwznW6Rp72oQ9zf8BYk2Ptb
METRIC move-sample-1 {"totalCu":52238,"primeSessionCu":52238,"bytes":975,"fee":15000}
PASS A5-M2. Phantom session: one move through the Smart Account (compute units recorded) | ok 4uY3uc9ZKn5BNEyWMXxjbRebfZ4Q6otykvwTiTX7PQe6gRxsHCX563YbVVGBqH9jHTsz1Dssyure3v2XUt2ts4y5
METRIC move-sample-2 {"totalCu":49238,"primeSessionCu":49238,"bytes":975,"fee":15000}
PASS A5-M3. Phantom session: one move through the Smart Account (compute units recorded) | ok 2jxyF8iHN3ou4gneSDj1N7zfzEr395SSdkuzh9Dfo12zepQBinrLA7XTjMho5KBKFCYRXnZ7q4H5kcPtXu8UjM3d
METRIC move-sample-3 {"totalCu":52238,"primeSessionCu":52238,"bytes":975,"fee":15000}
PASS A5-M4. Phantom session: one move through the Smart Account (compute units recorded) | ok 5uLGk4uCbvPMceUbgJn4djGdiPWv5B335juSCwBMWd8g1CaEe2jyrmBTr3wqUG2ekHWLkgF9oaVn9DscRacPBxYo
METRIC move-sample-4 {"totalCu":53738,"primeSessionCu":53738,"bytes":975,"fee":15000}
PASS A5-M5. Phantom session: one move through the Smart Account (compute units recorded) | ok 2BKMxVchHYWfWUzEbK9aeKjDembH8MW1z5fFWvHTTooFjV5pBsFdnFpsDQUmiKghwyMPPHHw8xw5Ds8dtCw5emNC
METRIC move-sample-5 {"totalCu":50738,"primeSessionCu":50738,"bytes":975,"fee":15000}
PASS A5-M6. Phantom session: one move through the Smart Account (compute units recorded) | ok 3voBR4XETqtmYEbamxy4CtDcWZgC4oUe4A3yaGtK3gZ9WcbgfzSxfSv5JxnQA5Cpi6wvKMeDbnU6HyfwHC7ibkRp
METRIC move-sample-6 {"totalCu":52238,"primeSessionCu":52238,"bytes":975,"fee":15000}
PASS A5-M7. Phantom session: one move through the Smart Account (compute units recorded) | ok 3yF8f9TqerYsWCEkyBRXKPDDeMviHDEw5WbrL8LvocRoU922yCSUwHKRKaCTZEyFCY7ST4ZZtcxjrXfcgUcgMKDW
METRIC move-sample-7 {"totalCu":49238,"primeSessionCu":49238,"bytes":975,"fee":15000}
PASS A5-M8. Phantom session: one move through the Smart Account (compute units recorded) | ok YHCaVnEuXtL2c3A11SuGHPtsAcm8Phb2zRrKisHMwP7RtZEAH3FUvWEuA9G2LnJcgGuikVkQKC2StUnN1vRsxL9
METRIC move-sample-8 {"totalCu":50738,"primeSessionCu":50738,"bytes":975,"fee":15000}
PASS A5-M9. Phantom session: one move through the Smart Account (compute units recorded) | ok SJkZjzAvYBL9a9vog9B63QGFYhDZGfKXpeFZSw9JZtTFE96jVuSNgGbjG3WFPkB3SeimUCWCSxAesYxiy2MoNxM
METRIC move-sample-9 {"totalCu":49238,"primeSessionCu":49238,"bytes":975,"fee":15000}
PASS A6. account B's grant presented to account A | refused: custom program error: 0x7
PASS V0a. Phantom session 1 works | ok 3VvZPPQMjhCh9PJxCGukVBQgVVKcjkGnQHLYTRo6BqnPB2cVD7mWCpeZZ2MhiRfxaidffKYC8BRdbJ1Ny39qSu2F
PASS V0b. Phantom session 2 works | ok 2KP6MKpth5KgdALXKsZFFH3dcFonwNke4dgbvW9rwHSShX7ySGMpkTYuHQkK4P7saZ1Hn1etFuWon7UPR5qNyirM
PASS V0c. no marker exists for session 1 yet | ok 6fULHKctrE2M3JWgLhNuMrEF3CbmUXS7nmJfHbdCZJBY
PASS V1. Phantom revokes session 1 (one signature, relayed, session key does not sign) | ok krnkkAgiUaSHk2GsSJSUMX9afUDfiUj6kHtgipANrySDdh4eXsr9umF1WWz4AxuAPcg8JjyJV34xP7Kpkoe6z9V
METRIC revoke {"totalCu":18573,"primeSessionCu":18573,"bytes":726,"fee":10000}
PASS V1b. the marker is empty, owned by prime-session and rent exempt | ok {"lamports":890880,"dataBytes":0,"owner":"FTNMFWiECbRp7D5MwJUiNQfee6NuJPjE7S11J9yc2B9G"}
PASS V2. the revoked session 1 is refused | refused: custom program error: 0x2
PASS V3. the same wallet's session 2 keeps working | ok 2XNFqxfnGdAYXbi28XPyd63UeLLc5gHSYeJuetYssXwkzpfjKjyqwS7LX5bPYTVthchtohrbxSHbQe4ZCrdaN5JA
PASS V3b. revoking session 1 again is refused | refused: custom program error: 0x2
PASS V4a. MetaMask's session-owner key signs a revoke of Phantom's session 2 (data names Phantom as owner) | refused: custom program error: 0x7
PASS V4b. MetaMask signs a revoke naming Phantom's PDA under its own owner field | refused: custom program error: 0x2
PASS V4c. Phantom session 2 still works | ok 2fvNgSVshMWm4T8GDRSSGGcmEEJpTGrKuqfp5b8DZNM7aN7p7TZpBCVi83pnYydb5uU3NfBQzoEq56TBw6NFkBWF
PASS V4d. MetaMask revokes the same key under its own PDA (a marker in MetaMask's namespace) | ok 4amPJnKA5zVQuMCvpjbmgRBx1bziesqEuM7t6ZJmw9QHaLoVHpd6qPuwb4q8sT9eGMVU1Q4GTTcUf64K6nWHswbG
PASS V4e. ...and Phantom's session 2 still works (the marker is per owner) | ok 4K6KTYndB8MmuoVA9m6gzhgf6M41JhCUwCrwv5rCGEcdYfk4fohcb96JUacrBdymMRcio8wej3Ztq9YwVnSgmPyH
PASS V5a. Phantom revokes a key it never granted | ok CAmDKbjrkbb94YdP7dEEaeWHYv8BAyQM9oReyRumYzxm8f7VsQj619ws6nKsXUan6rvacYUD4Zk5MKWcCw23fUq
PASS V5b. a grant signed for that key afterwards is refused | refused: custom program error: 0x2
PASS V6a. a revoke signed for account A's PDA, sent with account B's settings and B's marker | refused: custom program error: 0x2
PASS V6b. no marker was created in account B | ok 
PASS V6c. session 3 still works in account A | ok 4U2sQQ4MGTj58HM8gPuQuerZQwQas8Axvb1GGmNMGKpw9mYHu4Z2jDbtF2ZdPkik7Lqr7a6FLuXKKDJDfjMfNswT
PASS V7a. a pre-fund below the rent minimum is refused by the runtime | refused: {"InsufficientFundsForRent":{"account_index":1}}
PASS V7b. a stranger pre-funds the marker address with 0.001 SOL | ok 5cQWkMNeMN5boigoRcLAXWmunSesMWsdEVKXsMTokBqZG5ViSRxowXbvJFGs1gezGrXcShYMxrFrgTSpavfFtbyx
PASS V7c. the revoke still works | ok 5mdbJ1ZH2bc6Vm3vuCHWRfnUXcKTapw1YTMgWjdRtmq9jgX5rtzkvitYTEDikQ1TTLGcs1QSvRPNdqZ46fP2d2o5
PASS V7d. the revoked session 4 is refused | refused: custom program error: 0x2
PASS V8a. a move that passes another marker address | refused: custom program error: 0x2
PASS V8b. a move with non-canonical bump 254 (canonical 255) and the canonical PDA account | refused: custom program error: 0x2
PASS V8c. the same session with the canonical bump works | ok 5A41wB5JEYWMURx46Kqfeik5Q5LgQqNXLE7hSQs2zRLMbziR9ZNJQZzJpqJvfiTUzta5uvMoArjAEnfp1HBu3axQ
PASS V9. a 72-byte instruction (the old length check) | refused: Program FTNMFWiECbRp7D5MwJUiNQfee6NuJPjE7S11J9yc2B9G invoke [1] Program FTNMFWiECbRp7D5MwJUiNQfee6NuJPjE7S11J9yc2B9G consumed 88 of 203000 compute units Program
PASS V9b. a 10-byte instruction | refused: Program FTNMFWiECbRp7D5MwJUiNQfee6NuJPjE7S11J9yc2B9G invoke [1] Program FTNMFWiECbRp7D5MwJUiNQfee6NuJPjE7S11J9yc2B9G consumed 88 of 203000 compute units Program
PASS F0. control: the genuine signature instruction in second place, sig_ix 1 | ok 5hawsAef3h3WVwnioojwDgPM1CqxejJJdLStRuarthyDk5zBAQpm87zFNYqTKJpMgjDCxgERaGn3X5khqbbnjD6L
PASS F1. a key read from another instruction: the attacker's signature over the grant text, the owner's key in the data, key index 0 | refused: custom program error: 0x7
PASS F2. a message read from another instruction: a replayed owner signature stretches the grant by one second, message index 0 (the session key pays the fee: two signature instructions leave no room for a second fee signature) | refused: custom program error: 0x7
PASS F4. a signature instruction from another program (a no-op program) that carries the owner key and the exact grant text with an invalid signature | refused: custom program error: 0x7
PASS F3. a signature read from another instruction (the program also refuses it; the precompile already stops this triple) | refused: custom program error: 0x2
PASS R0. Freighter session works before | ok 4atdTqax2zGcHDuAyE6wqoSEvSaGW8629d4dsgmJStUrfyYMHU9FBc49SjzVR66BdDdsdJWDLzg9o7q4pMe8W5Sx
PASS R1. MetaMask + Phantom update the policy: members MetaMask and Phantom PDAs only:a. MetaMask proposes and approves | ok 3XqTNjE3RruW1ZS1RtVsRUHqBeMSS5dkLrTVUyBtXieLMZFsyMpragonybmCwC5pBkVKbqch57no4tRr1dyBwJRi
PASS R1. MetaMask + Phantom update the policy: members MetaMask and Phantom PDAs only:b. Phantom approves and executes | ok 4BrX9JyiMKC8c1Du7fgVkTb81ZZibcbu6VSoxKzJ4v9iUpFEeqS45tyt3FwAPi6WUAuJUovFBN8UoSo4fzuiym4Y
PASS R2. the live Freighter session after removal | refused: Error Code: NotASigner
PASS R3. MetaMask session still works | ok 4seqgyfEgZpum97hc8Ax3oWeH1bGdd6wwLXrbhMJvSVNjHBTGtkAuuZjMteCP3Gey9RuPJD95dcPb8AiQVLuAi6R
METRIC relayerSpend {"net":"localnet","spentLamports":4092329680,"vaultFundingLamports":4000000000,"sessionKeysFunded":46,"sessionKeyFundingDevnetLamports":92000000,"devnetEstimateLamports":464329680}
NEAR MPC signatures: 35, average 0.0s
133/133 passed
