{
  MetaMask: "4TXiTPLxe5PrpwiY15tj9nP3wF5F8JPKUsYQyfHCCcod",
  Freighter: "9BcBicoPrGtPJnVynJoj2g1p6zrvaFBkJccorLwGTMZo",
  Phantom: "G5H71U2pASYLeei9MYvWVmCZzjHp2VscWTjpdLYa6LT4",
  sessionMetaMask: "3YomJ7dnhtqFnnPAzRUGmhC8EevR2R4F6Sdx7YN6Pppc",
  sessionFreighter: "Cn2bjH8kGkjioVoB9MY86TDsJ6kKjvaiu9ZCmMsJVW74",
  program: "FTNMFWiECbRp7D5MwJUiNQfee6NuJPjE7S11J9yc2B9G",
  programB: "J38gUL2YFo91GDBnDXwVDaGpk6XWSJUhs7RuditRdiVo",
  net: "localnet",
}
PASS P0. seats are exactly MetaMask(NEAR MPC), Freighter(NEAR MPC), Phantom(own key); threshold 2; vault funded | ok 2L23KjWP5UizpVRBVpLEAopDeeyih9UASC2aMRV3kRTWKhrtzymnnNuCTHagheJx6KM9Kk58wM8v4GZjtSrmk639
PASS K1-MetaMask. MetaMask alone:a. MetaMask proposes and approves | ok 39nxrfm9dHb5v6Najyy356PFSiHLEfjRZiyNWyww83kTie4QuK3FqsYPtigUYm622g17oPcqDHeBWsWkaN6ybx3o
PASS K1-MetaMask. MetaMask alone:b. MetaMask executes with only its own approval | refused: Error Code: InvalidProposalStatus
PASS K1-Freighter. Freighter alone:a. Freighter proposes and approves | ok 4d5iE7QApo5j1fA9fdz2gzBPptJ3d51FJwhLzTBFUDyRuPD5hvf7JExmjRL7o1wZYmthQUw3Z5S4MjttxWeo19d1
PASS K1-Freighter. Freighter alone:b. Freighter executes with only its own approval | refused: Error Code: InvalidProposalStatus
PASS K1-Phantom. Phantom alone:a. Phantom proposes and approves | ok 673SAeLkt1rj8JE2e9w8g4wP2ojmC2APi6BVxErJRQ9L6SD1Bt35mFgA8vYfSmBFdDTv9w5uVXUZK9BXgN3CKC5N
PASS K1-Phantom. Phantom alone:b. Phantom executes with only its own approval | refused: Error Code: InvalidProposalStatus
PASS K2. MetaMask + Freighter:a. MetaMask proposes and approves | ok qh9wBWfuXUdyiwXhQkdsZjCYkTg1WocvHEQMZRGaoyRXGwnLNMTK4ALPaj3zBPxKEfKVe1ug5CfWjGJ9xM4Tfn5
METRIC seat-propose-K2-MetaMask {"totalCu":78014,"bytes":579,"fee":10000}
PASS K2. MetaMask + Freighter:b. Freighter approves and executes | ok 3FFgtNrWa1AgFHAsKS1EYBKchdEbyyHh6BoRFADLwq5sZW32Jbm4JkTEYZsmqpek5ZMBei3EPwipdnGqNptjcjc2
METRIC seat-exec-K2-Freighter {"totalCu":67701,"bytes":490,"fee":10000}
PASS K3. Freighter + Phantom:a. Freighter proposes and approves | ok 2du2Ls9ByCrA2CV4dEBxctwsjL3ETbeR2e3Ho7Moin3VpLR9PpbCQw79UH3VeH8Vr9ZoqzoXNGkZWRzmoqp5whsA
METRIC seat-propose-K3-Freighter {"totalCu":83828,"bytes":579,"fee":10000}
PASS K3. Freighter + Phantom:b. Phantom approves and executes | ok 3DXx4g9GEmFcbm41CLtXu4s4wVBFZrAgeMw8KJe2mP35bHhPGSZ7p6VNHgYgM4eJrWs6ZfByz2waVkoXKJMw41oB
METRIC seat-exec-K3-Phantom {"totalCu":70829,"bytes":490,"fee":10000}
PASS K4. Phantom + MetaMask:a. Phantom proposes and approves | ok B4ycVhUgH7b7mLE9aRPGZjQpw9mhk3XGiXjbF9uEMkqxQJBUkY3fQukHpXP5wMLxjsxVsiEBTuhJQ99MfcppvXa
METRIC seat-propose-K4-Phantom {"totalCu":79520,"bytes":579,"fee":10000}
PASS K4. Phantom + MetaMask:b. MetaMask approves and executes | ok 4pnNUuoAstqf3Qqe2dqRZmXd9UNzexs4jhfQL3MGEmDAvUf65hMX27j5uwVaivFMbKkGuSR9wJzWjdd6HB6JuXzN
METRIC seat-exec-K4-MetaMask {"totalCu":67876,"bytes":490,"fee":10000}
PASS K5. DEST received exactly 0.03 SOL | ok 0.03
PASS K6. MetaMask alone (open proposal):a. MetaMask proposes and approves | ok 3KekdXpvDVQCwi8oASAXwMZyBgPyx2awFzhpJA6eKk1UbDif1BTAwcZK9Ks11x8YiD5sSiRa91mTadeEACK7zUo1
PASS K6. MetaMask alone (open proposal):b. MetaMask executes with only its own approval | refused: Error Code: InvalidProposalStatus
PASS K6c. an outsider approves it | refused: Error Code: NotASigner
PASS K6d. Freighter's seat signed by MetaMask's MPC key | refused: Transaction did not pass signature verification
PASS K6e. Freighter's seat signed by its MPC key under another path | refused: Transaction did not pass signature verification
PASS K6f-MetaMask. MetaMask's seat vote signed by its session-path key | refused: Transaction did not pass signature verification
PASS K6g-MetaMask. MetaMask's session-path key approves as itself | refused: Error Code: NotASigner
PASS K6f-Freighter. Freighter's seat vote signed by its session-path key | refused: Transaction did not pass signature verification
PASS K6g-Freighter. Freighter's session-path key approves as itself | refused: Error Code: NotASigner
PASS K7. install the movers policy (members: the three session PDAs):a. MetaMask proposes and approves | ok f5aeyeZEeVj1YEDr6cymqTwCqU2cEqgQdng2nAgPCf4fRwaFXhVWgvaRwbHqjTvTibMmoPk3PNmZjWsPCS2bjQp
PASS K7. install the movers policy (members: the three session PDAs):b. Phantom approves and executes | ok 2teoJ5okGutQc3xyDAzDjj5AeAq11nHdGKzxh8PzTbnkDtQFT5MQGF9Hsj5bBkqAXBqg4GF8tofxCY5e3jafAr6a
PASS N0. MetaMask alone (open proposal):a. MetaMask proposes and approves | ok 2DNcnNu2UJN72P3j7S6idVNNaRUvAKoHjZbaEPHyZXm1e2GdoqScKbRGRfCrL8TYm2nhHoicj3a5AK6w2zQ526pa
PASS N0. MetaMask alone (open proposal):b. MetaMask executes with only its own approval | refused: Error Code: InvalidProposalStatus
PASS N1. Phantom session approves that proposal as its PDA | refused: Error Code: NotASigner
PASS N2. Phantom session key approves it as itself | refused: Error Code: NotASigner
PASS N3. Phantom session proposes a vault transaction as its PDA | refused: Error Code: NotASigner
PASS N4. Phantom session adds its key as a seat (settings sync, as its PDA) | refused: Error Code: InvalidSignerCount
PASS N5. Phantom session calls a program other than the Smart Account (System transfer from its PDA) | refused: Program FTNMFWiECbRp7D5MwJUiNQfee6NuJPjE7S11J9yc2B9G invoke [1] Unknown program SMRTzfY6DfH5ik3TKiyLFfXexV8uSG3d2UksSCYdunG Program FTNMFWiECbRp7D5MwJUiNQfee6Nu
PASS G-MetaMask1. one MetaMask signature (through NEAR) -> session; relayer pays: 0.01 SOL to VENUE | ok 53sEQZFwtCdWMwsNMgaSzg9KpwABLhip35Cnb8Y7L443TrjD7XFQJkteF7CDNdvja46BK6Gu7Kow9xtRQzP1qFJr
METRIC move-MetaMask-relayed {"totalCu":52269,"primeSessionCu":52269,"bytes":975,"fee":15000}
PASS G-MetaMask2. relayer down: session key pays the fee itself: 0.005 SOL to VENUE | ok 2LkkXdsEfuDh1CtfhrYj9xzmSQGvUiCiXdRRfYBHZaQmmNjTan3cSz34Xd5brUKGPeXwQ5fNZ8CNkKQpCigfKa1R
PASS G-MetaMask3. VENUE received exactly 0.015 SOL | ok 0.015
PASS G-MetaMask4. relayer down and the session key has no SOL | refused: Attempt to debit an account but found no record of a prior credit
PASS G-MetaMask5. same session: 0.01 SOL elsewhere (policy) | refused: Error Code: ProgramInteractionAccountConstraintViolated
PASS G-MetaMask6. same session: 0.06 SOL to VENUE (over the 0.05 per-move limit) | refused: Error Code: ProgramInteractionInvalidNumericValue
PASS G-MetaMask7. stretched valid-until | refused: custom program error: 0x7
PASS G-MetaMask8. someone else replays the grant with their own key | refused: custom program error: 0x7
PASS G-Freighter1. one Freighter signature (through NEAR) -> session; relayer pays: 0.01 SOL to VENUE | ok Fb47aWriKHnARCp99m5xTn2eq24vk1xKsbT4HQaf6xB33jCq7FzSNshXncMw5rkJagJUTZUBuMBP2mLH99y3Qv2
METRIC move-Freighter-relayed {"totalCu":53738,"primeSessionCu":53738,"bytes":975,"fee":15000}
PASS G-Freighter2. relayer down: session key pays the fee itself: 0.005 SOL to VENUE | ok 5k91WRGDBEEN2W8JYpzQxCWtADYUZx5sbCzSyJfu6dgZbF8gDRMLw88mrBPC8Phdj8rjKmnB4Y4diPgpY2WVeU4Y
PASS G-Freighter3. VENUE received exactly 0.015 SOL | ok 0.015
PASS G-Freighter4. relayer down and the session key has no SOL | refused: Attempt to debit an account but found no record of a prior credit
PASS G-Freighter5. same session: 0.01 SOL elsewhere (policy) | refused: Error Code: ProgramInteractionAccountConstraintViolated
PASS G-Freighter6. same session: 0.06 SOL to VENUE (over the 0.05 per-move limit) | refused: Error Code: ProgramInteractionInvalidNumericValue
PASS G-Freighter7. stretched valid-until | refused: custom program error: 0x7
PASS G-Freighter8. someone else replays the grant with their own key | refused: custom program error: 0x7
PASS G-Phantom1. one Phantom signature -> session; relayer pays: 0.01 SOL to VENUE | ok 5PpX7ie7eZCB1idxsxZppDr3DmTSdpgDm3SUMobE72arY7o69dyxUDFxm2XMgywMvqcPuRcS7pp79vC4WtEfFha6
METRIC move-Phantom-relayed {"totalCu":52270,"primeSessionCu":52270,"bytes":975,"fee":15000}
PASS G-Phantom2. relayer down: session key pays the fee itself: 0.005 SOL to VENUE | ok 4LhNFDSqu7fKva4nRN5CLgP9HLAuzi16Z5zjxiyfi18LQtCLXnyQBreJTvtRMYJKqvF3mx2guy6vRBYPWTyd5nSg
PASS G-Phantom3. VENUE received exactly 0.015 SOL | ok 0.015
PASS G-Phantom4. relayer down and the session key has no SOL | refused: Attempt to debit an account but found no record of a prior credit
PASS G-Phantom5. same session: 0.01 SOL elsewhere (policy) | refused: Error Code: ProgramInteractionAccountConstraintViolated
PASS G-Phantom6. same session: 0.06 SOL to VENUE (over the 0.05 per-move limit) | refused: Error Code: ProgramInteractionInvalidNumericValue
PASS G-Phantom7. stretched valid-until | refused: custom program error: 0x7
PASS G-Phantom8. someone else replays the grant with their own key | refused: custom program error: 0x7
PASS G9. grant longer than 7 days | refused: custom program error: 0x4
PASS G10. expired grant | refused: custom program error: 0x4
PASS G11. MetaMask grant with the ed25519 program instruction missing | refused: custom program error: 0x7
PASS G12. ed25519 instruction reading its public key from another instruction | refused: custom program error: 0x0
PASS G13. daily cap shared by all: 0.045 used + 0.05 = 0.095 <= 0.1 | ok 4QKS9ucHjZK3U8xgMsZwSDyMFYakwfi7FMrcThg1WA7jssvgz2YEGWCaUDD84TKmtetvacNHbggpK9P81cJt6yfm
PASS G13b. + 0.01 = 0.105 > 0.1 | refused: Error Code: ProgramInteractionInsufficientLamportAllowance
PASS X1. Freighter's PDA with a grant signed by MetaMask (NEAR) | refused: custom program error: 0x7
PASS X2. Phantom's PDA with a grant signed by Freighter (NEAR) | refused: custom program error: 0x7
PASS X3. MetaMask's PDA with a grant signed by Phantom | refused: custom program error: 0x7
PASS X4. Freighter's PDA with its MPC key under another path | refused: custom program error: 0x7
PASS X4b. Freighter's session PDA with a grant signed by its seat key (prime:solana) | refused: custom program error: 0x7
PASS X5. Phantom grant presented for MetaMask's PDA | refused: custom program error: 0x7
PASS X6. grant signed for cluster mainnet, used on localnet | refused: custom program error: 0x7
PASS X7a. a grant naming program A's PDA, presented to program B with A's PDA | refused: custom program error: 0x2
PASS X7b. the same grant presented to program B with B's PDA (text mismatch) | refused: custom program error: 0x7
PASS X7c. a grant naming program B's PDA, presented to program A with B's PDA | refused: custom program error: 0x2
PASS X7d. the same grant presented to program A with A's PDA (text mismatch) | refused: custom program error: 0x7
PASS X8. Phantom's own signed grant naming MetaMask's PDA | refused: custom program error: 0x2
PASS X9a. valid Phantom grant, data names another settings address | refused: custom program error: 0x2
PASS X10. the session key does not sign (relayer only) | refused: Program FTNMFWiECbRp7D5MwJUiNQfee6NuJPjE7S11J9yc2B9G invoke [1] Program FTNMFWiECbRp7D5MwJUiNQfee6NuJPjE7S11J9yc2B9G consumed 165 of 203000 compute units Progra
PASS X11a. account 3 set to the System program instead of the Smart Account program: the move still runs | ok 2ZD4C1p5MzSx5tdUzfZkrzp8ZRwD45sinZiPokipCc9ys5ACdXrvSfmis5Sr24J56myk5HkkgPTkfc2PsVd26eLu
PASS X11b. ...and prime-session called only the Smart Account program | ok 2ZD4C1p5MzSx… Program SMRTzfY6DfH5ik3TKiyLFfXexV8uSG3d2UksSCYdunG invoke [2]
PASS A0. account B created with the same three seats | ok 5Mc5YP6cWK1PDQSttyCKBSyLJ3pvF1218kyccqmitCxuhFzKb5Rnadc4xmVzYgHyUhjaU2v3ZPBtuqeLXDjmsU2j
PASS A1. account B installs its movers policy (members: each wallet's PDA for account B):a. MetaMask proposes and approves | ok 37rehGPVd2c7wbsqsP1boXUGEN66TS8TZ1vdh1dLMAyJegT7rz9dS3PyeKwoMDrn77Vb4dnUYpkWqB2HK2PsLv6
PASS A1. account B installs its movers policy (members: each wallet's PDA for account B):b. Phantom approves and executes | ok 3xuaheeoFK2BYfKP6whj2JqACACLsukFp3esq6C7MD8XLoamfbGnMkEmUm4x81WsVjTr8XJLwETkDsU5zGSnp3pG
PASS A2. each wallet's PDA differs between account A and account B | ok 7qriG5,J5qGs8,CxMTvv
PASS A3. account A's Phantom grant presented to account B (as Phantom's account-B PDA) | refused: custom program error: 0x7
PASS A4. account A's Phantom PDA calling account B's policy | refused: Error Code: NotASigner
PASS A5. a Phantom grant made for account B works in account B | ok 5gKf7D1ZNXSEunGs9g6r1TvmKTVQVqha3URcLDw7YKAXbzifRsVtGVAWVXpc8ihABNd8ifyNxQ3AjvVVCQVWybud
PASS A5-M0. Phantom session: one move through the Smart Account (compute units recorded) | ok 5r47hapZUTbpPuRoGzawh3j7ZEAs6ud3YDgpoT6nbnge3kDxDth6RPwenea2YZJc2EEEmm7zxhXjueSyApZUh3oX
METRIC move-sample-0 {"totalCu":50738,"primeSessionCu":50738,"bytes":975,"fee":15000}
PASS A5-M1. Phantom session: one move through the Smart Account (compute units recorded) | ok 4Pzk7zFjUJMrzSwKFMim56VAFuMt4BqdanRMsg9E6eVisMAMBxPuVcVnRpr6m7aNMgU9AES4sRwbhwR9YoZQx9Ne
METRIC move-sample-1 {"totalCu":50738,"primeSessionCu":50738,"bytes":975,"fee":15000}
PASS A5-M2. Phantom session: one move through the Smart Account (compute units recorded) | ok 4pXEe3Kg98S9xMXjbkXZnJwa4CRuTUepTheYXCJRHzTnvSgjpYNbZEcwQWZmXnPjouvyRMpCMkMHPZ5y3xYB8PAN
METRIC move-sample-2 {"totalCu":49238,"primeSessionCu":49238,"bytes":975,"fee":15000}
PASS A5-M3. Phantom session: one move through the Smart Account (compute units recorded) | ok 5AdyJtBePcdsLMxtLAbBUgLM13TiouFXWtkQcT8NewbqMsznmbGVYgWNefqoECPrZ7F1TvgswnFQtSwHW1qteoEd
METRIC move-sample-3 {"totalCu":49238,"primeSessionCu":49238,"bytes":975,"fee":15000}
PASS A5-M4. Phantom session: one move through the Smart Account (compute units recorded) | ok 2frdg7AaJ6hrqeveCKLy5Yv8NeCvsHD7VaEyp9j9cfr4nnsj9rfr7tBQ5t2xBoi21eXsxm1D2jhbJZtnLfsf5jbe
METRIC move-sample-4 {"totalCu":49238,"primeSessionCu":49238,"bytes":975,"fee":15000}
PASS A5-M5. Phantom session: one move through the Smart Account (compute units recorded) | ok 3KEoZTzdp5FCbMqeU3b9Bv8rsu6dAyMtnXoKocv2M1FCMRTwmVxn7SCEe9EZPr5HVyntmXFbLzD1FLb5Bu5pBsqY
METRIC move-sample-5 {"totalCu":49238,"primeSessionCu":49238,"bytes":975,"fee":15000}
PASS A5-M6. Phantom session: one move through the Smart Account (compute units recorded) | ok 2R6G4uF9VA8yn4bFBU5RypJac9vqvbHoWW39qfzuYjZD8hvZLeUUfiUnxQaeHYyNkRFkgCDgjcL4oAdBLckqStyg
METRIC move-sample-6 {"totalCu":53738,"primeSessionCu":53738,"bytes":975,"fee":15000}
PASS A5-M7. Phantom session: one move through the Smart Account (compute units recorded) | ok aeADNF2RxJMkqX1fzyRFUWq3y1vUBuhQv5oGwQhbCkmAXFHxZCBP4duE5SywcTUKWmcb9K2NNzmye1sY8MDTRYQ
METRIC move-sample-7 {"totalCu":53738,"primeSessionCu":53738,"bytes":975,"fee":15000}
PASS A5-M8. Phantom session: one move through the Smart Account (compute units recorded) | ok pFbjKSQefDs2QCcpyYDycYwrGthSfBeo4oKFjvdNVFyRRcJnRcGkfXzW968HE2HU8qGktsRgBZobTkouiwCXySQ
METRIC move-sample-8 {"totalCu":55238,"primeSessionCu":55238,"bytes":975,"fee":15000}
PASS A5-M9. Phantom session: one move through the Smart Account (compute units recorded) | ok 524FuSc7cSWcMpGpnqUb7JVmsQ1pAra8y7e5csVwLz1ePjRK1T3n8oDdeZNgjKtD6kM1yAeGdKETjCRNbRyW1sdF
METRIC move-sample-9 {"totalCu":50728,"primeSessionCu":50728,"bytes":974,"fee":15000}
PASS A6. account B's grant presented to account A | refused: custom program error: 0x7
PASS V0a. Phantom session 1 works | ok 4tZ2HvsQD7p3G8qasRRBabRs1NzEbwPat9RozevCpXgCeN3fsoBGdffUgutHEtsRm9Tx8o8tBfbseR9W7NKWuZA8
PASS V0b. Phantom session 2 works | ok 4AMrApSdrdUBfgxs4RaSsQ5zbHmjhNxNwomZ9nUt5o8wqY3YXEMMdPiPKwoXAhEDUdRneEpaZhcwV1VmabQGZWaq
PASS V0c. no marker exists for session 1 yet | ok CDQXzUVS6SbkNUofWfQrUb5wJ6GFovK3qobRdWpUx415
PASS V1. Phantom revokes session 1 (one signature, relayed, session key does not sign) | ok 2yz62x4bRYg3a4hfHNka6c6uxb1yYGVM9t7jkepHqME99M5QDxhf6thp4rzJnvnHjtHzHjiRFCGs1Aih8mKh53bk
METRIC revoke {"totalCu":20073,"primeSessionCu":20073,"bytes":726,"fee":10000}
PASS V1b. the marker is empty, owned by prime-session and rent exempt | ok {"lamports":890880,"dataBytes":0,"owner":"FTNMFWiECbRp7D5MwJUiNQfee6NuJPjE7S11J9yc2B9G"}
PASS V2. the revoked session 1 is refused | refused: custom program error: 0x2
PASS V3. the same wallet's session 2 keeps working | ok 3gPe2FbsenNaaYU7Cwc5TEZyqnvPmR5ZnyJXmDf6Aw4Xc8sXzy5YZbMv9jEG9fwZKn7ix65pKnn8p8vZBjcBTooM
PASS V3b. revoking session 1 again is refused | refused: custom program error: 0x2
PASS V4a. MetaMask's session-owner key signs a revoke of Phantom's session 2 (data names Phantom as owner) | refused: custom program error: 0x7
PASS V4b. MetaMask signs a revoke naming Phantom's PDA under its own owner field | refused: custom program error: 0x2
PASS V4c. Phantom session 2 still works | ok ACajp7674k8fiiYCerYFcqBtP1hyfeLrJcUHa5AUm8zYQe4qMByNSMBLbbdUGWmALQDMTdfZvrVYhZXrkmzu1W7
PASS V4d. MetaMask revokes the same key under its own PDA (a marker in MetaMask's namespace) | ok 4iXfctLb8ztvgHRiAWxL8t8DqZZW1CgQdZxSeLiS3a5vHXczT5q473q2eJcn4mmEg6psu3SBijDrqjL7Qtyfq2SZ
PASS V4e. ...and Phantom's session 2 still works (the marker is per owner) | ok 2wHi4LZcoeYY2RKV2AxU9sCjZQWdvvMBZ4izjWKjFoz9vYe5EpGKA5eoef1mCwk2fVxD1SrLqJv5zwp7zg8WMpbk
PASS V5a. Phantom revokes a key it never granted | ok 3xjUs3r2cpUZWiVpRTg3DMXTMxxXK82E6rmXjE6Kf34MZCm3zhf2etXPLpzHGAP1anX2EJT6q566ZnK8jpvBqT2g
PASS V5b. a grant signed for that key afterwards is refused | refused: custom program error: 0x2
PASS V6a. a revoke signed for account A's PDA, sent with account B's settings and B's marker | refused: custom program error: 0x2
PASS V6b. no marker was created in account B | ok 
PASS V6c. session 3 still works in account A | ok 27bJypYPM2aNGX7VBxPdDi8QSvx7bXjwLHo9LMWLekHFSq9AbLELvoXwidEXLQvjSefQTeGKTJqBBdhxL8cbU6ym
PASS V7a. a pre-fund below the rent minimum is refused by the runtime | refused: {"InsufficientFundsForRent":{"account_index":1}}
PASS V7b. a stranger pre-funds the marker address with 0.001 SOL | ok 3SBKdZDnfFWUngT9bNyYCo9eJG5V5f17HApzUY6GbcMoY6NPbN5kytSJ4QmyyjJxqd6MzNpP6X7k4nexwtonfGxp
PASS V7c. the revoke still works | ok 2vYmgkgciNuBKp9fLy8mchxn7J4RyKJZjPpZDncFMgcNn9rVfppHCrbmUNsP3UrgNkq92Qt2eGxQfVmnNmBuYEiB
PASS V7d. the revoked session 4 is refused | refused: custom program error: 0x2
PASS V8a. a move that passes another marker address | refused: custom program error: 0x2
PASS V8b. a move with non-canonical bump 254 (canonical 255) and the canonical PDA account | refused: custom program error: 0x2
PASS V8c. the same session with the canonical bump works | ok 48QyoxZr4YmHBRAkynWwRsrE5H8BFJVHBGUrNDvvr7gedLZEJzJgom2QEJT1DFNabMdksNoaeoJuGn2gk8sTqKSy
PASS V9. a 72-byte instruction (the old length check) | refused: Program FTNMFWiECbRp7D5MwJUiNQfee6NuJPjE7S11J9yc2B9G invoke [1] Program FTNMFWiECbRp7D5MwJUiNQfee6NuJPjE7S11J9yc2B9G consumed 88 of 203000 compute units Program
PASS V9b. a 10-byte instruction | refused: Program FTNMFWiECbRp7D5MwJUiNQfee6NuJPjE7S11J9yc2B9G invoke [1] Program FTNMFWiECbRp7D5MwJUiNQfee6NuJPjE7S11J9yc2B9G consumed 88 of 203000 compute units Program
PASS F0. control: the genuine signature instruction in second place, sig_ix 1 | ok 3WhTAtFnwyp195XcZkf7hL1oWfqEQCkkYdGsBKF1t6XMMSaBaWiT6gUX8eTKAcNEV4PPR1YdQgcdkhsWvSRAKiYd
FAIL F1. a key read from another instruction: the attacker's signature over the grant text, the owner's key in the data, key index 0 | ok 38cFHJgL9n9w6QwrL3U2sUczmFYLa6WFECsdPwcRA9Fhmb1ZP1Hj2TCSgyEvL5nCPH2oaddER8xAXkCRkuhyj418
PASS F2. a message read from another instruction: a replayed owner signature stretches the grant by one second, message index 0 (the session key pays the fee: two signature instructions leave no room for a second fee signature) | refused: custom program error: 0x7
PASS F4. a signature instruction from another program (a no-op program) that carries the owner key and the exact grant text with an invalid signature | refused: custom program error: 0x7
PASS F3. a signature read from another instruction (the program also refuses it; the precompile already stops this triple) | refused: custom program error: 0x2
PASS R0. Freighter session works before | ok 5SBQ19igBR2TUq8x49H2GproKq1ADkt5DqYyCFnW8UgRqbVsjBB6jZbBff4HoAk6oy16rMvQGxnfumePqxTcrH9R
PASS R1. MetaMask + Phantom update the policy: members MetaMask and Phantom PDAs only:a. MetaMask proposes and approves | ok 2smUhvb3QYUHbpXxGQNo7aHV552HYcN582TGVrH7bfmberZyaPfQDEjEPx6aYRFWc25CaX2AAjQqmPGf2tD2U4aT
PASS R1. MetaMask + Phantom update the policy: members MetaMask and Phantom PDAs only:b. Phantom approves and executes | ok 5E8WUB8JX3X4g9mpG5hycGB7Py9RpQ3yW5YnbE2EyJtFgZqUgbn9ySBTUMnnq87YwdnxtRgXh9xX32ohk3XXvn4c
PASS R2. the live Freighter session after removal | refused: Error Code: NotASigner
PASS R3. MetaMask session still works | ok 5jL3u46p7KCFYz362moHUResyWKDPQCbZ7ro5rYGk2sBzShyUngdCNS7mcL3erVFTFysZYWCnbtUiePdWtR5iP5Z
METRIC relayerSpend {"net":"localnet","spentLamports":4092349680,"vaultFundingLamports":4000000000,"sessionKeysFunded":46,"sessionKeyFundingDevnetLamports":92000000,"devnetEstimateLamports":464349680}
NEAR MPC signatures: 35, average 0.0s
132/133 passed
FAIL F1. a key read from another instruction: the attacker's signature over the grant text, the owner's key in the data, key index 0 38cFHJgL9n9w6QwrL3U2sUczmFYLa6WFECsdPwcRA9Fhmb1ZP1Hj2TCSgyEvL5nCPH2oaddER8xAXkCRkuhyj418
