{
  MetaMask: "4TXiTPLxe5PrpwiY15tj9nP3wF5F8JPKUsYQyfHCCcod",
  Freighter: "9BcBicoPrGtPJnVynJoj2g1p6zrvaFBkJccorLwGTMZo",
  Phantom: "G5H71U2pASYLeei9MYvWVmCZzjHp2VscWTjpdLYa6LT4",
  sessionMetaMask: "3YomJ7dnhtqFnnPAzRUGmhC8EevR2R4F6Sdx7YN6Pppc",
  sessionFreighter: "Cn2bjH8kGkjioVoB9MY86TDsJ6kKjvaiu9ZCmMsJVW74",
  program: "FTNMFWiECbRp7D5MwJUiNQfee6NuJPjE7S11J9yc2B9G",
  programB: "J38gUL2YFo91GDBnDXwVDaGpk6XWSJUhs7RuditRdiVo",
  net: "localnet",
}
PASS P0. seats are exactly MetaMask(NEAR MPC), Freighter(NEAR MPC), Phantom(own key); threshold 2; vault funded | ok 5uJtsAZhXwac7dAT36Sav3Y1L8gRkAcs7N2mbwfCUesPVaTgpj3V6j1c89Rs7p21MQZfH3QZwQTAEoRo7w9GicUY
PASS K1-MetaMask. MetaMask alone:a. MetaMask proposes and approves | ok 5dBD1EpseqhZWrDsKkCjFp4h8qVrvNGbAJR1ojwav5Xx1urAW8r6AapyZLdW1Jrf2CtKk2wDpeZKXxcaXTrvLjfZ
PASS K1-MetaMask. MetaMask alone:b. MetaMask executes with only its own approval | refused: Error Code: InvalidProposalStatus
PASS K1-Freighter. Freighter alone:a. Freighter proposes and approves | ok 3hGhFFNpmBgE84P4vk8Z1T9k5aTdMMvYReaTvScCd4ECZaVNpPYJM7RXke3n4Lms7K8SUdV7D7znwrCsxhUwsXvz
PASS K1-Freighter. Freighter alone:b. Freighter executes with only its own approval | refused: Error Code: InvalidProposalStatus
PASS K1-Phantom. Phantom alone:a. Phantom proposes and approves | ok 5TKzCVBm2rWefYcnbS39kjFT5fVjb1yEHM5Wmh4hSCUU8j9tp5HQnVohEsd6BRsPNmSdXTmd9PhAByAHQTwXXvQ9
PASS K1-Phantom. Phantom alone:b. Phantom executes with only its own approval | refused: Error Code: InvalidProposalStatus
PASS K2. MetaMask + Freighter:a. MetaMask proposes and approves | ok 2j9mpvSYtHPMmSJa2AT917g3mnRhWWsTiiP6Vf1avyLsTVfWuDwon3EzsUXjn2WnXzVSx6zitjrh5vpdgPaA7iYW
METRIC seat-propose-K2-MetaMask {"totalCu":78014,"bytes":579,"fee":10000}
PASS K2. MetaMask + Freighter:b. Freighter approves and executes | ok 4fcM4SWaDwUgkhAhX5PV7hSfhhvCdsUvudttZ3P4biaSmLpVtmic51K1x2biPK5C85PvdqS4bEyXdG7BwUgLKmSB
METRIC seat-exec-K2-Freighter {"totalCu":67701,"bytes":490,"fee":10000}
PASS K3. Freighter + Phantom:a. Freighter proposes and approves | ok Scvy2JRqJmvB2JXM1AhtRztL4YubEv2y8L7i4TENVHtkNTGyZVRWecJeHxxf3MQsnoPoDJKWatsyUr77Fs1ur2G
METRIC seat-propose-K3-Freighter {"totalCu":83828,"bytes":579,"fee":10000}
PASS K3. Freighter + Phantom:b. Phantom approves and executes | ok 2y5QCKS3BHJdsfV2ACj29dhNuMSrRc8aDvfokHw9wYgupqT5VLkMxwxR5tp615BgSHEtzCqtuNxMWwBU2GcbyiZ3
METRIC seat-exec-K3-Phantom {"totalCu":70829,"bytes":490,"fee":10000}
PASS K4. Phantom + MetaMask:a. Phantom proposes and approves | ok 3hFELaosv3c1EvrN3iAsCKgJ5UD1ZBHWre4eRUfpPL6M3kgnwdmJzC8AtXam9JFW3oFn76Vw9346raMW8LNkhypm
METRIC seat-propose-K4-Phantom {"totalCu":79520,"bytes":579,"fee":10000}
PASS K4. Phantom + MetaMask:b. MetaMask approves and executes | ok 3SPvJ1sQXnnn23qPY1fMmBfZCXNZVjd8JKhvvSGhemM3ke27WbR96PbjKUc8xvFVUcFXXvin2mZZoyQAHEahY1Se
METRIC seat-exec-K4-MetaMask {"totalCu":67876,"bytes":490,"fee":10000}
PASS K5. DEST received exactly 0.03 SOL | ok 0.03
PASS K6. MetaMask alone (open proposal):a. MetaMask proposes and approves | ok SDZLvkGaSUQ5cJhaQVQb8BNgd26qPer7benrC5ip9q8jx6a1WHQjWWzw3vaBdwMDwq4Z6Vz8Dn4EWVbhNygYYd1
PASS K6. MetaMask alone (open proposal):b. MetaMask executes with only its own approval | refused: Error Code: InvalidProposalStatus
PASS K6c. an outsider approves it | refused: Error Code: NotASigner
PASS K6d. Freighter's seat signed by MetaMask's MPC key | refused: Transaction did not pass signature verification
PASS K6e. Freighter's seat signed by its MPC key under another path | refused: Transaction did not pass signature verification
PASS K6f-MetaMask. MetaMask's seat vote signed by its session-path key | refused: Transaction did not pass signature verification
PASS K6g-MetaMask. MetaMask's session-path key approves as itself | refused: Error Code: NotASigner
PASS K6f-Freighter. Freighter's seat vote signed by its session-path key | refused: Transaction did not pass signature verification
PASS K6g-Freighter. Freighter's session-path key approves as itself | refused: Error Code: NotASigner
PASS K7. install the movers policy (members: the three session PDAs):a. MetaMask proposes and approves | ok 45QBvvD15Q9tzJm3pvXiaMSbvzs9S7y75R8BgxMTxoXJNEEaaP1a2uxY7WJKkagnFkYXp7V6HuzDBavsCryhRKsp
PASS K7. install the movers policy (members: the three session PDAs):b. Phantom approves and executes | ok 3yMziin4Szo8Byx9eHn2CA42PJNQwVoo2a5tAHw1mXwntY2L5QZMFugokp6irt4koXpVW5fiExqJwfrhPNBZ5ycM
PASS N0. MetaMask alone (open proposal):a. MetaMask proposes and approves | ok 32A8Rc6U6XQjzBVJiyJVDt77w9vwwPA1PCdhp8Yx4132ssYhmtNdzgnJ5Ja33Cyce6QuDdrMt2XqkiNFFpVNgAzx
PASS N0. MetaMask alone (open proposal):b. MetaMask executes with only its own approval | refused: Error Code: InvalidProposalStatus
PASS N1. Phantom session approves that proposal as its PDA | refused: Error Code: NotASigner
PASS N2. Phantom session key approves it as itself | refused: Error Code: NotASigner
PASS N3. Phantom session proposes a vault transaction as its PDA | refused: Error Code: NotASigner
PASS N4. Phantom session adds its key as a seat (settings sync, as its PDA) | refused: Error Code: InvalidSignerCount
PASS N5. Phantom session calls a program other than the Smart Account (System transfer from its PDA) | refused: Program FTNMFWiECbRp7D5MwJUiNQfee6NuJPjE7S11J9yc2B9G invoke [1] Unknown program SMRTzfY6DfH5ik3TKiyLFfXexV8uSG3d2UksSCYdunG Program FTNMFWiECbRp7D5MwJUiNQfee6Nu
PASS G-MetaMask1. one MetaMask signature (through NEAR) -> session; relayer pays: 0.01 SOL to VENUE | ok VhDK9PL9etb7dMBnjp8c8jjB7eKc1oWAsReeyBGymhjwVy15tT6FqGqF6KMSJpsTKadogKRkL9WVyYao6u2Z2EW
METRIC move-MetaMask-relayed {"totalCu":52249,"primeSessionCu":52249,"bytes":975,"fee":15000}
PASS G-MetaMask2. relayer down: session key pays the fee itself: 0.005 SOL to VENUE | ok 4Cc2XKAK5oNisndMbMFHVPtBXVPYNn5rYxfSZGFFsHs3f1xoK5hpZ9aXb1vmbotLhJfjsajGerMzfh8JQ97SqKrP
PASS G-MetaMask3. VENUE received exactly 0.015 SOL | ok 0.015
PASS G-MetaMask4. relayer down and the session key has no SOL | refused: Attempt to debit an account but found no record of a prior credit
PASS G-MetaMask5. same session: 0.01 SOL elsewhere (policy) | refused: Error Code: ProgramInteractionAccountConstraintViolated
PASS G-MetaMask6. same session: 0.06 SOL to VENUE (over the 0.05 per-move limit) | refused: Error Code: ProgramInteractionInvalidNumericValue
PASS G-MetaMask7. stretched valid-until | refused: custom program error: 0x7
PASS G-MetaMask8. someone else replays the grant with their own key | refused: custom program error: 0x7
PASS G-Freighter1. one Freighter signature (through NEAR) -> session; relayer pays: 0.01 SOL to VENUE | ok 2GYeqKA4rAd8DM7kjG1gtHfomCcTBC7RreLo498EJ7cWjt3Y4mVcV7DGoY3zd6wZHa26BZYAKJNkMQXd6a91Gjzd
METRIC move-Freighter-relayed {"totalCu":53718,"primeSessionCu":53718,"bytes":975,"fee":15000}
PASS G-Freighter2. relayer down: session key pays the fee itself: 0.005 SOL to VENUE | ok 4mBfpoQdLnmWo2iuuFPvUutSSETEWCUUBU7RTuLrEQSyDXkWWzuJpeECsLNKzZcPRcXGsQnAHoktvEdSbp7J87jA
PASS G-Freighter3. VENUE received exactly 0.015 SOL | ok 0.015
PASS G-Freighter4. relayer down and the session key has no SOL | refused: Attempt to debit an account but found no record of a prior credit
PASS G-Freighter5. same session: 0.01 SOL elsewhere (policy) | refused: Error Code: ProgramInteractionAccountConstraintViolated
PASS G-Freighter6. same session: 0.06 SOL to VENUE (over the 0.05 per-move limit) | refused: Error Code: ProgramInteractionInvalidNumericValue
PASS G-Freighter7. stretched valid-until | refused: custom program error: 0x7
PASS G-Freighter8. someone else replays the grant with their own key | refused: custom program error: 0x7
PASS G-Phantom1. one Phantom signature -> session; relayer pays: 0.01 SOL to VENUE | ok SnCjqtDKFwMs8D5TmUTSwMrDRiDfGimezwo9jA4N9fPxSB1oEEEnAoCviTZjZJ1c7mvRLivnTdxJScLKLh1xHo3
METRIC move-Phantom-relayed {"totalCu":53750,"primeSessionCu":53750,"bytes":975,"fee":15000}
PASS G-Phantom2. relayer down: session key pays the fee itself: 0.005 SOL to VENUE | ok 3bQVaBVdkqAdiXwrf7TT5zXNfTFd3pnGW9oFSgHAHoA3imGmPepg6SXPabnSfSYTTtfACKqQTykkZUTdEfVAjsQr
PASS G-Phantom3. VENUE received exactly 0.015 SOL | ok 0.015
PASS G-Phantom4. relayer down and the session key has no SOL | refused: Attempt to debit an account but found no record of a prior credit
PASS G-Phantom5. same session: 0.01 SOL elsewhere (policy) | refused: Error Code: ProgramInteractionAccountConstraintViolated
PASS G-Phantom6. same session: 0.06 SOL to VENUE (over the 0.05 per-move limit) | refused: Error Code: ProgramInteractionInvalidNumericValue
PASS G-Phantom7. stretched valid-until | refused: custom program error: 0x7
PASS G-Phantom8. someone else replays the grant with their own key | refused: custom program error: 0x7
PASS G9. grant longer than 7 days | refused: custom program error: 0x4
PASS G10. expired grant | refused: custom program error: 0x4
PASS G11. MetaMask grant with the ed25519 program instruction missing | refused: custom program error: 0x7
PASS G12. ed25519 instruction reading its public key from another instruction | refused: custom program error: 0x0
PASS G13. daily cap shared by all: 0.045 used + 0.05 = 0.095 <= 0.1 | ok gnNkLmrwCZg7aZbRmfjac52qck54hSNq7VfokzwG72cMdQTq4jyTh8WyXC1NGJT37mJfmDsmMb5CmTxtJwRfPP7
PASS G13b. + 0.01 = 0.105 > 0.1 | refused: Error Code: ProgramInteractionInsufficientLamportAllowance
FAIL X1. Freighter's PDA with a grant signed by MetaMask (NEAR) | ok 3xfzMjWm69tfUjZWjqjcfDCATi9qk8NsfyddGCqWPX43RyQ6fxZTXpetnq6uuamPqDgWNHoqHx76BD7YFyf1xkf2
FAIL X2. Phantom's PDA with a grant signed by Freighter (NEAR) | ok 37XWydUBZK25N5g3xKS5n5MkcRm3nRKxY2Rznf64p4XsYJ5i9KtVgKepyiFpEJAME2hiDva3TA1tKJdDR65cQY1W
FAIL X3. MetaMask's PDA with a grant signed by Phantom | ok 5FMuu4AoQ2h1xnaKQoyG7ZRZAahB7pu4aFt838N6zd7uc4yVr4W8cwPqcpNi4QugZ3WLrgkQ6Yxk7uWSUhjboA8U
FAIL X4. Freighter's PDA with its MPC key under another path | ok 2HV28uzSkfMrJk7fhmSRQdic4BUje2Tr8bHHQ6odCpvVUB9YdqyJF1aiwXy7t7hapgtQeH6j4o6xbRBaAGnBVVfP
FAIL X4b. Freighter's session PDA with a grant signed by its seat key (prime:solana) | ok t7nScsJK8YgBoWQ6Yr4UiXArqFnttG7hhyMRyPraQacK1VBdnB96MyzWwt7zZt9rAQJReRXiDerYRoZzyheT1Ep
PASS X5. Phantom grant presented for MetaMask's PDA | refused: custom program error: 0x7
PASS X6. grant signed for cluster mainnet, used on localnet | refused: custom program error: 0x7
PASS X7a. a grant naming program A's PDA, presented to program B with A's PDA | refused: custom program error: 0x2
PASS X7b. the same grant presented to program B with B's PDA (text mismatch) | refused: custom program error: 0x7
PASS X7c. a grant naming program B's PDA, presented to program A with B's PDA | refused: custom program error: 0x2
PASS X7d. the same grant presented to program A with A's PDA (text mismatch) | refused: custom program error: 0x7
PASS X8. Phantom's own signed grant naming MetaMask's PDA | refused: custom program error: 0x2
PASS X9a. valid Phantom grant, data names another settings address | refused: custom program error: 0x2
PASS X10. the session key does not sign (relayer only) | refused: Program FTNMFWiECbRp7D5MwJUiNQfee6NuJPjE7S11J9yc2B9G invoke [1] Program FTNMFWiECbRp7D5MwJUiNQfee6NuJPjE7S11J9yc2B9G consumed 165 of 203000 compute units Progra
FAIL X11a. account 3 set to the System program instead of the Smart Account program: the move still runs | refused: Error Code: ProgramInteractionInsufficientLamportAllowance
PASS X11b. ...and prime-session called only the Smart Account program | ok t7nScsJK8YgB… Program SMRTzfY6DfH5ik3TKiyLFfXexV8uSG3d2UksSCYdunG invoke [2]
PASS A0. account B created with the same three seats | ok 64xqx23WV65X4ZFWDXPiwojdDT2G6dDfZeTFvnWETU8vLwjWMMHT4QhvBMrMW4XPWv5xNCsFmwrjuiebSGqXTYGR
PASS A1. account B installs its movers policy (members: each wallet's PDA for account B):a. MetaMask proposes and approves | ok 5iLnrAnEcU43Sn8SYzjY9Fjb6YNwzGiXE9e2Une99AKVGtmziYw9ZsXs1m4a4g7kD28zgZqbvMUC3pA1wTLvkdVw
PASS A1. account B installs its movers policy (members: each wallet's PDA for account B):b. Phantom approves and executes | ok 3WyxWmh5HhvpfNEtRkggCEt7MUt1gZ7nV2vxDSsKrbLiiLhKpWxhKBmTQhtS4qPrMB7LASxw7s82Yv9yjJJ7X9ui
PASS A2. each wallet's PDA differs between account A and account B | ok 7qriG5,J5qGs8,CxMTvv
PASS A3. account A's Phantom grant presented to account B (as Phantom's account-B PDA) | refused: custom program error: 0x7
PASS A4. account A's Phantom PDA calling account B's policy | refused: Error Code: NotASigner
PASS A5. a Phantom grant made for account B works in account B | ok 3jskvZ9wG29wFYu18RPZk6PsuzTRzE1xnmFUaEr2n3f2YZoETgpgTh44jjdEipNzRytLmndV5fbFNP5UkmtpM46B
PASS A5-M0. Phantom session: one move through the Smart Account (compute units recorded) | ok 2kY8s1WEdzPV1Hqd5hYo2DH2WLHz1FaPNC9pZkfPVzEvLkESAB93caSN2cxnuQgipMuDst2dsXShug5eSAdcUiCQ
METRIC move-sample-0 {"totalCu":52218,"primeSessionCu":52218,"bytes":975,"fee":15000}
PASS A5-M1. Phantom session: one move through the Smart Account (compute units recorded) | ok 6tkA5wUHsj4M3jchSHByUi7VoKdX4CHgXsWcSXUJYNiezHH5kfgeKMceA3yRASm2SR3b1svWZz5qSXzoByAUjpk
METRIC move-sample-1 {"totalCu":50718,"primeSessionCu":50718,"bytes":975,"fee":15000}
PASS A5-M2. Phantom session: one move through the Smart Account (compute units recorded) | ok Ud293cq1RMjLNkZ22r4cRCTgjxHv8NuwRf9eY2AQ7sPxf55xeYLQxboGxHKfRiLRf5ZbWy838EKsthV8cZ64utc
METRIC move-sample-2 {"totalCu":49218,"primeSessionCu":49218,"bytes":975,"fee":15000}
PASS A5-M3. Phantom session: one move through the Smart Account (compute units recorded) | ok w5788mT9qibVkH7WaBKr9PM3AgsyFHi2GGSAnAQBSk1aneCJNR33Jho6Tu9Apfomjp6qsxsLKD65daiHpgXm9EU
METRIC move-sample-3 {"totalCu":52218,"primeSessionCu":52218,"bytes":975,"fee":15000}
PASS A5-M4. Phantom session: one move through the Smart Account (compute units recorded) | ok 5YiwR7gVoLYXEHy8kHRGWCKL4F5eG6FnQAmM7t566ALD7FdELbHxL3Qdruq7bki4VAbGhXjm2viKDMoE4dYi8HKp
METRIC move-sample-4 {"totalCu":53718,"primeSessionCu":53718,"bytes":975,"fee":15000}
PASS A5-M5. Phantom session: one move through the Smart Account (compute units recorded) | ok 3fQAJDsYYwpvZpnGCaAayevFZWBu17qZdETZKtye5P83UTVZ7G7r9XzjSME3UCvgLQRgAwhu52yPChgVeM1FhiWM
METRIC move-sample-5 {"totalCu":49218,"primeSessionCu":49218,"bytes":975,"fee":15000}
PASS A5-M6. Phantom session: one move through the Smart Account (compute units recorded) | ok 3muaUqdCcfF2Rkz6RtHF3azNhmRydSsv7Bw3ymC8xKdE4xjWF1VebztLF2wcWmjq3Z2NEi3ZDJBJGFGUAmMUGPqF
METRIC move-sample-6 {"totalCu":52218,"primeSessionCu":52218,"bytes":975,"fee":15000}
PASS A5-M7. Phantom session: one move through the Smart Account (compute units recorded) | ok 2Q1SS3RFHDEwkB6KYy1GkJybnnHhnZyn2KXk71HrhAzVyAerMh11PADmS7XBzh2hC1Jecrse48SczBHsoxnEEzro
METRIC move-sample-7 {"totalCu":52218,"primeSessionCu":52218,"bytes":975,"fee":15000}
PASS A5-M8. Phantom session: one move through the Smart Account (compute units recorded) | ok 4EeXsXsHAtVA582CZPevAsyVFftF2grY2xRn7ShaqadSJkciLe2xvZWgoDpf1JnKQwyXqadWsDqn2r9xbqvXJg4x
METRIC move-sample-8 {"totalCu":49218,"primeSessionCu":49218,"bytes":975,"fee":15000}
PASS A5-M9. Phantom session: one move through the Smart Account (compute units recorded) | ok 2bsr57kadvGWJMcsv9s5venmWoEuApYbbvUE2AjfHhHp3YUPkDJATLpjAdqj39Yq9uv2sdzgrLvcr7U1sboiQEyW
METRIC move-sample-9 {"totalCu":53718,"primeSessionCu":53718,"bytes":975,"fee":15000}
PASS A6. account B's grant presented to account A | refused: custom program error: 0x7
FAIL V0a. Phantom session 1 works | refused: Error Code: ProgramInteractionInsufficientLamportAllowance
FAIL V0b. Phantom session 2 works | refused: Error Code: ProgramInteractionInsufficientLamportAllowance
PASS V0c. no marker exists for session 1 yet | ok 31E3fukzR8PX75dpKphE3h38G8huJHRTWWkKqBRRP84v
PASS V1. Phantom revokes session 1 (one signature, relayed, session key does not sign) | ok 5aCWkBkuyPT9JTxTq14ppWLhjGbrBRvdNQ7vnqMYbYs5Q3FcC92dciPrzoor31YnFkWMMHTrbitbCNZdtYLYky72
METRIC revoke {"totalCu":21552,"primeSessionCu":21552,"bytes":726,"fee":10000}
PASS V1b. the marker is empty, owned by prime-session and rent exempt | ok {"lamports":890880,"dataBytes":0,"owner":"FTNMFWiECbRp7D5MwJUiNQfee6NuJPjE7S11J9yc2B9G"}
PASS V2. the revoked session 1 is refused | refused: custom program error: 0x2
FAIL V3. the same wallet's session 2 keeps working | refused: Error Code: ProgramInteractionInsufficientLamportAllowance
PASS V3b. revoking session 1 again is refused | refused: custom program error: 0x2
FAIL V4a. MetaMask's session-owner key signs a revoke of Phantom's session 2 (data names Phantom as owner) | ok 6HTe4dC2V5rWYqgrypes7a1QGNoctyGpK8qfea4g6J37nTUgKuCX8sWVk9duWg4vwinuCXnna4iX9jpDHhSWLrj
PASS V4b. MetaMask signs a revoke naming Phantom's PDA under its own owner field | refused: custom program error: 0x2
FAIL V4c. Phantom session 2 still works | refused: custom program error: 0x2
PASS V4d. MetaMask revokes the same key under its own PDA (a marker in MetaMask's namespace) | ok 3Egtj17nkdUMLHmDVwsfz9rvhsXhsq1qcGjiNt8fHd24DojDpNwVGdrvD8Y3WuzH6rDLrGWw4cuXHBLFMgHRX57i
FAIL V4e. ...and Phantom's session 2 still works (the marker is per owner) | refused: custom program error: 0x2
PASS V5a. Phantom revokes a key it never granted | ok SMCZpZFq6wN5p4p65Dqd78d6LLHp9zUt94FzRET9EZrnutKkLP2raNfCvsZQA6XsfRyzCZ3EFVEbN2XwzFW7AcF
PASS V5b. a grant signed for that key afterwards is refused | refused: custom program error: 0x2
PASS V6a. a revoke signed for account A's PDA, sent with account B's settings and B's marker | refused: custom program error: 0x2
PASS V6b. no marker was created in account B | ok 
FAIL V6c. session 3 still works in account A | refused: Error Code: ProgramInteractionInsufficientLamportAllowance
PASS V7a. a pre-fund below the rent minimum is refused by the runtime | refused: {"InsufficientFundsForRent":{"account_index":1}}
PASS V7b. a stranger pre-funds the marker address with 0.001 SOL | ok 2k5GbNTHnT9hho52Ly7dJJQQsQAhprGCkdbjgSty49Y26FFRGgaNx2Q75KgUofNjok8P4DLYJHNCbJjUSRxnFXNn
PASS V7c. the revoke still works | ok winw4syAeqfSws9K4A4QnPwJmUUFmqTDhD7rsLj1RSCi6mu9DGSSmC1vVLhCZgKBV8ctw7Jt5jYaJsaR4YAcvZt
PASS V7d. the revoked session 4 is refused | refused: custom program error: 0x2
PASS V8a. a move that passes another marker address | refused: custom program error: 0x2
PASS V8b. a move with non-canonical bump 254 (canonical 255) and the canonical PDA account | refused: custom program error: 0x2
FAIL V8c. the same session with the canonical bump works | refused: Error Code: ProgramInteractionInsufficientLamportAllowance
PASS V9. a 72-byte instruction (the old length check) | refused: Program FTNMFWiECbRp7D5MwJUiNQfee6NuJPjE7S11J9yc2B9G invoke [1] Program FTNMFWiECbRp7D5MwJUiNQfee6NuJPjE7S11J9yc2B9G consumed 88 of 203000 compute units Program
PASS V9b. a 10-byte instruction | refused: Program FTNMFWiECbRp7D5MwJUiNQfee6NuJPjE7S11J9yc2B9G invoke [1] Program FTNMFWiECbRp7D5MwJUiNQfee6NuJPjE7S11J9yc2B9G consumed 88 of 203000 compute units Program
FAIL R0. Freighter session works before | refused: Error Code: ProgramInteractionInsufficientLamportAllowance
PASS R1. MetaMask + Phantom update the policy: members MetaMask and Phantom PDAs only:a. MetaMask proposes and approves | ok 5HgcK2GYvjhsxPGN3eFgskDeudi2yXppG9rcMmG9buSLMB87n4SXhJTssrwXuTn3JFUxL167WR1CZYFetgjLq5wL
PASS R1. MetaMask + Phantom update the policy: members MetaMask and Phantom PDAs only:b. Phantom approves and executes | ok UqTaipXSJxZNDKSZkj9AEn4K8PeuZiyewcR86PpfMpzzEf7WzTLbUebtc4CyC5kjJEGyFRXGHQxjnaGcLkmT6iY
PASS R2. the live Freighter session after removal | refused: Error Code: NotASigner
PASS R3. MetaMask session still works | ok 44ePNFu9aMEfex6c3yurfJa3nFtfGoDRKztSZvh9qcP3je6cXMGq6XZVD3cdkzdvEYteYqdwReDPxedZhZdHv2PZ
METRIC relayerSpend {"net":"localnet","spentLamports":4093150560,"vaultFundingLamports":4000000000,"sessionKeysFunded":41,"sessionKeyFundingDevnetLamports":82000000,"devnetEstimateLamports":455150560}
NEAR MPC signatures: 35, average 0.0s
113/128 passed
FAIL X1. Freighter's PDA with a grant signed by MetaMask (NEAR) 3xfzMjWm69tfUjZWjqjcfDCATi9qk8NsfyddGCqWPX43RyQ6fxZTXpetnq6uuamPqDgWNHoqHx76BD7YFyf1xkf2
FAIL X2. Phantom's PDA with a grant signed by Freighter (NEAR) 37XWydUBZK25N5g3xKS5n5MkcRm3nRKxY2Rznf64p4XsYJ5i9KtVgKepyiFpEJAME2hiDva3TA1tKJdDR65cQY1W
FAIL X3. MetaMask's PDA with a grant signed by Phantom 5FMuu4AoQ2h1xnaKQoyG7ZRZAahB7pu4aFt838N6zd7uc4yVr4W8cwPqcpNi4QugZ3WLrgkQ6Yxk7uWSUhjboA8U
FAIL X4. Freighter's PDA with its MPC key under another path 2HV28uzSkfMrJk7fhmSRQdic4BUje2Tr8bHHQ6odCpvVUB9YdqyJF1aiwXy7t7hapgtQeH6j4o6xbRBaAGnBVVfP
FAIL X4b. Freighter's session PDA with a grant signed by its seat key (prime:solana) t7nScsJK8YgBoWQ6Yr4UiXArqFnttG7hhyMRyPraQacK1VBdnB96MyzWwt7zZt9rAQJReRXiDerYRoZzyheT1Ep
FAIL X11a. account 3 set to the System program instead of the Smart Account program: the move still runs Error Code: ProgramInteractionInsufficientLamportAllowance
FAIL V0a. Phantom session 1 works Error Code: ProgramInteractionInsufficientLamportAllowance
FAIL V0b. Phantom session 2 works Error Code: ProgramInteractionInsufficientLamportAllowance
FAIL V3. the same wallet's session 2 keeps working Error Code: ProgramInteractionInsufficientLamportAllowance
FAIL V4a. MetaMask's session-owner key signs a revoke of Phantom's session 2 (data names Phantom as owner) 6HTe4dC2V5rWYqgrypes7a1QGNoctyGpK8qfea4g6J37nTUgKuCX8sWVk9duWg4vwinuCXnna4iX9jpDHhSWLrj
FAIL V4c. Phantom session 2 still works custom program error: 0x2
FAIL V4e. ...and Phantom's session 2 still works (the marker is per owner) custom program error: 0x2
FAIL V6c. session 3 still works in account A Error Code: ProgramInteractionInsufficientLamportAllowance
FAIL V8c. the same session with the canonical bump works Error Code: ProgramInteractionInsufficientLamportAllowance
FAIL R0. Freighter session works before Error Code: ProgramInteractionInsufficientLamportAllowance
