{
  MetaMask: "4TXiTPLxe5PrpwiY15tj9nP3wF5F8JPKUsYQyfHCCcod",
  Freighter: "9BcBicoPrGtPJnVynJoj2g1p6zrvaFBkJccorLwGTMZo",
  Phantom: "G5H71U2pASYLeei9MYvWVmCZzjHp2VscWTjpdLYa6LT4",
  sessionMetaMask: "3YomJ7dnhtqFnnPAzRUGmhC8EevR2R4F6Sdx7YN6Pppc",
  sessionFreighter: "Cn2bjH8kGkjioVoB9MY86TDsJ6kKjvaiu9ZCmMsJVW74",
  program: "FTNMFWiECbRp7D5MwJUiNQfee6NuJPjE7S11J9yc2B9G",
  programB: "J38gUL2YFo91GDBnDXwVDaGpk6XWSJUhs7RuditRdiVo",
  net: "localnet",
}
PASS P0. seats are exactly MetaMask(NEAR MPC), Freighter(NEAR MPC), Phantom(own key); threshold 2; vault funded | ok 2wBgh9mPJaTToVUtRDF36eBW6pDH28KQ5AEAgezHmavBN9ptYLFQqNVauX1v6epPQwu2nGwuTTtRCzFEkyV7rAp
PASS K1-MetaMask. MetaMask alone:a. MetaMask proposes and approves | ok 5KA6wr3RTQMmRAr1nhBp3R8LTtPKpSuN9SpvYQeX4LdxCcA6vGCRNCcHhSEHqeDpn6Gn4dJqSfd49cj6RCxuQxLB
PASS K1-MetaMask. MetaMask alone:b. MetaMask executes with only its own approval | refused: Error Code: InvalidProposalStatus
PASS K1-Freighter. Freighter alone:a. Freighter proposes and approves | ok 4y3a4x2GUo8ewUDPwhiC12cXQrdEmVQfgsFVDkSR7WdTPEv3UTay2rgA4Ljw4oFWLcRrxWj1XMNtb8K96GdNMDd4
PASS K1-Freighter. Freighter alone:b. Freighter executes with only its own approval | refused: Error Code: InvalidProposalStatus
PASS K1-Phantom. Phantom alone:a. Phantom proposes and approves | ok 565NicQaBoN4Zk4HGgQM5LdQ2w2VC54UhspDfo3ptJkmhbTFNC5aJEm92UFyUV8pLfuQyLyMpp5qANfCuvnjfhZr
PASS K1-Phantom. Phantom alone:b. Phantom executes with only its own approval | refused: Error Code: InvalidProposalStatus
PASS K2. MetaMask + Freighter:a. MetaMask proposes and approves | ok 2qWBbf8P6BRinuibh5an5VLYkjFa2BPHHPxvkgUkMCWxrwUnTKsHpShGxbXUK7hxvPcfVzWxus33FGttR8nrfVKe
METRIC seat-propose-K2-MetaMask {"totalCu":78014,"bytes":579,"fee":10000}
PASS K2. MetaMask + Freighter:b. Freighter approves and executes | ok 5f32JYNvrGZfvF96LLBFKs4TwPgZmWsL2wmV2DQhyTbQNjFPbmHhFGEMsBUkftzeG58Mrzciu5qdvWBfQghL41cu
METRIC seat-exec-K2-Freighter {"totalCu":67701,"bytes":490,"fee":10000}
PASS K3. Freighter + Phantom:a. Freighter proposes and approves | ok 4spy7Kf1MJb3e2k8qnLWPHgg87UKhUfQC4YutCRXMEw1sWh6LwYPriB3c69AU7LuZMifvyeDGfKzfc1kwJb87MLJ
METRIC seat-propose-K3-Freighter {"totalCu":83828,"bytes":579,"fee":10000}
PASS K3. Freighter + Phantom:b. Phantom approves and executes | ok 5bykm2aXCTHGCG4nC4fuT6WNmDU6k4rgug2r1TKhuBNFDc6Uk95N9r1iC3ZCC3J7edfyWeCwt1N4heMfPV6T9sJe
METRIC seat-exec-K3-Phantom {"totalCu":70829,"bytes":490,"fee":10000}
PASS K4. Phantom + MetaMask:a. Phantom proposes and approves | ok 2a5yJcMJPQsyPyvN3ySMWQ56oiq5zNdnyAGbxuiqQ1VMHvhDJMFU1kMGuvfq8Rc89PbPjjnR8k6aadjoCpbrJkWp
METRIC seat-propose-K4-Phantom {"totalCu":79520,"bytes":579,"fee":10000}
PASS K4. Phantom + MetaMask:b. MetaMask approves and executes | ok 2YwcwoRyz5Ke92acR9BP3Y8AwczUuDw1mknDnAoZy63n6owcZiiJoWuPGTKGysgDzeVdDCKJe7a5aiorXkXiuKZM
METRIC seat-exec-K4-MetaMask {"totalCu":67876,"bytes":490,"fee":10000}
PASS K5. DEST received exactly 0.03 SOL | ok 0.03
PASS K6. MetaMask alone (open proposal):a. MetaMask proposes and approves | ok 26FjawvXkj6mVuE1ZxRR3j7c4jk8RZgrFKbqTV8UZSeZMu6AXRFPY8yYv5NEg7XPFNrU943U8R5XqffJX9FYPYeo
PASS K6. MetaMask alone (open proposal):b. MetaMask executes with only its own approval | refused: Error Code: InvalidProposalStatus
PASS K6c. an outsider approves it | refused: Error Code: NotASigner
PASS K6d. Freighter's seat signed by MetaMask's MPC key | refused: Transaction did not pass signature verification
PASS K6e. Freighter's seat signed by its MPC key under another path | refused: Transaction did not pass signature verification
PASS K6f-MetaMask. MetaMask's seat vote signed by its session-path key | refused: Transaction did not pass signature verification
PASS K6g-MetaMask. MetaMask's session-path key approves as itself | refused: Error Code: NotASigner
PASS K6f-Freighter. Freighter's seat vote signed by its session-path key | refused: Transaction did not pass signature verification
PASS K6g-Freighter. Freighter's session-path key approves as itself | refused: Error Code: NotASigner
PASS K7. install the movers policy (members: the three session PDAs):a. MetaMask proposes and approves | ok 4rybc8dZihe6LC2ZN73yi4b9AGayjaDWqJPVDRBrZ4kbxQwc5X7QZCv83qiDUNvtHPNheaJC9kGGp1XKNP7SWV6P
PASS K7. install the movers policy (members: the three session PDAs):b. Phantom approves and executes | ok 2q3bVufvBB3Jc1rxnN2s7XCBVmDV5qtjRYbHWVzC8gjJJRpV8TkhDrgSn3dgFk1aWkCuA5TBFcmzEr6gQPvgnZ56
PASS N0. MetaMask alone (open proposal):a. MetaMask proposes and approves | ok 58uupqk1EqbAVMnZmqxkf4eo6tYVFoRPSicL325qLToG6nrwsybLiwLYfpfvW4CdgpEFv1GXBZ8AoQEHxt6Qsmvw
PASS N0. MetaMask alone (open proposal):b. MetaMask executes with only its own approval | refused: Error Code: InvalidProposalStatus
PASS N1. Phantom session approves that proposal as its PDA | refused: Error Code: NotASigner
PASS N2. Phantom session key approves it as itself | refused: Error Code: NotASigner
PASS N3. Phantom session proposes a vault transaction as its PDA | refused: Error Code: NotASigner
PASS N4. Phantom session adds its key as a seat (settings sync, as its PDA) | refused: Error Code: InvalidSignerCount
PASS N5. Phantom session calls a program other than the Smart Account (System transfer from its PDA) | refused: Program FTNMFWiECbRp7D5MwJUiNQfee6NuJPjE7S11J9yc2B9G invoke [1] Unknown program SMRTzfY6DfH5ik3TKiyLFfXexV8uSG3d2UksSCYdunG Program FTNMFWiECbRp7D5MwJUiNQfee6Nu
PASS G-MetaMask1. one MetaMask signature (through NEAR) -> session; relayer pays: 0.01 SOL to VENUE | ok 2R4QaA36gceYkfh9KoxMUH4ub7peba5fshVNch8qb99WUiJroq1H6u2kcHYWMreXGUCiaGBnVx9zDX9STDgWiFx1
METRIC move-MetaMask-relayed {"totalCu":50716,"primeSessionCu":50716,"bytes":975,"fee":15000}
PASS G-MetaMask2. relayer down: session key pays the fee itself: 0.005 SOL to VENUE | ok 5PHnQza8cGJrNVyyNdEPJXbZt5JvsfBNNvnCzWnvUC5AKX6tmSJu29NWUM9guDzZPTx9hWUS8FKKwQNywreF9es3
PASS G-MetaMask3. VENUE received exactly 0.015 SOL | ok 0.015
PASS G-MetaMask4. relayer down and the session key has no SOL | refused: Attempt to debit an account but found no record of a prior credit
PASS G-MetaMask5. same session: 0.01 SOL elsewhere (policy) | refused: Error Code: ProgramInteractionAccountConstraintViolated
PASS G-MetaMask6. same session: 0.06 SOL to VENUE (over the 0.05 per-move limit) | refused: Error Code: ProgramInteractionInvalidNumericValue
PASS G-MetaMask7. stretched valid-until | refused: custom program error: 0x7
PASS G-MetaMask8. someone else replays the grant with their own key | refused: custom program error: 0x7
PASS G-Freighter1. one Freighter signature (through NEAR) -> session; relayer pays: 0.01 SOL to VENUE | ok toAZS9Q8f6tTLwXqeLMiXcxf2sjMSzcFMNPaZz1hG7pivjMBWMSYq2Yy6Jy8ii67qbGPzprYHzSp2yA6GRg1VQy
METRIC move-Freighter-relayed {"totalCu":55185,"primeSessionCu":55185,"bytes":975,"fee":15000}
PASS G-Freighter2. relayer down: session key pays the fee itself: 0.005 SOL to VENUE | ok 3xbbyNRkc35LVGSzz3dEPfAeJMFNE6U2nCAKnaj9cjWitPeTko3yr5RG7181grCWsTC9tXwKU9kvzKHeLegofaG9
PASS G-Freighter3. VENUE received exactly 0.015 SOL | ok 0.015
PASS G-Freighter4. relayer down and the session key has no SOL | refused: Attempt to debit an account but found no record of a prior credit
PASS G-Freighter5. same session: 0.01 SOL elsewhere (policy) | refused: Error Code: ProgramInteractionAccountConstraintViolated
PASS G-Freighter6. same session: 0.06 SOL to VENUE (over the 0.05 per-move limit) | refused: Error Code: ProgramInteractionInvalidNumericValue
PASS G-Freighter7. stretched valid-until | refused: custom program error: 0x7
PASS G-Freighter8. someone else replays the grant with their own key | refused: custom program error: 0x7
PASS G-Phantom1. one Phantom signature -> session; relayer pays: 0.01 SOL to VENUE | ok cCFgTRr7e7cjVZuXggMWkzSuzA6ijRwquo8BroggDpyNLHgf2scnC2wHRbeDPHSZV44bs1WxCTcTtwJTkb8C3jT
METRIC move-Phantom-relayed {"totalCu":53717,"primeSessionCu":53717,"bytes":975,"fee":15000}
PASS G-Phantom2. relayer down: session key pays the fee itself: 0.005 SOL to VENUE | ok 519H6qgtKyA1DvmH5fDRPeisqzgGciaXPT7ShoCiw455ppARgdVtTiMTmW41UqEabEp61y5Hc47r4XD4w3XwLRYG
PASS G-Phantom3. VENUE received exactly 0.015 SOL | ok 0.015
PASS G-Phantom4. relayer down and the session key has no SOL | refused: Attempt to debit an account but found no record of a prior credit
PASS G-Phantom5. same session: 0.01 SOL elsewhere (policy) | refused: Error Code: ProgramInteractionAccountConstraintViolated
PASS G-Phantom6. same session: 0.06 SOL to VENUE (over the 0.05 per-move limit) | refused: Error Code: ProgramInteractionInvalidNumericValue
PASS G-Phantom7. stretched valid-until | refused: custom program error: 0x7
PASS G-Phantom8. someone else replays the grant with their own key | refused: custom program error: 0x7
PASS G9. grant longer than 7 days | refused: custom program error: 0x4
PASS G10. expired grant | refused: custom program error: 0x4
PASS G11. MetaMask grant with the ed25519 program instruction missing | refused: custom program error: 0x7
PASS G12. ed25519 instruction reading its public key from another instruction | refused: custom program error: 0x0
PASS G13. daily cap shared by all: 0.045 used + 0.05 = 0.095 <= 0.1 | ok 2SqjXA8TGdihYkPmvTX3K3udsd1cWGYW9GLaGYPMKPWQgczu72SXjeRrXMJSndYbsXBVPq4NBYuFxtpwSk7mogtE
PASS G13b. + 0.01 = 0.105 > 0.1 | refused: Error Code: ProgramInteractionInsufficientLamportAllowance
PASS X1. Freighter's PDA with a grant signed by MetaMask (NEAR) | refused: custom program error: 0x7
PASS X2. Phantom's PDA with a grant signed by Freighter (NEAR) | refused: custom program error: 0x7
PASS X3. MetaMask's PDA with a grant signed by Phantom | refused: custom program error: 0x7
PASS X4. Freighter's PDA with its MPC key under another path | refused: custom program error: 0x7
PASS X4b. Freighter's session PDA with a grant signed by its seat key (prime:solana) | refused: custom program error: 0x7
PASS X5. Phantom grant presented for MetaMask's PDA | refused: custom program error: 0x7
PASS X6. grant signed for cluster mainnet, used on localnet | refused: custom program error: 0x7
PASS X7a. a grant naming program A's PDA, presented to program B with A's PDA | refused: Program J38gUL2YFo91GDBnDXwVDaGpk6XWSJUhs7RuditRdiVo invoke [1] AQvrbQz1r9M5TaGnDzSngFVnYvUxCBmdBp5sqQaEPkAo's signer privilege escalated Program J38gUL2YFo91GD
PASS X7b. the same grant presented to program B with B's PDA (text mismatch) | refused: custom program error: 0x7
PASS X7c. a grant naming program B's PDA, presented to program A with B's PDA | refused: Program FTNMFWiECbRp7D5MwJUiNQfee6NuJPjE7S11J9yc2B9G invoke [1] CtGGDXCXPyYhfybeCm6SrNTNUWd3AK7xBrZj5T98cSFh's signer privilege escalated Program FTNMFWiECbRp7D
PASS X7d. the same grant presented to program A with A's PDA (text mismatch) | refused: custom program error: 0x7
FAIL X8. Phantom's own signed grant naming MetaMask's PDA | refused: Program FTNMFWiECbRp7D5MwJUiNQfee6NuJPjE7S11J9yc2B9G invoke [1] 2xWveTX3CMRy82ztNHVBp52tX57s5XE9Y8BQ6is6gq2r's signer privilege escalated Program FTNMFWiECbRp7D
FAIL X9a. valid Phantom grant, data names another settings address | refused: Program FTNMFWiECbRp7D5MwJUiNQfee6NuJPjE7S11J9yc2B9G invoke [1] AQvrbQz1r9M5TaGnDzSngFVnYvUxCBmdBp5sqQaEPkAo's signer privilege escalated Program FTNMFWiECbRp7D
PASS X10. the session key does not sign (relayer only) | refused: Program FTNMFWiECbRp7D5MwJUiNQfee6NuJPjE7S11J9yc2B9G invoke [1] Program FTNMFWiECbRp7D5MwJUiNQfee6NuJPjE7S11J9yc2B9G consumed 165 of 203000 compute units Progra
PASS X11a. account 3 set to the System program instead of the Smart Account program: the move still runs | ok 5jt78PdJi5dh6mCyccDCXvn18kmJxH7CD7bkY652jGgTtQKuHooB4Kze3qEo7biBRXiAgVdohP4aL1BAZMyp5EtU
PASS X11b. ...and prime-session called only the Smart Account program | ok 5jt78PdJi5dh… Program SMRTzfY6DfH5ik3TKiyLFfXexV8uSG3d2UksSCYdunG invoke [2]
PASS A0. account B created with the same three seats | ok NTCBj5EKEL5DgRNBhwMtredDizE6KBkhZpQpqeEWbm6Yxm6pw28pFV9fgs4WnFdvm5a9hdg182BYgTMHa7eDB7M
PASS A1. account B installs its movers policy (members: each wallet's PDA for account B):a. MetaMask proposes and approves | ok 55MTGN7jrgQTcvKCqLFECTdTbNHgQc3FNbYWKieYFb116P2Andad3uox7WjwiPAa41Ay9hCYtnYFie9dv5Gdyk1R
PASS A1. account B installs its movers policy (members: each wallet's PDA for account B):b. Phantom approves and executes | ok 5aMsbQeGjwkEG1o3jJKrh7zoyapN2dohawDk5fRn4Jjc66eUmhfo5oKx6NBqWuXy9PVrzVXDQKuRXQKp9jf2hQFN
PASS A2. each wallet's PDA differs between account A and account B | ok 7qriG5,J5qGs8,CxMTvv
PASS A3. account A's Phantom grant presented to account B (as Phantom's account-B PDA) | refused: custom program error: 0x7
PASS A4. account A's Phantom PDA calling account B's policy | refused: Error Code: NotASigner
PASS A5. a Phantom grant made for account B works in account B | ok 5M6jvcgkphFGcuQoKqtqLQn4idTanYCBt4tLKvxXNGz5afVkd85kQSnhJKLhz2XKZ1N5gL8UnzPgenrcyrrGxPaF
PASS A5-M0. Phantom session: one move through the Smart Account (compute units recorded) | ok 4aWyeDsfCoSCd6TqRrS74ERXTcKbXe2kfsntRmyAjrmXbYjVsux4ZGnozhfNRQ3HcqvAgokCGd6EqCYbZfP3U413
METRIC move-sample-0 {"totalCu":47685,"primeSessionCu":47685,"bytes":975,"fee":15000}
PASS A5-M1. Phantom session: one move through the Smart Account (compute units recorded) | ok 21sWGuJ5K9tuHX8M8e5HxR3kW2Ho5MmHaz2TBfc7YvCkr4JSLkgATP3RCwYHpSB1YwkDiUigecujSgqQish8uKDq
METRIC move-sample-1 {"totalCu":47685,"primeSessionCu":47685,"bytes":975,"fee":15000}
PASS A5-M2. Phantom session: one move through the Smart Account (compute units recorded) | ok 3Nhfj1w8g2nJuMuecaRB1PnYZnANBnnce5Z9xTs873QuNW764xFopn92YanxHKUJxa4brK1AdTmvpehC81XJeRGm
METRIC move-sample-2 {"totalCu":49185,"primeSessionCu":49185,"bytes":975,"fee":15000}
PASS A5-M3. Phantom session: one move through the Smart Account (compute units recorded) | ok 2hCeUAFsT8FLHcx6v4M5dmvZBGTtqSrsHAFoUYtxk8rM4byzwDigYWjG5ok1t53H5bEHMsyFYXv1TUPLmSd55Zyx
METRIC move-sample-3 {"totalCu":52185,"primeSessionCu":52185,"bytes":975,"fee":15000}
PASS A5-M4. Phantom session: one move through the Smart Account (compute units recorded) | ok NCh3pZi9gL9Gd1VEhQ8V7nmaDR1RqcE8MHAdRUBsKnCh2TBEGuSWtuVw9Qej8g1KFr68whtRkaGdkCbDMfSSgs6
METRIC move-sample-4 {"totalCu":49185,"primeSessionCu":49185,"bytes":975,"fee":15000}
PASS A5-M5. Phantom session: one move through the Smart Account (compute units recorded) | ok xJz2CdHS4MGFMd8SyvHYHWNf1F6zw7apmHgSSRKFEsU3iFbGPQLcDkw934tXrPYw2zXN5n4Zz6RbyoWU9DkAXS8
METRIC move-sample-5 {"totalCu":47685,"primeSessionCu":47685,"bytes":975,"fee":15000}
PASS A5-M6. Phantom session: one move through the Smart Account (compute units recorded) | ok 2NroR89Ue7kMdwSNdQBPuzAZ6M2J56VQ26J7cQG6Xfu6CADLhseoqzD5pJuNmJsJ15kGA45jKipjcMY2qaSUnaDR
METRIC move-sample-6 {"totalCu":47685,"primeSessionCu":47685,"bytes":975,"fee":15000}
PASS A5-M7. Phantom session: one move through the Smart Account (compute units recorded) | ok CuvMjxZyApMFsyLesPKXPwDcwxekzrcHGXxCcLiNLBNUbizebuprjCjar2pjzyCg9HAFmqA4TY1AyhqwfEciMPC
METRIC move-sample-7 {"totalCu":49185,"primeSessionCu":49185,"bytes":975,"fee":15000}
PASS A5-M8. Phantom session: one move through the Smart Account (compute units recorded) | ok 2j9CAr3kQYwFob3jNpw87UudRaCy3415sGtrPaZGCAskw7n2VAxUZrEh6fYbx8Swhmvmhses42wd72aJbQkh25vt
METRIC move-sample-8 {"totalCu":49185,"primeSessionCu":49185,"bytes":975,"fee":15000}
PASS A5-M9. Phantom session: one move through the Smart Account (compute units recorded) | ok 5MA1doY3v85zbUzTZTcND1mueweM3PhuMzKAFjZY1RngryXEPiFDdkoBCh549skMshruZ9zx7C3V8X1tc7uvcyXS
METRIC move-sample-9 {"totalCu":47685,"primeSessionCu":47685,"bytes":975,"fee":15000}
PASS A6. account B's grant presented to account A | refused: custom program error: 0x7
PASS V0a. Phantom session 1 works | ok 59TCaspKeiLM4kSYJSsC6EeBpKKqLcHXmfkKRzBsv7WCKEdLKBx5wbATxy5JMVPm19ucZMjzj74asfJ2cey3vkkU
PASS V0b. Phantom session 2 works | ok 5VYHN7QPoaV9y5uZjhv8ZDYwozaxdWVhXBxBs9Uvm1Z2Bok4ACwNJHxXf97URC5p1Fami4ajcJ3edvDQ82kPwhkv
PASS V0c. no marker exists for session 1 yet | ok GKm56W2UYLvQJhskdTxCN8LmXFXPwzNfRS62khGYv5N5
PASS V1. Phantom revokes session 1 (one signature, relayed, session key does not sign) | ok 5GLbtkYeJhXoKLrosCMZoJW2sRmcrn53f3sSxyjdLt86GcTAt3xV9DcNKhd5rAkENtdvyccf33H2covQVqhKPRcd
METRIC revoke {"totalCu":21508,"primeSessionCu":21508,"bytes":725,"fee":10000}
PASS V1b. the marker is empty, owned by prime-session and rent exempt | ok {"lamports":890880,"dataBytes":0,"owner":"FTNMFWiECbRp7D5MwJUiNQfee6NuJPjE7S11J9yc2B9G"}
PASS V2. the revoked session 1 is refused | refused: custom program error: 0x2
PASS V3. the same wallet's session 2 keeps working | ok 2Q1sZH6yoTaHUDkfDmxLxNrhaoLpcThHrNPvcYpEfabfJCjSvbWyeYrUwqDLBrt74PxmoEyL1orTotKUkA4toFzn
PASS V3b. revoking session 1 again is refused | refused: custom program error: 0x2
PASS V4a. MetaMask's session-owner key signs a revoke of Phantom's session 2 (data names Phantom as owner) | refused: custom program error: 0x7
FAIL V4b. MetaMask signs a revoke naming Phantom's PDA under its own owner field | ok 3s4Rt9DW3KpDY2vFYMoAhwXPiy65hN5PChgbWNMX7hsQ7aaX8dnUNctDTbyiioNxWXfG9G6pDXY2hmqT2ZMJh9of
PASS V4c. Phantom session 2 still works | ok 3E3DSRLyA4Y2CCWeBysCwPiF5ummVeXmdtoUrzi6kAu16rP2qs7rVCR3k6cPdYHfkBVhxKNQZjd9ro6i78KitfKH
FAIL V4d. MetaMask revokes the same key under its own PDA (a marker in MetaMask's namespace) | refused: custom program error: 0x2
PASS V4e. ...and Phantom's session 2 still works (the marker is per owner) | ok 32rRHp32ih3oYdTHGm1gUdEEeAVAKugQrh6KffZi9tLJiB1YmWf1qXQG2SKDRCXMrCzbib1wRKd1bXd4ZVirudPq
PASS V5a. Phantom revokes a key it never granted | ok 2ja1Ex6kxRuK3J6g4PtzTMe2z7PoHaQsS9HGEmkjiq82dMvNHiNnDWXM3Dg39HC7mDcG86BuZ2RxaH2ixNg5NhSG
PASS V5b. a grant signed for that key afterwards is refused | refused: custom program error: 0x2
FAIL V6a. a revoke signed for account A's PDA, sent with account B's settings and B's marker | ok 4QDSNTG3h9bhcedeiPytgRwwdF7LWWbiC31yVfjGsBY8vaMNEeWD46E9svjZvM1CdNkgBDS2K18y2WgE4iM4iW1R
FAIL V6b. no marker was created in account B | refused: 
PASS V6c. session 3 still works in account A | ok 3V2pLowGmqQLFke1xcgxzBrCGvVeBQGcHvDT54KQ66nxchFCJUn5fHvNf6Z2PnsZQqSTMxs5VyBfMNQuuL2feEMa
PASS V7a. a pre-fund below the rent minimum is refused by the runtime | refused: {"InsufficientFundsForRent":{"account_index":1}}
PASS V7b. a stranger pre-funds the marker address with 0.001 SOL | ok 5UsV7doHyQ5YpG6v5jWZMeRm3sAJBbJAPrFebUQTGoyKrVLDJy7N5EhWPmuoZZcw2efVcyvnHjKmSeddbhRmrDJL
PASS V7c. the revoke still works | ok 4WGLY7SMUyBoq3WGNFYWpa76HnQWusFb5dkEbt6pTzN8ixW7nSLEYMwBfKFrWisYRocGeeFgABTeVHmPGH91Xd4Z
PASS V7d. the revoked session 4 is refused | refused: custom program error: 0x2
PASS V8a. a move that passes another marker address | refused: custom program error: 0x2
FAIL V8b. a move with non-canonical bump 254 (canonical 255) and the canonical PDA account | refused: Program FTNMFWiECbRp7D5MwJUiNQfee6NuJPjE7S11J9yc2B9G invoke [1] AQvrbQz1r9M5TaGnDzSngFVnYvUxCBmdBp5sqQaEPkAo's signer privilege escalated Program FTNMFWiECbRp7D
PASS V8c. the same session with the canonical bump works | ok 41S9VcpfkeqM7R5v8JkrLwkm6RSjNeHkvZQeFcbJRZzMsxLDiCRBetJxTad1bLWz1ihnkaawHDMKA1J6phPjwWjc
PASS V9. a 72-byte instruction (the old length check) | refused: Program FTNMFWiECbRp7D5MwJUiNQfee6NuJPjE7S11J9yc2B9G invoke [1] Program FTNMFWiECbRp7D5MwJUiNQfee6NuJPjE7S11J9yc2B9G consumed 88 of 203000 compute units Program
PASS V9b. a 10-byte instruction | refused: Program FTNMFWiECbRp7D5MwJUiNQfee6NuJPjE7S11J9yc2B9G invoke [1] Program FTNMFWiECbRp7D5MwJUiNQfee6NuJPjE7S11J9yc2B9G consumed 88 of 203000 compute units Program
PASS R0. Freighter session works before | ok oYw6RMJQSev1TYdCa4N6tqAWV2VdCfdnvNzUyaVAR9moUorvZYuWSLh9EQbRfdSGG7LaAs28VLoT6nvgPEMf2aK
PASS R1. MetaMask + Phantom update the policy: members MetaMask and Phantom PDAs only:a. MetaMask proposes and approves | ok 3XiUmKbgMzYoeMmkbHEAnknKuQQoNLAGieZtRSCSVcUYR2DzodVmcJaeAF6sbrtzMCVwqFr915esudzxSBcqg62V
PASS R1. MetaMask + Phantom update the policy: members MetaMask and Phantom PDAs only:b. Phantom approves and executes | ok 4xW6PuYR7TZd4en68Zjhuudu7RSHvkEUW2adTBqZFi23kfjHoGhz7ktbDjhGKZVLjr7aqxKDCNvkF3NWkpBkFaqe
PASS R2. the live Freighter session after removal | refused: Error Code: NotASigner
PASS R3. MetaMask session still works | ok 5JYU2hMzX7xGCnsTUeqUCbhsBT6WDqPujYyj6EDkZNooXdWbPfPeLtEcV6T4TSU7abmGqBifKKFTdzo785xirp6t
METRIC relayerSpend {"net":"localnet","spentLamports":4093210560,"vaultFundingLamports":4000000000,"sessionKeysFunded":41,"sessionKeyFundingDevnetLamports":82000000,"devnetEstimateLamports":455210560}
NEAR MPC signatures: 35, average 0.0s
121/128 passed
FAIL X8. Phantom's own signed grant naming MetaMask's PDA Program FTNMFWiECbRp7D5MwJUiNQfee6NuJPjE7S11J9yc2B9G invoke [1] 2xWveTX3CMRy82ztNHVBp52tX57s5XE9Y8BQ6is6gq2r's signer privilege escalated Program FTNMFWiECbRp7D
FAIL X9a. valid Phantom grant, data names another settings address Program FTNMFWiECbRp7D5MwJUiNQfee6NuJPjE7S11J9yc2B9G invoke [1] AQvrbQz1r9M5TaGnDzSngFVnYvUxCBmdBp5sqQaEPkAo's signer privilege escalated Program FTNMFWiECbRp7D
FAIL V4b. MetaMask signs a revoke naming Phantom's PDA under its own owner field 3s4Rt9DW3KpDY2vFYMoAhwXPiy65hN5PChgbWNMX7hsQ7aaX8dnUNctDTbyiioNxWXfG9G6pDXY2hmqT2ZMJh9of
FAIL V4d. MetaMask revokes the same key under its own PDA (a marker in MetaMask's namespace) custom program error: 0x2
FAIL V6a. a revoke signed for account A's PDA, sent with account B's settings and B's marker 4QDSNTG3h9bhcedeiPytgRwwdF7LWWbiC31yVfjGsBY8vaMNEeWD46E9svjZvM1CdNkgBDS2K18y2WgE4iM4iW1R
FAIL V6b. no marker was created in account B 
FAIL V8b. a move with non-canonical bump 254 (canonical 255) and the canonical PDA account Program FTNMFWiECbRp7D5MwJUiNQfee6NuJPjE7S11J9yc2B9G invoke [1] AQvrbQz1r9M5TaGnDzSngFVnYvUxCBmdBp5sqQaEPkAo's signer privilege escalated Program FTNMFWiECbRp7D
