{
  MetaMask: "4TXiTPLxe5PrpwiY15tj9nP3wF5F8JPKUsYQyfHCCcod",
  Freighter: "9BcBicoPrGtPJnVynJoj2g1p6zrvaFBkJccorLwGTMZo",
  Phantom: "G5H71U2pASYLeei9MYvWVmCZzjHp2VscWTjpdLYa6LT4",
  sessionMetaMask: "3YomJ7dnhtqFnnPAzRUGmhC8EevR2R4F6Sdx7YN6Pppc",
  sessionFreighter: "Cn2bjH8kGkjioVoB9MY86TDsJ6kKjvaiu9ZCmMsJVW74",
  program: "FTNMFWiECbRp7D5MwJUiNQfee6NuJPjE7S11J9yc2B9G",
  programB: "J38gUL2YFo91GDBnDXwVDaGpk6XWSJUhs7RuditRdiVo",
  net: "localnet",
}
PASS P0. seats are exactly MetaMask(NEAR MPC), Freighter(NEAR MPC), Phantom(own key); threshold 2; vault funded | ok 3mAhGxqTH8j3Q8kzBz5YCY7bKFAqpCSxRip963f58kWNcGCaTJvmozzcZzHKvsaP1zSSjE1bHBer9zM5iei4Azqs
PASS K1-MetaMask. MetaMask alone:a. MetaMask proposes and approves | ok 4BC2q74gpiXRTvohcpKJFogbMy4wFnBPJzU4tEsG6KCg4Pv9MyJgzdHYkWPB4JFoy1yWSC75SvGJViDsiiTVpKVG
PASS K1-MetaMask. MetaMask alone:b. MetaMask executes with only its own approval | refused: Error Code: InvalidProposalStatus
PASS K1-Freighter. Freighter alone:a. Freighter proposes and approves | ok 2LkxL5nNQF6eP6kUsotTs9StUeQXZNkLAQQAZxmoSTZBXpQghCHHuwS61UrxqL1NuQhxRFmG43duuNeAhZxs53tC
PASS K1-Freighter. Freighter alone:b. Freighter executes with only its own approval | refused: Error Code: InvalidProposalStatus
PASS K1-Phantom. Phantom alone:a. Phantom proposes and approves | ok 61rsAx9jEGaxzb6CvsHEtXwLq2pLdwmQac1o1G3HNiPSJsaPaT7Ewywi6rqPUFiVn8m4hk8Kjf6BprxnwZF5xSkr
PASS K1-Phantom. Phantom alone:b. Phantom executes with only its own approval | refused: Error Code: InvalidProposalStatus
PASS K2. MetaMask + Freighter:a. MetaMask proposes and approves | ok upTRRsAy4kB6SkyLTuUrysKh4VmYRiLUzxUvhPYA5tFQaVeJJyjMgrab3fgJftaS6MW7tic5Ttc8B5td5agaXac
METRIC seat-propose-K2-MetaMask {"totalCu":78014,"bytes":579,"fee":10000}
PASS K2. MetaMask + Freighter:b. Freighter approves and executes | ok 2uaeAuyFMKx3vcP6rqjqzqUxrRTGrJmyzrK2LsnJEUq2TDqR3yAkKxRCe7fsqcRZK55S4qvoyXfgqoaPd1jYqMsz
METRIC seat-exec-K2-Freighter {"totalCu":67701,"bytes":490,"fee":10000}
PASS K3. Freighter + Phantom:a. Freighter proposes and approves | ok 5yU9NwCcbGUVUuTkSPg9nCBZgynVQhAP5b7PjexHSNjtvNSJ2ZyFn7A92TDP4DdkdC6iXmQMnePcbgsfGrwW3Eez
METRIC seat-propose-K3-Freighter {"totalCu":83828,"bytes":579,"fee":10000}
PASS K3. Freighter + Phantom:b. Phantom approves and executes | ok 58AhY4Eho1m7uYUiGNmqPni2JHfVnvhbrqqeq8mV32Y5ZKfdpRrQkt7Myfkm2QU5k8EaMAkF83k2UCNmJ8BXZNpH
METRIC seat-exec-K3-Phantom {"totalCu":70829,"bytes":490,"fee":10000}
PASS K4. Phantom + MetaMask:a. Phantom proposes and approves | ok 3q3fQgHS3wU83V4EjzoaLijqTgFXSZnVRjUPBm5ihSqEj8yQR1DDSi497SoKD8QVBtSP4t6rxJTPsjr3JDcsANPo
METRIC seat-propose-K4-Phantom {"totalCu":79520,"bytes":579,"fee":10000}
PASS K4. Phantom + MetaMask:b. MetaMask approves and executes | ok TFKWrrW3Ln5hKWhXCzCw1pVtpbiEryfY3YjVzH5rt7R64ds34RNyzF2dtQhG3v9259G5m1ykEJEs4iFWFJr9VEt
METRIC seat-exec-K4-MetaMask {"totalCu":67876,"bytes":490,"fee":10000}
PASS K5. DEST received exactly 0.03 SOL | ok 0.03
PASS K6. MetaMask alone (open proposal):a. MetaMask proposes and approves | ok uumWa3LN1vPuFJZBvsXL1NPQ7kmhjnyuaANAhhrfwfQoN6Zep7HefhGSrqgWeKvotW3eR2ibL63kUMmCGdHLs6X
PASS K6. MetaMask alone (open proposal):b. MetaMask executes with only its own approval | refused: Error Code: InvalidProposalStatus
PASS K6c. an outsider approves it | refused: Error Code: NotASigner
PASS K6d. Freighter's seat signed by MetaMask's MPC key | refused: Transaction did not pass signature verification
PASS K6e. Freighter's seat signed by its MPC key under another path | refused: Transaction did not pass signature verification
PASS K6f-MetaMask. MetaMask's seat vote signed by its session-path key | refused: Transaction did not pass signature verification
PASS K6g-MetaMask. MetaMask's session-path key approves as itself | refused: Error Code: NotASigner
PASS K6f-Freighter. Freighter's seat vote signed by its session-path key | refused: Transaction did not pass signature verification
PASS K6g-Freighter. Freighter's session-path key approves as itself | refused: Error Code: NotASigner
PASS K7. install the movers policy (members: the three session PDAs):a. MetaMask proposes and approves | ok biUNj55Yb3if1x9eVY3akugSVNvLscPcR9ZwZ8fo79bX3hEXcB4redsUYr1Zr1pkx7sJwBCHTxmxbqQVFoLX19J
PASS K7. install the movers policy (members: the three session PDAs):b. Phantom approves and executes | ok k6NLRbys24KyYBNNADjPjWQD6pMDB2Psg4oYpp45f2GyTVJVG9WysP81usWz7rNYpjpkYRmLi5JDdtRqhvWNKKr
PASS N0. MetaMask alone (open proposal):a. MetaMask proposes and approves | ok 4FYoqo1EfMQgYQ5coirqoK2TRNoQyo6Jg51RJiyCXFxnoFzMNrEwsayAeCULMdTyJpfb8EcERLPUsd1GjUet7WzA
PASS N0. MetaMask alone (open proposal):b. MetaMask executes with only its own approval | refused: Error Code: InvalidProposalStatus
PASS N1. Phantom session approves that proposal as its PDA | refused: Error Code: NotASigner
PASS N2. Phantom session key approves it as itself | refused: Error Code: NotASigner
PASS N3. Phantom session proposes a vault transaction as its PDA | refused: Error Code: NotASigner
PASS N4. Phantom session adds its key as a seat (settings sync, as its PDA) | refused: Error Code: InvalidSignerCount
PASS N5. Phantom session calls a program other than the Smart Account (System transfer from its PDA) | refused: Program FTNMFWiECbRp7D5MwJUiNQfee6NuJPjE7S11J9yc2B9G invoke [1] Unknown program SMRTzfY6DfH5ik3TKiyLFfXexV8uSG3d2UksSCYdunG Program FTNMFWiECbRp7D5MwJUiNQfee6Nu
PASS G-MetaMask1. one MetaMask signature (through NEAR) -> session; relayer pays: 0.01 SOL to VENUE | ok 3sfzdVBsgMyYJmGepDyZXyGv1WWYCq9V7p4j8SxKdAJ6QXd3xNyuqcE96KWaQUxTwVf2kaiU21D6npHHnnNA5ErA
METRIC move-MetaMask-relayed {"totalCu":52277,"primeSessionCu":52277,"bytes":975,"fee":15000}
PASS G-MetaMask2. relayer down: session key pays the fee itself: 0.005 SOL to VENUE | ok 48pP5gmiRThpDsFmHadtBpoYNJaFRAVUGAEiM4xVjq82mt4coGibTNtRBzMUiGsCn4SLEYiALfmLQcfef3K3pTct
PASS G-MetaMask3. VENUE received exactly 0.015 SOL | ok 0.015
PASS G-MetaMask4. relayer down and the session key has no SOL | refused: Attempt to debit an account but found no record of a prior credit
PASS G-MetaMask5. same session: 0.01 SOL elsewhere (policy) | refused: Error Code: ProgramInteractionAccountConstraintViolated
PASS G-MetaMask6. same session: 0.06 SOL to VENUE (over the 0.05 per-move limit) | refused: Error Code: ProgramInteractionInvalidNumericValue
PASS G-MetaMask7. stretched valid-until | refused: custom program error: 0x7
PASS G-MetaMask8. someone else replays the grant with their own key | refused: custom program error: 0x7
PASS G-Freighter1. one Freighter signature (through NEAR) -> session; relayer pays: 0.01 SOL to VENUE | ok 9gNiJ4Q9sP2NqvdWf3Gr6U6w1K54AH5qiVgcNSdPRQF6tE7aSpgmNh4twowaVBXRmoj5266guSmyRQrHSUAuTt7
METRIC move-Freighter-relayed {"totalCu":55246,"primeSessionCu":55246,"bytes":975,"fee":15000}
PASS G-Freighter2. relayer down: session key pays the fee itself: 0.005 SOL to VENUE | ok v44FeTofyBzHJA3H1NgPW68tT8Wc57bbi8Ya5DLHJnsS3dBHVNoedqT54tyFC2qu16TdnzW1EPnJhfRUGpJroYo
PASS G-Freighter3. VENUE received exactly 0.015 SOL | ok 0.015
PASS G-Freighter4. relayer down and the session key has no SOL | refused: Attempt to debit an account but found no record of a prior credit
PASS G-Freighter5. same session: 0.01 SOL elsewhere (policy) | refused: Error Code: ProgramInteractionAccountConstraintViolated
PASS G-Freighter6. same session: 0.06 SOL to VENUE (over the 0.05 per-move limit) | refused: Error Code: ProgramInteractionInvalidNumericValue
PASS G-Freighter7. stretched valid-until | refused: custom program error: 0x7
PASS G-Freighter8. someone else replays the grant with their own key | refused: custom program error: 0x7
PASS G-Phantom1. one Phantom signature -> session; relayer pays: 0.01 SOL to VENUE | ok 2q8MuwFTJUZJvkTqK6SXFUy6hLpgTy8uXySSjzzpXWqKMGzNhSSiVXtwE8GcdamEp94gBnwHgwQLFP2MzPaESMNX
METRIC move-Phantom-relayed {"totalCu":52278,"primeSessionCu":52278,"bytes":975,"fee":15000}
PASS G-Phantom2. relayer down: session key pays the fee itself: 0.005 SOL to VENUE | ok 5cNtveWHzDnBZktQrFh46LQsMJqwAN1pokfbzaMriQkDMh6uJch6RQnH8nRfoWRLKRCwhWfpfzNjsnVQJYQtYLp9
PASS G-Phantom3. VENUE received exactly 0.015 SOL | ok 0.015
PASS G-Phantom4. relayer down and the session key has no SOL | refused: Attempt to debit an account but found no record of a prior credit
PASS G-Phantom5. same session: 0.01 SOL elsewhere (policy) | refused: Error Code: ProgramInteractionAccountConstraintViolated
PASS G-Phantom6. same session: 0.06 SOL to VENUE (over the 0.05 per-move limit) | refused: Error Code: ProgramInteractionInvalidNumericValue
PASS G-Phantom7. stretched valid-until | refused: custom program error: 0x7
PASS G-Phantom8. someone else replays the grant with their own key | refused: custom program error: 0x7
PASS G9. grant longer than 7 days | refused: custom program error: 0x4
PASS G10. expired grant | refused: custom program error: 0x4
PASS G11. MetaMask grant with the ed25519 program instruction missing | refused: custom program error: 0x7
PASS G12. ed25519 instruction reading its public key from another instruction | refused: custom program error: 0x0
PASS G13. daily cap shared by all: 0.045 used + 0.05 = 0.095 <= 0.1 | ok 4HGa3cwYpJsRcVsJfm5qutqaTfcrQnL6hvzTaEjbGuyKsb49oJdNHd8fEFCYenGkKQbsxbdQZfNRJWm88vfqNYNT
PASS G13b. + 0.01 = 0.105 > 0.1 | refused: Error Code: ProgramInteractionInsufficientLamportAllowance
PASS X1. Freighter's PDA with a grant signed by MetaMask (NEAR) | refused: custom program error: 0x7
PASS X2. Phantom's PDA with a grant signed by Freighter (NEAR) | refused: custom program error: 0x7
PASS X3. MetaMask's PDA with a grant signed by Phantom | refused: custom program error: 0x7
PASS X4. Freighter's PDA with its MPC key under another path | refused: custom program error: 0x7
PASS X4b. Freighter's session PDA with a grant signed by its seat key (prime:solana) | refused: custom program error: 0x7
PASS X5. Phantom grant presented for MetaMask's PDA | refused: custom program error: 0x7
PASS X6. grant signed for cluster mainnet, used on localnet | refused: custom program error: 0x7
PASS X7a. a grant naming program A's PDA, presented to program B with A's PDA | refused: custom program error: 0x2
PASS X7b. the same grant presented to program B with B's PDA (text mismatch) | refused: custom program error: 0x7
PASS X7c. a grant naming program B's PDA, presented to program A with B's PDA | refused: custom program error: 0x2
PASS X7d. the same grant presented to program A with A's PDA (text mismatch) | refused: custom program error: 0x7
PASS X8. Phantom's own signed grant naming MetaMask's PDA | refused: custom program error: 0x2
PASS X9a. valid Phantom grant, data names another settings address | refused: custom program error: 0x2
PASS X10. the session key does not sign (relayer only) | refused: Program FTNMFWiECbRp7D5MwJUiNQfee6NuJPjE7S11J9yc2B9G invoke [1] Program FTNMFWiECbRp7D5MwJUiNQfee6NuJPjE7S11J9yc2B9G consumed 165 of 203000 compute units Progra
PASS X11a. account 3 set to the System program instead of the Smart Account program: the move still runs | ok 4bVmWa25NG7UYmjufitZjjHqsUTCvMqPwJonT2savDUUYzcFQQNBcbUcBtuhjGFnsTpy8MQti1K7mQH3f5txkGSy
PASS X11b. ...and prime-session called only the Smart Account program | ok 4bVmWa25NG7U… Program SMRTzfY6DfH5ik3TKiyLFfXexV8uSG3d2UksSCYdunG invoke [2]
PASS A0. account B created with the same three seats | ok d5eZxDSRfC3X1Xt2wSaRB6BBxeyYgVWHZq5wyQksJky8uHrnMsWMPREg6KRfDVqEesGzoL54KJzTKKvfnkK1Lcm
PASS A1. account B installs its movers policy (members: each wallet's PDA for account B):a. MetaMask proposes and approves | ok 5pwFvj3Tu91ov28HxGH8mJhX128cuyFrtb6djK6JyMo2DP4R1axoMoWLDhVPCqDDVpSbVCKoVzVtNc5eqkZXDRvZ
PASS A1. account B installs its movers policy (members: each wallet's PDA for account B):b. Phantom approves and executes | ok 4KNdmeib6DQBtLeWD1yxZP4Rib2381Dz9SwgSxkiXtyRBZBnzLnL8XtFXR382WDMTWk2xRwjSWgtuvwkYZSMgQdr
PASS A2. each wallet's PDA differs between account A and account B | ok 7qriG5,J5qGs8,CxMTvv
PASS A3. account A's Phantom grant presented to account B (as Phantom's account-B PDA) | refused: custom program error: 0x7
PASS A4. account A's Phantom PDA calling account B's policy | refused: Error Code: NotASigner
PASS A5. a Phantom grant made for account B works in account B | ok 5Ea4q9C4fwEwKcDJV1mNTJmEQwiLb3qBsHnoJYAkhTR8WarHdULJ3TYmCPVjgtwc7dKPbgxEX9PgwC25Nb41JyRo
PASS A5-M0. Phantom session: one move through the Smart Account (compute units recorded) | ok 3yAe1duT55RELpctfwoCJ1KKaUoGJqsEJT4vLDjA23EiY3DEDagmMETBmC6S3r96WXdwC2i5joeAE8Ki7shEbDWh
METRIC move-sample-0 {"totalCu":53736,"primeSessionCu":53736,"bytes":974,"fee":15000}
PASS A5-M1. Phantom session: one move through the Smart Account (compute units recorded) | ok kET6Byw64VPUwuLYSUdcN2bGEBHNddN3s1GLoorW9hyCtgcfZzQ8Adx9Cb97TowTL182W7jboQVR7bok6Fyiui8
METRIC move-sample-1 {"totalCu":52246,"primeSessionCu":52246,"bytes":975,"fee":15000}
PASS A5-M2. Phantom session: one move through the Smart Account (compute units recorded) | ok 2XAk457dKBwWLm7N4Bbuvb5vNGFHKfFjgSPox7YSmKre3kqukrEar7nSL66sVTeXc4WcXsYJYDTMmKSA61epR8fe
METRIC move-sample-2 {"totalCu":49246,"primeSessionCu":49246,"bytes":975,"fee":15000}
PASS A5-M3. Phantom session: one move through the Smart Account (compute units recorded) | ok 3BY8yPPibNqwjVJLihffSefX5QYg8Jg27Xm3kHhYX69EhUP44nxEVX4dNKMmKu9NerUxsAJYYGiQ1NQc2VB3BYKn
METRIC move-sample-3 {"totalCu":49246,"primeSessionCu":49246,"bytes":975,"fee":15000}
PASS A5-M4. Phantom session: one move through the Smart Account (compute units recorded) | ok 5pox8Ue9wdbA164ho9TXQ3YPVgE5hVRmCCRaR6UAmBz9CoApY2MvFTSPmc4macVrX8ktQCtBsfUxWP84EDWe1f8r
METRIC move-sample-4 {"totalCu":49246,"primeSessionCu":49246,"bytes":975,"fee":15000}
PASS A5-M5. Phantom session: one move through the Smart Account (compute units recorded) | ok 5hUtRW4mySKR3E3nitDLsr3jBfywoohcZVz5xVvZvax1LCQ4Qtr9vKJa947NbY9W81xtQfAK6TwJq9L6JcDQKkcA
METRIC move-sample-5 {"totalCu":53746,"primeSessionCu":53746,"bytes":975,"fee":15000}
PASS A5-M6. Phantom session: one move through the Smart Account (compute units recorded) | ok 53s1ve3DcgFfNtSaGqSu9nC4HzWDsbVmzjg7WoUzhEHicbq8ajrwgAhEYWGjnwGVnXRK5YqscdaRsziwKFeqimHx
METRIC move-sample-6 {"totalCu":52246,"primeSessionCu":52246,"bytes":975,"fee":15000}
PASS A5-M7. Phantom session: one move through the Smart Account (compute units recorded) | ok 3TR8mktejE61CGERqhvjFQX5Pgo1JNxH7CCzJkhTk9Nf5Qv5ZrQ1DudyGgmuLZpXkeFm7kjdvZ78VCCoj5s637Fj
METRIC move-sample-7 {"totalCu":50746,"primeSessionCu":50746,"bytes":975,"fee":15000}
PASS A5-M8. Phantom session: one move through the Smart Account (compute units recorded) | ok 4w33NEXksrhDawWA9okt4LaiMeWwrtzXJaMA6AXKLuje8dH4omBcfEm92QPW8H4Zgcxz4yc3WjLwAA6XDgREXnBp
METRIC move-sample-8 {"totalCu":49246,"primeSessionCu":49246,"bytes":975,"fee":15000}
PASS A5-M9. Phantom session: one move through the Smart Account (compute units recorded) | ok 2fQQh3kV93S9QXbPTosbZmAPHqaWriHu75YifY8tYpeivnjDJaJviwvfJq2667ZS8JEBYiYYBLZ53yYQfGqRHPrU
METRIC move-sample-9 {"totalCu":49246,"primeSessionCu":49246,"bytes":975,"fee":15000}
PASS A6. account B's grant presented to account A | refused: custom program error: 0x7
PASS V0a. Phantom session 1 works | ok 44A73CJSLZeVKHiSJaYr7Q8Qy1P96U5qe3pNK2KowNoo86asi6mSbrxEt8F8ZCZT9vouLLSxbuQDkciSfKpfFFCf
PASS V0b. Phantom session 2 works | ok 5oZn3SCWyfiwrb1tEy5FC2us1Vq77kkX7DfAuQPGEp8zfB7HLbn8kjgpWB78m4P3FfpMYhy2N6dFNJLYSnLhar4j
PASS V0c. no marker exists for session 1 yet | ok 5NQKFGLv6D6skMyVtzMLWSicmejRDYCnntHF7HB6GHhD
PASS V1. Phantom revokes session 1 (one signature, relayed, session key does not sign) | ok 49juzsgMR9Zw83uWCYuLfVhAumHSENZNJyMdUNfiwTHeQ2yDhMYvmG1DUJ1iEk7fkhw9YM6gogQ5NraFRg3pMYMM
METRIC revoke {"totalCu":18571,"primeSessionCu":18571,"bytes":725,"fee":10000}
PASS V1b. the marker is empty, owned by prime-session and rent exempt | ok {"lamports":890880,"dataBytes":0,"owner":"FTNMFWiECbRp7D5MwJUiNQfee6NuJPjE7S11J9yc2B9G"}
FAIL V2. the revoked session 1 is refused | ok 2BR28YduhHF1qCezS8bQTHkB97m3kx2KdhSj4fhJ1oJbxXVE9NYHh3XBGAnCEL63uXV2FBx78N7qreDZ2SHT5cr7
PASS V3. the same wallet's session 2 keeps working | ok 2QYMeieKChyhjmtCaD1pJ76KKonrSrvnTY7HmudzYJfQkU3hGTn5Z8eyxmPJTE8CG2xk4z6D1SLYEZY7zBfv97J1
FAIL V3b. revoking session 1 again is refused | ok 3R5yu74M9qbUv4NfosESpN2nJEXAjzKpE8x9vzsTsyt3A5Jj5tDVY3Hoq8stiqej5MgkTBDdeCRfGdn6wHRqtTLU
PASS V4a. MetaMask's session-owner key signs a revoke of Phantom's session 2 (data names Phantom as owner) | refused: custom program error: 0x7
PASS V4b. MetaMask signs a revoke naming Phantom's PDA under its own owner field | refused: custom program error: 0x2
PASS V4c. Phantom session 2 still works | ok 32PG3qWPGZKWmwLmt4qaqeCKkHtUyeiu2Zz1oBvv7QYTggFJjUG9pXbbeDQVcSFN29GUduhyvDBhhjBhMwLjGT5g
PASS V4d. MetaMask revokes the same key under its own PDA (a marker in MetaMask's namespace) | ok ffthzZy6tM1mHtKug8rfAwAinXdJLcKREabBru8LxP4krpWvhUVZvGojdb4GKvY2oaKSmwXLE9wxWCFV9iCkDL8
PASS V4e. ...and Phantom's session 2 still works (the marker is per owner) | ok 5KhSR8tfpqi8dWWypBPQP5pgTeBpQy8M1znb8gjRDmiTh1dH2KbAKhkpELq8EEL7671opviyLZaCeQFUyAV4Red2
PASS V5a. Phantom revokes a key it never granted | ok 2czf6dusUd58qv8R7nNvQYqRaHi7NPuVdozJBJ3b69HZGHmGoMsbwofdupxR92KcxC2K2tBoTJZQ3FkKcw1yzcta
FAIL V5b. a grant signed for that key afterwards is refused | ok 3Lik6KCAajpCN6vBFsQAzQivKSroBDCnAYKKAndYZPznDYPK69zRAcpfWfbHco5kkyBCSXcJpqrohu8scVGXUwRF
PASS V6a. a revoke signed for account A's PDA, sent with account B's settings and B's marker | refused: custom program error: 0x2
PASS V6b. no marker was created in account B | ok 
PASS V6c. session 3 still works in account A | ok 3P9ZX5yL6vEJULh5psVCohAENqhPkvg8soGyehwS4ukD7nV4Zns8dMXHEzfAcQwKLrRz8uyJ9AKhB7uiu3GKmYN5
PASS V7a. a pre-fund below the rent minimum is refused by the runtime | refused: {"InsufficientFundsForRent":{"account_index":1}}
PASS V7b. a stranger pre-funds the marker address with 0.001 SOL | ok 2aYNFXZYAfQJSDsPkbwnuejNss72h82rfMWs7VsqdTSVnrkZrGB9nX1Mw2suvBzz82z1BBr55R9hpH4zKdSxNfBN
PASS V7c. the revoke still works | ok 4NzyshJTChUPTBjVVpVgYhzBygm6BFLHbEmtXM5UbFvUryrkuG9MTGZnwHSQoMYMJ2xRg1Um5J2a2Vu8TTjHw8NS
FAIL V7d. the revoked session 4 is refused | ok z5qqpxuCZRyrXmAFdwaeLZcaAgQqYhYLU8qh8hyKFuk84RXcmQSUevkqRrb8wZE4tWig7ejLcszmX56AsvLb9Aw
PASS V8a. a move that passes another marker address | refused: custom program error: 0x2
PASS V8b. a move with non-canonical bump 254 (canonical 255) and the canonical PDA account | refused: custom program error: 0x2
PASS V8c. the same session with the canonical bump works | ok 2cMZWMTAo8Eaxs986mukGYyemNby4xEJ1c8WkTbHBKHSEv7DBdh8uVw1hmLoe34mUX6sRUDoxyx1pX3BPULPnqFJ
PASS V9. a 72-byte instruction (the old length check) | refused: Program FTNMFWiECbRp7D5MwJUiNQfee6NuJPjE7S11J9yc2B9G invoke [1] Program FTNMFWiECbRp7D5MwJUiNQfee6NuJPjE7S11J9yc2B9G consumed 88 of 203000 compute units Program
PASS V9b. a 10-byte instruction | refused: Program FTNMFWiECbRp7D5MwJUiNQfee6NuJPjE7S11J9yc2B9G invoke [1] Program FTNMFWiECbRp7D5MwJUiNQfee6NuJPjE7S11J9yc2B9G consumed 88 of 203000 compute units Program
PASS R0. Freighter session works before | ok 5Loqn8WaPpc47keCQWC5PzSmnXSj2YxbJZPcdqaEDCHfhGmUw28d2BR9dimMPD1TRA8sLEFqKUKXkLbR5E3KgAYA
PASS R1. MetaMask + Phantom update the policy: members MetaMask and Phantom PDAs only:a. MetaMask proposes and approves | ok 35Jf4r7kuoqAFGMHsz4rGbcDLdAXunFXJ9iivVSPHF1JeBRTXsoHAZkvoRkaM8xdv7Zya8N9CrCTvZ9FmeXDomT7
PASS R1. MetaMask + Phantom update the policy: members MetaMask and Phantom PDAs only:b. Phantom approves and executes | ok 48Gwu8uRn1bWesqMLMX5Qfu1aYnYz1DJxRtZF8FS3TGU6vUJVD2Tt2zCxEnXLDQaT3cWPDfkW1gzNTCfSninVCq8
PASS R2. the live Freighter session after removal | refused: Error Code: NotASigner
PASS R3. MetaMask session still works | ok Q2jsD93oqDPydvEyKVkDszNDbL4nNBXZC45AJo2xrbC6eaQYdyYakBmGqixf5NQqwjeHadEtEob53UVLxeBXRut
METRIC relayerSpend {"net":"localnet","spentLamports":4093255560,"vaultFundingLamports":4000000000,"sessionKeysFunded":41,"sessionKeyFundingDevnetLamports":82000000,"devnetEstimateLamports":455255560}
NEAR MPC signatures: 35, average 0.0s
124/128 passed
FAIL V2. the revoked session 1 is refused 2BR28YduhHF1qCezS8bQTHkB97m3kx2KdhSj4fhJ1oJbxXVE9NYHh3XBGAnCEL63uXV2FBx78N7qreDZ2SHT5cr7
FAIL V3b. revoking session 1 again is refused 3R5yu74M9qbUv4NfosESpN2nJEXAjzKpE8x9vzsTsyt3A5Jj5tDVY3Hoq8stiqej5MgkTBDdeCRfGdn6wHRqtTLU
FAIL V5b. a grant signed for that key afterwards is refused 3Lik6KCAajpCN6vBFsQAzQivKSroBDCnAYKKAndYZPznDYPK69zRAcpfWfbHco5kkyBCSXcJpqrohu8scVGXUwRF
FAIL V7d. the revoked session 4 is refused z5qqpxuCZRyrXmAFdwaeLZcaAgQqYhYLU8qh8hyKFuk84RXcmQSUevkqRrb8wZE4tWig7ejLcszmX56AsvLb9Aw
