{
  MetaMask: "4TXiTPLxe5PrpwiY15tj9nP3wF5F8JPKUsYQyfHCCcod",
  Freighter: "9BcBicoPrGtPJnVynJoj2g1p6zrvaFBkJccorLwGTMZo",
  Phantom: "G5H71U2pASYLeei9MYvWVmCZzjHp2VscWTjpdLYa6LT4",
  sessionMetaMask: "3YomJ7dnhtqFnnPAzRUGmhC8EevR2R4F6Sdx7YN6Pppc",
  sessionFreighter: "Cn2bjH8kGkjioVoB9MY86TDsJ6kKjvaiu9ZCmMsJVW74",
  program: "FTNMFWiECbRp7D5MwJUiNQfee6NuJPjE7S11J9yc2B9G",
  programB: "J38gUL2YFo91GDBnDXwVDaGpk6XWSJUhs7RuditRdiVo",
  net: "localnet",
}
PASS P0. seats are exactly MetaMask(NEAR MPC), Freighter(NEAR MPC), Phantom(own key); threshold 2; vault funded | ok qCkwhzRN13qRN3Vb8rSmS27Uct32sfAoZEgg9Jxwf8UdURyxFbgVvhYbP9c4ozUAiggc6BSmEZSWEEQTP8kAmpy
PASS K1-MetaMask. MetaMask alone:a. MetaMask proposes and approves | ok 2d4wBKe4ax4QLVMMcKaUzuffp1Ewhd6AoXjCSWR6KtV9pGV21eYUyA7cqT18Y3b4BT2KcYAKs9geaWY24TmtnvDZ
PASS K1-MetaMask. MetaMask alone:b. MetaMask executes with only its own approval | refused: Error Code: InvalidProposalStatus
PASS K1-Freighter. Freighter alone:a. Freighter proposes and approves | ok 4EqSfYciBVtatQxoVcqwBPPH1vkjpu8o2MBLPQLnytjYXBqbXLDMXpJqxHVuibMydyxwqagwnpYJhA94BathicvB
PASS K1-Freighter. Freighter alone:b. Freighter executes with only its own approval | refused: Error Code: InvalidProposalStatus
PASS K1-Phantom. Phantom alone:a. Phantom proposes and approves | ok 3v8RxvqYp1XjQ4okeCTnBdptsSYBytkGBWpdwzvjTh5qyiqayj8yPDvC8gFLQJ13t47vbppoQhN9iCdnXStQ4SVV
PASS K1-Phantom. Phantom alone:b. Phantom executes with only its own approval | refused: Error Code: InvalidProposalStatus
PASS K2. MetaMask + Freighter:a. MetaMask proposes and approves | ok E4SLyxUK2Y6Gi41jQC4QtLhj2BUBTpqx9RCG2Sp9yK5Xt4KBCm6gFVdUzuhXUBZx6Qb1zLeaAQwD669gvSKRpmr
METRIC seat-propose-K2-MetaMask {"totalCu":78014,"bytes":579,"fee":10000}
PASS K2. MetaMask + Freighter:b. Freighter approves and executes | ok 5jRCu9GZWt9Uiz3UcrDoGEC2hAWkTZAWMPci3mDVjCaNY5AjQ5Ctx9XFUbfxHFp5JKk5r3XQqxBcbdCu4VEEP5CW
METRIC seat-exec-K2-Freighter {"totalCu":67701,"bytes":490,"fee":10000}
PASS K3. Freighter + Phantom:a. Freighter proposes and approves | ok 3nxyTPGFsVhZXbwwYjPDukUwv7h4683rkaqqoRwzLwdR8QsLCYkwBEY9zvcMZhBeiHrvS4w28bzWYyYbVR4cWSui
METRIC seat-propose-K3-Freighter {"totalCu":83828,"bytes":579,"fee":10000}
PASS K3. Freighter + Phantom:b. Phantom approves and executes | ok 2QR2z5AKFAL8pek9Mz3UiCiVLZt3YDFbqPkfcUFD3frdkxQcuYELbG1MSGVnFYafhBUAFJ7QbwJ2BJnLGQdmAcYs
METRIC seat-exec-K3-Phantom {"totalCu":70829,"bytes":490,"fee":10000}
PASS K4. Phantom + MetaMask:a. Phantom proposes and approves | ok VGoCpvGwVD5xRs4w4zkQpxg5dkUzrFgU9xQiT4srEQafZRP9MGnmza1THpFnNccTTJbHoS5AUWAXxrD9k1VBpwd
METRIC seat-propose-K4-Phantom {"totalCu":79520,"bytes":579,"fee":10000}
PASS K4. Phantom + MetaMask:b. MetaMask approves and executes | ok 4xcKEWA269QZNXBgKwgNno3prx8io12domhuKNcev7hse12UdEqYdYyQp4Soy4s4JijvSteTri9h1Xp7p458oVSA
METRIC seat-exec-K4-MetaMask {"totalCu":67876,"bytes":490,"fee":10000}
PASS K5. DEST received exactly 0.03 SOL | ok 0.03
PASS K6. MetaMask alone (open proposal):a. MetaMask proposes and approves | ok 2tpkaybGEtix9ZssnzQ5JNs76pZa7sjuRExQ2upc9NqXriWX641WwqF9Fhy3ierFUvmPAVxCbgjrJpXtkzhuZtDc
PASS K6. MetaMask alone (open proposal):b. MetaMask executes with only its own approval | refused: Error Code: InvalidProposalStatus
PASS K6c. an outsider approves it | refused: Error Code: NotASigner
PASS K6d. Freighter's seat signed by MetaMask's MPC key | refused: Transaction did not pass signature verification
PASS K6e. Freighter's seat signed by its MPC key under another path | refused: Transaction did not pass signature verification
PASS K6f-MetaMask. MetaMask's seat vote signed by its session-path key | refused: Transaction did not pass signature verification
PASS K6g-MetaMask. MetaMask's session-path key approves as itself | refused: Error Code: NotASigner
PASS K6f-Freighter. Freighter's seat vote signed by its session-path key | refused: Transaction did not pass signature verification
PASS K6g-Freighter. Freighter's session-path key approves as itself | refused: Error Code: NotASigner
PASS K7. install the movers policy (members: the three session PDAs):a. MetaMask proposes and approves | ok 5jJdNGndkqpe4L6f2RR9qWUQ212vdP89i55ZrvrL8Jwih6Bd5pyov5h1aCFrga67LZ4ccoEmSkG8KwmbjNLeRodw
PASS K7. install the movers policy (members: the three session PDAs):b. Phantom approves and executes | ok 4zTC2wE8T3KUxDx8EyG5JCpEv1Hamdnz64EZqaxVAYGyMePDvvA8qv13QHsAVJGEjZCAa6ouu9PsGzTq8cevyzRe
PASS N0. MetaMask alone (open proposal):a. MetaMask proposes and approves | ok 57iejP6einCd2jJv5DhKranbJtnt1wqT5SbHiAGge6BoiEzc5DmZmY96as9xV5Puyj9sHCR9nuxiNGP3a6fK18Bi
PASS N0. MetaMask alone (open proposal):b. MetaMask executes with only its own approval | refused: Error Code: InvalidProposalStatus
PASS N1. Phantom session approves that proposal as its PDA | refused: Error Code: NotASigner
PASS N2. Phantom session key approves it as itself | refused: Error Code: NotASigner
PASS N3. Phantom session proposes a vault transaction as its PDA | refused: Error Code: NotASigner
PASS N4. Phantom session adds its key as a seat (settings sync, as its PDA) | refused: Error Code: InvalidSignerCount
PASS N5. Phantom session calls a program other than the Smart Account (System transfer from its PDA) | refused: Program FTNMFWiECbRp7D5MwJUiNQfee6NuJPjE7S11J9yc2B9G invoke [1] Unknown program SMRTzfY6DfH5ik3TKiyLFfXexV8uSG3d2UksSCYdunG Program FTNMFWiECbRp7D5MwJUiNQfee6Nu
PASS G-MetaMask1. one MetaMask signature (through NEAR) -> session; relayer pays: 0.01 SOL to VENUE | ok 2uocFMEky7auPEAW4zSPFwdJHuHbJjEMHDFeiCFsr83igUPru7a74xZHeQL5kF56BJACzhhXHqvQ6G2wyPupzQJX
METRIC move-MetaMask-relayed {"totalCu":53779,"primeSessionCu":53779,"bytes":975,"fee":15000}
PASS G-MetaMask2. relayer down: session key pays the fee itself: 0.005 SOL to VENUE | ok ciCpQvizxvfdQNbxv5DJ9jzsQV2yhcspqXkKkfSf24nconLS1AeXpRwmJbK7aHz2oiJfDLDJfC6Wmy7AEm6acVF
PASS G-MetaMask3. VENUE received exactly 0.015 SOL | ok 0.015
PASS G-MetaMask4. relayer down and the session key has no SOL | refused: Attempt to debit an account but found no record of a prior credit
PASS G-MetaMask5. same session: 0.01 SOL elsewhere (policy) | refused: Error Code: ProgramInteractionAccountConstraintViolated
PASS G-MetaMask6. same session: 0.06 SOL to VENUE (over the 0.05 per-move limit) | refused: Error Code: ProgramInteractionInvalidNumericValue
PASS G-MetaMask7. stretched valid-until | refused: custom program error: 0x7
PASS G-MetaMask8. someone else replays the grant with their own key | refused: custom program error: 0x7
PASS G-Freighter1. one Freighter signature (through NEAR) -> session; relayer pays: 0.01 SOL to VENUE | ok cdK5qnTaArf8XistVbvYgqnA3aeCwzNb96N1tksyKCxhgixbBpn18HQyq8VseCHX4BmXBq71B4crntY8coiQbqy
METRIC move-Freighter-relayed {"totalCu":58248,"primeSessionCu":58248,"bytes":975,"fee":15000}
PASS G-Freighter2. relayer down: session key pays the fee itself: 0.005 SOL to VENUE | ok 4GMgUJVs1PRxZV8rvbktWBSEEYJvmEutwJmqqEp8msNLmMaQF6h4twoBDegJEpaAS6VAHTMRdH6i5L6ZVNsvftK1
PASS G-Freighter3. VENUE received exactly 0.015 SOL | ok 0.015
PASS G-Freighter4. relayer down and the session key has no SOL | refused: Attempt to debit an account but found no record of a prior credit
PASS G-Freighter5. same session: 0.01 SOL elsewhere (policy) | refused: Error Code: ProgramInteractionAccountConstraintViolated
PASS G-Freighter6. same session: 0.06 SOL to VENUE (over the 0.05 per-move limit) | refused: Error Code: ProgramInteractionInvalidNumericValue
PASS G-Freighter7. stretched valid-until | refused: custom program error: 0x7
PASS G-Freighter8. someone else replays the grant with their own key | refused: custom program error: 0x7
PASS G-Phantom1. one Phantom signature -> session; relayer pays: 0.01 SOL to VENUE | ok 3wvqctCYWdmmvozyA6edyxyLb6bitrKddHubtkLt5dnMpGuXTWYp9YhhcUJ8ysAY17EF2aXfFr9biyEypTWd8iu1
METRIC move-Phantom-relayed {"totalCu":53780,"primeSessionCu":53780,"bytes":975,"fee":15000}
PASS G-Phantom2. relayer down: session key pays the fee itself: 0.005 SOL to VENUE | ok 2vTahAgmBdy6gYv6tgzGWLe3kfFMzgZqLQZ4iXtCvDUQR6GCDKchzUviQuPfE8DLykRgWCRQtUP2EyA8V5Cj235w
PASS G-Phantom3. VENUE received exactly 0.015 SOL | ok 0.015
PASS G-Phantom4. relayer down and the session key has no SOL | refused: Attempt to debit an account but found no record of a prior credit
PASS G-Phantom5. same session: 0.01 SOL elsewhere (policy) | refused: Error Code: ProgramInteractionAccountConstraintViolated
PASS G-Phantom6. same session: 0.06 SOL to VENUE (over the 0.05 per-move limit) | refused: Error Code: ProgramInteractionInvalidNumericValue
PASS G-Phantom7. stretched valid-until | refused: custom program error: 0x7
PASS G-Phantom8. someone else replays the grant with their own key | refused: custom program error: 0x7
PASS G9. grant longer than 7 days | refused: custom program error: 0x4
FAIL G10. expired grant | ok 4YcVPV4dZFrdQEq6FcuEM2Mwpj4HUyKJQFE6jdaT54kSZFbxim8PhQKK7gqqgRUmgzw4ty88wQDHLxx5wsRy9q5Y
PASS G11. MetaMask grant with the ed25519 program instruction missing | refused: custom program error: 0x7
PASS G12. ed25519 instruction reading its public key from another instruction | refused: custom program error: 0x0
PASS G13. daily cap shared by all: 0.045 used + 0.05 = 0.095 <= 0.1 | ok 3GwXg6QLidAnSeaXRzM1tCB9Y79VztLjHb7s6SmFJFUB5WrrmAKZkTxAArjF5bU7cPg3QUDebuQ37WYW8C58WFLD
PASS G13b. + 0.01 = 0.105 > 0.1 | refused: Error Code: ProgramInteractionInsufficientLamportAllowance
PASS X1. Freighter's PDA with a grant signed by MetaMask (NEAR) | refused: custom program error: 0x7
PASS X2. Phantom's PDA with a grant signed by Freighter (NEAR) | refused: custom program error: 0x7
PASS X3. MetaMask's PDA with a grant signed by Phantom | refused: custom program error: 0x7
PASS X4. Freighter's PDA with its MPC key under another path | refused: custom program error: 0x7
PASS X4b. Freighter's session PDA with a grant signed by its seat key (prime:solana) | refused: custom program error: 0x7
PASS X5. Phantom grant presented for MetaMask's PDA | refused: custom program error: 0x7
PASS X6. grant signed for cluster mainnet, used on localnet | refused: custom program error: 0x7
PASS X7a. a grant naming program A's PDA, presented to program B with A's PDA | refused: custom program error: 0x2
PASS X7b. the same grant presented to program B with B's PDA (text mismatch) | refused: custom program error: 0x7
PASS X7c. a grant naming program B's PDA, presented to program A with B's PDA | refused: custom program error: 0x2
PASS X7d. the same grant presented to program A with A's PDA (text mismatch) | refused: custom program error: 0x7
PASS X8. Phantom's own signed grant naming MetaMask's PDA | refused: custom program error: 0x2
PASS X9a. valid Phantom grant, data names another settings address | refused: custom program error: 0x2
PASS X10. the session key does not sign (relayer only) | refused: Program FTNMFWiECbRp7D5MwJUiNQfee6NuJPjE7S11J9yc2B9G invoke [1] Program FTNMFWiECbRp7D5MwJUiNQfee6NuJPjE7S11J9yc2B9G consumed 165 of 203000 compute units Progra
PASS X11a. account 3 set to the System program instead of the Smart Account program: the move still runs | ok 5ZjaJh1me9RKZqjYDN6BeYDbsfKRTRpGS5v55K21Z6UX3PSnspaZjxG423quERNqQ4wfJ42AAtCpfeaC5VGRzyLP
PASS X11b. ...and prime-session called only the Smart Account program | ok 5ZjaJh1me9RK… Program SMRTzfY6DfH5ik3TKiyLFfXexV8uSG3d2UksSCYdunG invoke [2]
PASS A0. account B created with the same three seats | ok 3mRvH5StAWHJXEsKDmJto15EGBAHymdr81JLMUWNVtAxdqD3HzRq89L4PeB815YRcSnQwJ3yAAjR7s4WuR4MKidh
PASS A1. account B installs its movers policy (members: each wallet's PDA for account B):a. MetaMask proposes and approves | ok bWd2cU12yhhDvWM5CcBwdVZ3zhwL8gaUVyZtm5UcFahSwtksdbegdv9Ez6RUm4uw7isiZqXTR5fj4R9iHGBws9z
PASS A1. account B installs its movers policy (members: each wallet's PDA for account B):b. Phantom approves and executes | ok 3djWSMKbtmP2KwPU6Mrt6VQSHhXyJEsntYmGE68MKh8eF4kYXQDzPVKoMjWP93uRNrkvLDvhEpbBhn8x7NMVmWRd
PASS A2. each wallet's PDA differs between account A and account B | ok 7qriG5,J5qGs8,CxMTvv
PASS A3. account A's Phantom grant presented to account B (as Phantom's account-B PDA) | refused: custom program error: 0x7
PASS A4. account A's Phantom PDA calling account B's policy | refused: Error Code: NotASigner
PASS A5. a Phantom grant made for account B works in account B | ok YLBbCbyqZyDk2erWGhUkKf9DkVkacCFLaTxqHfrp8VGPBGKhNcYQHS71PXEiyMgfswYPhyDGT14amCrybsmub3i
PASS A5-M0. Phantom session: one move through the Smart Account (compute units recorded) | ok fRVuA3TaFv4mE7wAKtBzn6KYx8TsxnWg7DUQgAmYaxoRUStoJKDrpfWGLRaqQhWPNX7AoQST7dbNzELVz6aBeu6
METRIC move-sample-0 {"totalCu":49248,"primeSessionCu":49248,"bytes":975,"fee":15000}
PASS A5-M1. Phantom session: one move through the Smart Account (compute units recorded) | ok 38Jr1ATfjuhA3Mj7p1xqKA21qZYe1Un84wnHi958cTe8yj5CzMU25hHLtVMiNaf4v5TtEhdN5Pp1y3vpgqZn56G1
METRIC move-sample-1 {"totalCu":49238,"primeSessionCu":49238,"bytes":974,"fee":15000}
PASS A5-M2. Phantom session: one move through the Smart Account (compute units recorded) | ok 2suNCoSDkoACGQZJkYx87anEHv9dst7GWADnBx3jP6VBCSVC2SzsWoS1b7viK9bNZj4uDaBkRAW6D1ApkCanPmtf
METRIC move-sample-2 {"totalCu":49248,"primeSessionCu":49248,"bytes":975,"fee":15000}
PASS A5-M3. Phantom session: one move through the Smart Account (compute units recorded) | ok 5FF16fmnUrV4Qqbpb2b478S9AgHy9v8sxjP24UVMv28fLw2B49CAv26MXtavythKTWhNMAXQHh3mRC2DfnQZNGJr
METRIC move-sample-3 {"totalCu":49238,"primeSessionCu":49238,"bytes":974,"fee":15000}
PASS A5-M4. Phantom session: one move through the Smart Account (compute units recorded) | ok 5Si94iod1ShFAh47PpzGDk69bNDj9SPvvXZbjzTFRMr8NPChguHF2rSgQR8pxdg9S7wyZv2DhGMD7CCBXKCFbQFN
METRIC move-sample-4 {"totalCu":49248,"primeSessionCu":49248,"bytes":975,"fee":15000}
PASS A5-M5. Phantom session: one move through the Smart Account (compute units recorded) | ok 2FnFTjHWhJqWf8Wqy7JEFLn6bS6ytSY1oK3gULstavUmzD7pH9mZWJaDdVRBsnmR7W7DQbLJk4xZypY2uz5ZNTdx
METRIC move-sample-5 {"totalCu":50748,"primeSessionCu":50748,"bytes":975,"fee":15000}
PASS A5-M6. Phantom session: one move through the Smart Account (compute units recorded) | ok VKZuH6Qb66WMMuoYtPgNHZ2Bqinug2AKiGH61L5ccBMbMJ865hPwXWpDUAHwoozqa3uqiUxSBhd3bBA7dPahEr9
METRIC move-sample-6 {"totalCu":49248,"primeSessionCu":49248,"bytes":975,"fee":15000}
PASS A5-M7. Phantom session: one move through the Smart Account (compute units recorded) | ok 56cju33C14gCQXEt3UZ9nePZ9mkzvdqdYy63DAWRLnpwE6ENdW9mtj69t5gnSsTGCQPSdrFkoi1brVGDEyZZS55f
METRIC move-sample-7 {"totalCu":52248,"primeSessionCu":52248,"bytes":975,"fee":15000}
PASS A5-M8. Phantom session: one move through the Smart Account (compute units recorded) | ok 3raGfqUDnzxeK5b76fTS3XWbAygYuPqZv4H4rLjtop1AL5nbtGo9xoLfUQBPJQqZtqMGFu62RqcXJQL88rTeeeD8
METRIC move-sample-8 {"totalCu":49248,"primeSessionCu":49248,"bytes":975,"fee":15000}
PASS A5-M9. Phantom session: one move through the Smart Account (compute units recorded) | ok 5j2rEVWAkWnrNWfF8dSUt7L51fTTx56ZwXPF9LoYAWWdeFhaPAKzb8Czns7CDgSX9K28YtvYs7TWLk3kp89WxZkT
METRIC move-sample-9 {"totalCu":49248,"primeSessionCu":49248,"bytes":975,"fee":15000}
PASS A6. account B's grant presented to account A | refused: custom program error: 0x7
PASS V0a. Phantom session 1 works | ok 4GsvcZVXwyAn94MoHiayB8xGQxs6qnnqgnNYEDEhWQCSo79G63JXUUz1rJcdMbxCAioTGsBgXjmrDQX2CS8TGG4j
PASS V0b. Phantom session 2 works | ok 4aXxTcAX8Bbg4oCME5uzyQfDgkw3oGHtchaPxTwX9KQ8PFirpDrRodsZ8nFfe3expBtDmM9aRrWRvZv6j1nxcF9s
PASS V0c. no marker exists for session 1 yet | ok Baowt2VoqfAkBqKmS8ncco4ycspyjWpDPsiGBjJFqS3k
PASS V1. Phantom revokes session 1 (one signature, relayed, session key does not sign) | ok 3EgwedaCSyxQf9GUX3WWDEmeQ2jmYmt4hSzP18tjVmTH5RuK5goxAvD2vmgRLMgCBfkSsLBwUZ2jWJCXj4NZz2Ei
METRIC revoke {"totalCu":18585,"primeSessionCu":18585,"bytes":726,"fee":10000}
PASS V1b. the marker is empty, owned by prime-session and rent exempt | ok {"lamports":890880,"dataBytes":0,"owner":"FTNMFWiECbRp7D5MwJUiNQfee6NuJPjE7S11J9yc2B9G"}
PASS V2. the revoked session 1 is refused | refused: custom program error: 0x2
PASS V3. the same wallet's session 2 keeps working | ok 2PhQQGWsJv9URF9z1ah6Q9KCNuT6zdcnCjA2NP2v5cWvVZLz8TYudez6ZE17mbezGDFwatCo1HTDShGZ7Qy8CPD
PASS V3b. revoking session 1 again is refused | refused: custom program error: 0x2
PASS V4a. MetaMask's session-owner key signs a revoke of Phantom's session 2 (data names Phantom as owner) | refused: custom program error: 0x7
PASS V4b. MetaMask signs a revoke naming Phantom's PDA under its own owner field | refused: custom program error: 0x2
PASS V4c. Phantom session 2 still works | ok 3QcT4YXekWXG36h8KHNhPhLx5gzP8r2LHnaPBa48hNxKqAGDozzSvvP7dv3dV79NJh3VeuWNiKhwUKohi9QC88nm
PASS V4d. MetaMask revokes the same key under its own PDA (a marker in MetaMask's namespace) | ok 58NhcY89Kynn433QmXCNDaVp3yuWSUtnyZqZ172B3GuYwcuopzaBwNFTQYKEbRnHyGEfihuffbNESvo7NWh1Spfh
PASS V4e. ...and Phantom's session 2 still works (the marker is per owner) | ok 5by72SaTTZ57QbK2Tg5qdPhgtbfTKjB3WsYQm9UaDGkKKUk8nZ1JoQa2SDPdvABFYG5k8eqse8c6Xi8s51BEvDE8
PASS V5a. Phantom revokes a key it never granted | ok 3ePSMWgLc7UwMY9EBiYDquwifZ4Ktn1h7v6RntsWDPTzs62LUk7gnZMjxcGcwpzAAHz9RXhvLCo2Rw9qEQgXcDwg
PASS V5b. a grant signed for that key afterwards is refused | refused: custom program error: 0x2
PASS V6a. a revoke signed for account A's PDA, sent with account B's settings and B's marker | refused: custom program error: 0x2
PASS V6b. no marker was created in account B | ok 
PASS V6c. session 3 still works in account A | ok 2MTV5gePsvFYWWQPoQaNnACcvbZvNcZz3dm5rtkxRM1KrGjb11nbdzxAUzdSenUzCSXY9dMTHM8qpk1rayh8N33D
PASS V7a. a pre-fund below the rent minimum is refused by the runtime | refused: {"InsufficientFundsForRent":{"account_index":1}}
PASS V7b. a stranger pre-funds the marker address with 0.001 SOL | ok 3hJNJwGc1fuHok5NaADiAYaL6CprbRs1PNkrvcSLx2kVCdrHfzvaE2B669vyk98bfkE8jReM3gXVpF7v3ncZV32B
PASS V7c. the revoke still works | ok HRyfTVdZWhE6vx5sJ2nc3M2XQ3WGrP1caErYn1cpy3YsqpyVuQqAs73NQ1BUKXR3MdzyKRMEeQmgCPeommk2QGH
PASS V7d. the revoked session 4 is refused | refused: custom program error: 0x2
PASS V8a. a move that passes another marker address | refused: custom program error: 0x2
PASS V8b. a move with non-canonical bump 254 (canonical 255) and the canonical PDA account | refused: custom program error: 0x2
PASS V8c. the same session with the canonical bump works | ok 66udsTrM5LC3gZsPQ9GK3rCFygfdzYKQqhaVjgsZ88na1jFgLv55hRmXQPdGcaAoYktBZnUdvQY1Th4c5NbTXp3a
PASS V9. a 72-byte instruction (the old length check) | refused: Program FTNMFWiECbRp7D5MwJUiNQfee6NuJPjE7S11J9yc2B9G invoke [1] Program FTNMFWiECbRp7D5MwJUiNQfee6NuJPjE7S11J9yc2B9G consumed 88 of 203000 compute units Program
PASS V9b. a 10-byte instruction | refused: Program FTNMFWiECbRp7D5MwJUiNQfee6NuJPjE7S11J9yc2B9G invoke [1] Program FTNMFWiECbRp7D5MwJUiNQfee6NuJPjE7S11J9yc2B9G consumed 88 of 203000 compute units Program
PASS R0. Freighter session works before | ok 5rXYWEkajtb8kcdyq6Gf9BDsSpizC1pkcazpsB8vnRQ9ygokAdgvEU2essH1KBgFigrYNabT51FWCJS6Nz7unD3R
PASS R1. MetaMask + Phantom update the policy: members MetaMask and Phantom PDAs only:a. MetaMask proposes and approves | ok 3BCKG88sqKncPDRbMcqbW6cE28c3P4LCFmqnSqP9xd8QUxAFcLDNKJToH6A6JHK8LzY2GNu6H5qhi26EMvbJyPH7
PASS R1. MetaMask + Phantom update the policy: members MetaMask and Phantom PDAs only:b. Phantom approves and executes | ok 4EMCUAXi4Gu93r8N5MmGj9h2Bwrcjj1qKMFUJyAPdz4Jy34BxtQtJL8gaSGpsgobdP9Qqa3iVskNdPqhUeSxKKJ7
PASS R2. the live Freighter session after removal | refused: Error Code: NotASigner
PASS R3. MetaMask session still works | ok 4Gnrpg4Pmvh3SFYL854FbWxZr3TkAx83nYYMbmPBHdgvvc4pXesFveL6iPv3AVPrwq2rxzNNq7bkYBmjLS4Qtdku
METRIC relayerSpend {"net":"localnet","spentLamports":4092324680,"vaultFundingLamports":4000000000,"sessionKeysFunded":41,"sessionKeyFundingDevnetLamports":82000000,"devnetEstimateLamports":454324680}
NEAR MPC signatures: 35, average 0.0s
127/128 passed
FAIL G10. expired grant 4YcVPV4dZFrdQEq6FcuEM2Mwpj4HUyKJQFE6jdaT54kSZFbxim8PhQKK7gqqgRUmgzw4ty88wQDHLxx5wsRy9q5Y
