{
  MetaMask: "4TXiTPLxe5PrpwiY15tj9nP3wF5F8JPKUsYQyfHCCcod",
  Freighter: "9BcBicoPrGtPJnVynJoj2g1p6zrvaFBkJccorLwGTMZo",
  Phantom: "G5H71U2pASYLeei9MYvWVmCZzjHp2VscWTjpdLYa6LT4",
  sessionMetaMask: "3YomJ7dnhtqFnnPAzRUGmhC8EevR2R4F6Sdx7YN6Pppc",
  sessionFreighter: "Cn2bjH8kGkjioVoB9MY86TDsJ6kKjvaiu9ZCmMsJVW74",
  program: "FTNMFWiECbRp7D5MwJUiNQfee6NuJPjE7S11J9yc2B9G",
  programB: "J38gUL2YFo91GDBnDXwVDaGpk6XWSJUhs7RuditRdiVo",
  net: "localnet",
}
PASS P0. seats are exactly MetaMask(NEAR MPC), Freighter(NEAR MPC), Phantom(own key); threshold 2; vault funded | ok 2eQsJXN1yu4WkNQK6tKfQ8DtAozMxhr5dAP95G6rnyg1d4naNSxUearaZpG4ZRh5AXF3PvKTooDUU131wQMkVMJC
PASS K1-MetaMask. MetaMask alone:a. MetaMask proposes and approves | ok 25zqpp3mrqzKik1wmd7xBZYMgtvgw1few8h54sd9JokKFAZLXA9mrg1bkpe7dYkawXcfYF1XCmyAceM9jvYzW16f
PASS K1-MetaMask. MetaMask alone:b. MetaMask executes with only its own approval | refused: Error Code: InvalidProposalStatus
PASS K1-Freighter. Freighter alone:a. Freighter proposes and approves | ok 2fLnPpWiyGCowohpx961tRshECXYTtrLufzJYMREVtH5Eg2KDbfWbWq98xptGVTerR6TZJRxJqoArCLkNiHotgum
PASS K1-Freighter. Freighter alone:b. Freighter executes with only its own approval | refused: Error Code: InvalidProposalStatus
PASS K1-Phantom. Phantom alone:a. Phantom proposes and approves | ok CmEkGAbuQhS5MaJyhjGLeFAzjrTEEqGKxafmK2DnK3LrDq8YBf9JUqZEptgAWWytM4ntDS22pUtjftDkDQhhBcF
PASS K1-Phantom. Phantom alone:b. Phantom executes with only its own approval | refused: Error Code: InvalidProposalStatus
PASS K2. MetaMask + Freighter:a. MetaMask proposes and approves | ok 45fonWKQPyUYLXYqBRkioyyc5jQHATJhcLckpy28YPvqQoaNrbRk5rQvAZGD4HUwasbmJAVvhoRz8kzF6RfA8wLz
METRIC seat-propose-K2-MetaMask {"totalCu":78014,"bytes":579,"fee":10000}
PASS K2. MetaMask + Freighter:b. Freighter approves and executes | ok uK2x1BHTBPmLdASuUGuKVesrsXn3rAYBHncfpotvLE7LNXhwrkx8Ha7UoCUWV1vLctvii2FQWrLkjt7Z2TLVup8
METRIC seat-exec-K2-Freighter {"totalCu":67701,"bytes":490,"fee":10000}
PASS K3. Freighter + Phantom:a. Freighter proposes and approves | ok 3cE6JHfTG8c1LGwpyNgftMbbrdteSXodXt1yRs82hZLAdphpAgkAKpTPkyGYqu5AfwwL2Jks9tpXd6Xgq45KCnWD
METRIC seat-propose-K3-Freighter {"totalCu":83828,"bytes":579,"fee":10000}
PASS K3. Freighter + Phantom:b. Phantom approves and executes | ok 1hnuV4HTDJ5JEyYmbUx5WWZNnaC4mDJipmZdTMEn22zLZWD83thH9Mw6wD86YBdMj8kXn8ayCcFAZVc7tscCsh6
METRIC seat-exec-K3-Phantom {"totalCu":70829,"bytes":490,"fee":10000}
PASS K4. Phantom + MetaMask:a. Phantom proposes and approves | ok 39QnQ2m7iGwNGk9egxNsnuJ8hAfcnzrxU4b6xXZBMjmxwLD4keXj2R1nvWK8mB1DZqhEeWKCXHQ8iVXo5JQxPsxJ
METRIC seat-propose-K4-Phantom {"totalCu":79520,"bytes":579,"fee":10000}
PASS K4. Phantom + MetaMask:b. MetaMask approves and executes | ok ubx2Fj25E9392mpMNvznShEebztyXmwjutT1SGwtAekw9Hk2xvHrrANQiWtiKmhUbSnTLQJaFwdySPKHe9ohbgB
METRIC seat-exec-K4-MetaMask {"totalCu":67876,"bytes":490,"fee":10000}
PASS K5. DEST received exactly 0.03 SOL | ok 0.03
PASS K6. MetaMask alone (open proposal):a. MetaMask proposes and approves | ok wriEQ62H7Gnv6rduhvxx1i7yZLGFUzUQ8ScjDy2Qc1L2TmqjNfz5z2bjALuoqtC5KBUguJ5JXNkSgtRoyH4qg9H
PASS K6. MetaMask alone (open proposal):b. MetaMask executes with only its own approval | refused: Error Code: InvalidProposalStatus
PASS K6c. an outsider approves it | refused: Error Code: NotASigner
PASS K6d. Freighter's seat signed by MetaMask's MPC key | refused: Transaction did not pass signature verification
PASS K6e. Freighter's seat signed by its MPC key under another path | refused: Transaction did not pass signature verification
PASS K6f-MetaMask. MetaMask's seat vote signed by its session-path key | refused: Transaction did not pass signature verification
PASS K6g-MetaMask. MetaMask's session-path key approves as itself | refused: Error Code: NotASigner
PASS K6f-Freighter. Freighter's seat vote signed by its session-path key | refused: Transaction did not pass signature verification
PASS K6g-Freighter. Freighter's session-path key approves as itself | refused: Error Code: NotASigner
PASS K7. install the movers policy (members: the three session PDAs):a. MetaMask proposes and approves | ok 3DJY7c4dKQmEc8EPKhk6KZokJm8RyPf3fK77gmstN5QYnzkmuoxtTRZABecpjfALUAP1ZPUX2WsEPjDNnQy9Rei4
PASS K7. install the movers policy (members: the three session PDAs):b. Phantom approves and executes | ok 5xoCtRJQhDHQ2TbcwNpcNr4kEityUCE9oob9CSy2u2sWmVsSJeQvNUoBWBwEZYcNevdphi4TkXaxp45mpHs21mJj
PASS N0. MetaMask alone (open proposal):a. MetaMask proposes and approves | ok 3Koxm9U1D93QHbRLTDG5x6QuagxeNCMyZqsZJBFYPdwXQbLR48vPN9LCSzZqNWndw2hgFgjqkxoeKgtbKB1k19Cz
PASS N0. MetaMask alone (open proposal):b. MetaMask executes with only its own approval | refused: Error Code: InvalidProposalStatus
PASS N1. Phantom session approves that proposal as its PDA | refused: Error Code: NotASigner
PASS N2. Phantom session key approves it as itself | refused: Error Code: NotASigner
PASS N3. Phantom session proposes a vault transaction as its PDA | refused: Error Code: NotASigner
PASS N4. Phantom session adds its key as a seat (settings sync, as its PDA) | refused: Error Code: InvalidSignerCount
PASS N5. Phantom session calls a program other than the Smart Account (System transfer from its PDA) | refused: Program FTNMFWiECbRp7D5MwJUiNQfee6NuJPjE7S11J9yc2B9G invoke [1] Unknown program SMRTzfY6DfH5ik3TKiyLFfXexV8uSG3d2UksSCYdunG Program FTNMFWiECbRp7D5MwJUiNQfee6Nu
PASS G-MetaMask1. one MetaMask signature (through NEAR) -> session; relayer pays: 0.01 SOL to VENUE | ok 2Dtegka3snr6ArQP8XPPe8JkQAvjM55whSD7gGoHxK8btaH1UTQmGjVqTyLLviTeUvZxEG1ZW2FLMgSKsDStU4Re
METRIC move-MetaMask-relayed {"totalCu":55276,"primeSessionCu":55276,"bytes":975,"fee":15000}
PASS G-MetaMask2. relayer down: session key pays the fee itself: 0.005 SOL to VENUE | ok 5b3aJ6z95tWqfjZZVu5uKV6gMXJsszhs93JMpy87ioyK6hzrQFY8USzPaF4bPrXKTeXVRbJxnoLa9x5wRRQS5Na3
PASS G-MetaMask3. VENUE received exactly 0.015 SOL | ok 0.015
PASS G-MetaMask4. relayer down and the session key has no SOL | refused: Attempt to debit an account but found no record of a prior credit
PASS G-MetaMask5. same session: 0.01 SOL elsewhere (policy) | refused: Error Code: ProgramInteractionAccountConstraintViolated
PASS G-MetaMask6. same session: 0.06 SOL to VENUE (over the 0.05 per-move limit) | refused: Error Code: ProgramInteractionInvalidNumericValue
PASS G-MetaMask7. stretched valid-until | refused: custom program error: 0x7
PASS G-MetaMask8. someone else replays the grant with their own key | refused: custom program error: 0x7
PASS G-Freighter1. one Freighter signature (through NEAR) -> session; relayer pays: 0.01 SOL to VENUE | ok 2gZi6xH1F57mNVRmmpoVcLBceYXuVn2UrvG8y4R5bnkztMRg4gg6VHumoQoJXuw3X9SZYDQe76LQkAUhdHuUDZ7V
METRIC move-Freighter-relayed {"totalCu":52245,"primeSessionCu":52245,"bytes":975,"fee":15000}
PASS G-Freighter2. relayer down: session key pays the fee itself: 0.005 SOL to VENUE | ok 51aKT5eKadUXjZTvoFNw1jDg52PipdVVeqnZ1AYS2e2heuowkUELfRJwtpwxsYkCWmtp9mcozkFncnnuiAbC7x3v
PASS G-Freighter3. VENUE received exactly 0.015 SOL | ok 0.015
PASS G-Freighter4. relayer down and the session key has no SOL | refused: Attempt to debit an account but found no record of a prior credit
PASS G-Freighter5. same session: 0.01 SOL elsewhere (policy) | refused: Error Code: ProgramInteractionAccountConstraintViolated
PASS G-Freighter6. same session: 0.06 SOL to VENUE (over the 0.05 per-move limit) | refused: Error Code: ProgramInteractionInvalidNumericValue
PASS G-Freighter7. stretched valid-until | refused: custom program error: 0x7
PASS G-Freighter8. someone else replays the grant with their own key | refused: custom program error: 0x7
PASS G-Phantom1. one Phantom signature -> session; relayer pays: 0.01 SOL to VENUE | ok 33aRdCCerfy8sVj2PUCe7cvtUgy5JckAAGcUN9LArmxofpYN77ZA7CgBpgy1WShB5tAN9DpvhaLjuY7jmPgQvSJK
METRIC move-Phantom-relayed {"totalCu":52277,"primeSessionCu":52277,"bytes":975,"fee":15000}
PASS G-Phantom2. relayer down: session key pays the fee itself: 0.005 SOL to VENUE | ok vRHkzT4sjp38PiVKN12RGcAwFx5S8aTqxLGvfRHzsF7jKa1VBiKADzuaDWFreCmcynqZniCZZw2wrXtymNfEqpT
PASS G-Phantom3. VENUE received exactly 0.015 SOL | ok 0.015
PASS G-Phantom4. relayer down and the session key has no SOL | refused: Attempt to debit an account but found no record of a prior credit
PASS G-Phantom5. same session: 0.01 SOL elsewhere (policy) | refused: Error Code: ProgramInteractionAccountConstraintViolated
PASS G-Phantom6. same session: 0.06 SOL to VENUE (over the 0.05 per-move limit) | refused: Error Code: ProgramInteractionInvalidNumericValue
PASS G-Phantom7. stretched valid-until | refused: custom program error: 0x7
PASS G-Phantom8. someone else replays the grant with their own key | refused: custom program error: 0x7
PASS G9. grant longer than 7 days | refused: custom program error: 0x4
PASS G10. expired grant | refused: custom program error: 0x4
PASS G11. MetaMask grant with the ed25519 program instruction missing | refused: custom program error: 0x7
PASS G12. ed25519 instruction reading its public key from another instruction | refused: custom program error: 0x0
PASS G13. daily cap shared by all: 0.045 used + 0.05 = 0.095 <= 0.1 | ok pqsqdZ3RHYvY4PEayPJ7D1H5ej46F9L1Ph5KEj5QvzbF1dNN93eQ84MYj1zXAAWDNmaWPdBH8iwnLH9AdHQiKd8
PASS G13b. + 0.01 = 0.105 > 0.1 | refused: Error Code: ProgramInteractionInsufficientLamportAllowance
PASS X1. Freighter's PDA with a grant signed by MetaMask (NEAR) | refused: custom program error: 0x7
PASS X2. Phantom's PDA with a grant signed by Freighter (NEAR) | refused: custom program error: 0x7
PASS X3. MetaMask's PDA with a grant signed by Phantom | refused: custom program error: 0x7
PASS X4. Freighter's PDA with its MPC key under another path | refused: custom program error: 0x7
PASS X4b. Freighter's session PDA with a grant signed by its seat key (prime:solana) | refused: custom program error: 0x7
PASS X5. Phantom grant presented for MetaMask's PDA | refused: custom program error: 0x7
PASS X6. grant signed for cluster mainnet, used on localnet | refused: custom program error: 0x7
PASS X7a. a grant naming program A's PDA, presented to program B with A's PDA | refused: custom program error: 0x2
PASS X7b. the same grant presented to program B with B's PDA (text mismatch) | refused: custom program error: 0x7
PASS X7c. a grant naming program B's PDA, presented to program A with B's PDA | refused: custom program error: 0x2
PASS X7d. the same grant presented to program A with A's PDA (text mismatch) | refused: custom program error: 0x7
PASS X8. Phantom's own signed grant naming MetaMask's PDA | refused: custom program error: 0x2
PASS X9a. valid Phantom grant, data names another settings address | refused: custom program error: 0x2
PASS X10. the session key does not sign (relayer only) | refused: Program FTNMFWiECbRp7D5MwJUiNQfee6NuJPjE7S11J9yc2B9G invoke [1] Program FTNMFWiECbRp7D5MwJUiNQfee6NuJPjE7S11J9yc2B9G consumed 163 of 203000 compute units Progra
PASS X11a. account 3 set to the System program instead of the Smart Account program: the move still runs | ok BJAay57ui43AomU5X6fqhHAhQsLaGPADu6MNEeLzdRJTKyxyuHvffwkn5gdJkVBvu95K4ag6dVNxvqWxkb1obCC
PASS X11b. ...and prime-session called only the Smart Account program | ok BJAay57ui43A… Program SMRTzfY6DfH5ik3TKiyLFfXexV8uSG3d2UksSCYdunG invoke [2]
PASS A0. account B created with the same three seats | ok 61ggwMeP46XXaBupaYJjWkjkuQkJUdYCCzC2U41Co5cGKQobqpUAGDEs5SmhrbMxC5BYvut5DqJP4NwEMauxfzNY
PASS A1. account B installs its movers policy (members: each wallet's PDA for account B):a. MetaMask proposes and approves | ok 4z7XWb3yRP1C2JDX5dVMY9pxQNim1pznLbVCQrf6AmWzH4Luc7ZUW5Vv8WA63WZBAgASoLY77RJCistSqqma4Yf2
PASS A1. account B installs its movers policy (members: each wallet's PDA for account B):b. Phantom approves and executes | ok 5GXnTwDawfSHP66Zj3j9QdDnyUXyfjFacY9SxwbAiLSpQoDfSEY7uKgcEAmRhke55HRB25KYTXkvETbTXyX8kmc2
PASS A2. each wallet's PDA differs between account A and account B | ok 7qriG5,J5qGs8,CxMTvv
PASS A3. account A's Phantom grant presented to account B (as Phantom's account-B PDA) | refused: custom program error: 0x7
PASS A4. account A's Phantom PDA calling account B's policy | refused: Error Code: NotASigner
PASS A5. a Phantom grant made for account B works in account B | ok 62iMwLjsPm3iftVtbGkBm76jRtWaRNAWpRqdcE1LVHVexJptCBbNeg7ruTW4sPbiFaAdzQyfynGQzX7QxJkxaUmA
PASS A5-M0. Phantom session: one move through the Smart Account (compute units recorded) | ok 5nNCGktvbXwvQxhnRAYg9747vvGeVS8YnacPUxguzCsUvPqZYvUm7pEdmtTzz6oGeCuKrtxuy8f3UfRGTwXm8jXu
METRIC move-sample-0 {"totalCu":49245,"primeSessionCu":49245,"bytes":975,"fee":15000}
PASS A5-M1. Phantom session: one move through the Smart Account (compute units recorded) | ok Mwvrf7EhqS6RnFsMwJr4UxXxxM2tvTqzbZ9CmSysBWDSkTbrhQuTDdCqzhtTFqFFrHNXYUrK1CMTFSZABKdH1gq
METRIC move-sample-1 {"totalCu":59745,"primeSessionCu":59745,"bytes":975,"fee":15000}
PASS A5-M2. Phantom session: one move through the Smart Account (compute units recorded) | ok 6pmR1W451a58fV22ymq3xU92akdheM8zd1Drh8duEf3TtemWv5umxZ1CdR86dS9CHgnFJWZDiTEtGgb8sk3YEQi
METRIC move-sample-2 {"totalCu":52245,"primeSessionCu":52245,"bytes":975,"fee":15000}
PASS A5-M3. Phantom session: one move through the Smart Account (compute units recorded) | ok 9vLR2tdsGQkLokY2Nb7684nHMTbE5fsBcKYmaHUtHAeVsSZ9nL1zJ73Dc6TS4ZsmSuukBnxPUkeKXTihokyf16T
METRIC move-sample-3 {"totalCu":49245,"primeSessionCu":49245,"bytes":975,"fee":15000}
PASS A5-M4. Phantom session: one move through the Smart Account (compute units recorded) | ok gk3Z6v5wi4ugB5CxdydCMsTetPHo7irhDt6pT83T8m9HqqAcCrmtqF5oiiWKEvt7mQqsBkAEB1V2v7WdkPaStLH
METRIC move-sample-4 {"totalCu":49245,"primeSessionCu":49245,"bytes":975,"fee":15000}
PASS A5-M5. Phantom session: one move through the Smart Account (compute units recorded) | ok 47ddbuSY3Xk4i37EAJmHK9tVcXhiTNvsZ5pSwR64NFdCoHAuVvKpwtoooLoRrtvuGkf1ub2j3zhzh4dpnjcFNeNH
METRIC move-sample-5 {"totalCu":50745,"primeSessionCu":50745,"bytes":975,"fee":15000}
PASS A5-M6. Phantom session: one move through the Smart Account (compute units recorded) | ok 3JJ29WCYnyioP5YF5jat7HPknpdwUc93nenPTjP4qXRPUeyQsVUQkxm1gfZPsBtFgmb9d5YT9mXJhsPnEnoqmz3u
METRIC move-sample-6 {"totalCu":49245,"primeSessionCu":49245,"bytes":975,"fee":15000}
PASS A5-M7. Phantom session: one move through the Smart Account (compute units recorded) | ok 2E3NREPA8uxPR7xFpgPu8VzdXqTongc831ixxiXaf2vGRCW26xViqZcNG7ETugNL2fLyzvzi2XzNeH15y4EFeRcr
METRIC move-sample-7 {"totalCu":49245,"primeSessionCu":49245,"bytes":975,"fee":15000}
PASS A5-M8. Phantom session: one move through the Smart Account (compute units recorded) | ok 3ebjPFpKdWBByUjgdkeu9CUSYkUNpRYjJ7zQYz52aRdRTkozUfHRM7LHiQFExam3BhyyDrWt1qSAAcrYSSbXMKeb
METRIC move-sample-8 {"totalCu":50745,"primeSessionCu":50745,"bytes":975,"fee":15000}
PASS A5-M9. Phantom session: one move through the Smart Account (compute units recorded) | ok 3bzgdDVRXPkeDWyBKJ7kQHWDBqReSgzTheUuXirPUxT2NNkkHXhCc9EhdW5UYbufrtis44BcLoRZ6mzKoN1aEv6N
METRIC move-sample-9 {"totalCu":58245,"primeSessionCu":58245,"bytes":975,"fee":15000}
PASS A6. account B's grant presented to account A | refused: custom program error: 0x7
PASS V0a. Phantom session 1 works | ok 3tdHmFP5GBEq5VLHjirJiF7TB8kkh6vB5ffB1aFbrCCJgbm5ntQ8RxpyDFXJbKFaC2X15bWF1WFh1dx1FwqsBuRM
PASS V0b. Phantom session 2 works | ok 5p4tBdTvY3R94KsK7JotAzaVCqaR5ABp7XWGiHNCcyTVemcwStgn5wcCJ16Ufsmks6FSMbRFbDEUFcitonb8pSdE
PASS V0c. no marker exists for session 1 yet | ok BfSWyeWTMahbVLRYZqxoMKDDFWi1RaN3Dy8odchxw63M
PASS V1. Phantom revokes session 1 (one signature, relayed, session key does not sign) | ok RaN2vuJch9CQHNZNtuhZiVCfZhDHBW27SP6N2URcF2uXsGoNPQFRF8ZLvqnLJbDDx24FUmXvMDbYP8Pyzk1Wb88
METRIC revoke {"totalCu":20080,"primeSessionCu":20080,"bytes":726,"fee":10000}
PASS V1b. the marker is empty, owned by prime-session and rent exempt | ok {"lamports":890880,"dataBytes":0,"owner":"FTNMFWiECbRp7D5MwJUiNQfee6NuJPjE7S11J9yc2B9G"}
PASS V2. the revoked session 1 is refused | refused: custom program error: 0x2
PASS V3. the same wallet's session 2 keeps working | ok 3ZyYC6D4MniMczUAsUHPbe8rh19ZqPNGfk8mbx7Npj3h8JFqGa2wPGhhnsE6nwUc6uhy1u5U66Fs7GTLvzAoLS2H
PASS V3b. revoking session 1 again is refused | refused: custom program error: 0x2
PASS V4a. MetaMask's session-owner key signs a revoke of Phantom's session 2 (data names Phantom as owner) | refused: custom program error: 0x7
PASS V4b. MetaMask signs a revoke naming Phantom's PDA under its own owner field | refused: custom program error: 0x2
PASS V4c. Phantom session 2 still works | ok aARDivRJ5idwdqRHfWNK68zDbPVPre65APYoDquVHeTEsKbPgQphinTMg1w4NvADywjGCC1wCG1GX4jf1Bmmvat
PASS V4d. MetaMask revokes the same key under its own PDA (a marker in MetaMask's namespace) | ok RzUS9S8674dZ81q9VxBLcMRxcZ7dgugTSm4HGsSHQ2cG2NPyWw56c9NarJjXWVzJc9ALk2YhdF4VMpfUs8ZcJN4
PASS V4e. ...and Phantom's session 2 still works (the marker is per owner) | ok WAMcecVa9MH7C3FpECSy83MwpLwRfUFNJysErmC3DZ5pmCU1zxxw5u9ri6h1cKQkQLnhjvq57tPQ97mL6stXGzT
PASS V5a. Phantom revokes a key it never granted | ok 2kVg3enisgzaEvQLkjmTK6R8B1rqNUsD3ajMniGi8tfYr9Ao43D6Uwwgbf67etDNoa6WG9GjD683muPiUuoLeuLk
PASS V5b. a grant signed for that key afterwards is refused | refused: custom program error: 0x2
PASS V6a. a revoke signed for account A's PDA, sent with account B's settings and B's marker | refused: custom program error: 0x2
PASS V6b. no marker was created in account B | ok 
PASS V6c. session 3 still works in account A | ok 3VvJpkJYNHujgg4DuSGwdTKxWwXJvams1EbB33M1DfHSewR3uTHuAJdW7exX7BrNRT4CQGdmDnvrUedwcmkzHLDn
PASS V7a. a pre-fund below the rent minimum is refused by the runtime | refused: {"InsufficientFundsForRent":{"account_index":1}}
PASS V7b. a stranger pre-funds the marker address with 0.001 SOL | ok 31WS1KqL2RwoEn4PLniuLxqJB8vnKyUj9BVq4c8YQSAr4dWfLC1z4Hf7f5J9qsDs4ua4ETAKSTkb7sSi3GXoYsSY
PASS V7c. the revoke still works | ok QrJtPmtUtdmwUwQLJ67P4NfJhM7o6GKoVxa69sbCgkJUGXkqqPRiH2EH3reZgBFrEvrqYD5cBLTcpPnf9uDqBSp
PASS V7d. the revoked session 4 is refused | refused: custom program error: 0x2
PASS V8a. a move that passes another marker address | refused: custom program error: 0x2
PASS V8b. a move with non-canonical bump 254 (canonical 255) and the canonical PDA account | refused: custom program error: 0x2
PASS V8c. the same session with the canonical bump works | ok 22qmVMsTBBTRSJry2noyFSEcibNRUfp12vime3ooQWhayu61UNoLoX9KetJ8RugR9WHeA1BQSJH2RsZbaAaGXAWx
PASS V9. a 72-byte instruction (the old length check) | refused: Program FTNMFWiECbRp7D5MwJUiNQfee6NuJPjE7S11J9yc2B9G invoke [1] Program FTNMFWiECbRp7D5MwJUiNQfee6NuJPjE7S11J9yc2B9G consumed 88 of 203000 compute units Program
PASS V9b. a 10-byte instruction | refused: Program FTNMFWiECbRp7D5MwJUiNQfee6NuJPjE7S11J9yc2B9G invoke [1] Program FTNMFWiECbRp7D5MwJUiNQfee6NuJPjE7S11J9yc2B9G consumed 88 of 203000 compute units Program
PASS R0. Freighter session works before | ok 23EBK7kAxxeMxS3v8jVrBNuVEp3yE2pCQBpq3HkETKtTVe2FgjKgLxM4ZXdamd5YB2DCtksKeYAqeE3J7i2GVgZY
PASS R1. MetaMask + Phantom update the policy: members MetaMask and Phantom PDAs only:a. MetaMask proposes and approves | ok B64W7neybQm59EzH2doPs4Bt8Nez1o1o3KTTHLywPLNi6EMjoHAcpnhbDaH6ntswLHCYe2fmUY8bsyQAAauetBt
PASS R1. MetaMask + Phantom update the policy: members MetaMask and Phantom PDAs only:b. Phantom approves and executes | ok oKNqm1kw6AiMt4hp1g4m6sGKHd6tSZ5af7r7AqjNxy9tECVVoC9Tt6CTKdb3RxkmR89EEDnu5zNv7ZWngG5r9s7
PASS R2. the live Freighter session after removal | refused: Error Code: NotASigner
PASS R3. MetaMask session still works | ok 4YyLxcTVRPJPGBwF219qyXRRwSeAn5LVceDxKCpZqoaJ4xDj7fJwGsPR7zsjV4eQ9uKEjmczV69mUA279PBdJ58s
METRIC relayerSpend {"net":"localnet","spentLamports":4092309680,"vaultFundingLamports":4000000000,"sessionKeysFunded":41,"sessionKeyFundingDevnetLamports":82000000,"devnetEstimateLamports":454309680}
NEAR MPC signatures: 35, average 0.0s
128/128 passed
