ℹ️  CARGO_BUILD_RUSTFLAGS=--remap-path-prefix=/home/ubuntu/.cargo/registry/src= SOROBAN_SDK_BUILD_SYSTEM_SUPPORTS_SPEC_SHAKING_V2=1 cargo rustc --manifest-path=Cargo.toml --crate-type=cdylib --target=wasm32v1-none --release
   Compiling proc-macro2 v1.0.107
   Compiling quote v1.0.47
   Compiling unicode-ident v1.0.26
   Compiling serde_core v1.0.229
   Compiling zmij v1.0.23
   Compiling serde v1.0.229
   Compiling serde_json v1.0.151
   Compiling itoa v1.0.18
   Compiling memchr v2.8.3
   Compiling strsim v0.11.1
   Compiling ident_case v1.0.1
   Compiling version_check v0.9.5
   Compiling autocfg v1.5.1
   Compiling typenum v1.20.1
   Compiling schemars v0.8.22
   Compiling dyn-clone v1.0.20
   Compiling cpufeatures v0.2.17
   Compiling generic-array v0.14.9
   Compiling data-encoding v2.11.1
   Compiling cfg-if v1.0.5
   Compiling ethnum v1.5.3
   Compiling escape-bytes v0.1.1
   Compiling num-traits v0.2.19
   Compiling semver v1.0.28
   Compiling syn v3.0.6
   Compiling syn v2.0.119
   Compiling either v1.18.0
   Compiling itertools v0.13.0
   Compiling hashbrown v0.17.1
   Compiling thiserror v1.0.69
   Compiling block-buffer v0.10.4
   Compiling crypto-common v0.1.6
   Compiling equivalent v1.0.2
   Compiling digest v0.10.7
   Compiling fnv v1.0.7
   Compiling prettyplease v0.2.37
   Compiling sha2 v0.10.9
   Compiling indexmap v2.14.2
   Compiling byteorder v1.5.0
   Compiling base64 v0.22.1
   Compiling heapless v0.8.0
   Compiling hash32 v0.3.1
   Compiling num-integer v0.1.47
   Compiling rustc_version v0.4.1
   Compiling wasmparser v0.116.1
   Compiling static_assertions v1.1.0
   Compiling stable_deref_trait v1.2.1
   Compiling num-bigint v0.4.8
   Compiling heck v0.5.0
   Compiling darling_core v0.24.1
   Compiling darling_core v0.20.11
   Compiling macro-string v0.1.4
   Compiling serde_derive v1.0.229
   Compiling cfg_eval v0.1.2
   Compiling num-derive v0.4.2
   Compiling thiserror-impl v1.0.69
   Compiling bytes-lit v0.0.6
   Compiling visibility v0.1.1
   Compiling darling_macro v0.24.1
   Compiling darling_macro v0.20.11
   Compiling darling v0.24.1
   Compiling serde_with_macros v3.24.0
   Compiling darling v0.20.11
   Compiling crate-git-revision v0.0.6
   Compiling hex v0.4.3
   Compiling crate-git-revision v0.0.9
   Compiling soroban-sdk v27.0.2
   Compiling stellar-strkey v0.0.13
   Compiling stellar-xdr v27.0.0
   Compiling soroban-env-common v27.0.1
   Compiling stellar-strkey v0.0.16
   Compiling serde_with v3.24.0
   Compiling soroban-spec v27.0.6
   Compiling soroban-spec-rust v27.0.6
   Compiling soroban-env-macros v27.0.1
   Compiling soroban-env-guest v27.0.1
   Compiling soroban-sdk-macros v27.0.6
   Compiling prime-seat-split v0.0.1 (/home/ubuntu/work/seat-spike/stellar/prime-seat-split)
    Finished `release` profile [optimized] target(s) in 43.25s
ℹ️  Build Summary:
    Wasm File: target/wasm32v1-none/release/prime_seat_split.wasm (2429 bytes optimized (original size was 2770 bytes))
    Wasm Hash: cd3aefbdfb6ff3830a503a1b11317bc27a68b4c56fd9d4b2e37f7a845ac6fc73
    Wasm Size: 2429 bytes optimized (original size was 2770 bytes)
    Exported Functions: 5 found
      • __check_auth
      • __constructor
      • batch_canonicalize_key
      • grant
      • verify
✅ Build Complete

   Compiling proc-macro2 v1.0.107
   Compiling quote v1.0.47
   Compiling unicode-ident v1.0.26
   Compiling version_check v0.9.5
   Compiling cfg-if v1.0.5
   Compiling serde_core v1.0.229
   Compiling zmij v1.0.23
   Compiling typenum v1.20.1
   Compiling serde v1.0.229
   Compiling serde_json v1.0.151
   Compiling itoa v1.0.18
   Compiling memchr v2.8.3
   Compiling subtle v2.6.1
   Compiling generic-array v0.14.9
   Compiling const-oid v0.9.6
   Compiling autocfg v1.5.1
   Compiling libc v0.2.190
   Compiling ident_case v1.0.1
   Compiling strsim v0.11.1
   Compiling semver v1.0.28
   Compiling num-traits v0.2.19
   Compiling cpufeatures v0.2.17
   Compiling syn v2.0.119
   Compiling syn v3.0.6
   Compiling zerocopy v0.8.60
   Compiling schemars v0.8.22
   Compiling dyn-clone v1.0.20
   Compiling data-encoding v2.11.1
   Compiling paste v1.0.15
   Compiling crypto-common v0.1.6
   Compiling block-buffer v0.10.4
   Compiling getrandom v0.2.17
   Compiling rustc_version v0.4.1
   Compiling rand_core v0.6.4
   Compiling digest v0.10.7
   Compiling num-integer v0.1.47
   Compiling ethnum v1.5.3
   Compiling escape-bytes v0.1.1
   Compiling num-bigint v0.4.8
   Compiling sha2 v0.10.9
   Compiling ff v0.13.1
   Compiling ahash v0.8.12
   Compiling equivalent v1.0.2
   Compiling either v1.18.0
   Compiling darling_core v0.24.1
   Compiling arrayvec v0.7.8
   Compiling base16ct v0.2.0
   Compiling hashbrown v0.17.1
   Compiling itertools v0.13.0
   Compiling indexmap v2.14.2
   Compiling ppv-lite86 v0.2.21
   Compiling group v0.13.0
   Compiling libm v0.2.16
   Compiling once_cell v1.21.4
   Compiling rand_chacha v0.3.1
   Compiling allocator-api2 v0.2.21
   Compiling base64 v0.22.1
   Compiling zeroize_derive v1.5.0
   Compiling cfg_eval v0.1.2
   Compiling serde_derive v1.0.229
   Compiling enum-ordinalize-derive v4.4.2
   Compiling rand v0.8.8
   Compiling ark-serialize-derive v0.5.0
   Compiling ark-ff-asm v0.5.0
   Compiling ark-ff-macros v0.5.0
   Compiling zeroize v1.9.0
   Compiling der v0.7.10
   Compiling enum-ordinalize v4.4.2
   Compiling hashbrown v0.15.5
   Compiling educe v0.6.0
   Compiling darling_macro v0.24.1
   Compiling ark-std v0.5.0
   Compiling crypto-bigint v0.5.5
   Compiling wasmparser v0.116.1
   Compiling darling v0.24.1
   Compiling hybrid-array v0.4.15
   Compiling serde_with_macros v3.24.0
   Compiling signature v2.2.0
   Compiling sec1 v0.7.3
   Compiling ark-serialize v0.5.0
   Compiling hmac v0.12.1
   Compiling thiserror v1.0.69
   Compiling rfc6979 v0.4.0
   Compiling num-derive v0.4.2
   Compiling curve25519-dalek-derive v0.1.1
   Compiling thiserror-impl v1.0.69
   Compiling derive_arbitrary v1.3.2
   Compiling elliptic-curve v0.13.8
   Compiling curve25519-dalek v4.1.3
   Compiling static_assertions v1.1.0
   Compiling indexmap-nostd v0.4.0
   Compiling downcast-rs v1.2.1
   Compiling ecdsa v0.16.9
   Compiling arbitrary v1.3.2
   Compiling ark-ff v0.5.0
   Compiling wasmparser-nostd v0.100.2
   Compiling block-buffer v0.12.1
   Compiling crypto-common v0.2.2
   Compiling curve25519-dalek v5.0.0
   Compiling spin v0.9.9
   Compiling wasmi_core v0.13.0
   Compiling wasmi_arena v0.4.1
   Compiling crate-git-revision v0.0.6
   Compiling stellar-strkey v0.0.13
   Compiling hex v0.4.3
   Compiling stellar-xdr v27.0.0
   Compiling soroban-env-common v27.0.1
   Compiling fnv v1.0.7
   Compiling prettyplease v0.2.37
   Compiling smallvec v1.16.2
   Compiling darling_core v0.20.11
   Compiling digest v0.11.3
   Compiling primeorder v0.13.6
   Compiling ed25519 v2.2.3
   Compiling serde_with v3.24.0
   Compiling soroban-wasmi v0.31.1-soroban.20.0.1
   Compiling cpufeatures v0.3.1
   Compiling keccak v0.1.6
   Compiling byteorder v1.5.0
   Compiling heapless v0.8.0
   Compiling soroban-env-host v27.0.1
   Compiling hash32 v0.3.1
   Compiling darling_macro v0.20.11
   Compiling sha3 v0.10.9
   Compiling ark-poly v0.5.0
   Compiling ed25519-dalek v2.2.0
   Compiling p256 v0.13.2
   Compiling ark-ec v0.5.0
   Compiling stellar-strkey v0.0.16
   Compiling crate-git-revision v0.0.9
   Compiling k256 v0.13.4
   Compiling soroban-builtin-sdk-macros v27.0.1
   Compiling stable_deref_trait v1.2.1
   Compiling dtor-proc-macro v0.0.6
   Compiling hex-literal v0.4.1
   Compiling dtor v0.1.1
   Compiling soroban-sdk v27.0.2
   Compiling darling v0.20.11
   Compiling macro-string v0.1.4
   Compiling ctor-proc-macro v0.0.6
   Compiling heck v0.5.0
   Compiling visibility v0.1.1
   Compiling ctor v0.5.0
   Compiling bytes-lit v0.0.6
   Compiling ark-bls12-381 v0.5.0
   Compiling ark-bn254 v0.5.0
   Compiling soroban-spec v27.0.6
   Compiling soroban-spec-rust v27.0.6
   Compiling soroban-env-macros v27.0.1
   Compiling soroban-sdk-macros v27.0.6
   Compiling soroban-ledger-snapshot v27.0.6
   Compiling prime-seat-split v0.0.1 (/home/ubuntu/work/seat-spike/stellar/prime-seat-split)
    Finished `test` profile [unoptimized + debuginfo] target(s) in 1m 12s
     Running unittests src/lib.rs (target/debug/deps/prime_seat_split-fc712eb9b71cfa7d)

running 20 tests
test test::a_revoke_is_final_whatever_flag_it_carries ... ok
test test::a_move_only_key_moves_but_never_votes ... ok
test test::a_revoked_key_is_never_granted_again_and_other_keys_still_are ... ok
test test::a_regrant_replaces_the_vote_flag_and_needs_the_owner ... ok
test test::a_revoked_key_cannot_move_or_vote ... ok
test test::a_vote_key_moves_and_votes ... ok
test test::an_owners_signed_vote_covers_one_payload_only ... ok
test test::a_far_future_entry_is_refused_after_a_revoke_and_the_revoke_outlives_its_signature ... ok
test test::never_granted_key_and_wrong_signer_are_refused ... ok
test test::only_the_seat_key_grants_a_vote_and_only_the_owner_key_a_move ... ok
test test::owner_grants_then_session_key_moves ... ok
test test::expires_at_its_ledger ... ok
test test::stranger_cannot_grant ... ok
test test::the_owner_votes_only_with_its_own_authorization ... ok
test test::at_most_seven_days ... ok
test test::the_owner_key_revokes_a_vote_key ... ok
test test::entry_outlives_a_long_session ... ok
test test::a_held_back_entry_is_refused_after_a_revoke ... ok
test test::revoke_spares_the_wallets_other_session ... ok
test test::the_vote_flag_is_bound_by_the_owners_signature ... ok

test result: ok. 20 passed; 0 failed; 0 ignored; 0 measured; 0 filtered out; finished in 0.21s

done
