10:36:18 PASS V0a. Freighter grant, move+vote ok 6269 ms 9141fcbc58560d60864bf7de1ee41c8870268bfbf5fc66bdd12787eae03ce7e7
10:36:23 PASS V0b. Freighter grant, move only ok 4278 ms ac007d9feae33983c84debd017d5c93187f9b2a6cf5177b31264d27b66323359
10:36:48 PASS V0c. MetaMask grant (NEAR MPC), move+vote ok 5193 ms 3e71cd6561d2b4f705a043ba1a3f04d1fc470f24f0acc58659b01e8be0be1481
10:37:03 PASS V0d. MetaMask grant (NEAR MPC), move only ok 6140 ms 09afed5ed02f0609b939a5323cf80a1824fb39706e4a9cb69e966ec6882bbfc1
10:37:17 PASS V0e. Phantom grant (NEAR MPC), move+vote ok 6393 ms 0588fad8f01b5e439938f7962cd5f3342110231cc416df1f48fb10fc583d2d2c
10:37:27 PASS V0f. Phantom grant (NEAR MPC), move only ok 2853 ms a5829de150fae17f310da2eccb828ed1500c8852b576e0f12b1c08629d1dd956
10:37:33 PASS V0g. Freighter grant, move+vote, 15 ledgers ok 4333 ms df05120f7e845328b14c1b8480fb74bf1581cf1dd21842f93a7e6551547a64b7
10:37:37 PASS V0h. Freighter grant, move+vote (revoked below) ok 3996 ms 9099b6d8b9f76b256ff35d1ec23d25a15056fb05d79db7c55424dbc785e448cc
10:37:38 PASS V0i. the stored grant carries the vote flag: true for the vote session, false for the move-only one {"until":5087156,"vote":true,"live":5087157} {"until":5087158,"vote":false,"live":5087158}
10:37:39 PASS V1-Freighter. Freighter's owner authorization alone (one seat) refused: Error(Auth, InvalidAction) Error(Contract, #3213)
10:37:48 PASS V1-MetaMask. MetaMask's owner authorization alone (one seat) refused: Error(Auth, InvalidAction) Error(Contract, #3213)
10:37:56 PASS V1-Phantom. Phantom's owner authorization alone (one seat) refused: Error(Auth, InvalidAction) Error(Contract, #3213)
10:38:07 PASS V2a. Freighter + Phantom owners (each through its own authorization) ok 11044 ms d2d701678922bdcd1c96374586bb8a4b65807101208b6c34bd96118d0ebf8c6b
10:38:27 PASS V2b. MetaMask + Phantom owners ok 19619 ms 0ce9e143b3161eea49f3d0a397d3e3bff0d3505d8df96a07ddb1664eb4894218
10:38:43 PASS V3a. Freighter's vote session + Phantom's owner ok 15653 ms 5763823bdd47c952477febf5bba1030dde11bc796312289d769abde798489098
10:38:48 PASS V3b. MetaMask's vote session + Freighter's owner ok 5175 ms 5dcc3efa84b14a237310da19ec0b9a42ae2d4cf520a60e56b66e23c91135c04a
10:38:52 PASS V3c. Phantom's vote session + Freighter's owner ok 4603 ms 3a7cd7d8f4f140eade20a29da5e16dd4be1acc0c414a53cb58daab8c3b4ba81d
10:38:57 PASS V3d. two vote sessions (Freighter's + Phantom's) and no owner present ok 4849 ms a50a7b30a01bb599c0ddec615b6bc30a68916178b0513e576e729c5db44ce476
10:39:07 PASS V3e0. Freighter grant, move+vote, for a key with its own account (relayer down) ok 3822 ms 37fb152776af4e397513b9f988690f54b84fc77e73d1e38cc0bb9ea4d60643c2 (fee paid by the session key)
10:39:18 PASS V3e. relayer down: the vote session key's own account pays the fee for the vote ok 11073 ms 3b5b0b3a8f607f7920ea306e138c430b843e099241d400c47939ef1c122dc8c4 (fee paid by the session key)
10:39:26 PASS V4a. Freighter's move-only session + Phantom's owner refused: Error(Auth, InvalidAction) Error(Contract, #3003)
10:39:28 PASS V4b. MetaMask's move-only session + Freighter's owner refused: Error(Auth, InvalidAction) Error(Contract, #3003)
10:39:29 PASS V4c. Phantom's move-only session + Freighter's owner refused: Error(Auth, InvalidAction) Error(Contract, #3003)
10:39:30 PASS V4d. a move-only session + a vote session (two session seats) refused: Error(Auth, InvalidAction) Error(Contract, #3003)
10:39:31 PASS V5a. Freighter's owner and Freighter's own vote session together (the seat counts once) refused: Error(Auth, InvalidAction) Error(Contract, #3213)
10:39:32 PASS V5b. Freighter's owner authorization and no session proof, listed once, with nobody else refused: Error(Auth, InvalidAction) Error(Contract, #3213)
10:39:39 PASS V5c. Freighter's owner + the vote session key's own account as a second voter (not a signer of rule 0) refused: Error(Auth, InvalidAction) Error(Contract, #3016)
10:39:40 PASS V6a. Freighter's vote session alone refused: Error(Auth, InvalidAction) Error(Contract, #3213)
10:39:41 PASS V6b. MetaMask's vote session alone refused: Error(Auth, InvalidAction) Error(Contract, #3213)
10:39:42 PASS V6c. Phantom's vote session alone refused: Error(Auth, InvalidAction) Error(Contract, #3213)
10:39:48 PASS V7a0. Freighter revokes a vote session: grant(key, 0, false) ok 5242 ms 5ac8d2b2e57677ec803272e87a43ef17b531c72ac8f349ddab9d4bde660acd8d
10:39:57 PASS V7a. the revoked vote session + Phantom's owner refused: Error(Auth, InvalidAction) Error(Contract, #3003)
10:39:58 PASS V7b0. a revoked key cannot be granted again with the vote flag (revoke is final) refused: Error(Contract, #1)
10:40:07 PASS V7b. ... and it still cannot vote refused: Error(Auth, InvalidAction) Error(Contract, #3003)
10:40:12 PASS V7d0. Freighter grant, move+vote (revoked below with the flag set) ok 3817 ms e1e3b85b3a7f0f4f989e99c1ba7a5f63de76debc3b433535cb47bcc645b3f51a
10:40:18 PASS V7d1. Freighter revokes it with the vote flag set: grant(key, 0, true) ok 5178 ms d82934cacec1d934003d4a9ef574d06399b786c08f25015a93ec8b64cd049c05
10:40:19 PASS V7d2. the revoke is final whatever flag it carried: a new grant of the key is refused refused: Error(Contract, #1)
10:40:27 PASS V7d3. ... and the key cannot vote refused: Error(Auth, InvalidAction) Error(Contract, #3003)
10:40:36 PASS V7c. an expired vote session (until + 1) + Phantom's owner refused: Error(Auth, InvalidAction) Error(Contract, #3003)
10:40:38 PASS V8a. Freighter's vote session key in Phantom's seat + Freighter's owner refused: Error(Auth, InvalidAction) Error(Contract, #3003)
10:40:39 PASS V8b. Freighter's vote session key in MetaMask's seat + Freighter's owner refused: Error(Auth, InvalidAction) Error(Contract, #3003)
10:40:47 PASS V8c. Phantom's vote session key in Freighter's seat + Phantom's owner refused: Error(Auth, InvalidAction) Error(Contract, #3003)
10:40:55 PASS V8d. an unknown key in Freighter's seat + Phantom's owner refused: Error(Auth, InvalidAction) Error(Contract, #3003)
10:41:02 PASS V8e. Freighter's vote session proof signed by another key (key claimed, signature from a stranger) + Phantom's owner refused: Error(Auth, InvalidAction) Error(Crypto, InvalidInput)
10:41:04 PASS V9a. Freighter authorized move-only; the relayer submits move+vote refused: Error(Auth, InvalidAction)
10:41:12 PASS V9b. the key cannot vote refused: Error(Auth, InvalidAction) Error(Contract, #3003)
10:41:13 PASS V9c. Freighter authorized move+vote; the relayer submits move-only refused: Error(Auth, InvalidAction)
10:41:20 PASS V9d. Phantom authorized move-only; the relayer submits move+vote refused: Error(Auth, InvalidAction)
10:41:35 PASS V10a. a stranger signs Freighter's owner authorization + Phantom's owner refused: Error(Auth, InvalidAction) Error(Contract, #5)
10:41:51 PASS V10b. Phantom's owner key signs Freighter's owner authorization + Phantom's owner refused: Error(Auth, InvalidAction) Error(Contract, #5)
10:42:00 PASS V10c. MetaMask's old seat key (prime:stellar) signs MetaMask's owner authorization + Freighter's owner refused: Error(Auth, InvalidAction) Error(Contract, #5)
10:42:09 PASS V10d. Freighter's signed grant authorization offered as its owner vote + Phantom's owner refused: Error(Auth, InvalidAction)
10:42:17 PASS V10e. Freighter's owner authorization for another digest (another transaction) + Phantom's owner refused: Error(Auth, InvalidAction)
10:42:30 PASS V10f. no owner authorization at all for Freighter's seat (entry for Phantom's contract) + Phantom's owner refused: Error(Auth, InvalidAction)
10:42:37 PASS V11a. Freighter grant, move+vote ok 6080 ms 984429fd975dceb29a8f4c7c2447bd812e7ffa0b77d622379a0888c4311c8501
10:42:47 PASS V11b. the vote session votes ok 10337 ms 37a951958186b0cf8146336d831a15b22a076de73b9a2b1d66e2e4e01ceec4ba
10:42:52 PASS V11c. Freighter re-grants the same key and the same end ledger as move-only ok 4214 ms 8597181946cf0c5db291176d0e5daf5ff156f00f8f6abe7c57d8fbbb4331136f
10:43:00 PASS V11d. the downgraded key cannot vote refused: Error(Auth, InvalidAction) Error(Contract, #3003)
10:43:01 PASS V11e. a stranger signs a re-grant of the key with the vote flag refused: Error(Auth, InvalidAction) Error(Contract, #5)
10:43:10 PASS V11f. the key still cannot vote after the refused upgrade refused: Error(Auth, InvalidAction) Error(Contract, #3003)
10:43:18 PASS V11g. Freighter re-grants it with the vote flag ok 7542 ms e406590442dd8fde21544d304270f355905ff5899ca6bca2a704dcfb77c8eca4
10:43:32 PASS V11h. the upgraded key votes again ok 14527 ms 0407f1672a306f7b86d1aa57fb971c89a73ed1b1c1a77a5128f612c20d278b2a
10:43:41 PASS V12a. a move+vote grant 10 ledgers beyond 7 days is refused at grant time refused: Error(Contract, #1)
10:43:48 PASS V12b. Freighter grant, move+vote, 7 days less 20 ledgers ok 5336 ms 9e1c19d2a1917ecd09137b86dc5e59eddb92508ceda904978a972d93852bd631
10:43:48 PASS V12c. the 7-day vote grant stores its end and lives at least to it {"until":5207466,"vote":true,"live":5207466} session end 5207466
10:44:02 PASS V12d. the 7-day vote session votes ok 14169 ms 2af6b9d74b8883b311ee55528174a4d8c697cc67c6611f526e0a9ef3d92b4bf4
10:44:02 NEAR MPC: 34 signatures, average 7.9s
