   Compiling proc-macro2 v1.0.107
   Compiling unicode-ident v1.0.26
   Compiling quote v1.0.47
   Compiling serde_core v1.0.229
   Compiling version_check v0.9.5
   Compiling typenum v1.20.1
   Compiling serde v1.0.229
   Compiling hashbrown v0.17.1
   Compiling winnow v1.0.4
   Compiling equivalent v1.0.2
   Compiling generic-array v0.14.7
   Compiling toml_datetime v1.1.1+spec-1.1.0
   Compiling cfg-if v1.0.5
   Compiling cfg_aliases v0.2.2
   Compiling borsh v1.8.1
   Compiling solana-define-syscall v2.3.0
   Compiling indexmap v2.14.2
   Compiling syn v1.0.109
   Compiling autocfg v1.5.1
   Compiling once_cell v1.21.4
   Compiling zerocopy v0.8.61
   Compiling five8_core v0.1.2
   Compiling ahash v0.8.12
   Compiling block-buffer v0.10.4
   Compiling crypto-common v0.1.7
   Compiling syn v3.0.6
   Compiling five8 v0.2.1
   Compiling digest v0.10.7
   Compiling bytemuck v1.25.2
   Compiling solana-sanitize v2.2.1
   Compiling toml_parser v1.1.3+spec-1.1.0
   Compiling solana-atomic-u64 v2.2.1
   Compiling num-traits v0.2.19
   Compiling sha2 v0.10.9
   Compiling toml_edit v0.25.15+spec-1.1.0
   Compiling five8_const v0.1.4
   Compiling solana-decode-error v2.3.0
   Compiling zmij v1.0.23
   Compiling serde_json v1.0.151
   Compiling proc-macro-crate v3.5.0
   Compiling itoa v1.0.18
   Compiling memchr v2.8.3
   Compiling syn v2.0.119
   Compiling bs58 v0.5.1
   Compiling solana-msg v2.2.1
   Compiling solana-program-memory v2.3.1
   Compiling hybrid-array v0.4.15
   Compiling shlex v2.0.1
   Compiling toml v0.5.11
   Compiling borsh-schema-derive-internal v0.10.4
   Compiling borsh-derive-internal v0.10.4
   Compiling find-msvc-tools v0.1.14
   Compiling cc v1.6.0
   Compiling feature-probe v0.1.1
   Compiling cmov v0.5.4
   Compiling proc-macro-crate v0.1.5
   Compiling ctutils v0.4.3
   Compiling bv v0.11.1
   Compiling block-buffer v0.12.1
   Compiling crypto-common v0.2.2
   Compiling serde_derive v1.0.229
   Compiling borsh-derive v1.8.1
   Compiling bytemuck_derive v1.12.1
   Compiling borsh-derive v0.10.4
   Compiling hashbrown v0.13.2
   Compiling serde_bytes v0.11.19
   Compiling digest v0.11.3
   Compiling blake3 v1.8.7
   Compiling log v0.4.34
   Compiling thiserror v2.0.21
   Compiling arrayvec v0.7.8
   Compiling constant_time_eq v0.4.2
   Compiling borsh v0.10.4
   Compiling thiserror-impl v2.0.21
   Compiling memoffset v0.9.1
   Compiling keccak v0.1.6
   Compiling lazy_static v1.5.1
   Compiling solana-big-mod-exp v2.2.1
   Compiling sha3 v0.10.9
   Compiling getrandom v0.2.17
   Compiling solana-native-token v2.3.0
   Compiling solana-program-option v2.2.1
   Compiling solana-sdk-macro v2.2.1
   Compiling num-derive v0.4.2
   Compiling solana-secp256k1-recover v2.2.1
   Compiling bincode v1.3.3
   Compiling solana-short-vec v2.2.1
   Compiling solana-fee-calculator v2.2.1
   Compiling solana-serde-varint v2.2.2
   Compiling solana-hash v2.3.0
   Compiling solana-borsh v2.2.1
   Compiling solana-sha256-hasher v2.3.0
   Compiling solana-keccak-hasher v2.2.1
   Compiling solana-blake3-hasher v2.2.1
   Compiling solana-pubkey v2.4.0
   Compiling solana-sdk-ids v2.2.1
   Compiling solana-nonce v2.2.1
   Compiling solana-instruction v2.3.3
   Compiling solana-sysvar-id v2.2.1
   Compiling solana-clock v2.2.3
   Compiling solana-rent v2.2.1
   Compiling solana-slot-hashes v2.2.1
   Compiling solana-last-restart-slot v2.2.1
   Compiling solana-epoch-schedule v2.2.1
   Compiling solana-epoch-rewards v2.2.1
   Compiling solana-program-error v2.2.2
   Compiling solana-system-interface v1.0.0
   Compiling solana-serialize-utils v2.2.1
   Compiling solana-stable-layout v2.2.1
   Compiling solana-bincode v2.2.1
   Compiling solana-transaction-error v2.2.1
   Compiling solana-address-lookup-table-interface v2.2.2
   Compiling solana-account-info v2.3.0
   Compiling solana-program-pack v2.2.1
   Compiling solana-loader-v2-interface v2.2.1
   Compiling solana-slot-history v2.2.1
   Compiling solana-cpi v2.2.1
   Compiling solana-account v2.2.1
   Compiling solana-program-entrypoint v2.3.0
   Compiling solana-instructions-sysvar v2.2.2
   Compiling solana-stake-interface v1.2.1
   Compiling solana-loader-v4-interface v2.2.1
   Compiling solana-feature-gate-interface v2.2.2
   Compiling solana-loader-v3-interface v5.0.0
   Compiling solana-message v2.4.0
   Compiling solana-vote-interface v2.2.6
   Compiling solana-sysvar v2.3.0
   Compiling solana-program v2.3.0
   Compiling prime-session v0.1.0 (/home/ubuntu/work/sloc2-devnet/build/prime-session)
warning: unexpected `cfg` condition value: `custom-heap`
  --> src/lib.rs:25:1
   |
25 | solana_program::entrypoint!(process);
   | ^^^^^^^^^^^^^^^^^^^^^^^^^^^^^^^^^^^^
   |
   = note: no expected values for `feature`
   = note: using a cfg inside a macro will use the cfgs from the destination crate and not the ones from the defining crate
   = help: try referring to `$crate::custom_heap_default` crate for guidance on how handle this unexpected cfg
   = help: the macro `$crate::custom_heap_default` may come from an old version of the `solana_program_entrypoint` crate, try updating your dependency with `cargo update -p solana_program_entrypoint`
   = note: see <https://doc.rust-lang.org/nightly/rustc/check-cfg/cargo-specifics.html> for more information about checking conditional configuration
   = note: `#[warn(unexpected_cfgs)]` on by default
   = note: this warning originates in the macro `$crate::custom_heap_default` which comes from the expansion of the macro `solana_program::entrypoint` (in Nightly builds, run with -Z macro-backtrace for more info)

warning: unexpected `cfg` condition value: `custom-panic`
  --> src/lib.rs:25:1
   |
25 | solana_program::entrypoint!(process);
   | ^^^^^^^^^^^^^^^^^^^^^^^^^^^^^^^^^^^^
   |
   = note: no expected values for `feature`
   = note: using a cfg inside a macro will use the cfgs from the destination crate and not the ones from the defining crate
   = help: try referring to `$crate::custom_panic_default` crate for guidance on how handle this unexpected cfg
   = help: the macro `$crate::custom_panic_default` may come from an old version of the `solana_program_entrypoint` crate, try updating your dependency with `cargo update -p solana_program_entrypoint`
   = note: see <https://doc.rust-lang.org/nightly/rustc/check-cfg/cargo-specifics.html> for more information about checking conditional configuration
   = note: this warning originates in the macro `$crate::custom_panic_default` which comes from the expansion of the macro `solana_program::entrypoint` (in Nightly builds, run with -Z macro-backtrace for more info)

warning: `prime-session` (lib) generated 2 warnings
    Finished `release` profile [optimized] target(s) in 33.80s
