09:54:56 8-of-15 Freighter seat GDHZ2J owner GDHZ2J; MetaMask seat GDVVSX owner GBDUSR; Phantom seat GB2UUG owner GC6ZPO; Owner4 seat GDP33U owner GDP33U; Owner5 seat GBVW5W owner GBVW5W; Owner6 seat GBUAON owner GBUAON; Owner7 seat GDKOB2 owner GDKOB2; Owner8 seat GAUXOF owner GAUXOF; Owner9 seat GDMZKD owner GDMZKD; Owner10 seat GDMNHX owner GDMNHX; Owner11 seat GAOV7E owner GAOV7E; Owner12 seat GD6CUS owner GD6CUS; Owner13 seat GCS6SZ owner GCS6SZ; Owner14 seat GBGTBA owner GBGTBA; Owner15 seat GAEIJV owner GAEIJV
09:56:17 S_Freighter CAMELLJ4NHI2QGW76FRB3JWXZXMKGNHR32AODUHSZTR65OTN5O5DXIS4 cd9b2c1e63779c6d44eb9bce72314abdf2d693a58e116d03fd15ceaee19054ce
09:56:23 S_MetaMask CBAOVKUESYOHS2XL76LYTQJFKFMSRIGSJAASLNS4MQTNS47QZ6LBZZRK 6592dcc9b085e413c82fc07d1ec9f73d071c42152a8181351062866d7660faac
09:56:28 S_Phantom CCDCG2CONEBUEET2VP4XRTWHXL5LOQIB2TXROLUZASZLC4JZUWUNJSJD 2e545c8812f138cc81575eeb00967f9781986ae6d14efc17f556435f70d589a8
09:56:32 S_Owner4 CDNADH7VOFAMO6ESK6VPCX2NKAKUJYEZPQ2GSCJXKXJ2GI2GNEJGRADD fe4080a257a4ecb90e749bfefa86982936f6e73787114026e4cc634ae0e74399
09:56:38 S_Owner5 CCDDNDADCZQOGTZQ5E4BRNHDNKCTJQ2T4Z7TZ73EVZYRUEOA3LSFISKS e55a76d963d95d5b2c82abc874b902e9dec1b22923924b37aaf3440b9fc7a16c
09:56:42 S_Owner6 CBRQHPFNMJSMEF7DB52FQTDWE6UC57V66VKP5NLO2DR2U3ZXYIA47ZGH 54d380353379c30f880dc43983fd86b76c7941bab0a7eb83061a4dd032a0fe71
09:56:48 S_Owner7 CB3TUJTI7KWVDMT7LGBWT5HFDMX2XZ7HND4CDFPCTIGZ4COX2B5J5ZHE 0f2bd4802ba361c6b33d07eb917097930eebc3901d0a38cc3520489a3c7d797f
09:56:52 S_Owner8 CAI56JVOVZD22PJ2XESKS6FWUCJSEM3RPXGVCUTODELSHIB5DK5MQEQI c7cc70f4072b2aa1fafa79f5ce765853cdaf1a1cab40ca25aca1984af704e302
09:56:58 S_Owner9 CA57ZMSW6D3CHQYRLAVWZEGH2DV3J7T4RZE2VPAW7CSPT2QDGE5V2JVU 9384d13dd28ed740218e5a030aefb17ce60d5d812409db495fcdba5db1a4a4ac
09:57:03 S_Owner10 CAD265PUAPTAKH5SPQVDSSACYDVU6UEXAUFILOITXM37OBOAWMGHGQU7 04bfb4a7734910e2d5f076d9462da4947bd20382b12f4a76bd61dd3c57a792a7
09:57:08 S_Owner11 CCB3HRSJ5Z4O5OYEJP6EPFXFRGZQC5CGRQ7PHUT2F3MUJZAIMLDRGOYE 1dbb52f0e01821a6565f2d820e5f24cec70e0763e6fde1c7cb40a0da0671ff2c
09:57:13 S_Owner12 CBQV6CRQBGWYPGBS5SNOXWG7VZUWXBGUCUNBFQX7J6NGMWYOKS6I3YRM 17922f9a68b645e512d93bbcc8e7ff284f27badeffc47a279558d1d69ef3764f
09:57:17 S_Owner13 CDD2L53M7VE6B5ZPU7UONTHBUZ6VM56HVLDK3O5GILQXH2T7NQ2SE4K5 238780c42a2c43bbb0e998392e226565ca94b2d91d8bc477322d393c9edfece7
09:57:22 S_Owner14 CAMZ6KPPUVGKYGSR3TNXL6X7E32RXMVREBR3NEQOIPTAVDTQW4LEYTOH bf21b831ae32b903fbb976a08543c72cdd51304d05deee4999a1bfb4a1c1a1a2
09:57:27 S_Owner15 CA4ZAEQBBX2QHKICTSOLVMWW4FOLTYBY355RKC3MQYO7XCF7IBDCAFIQ 4a1a005f545ea9ad27b5f527cefa057d866c9e719513e2c6d082bc7db4796034
09:57:33 Prime Account CCUXZAWS2C7ODISX6D7ZYQLEOHKF6GJYEMUN66KT7ROAPHHS3G2WS277 10099ddfc76b015a02259a9f1a42672f728740867892bc519e311e02e6eacf48
09:57:37 funded 30 XLM 460113228edf6e5c2a5693c9b31e2e929ffa5d351edf5344cdfa39014888e3f8
09:57:38 PASS P0. rule 0 signers are exactly the 15 seat keys (no prime-session), weighted threshold 8 15 signers, threshold 8
09:57:38 PASS P1. the 15 prime-session contracts and the 15 session-owner accounts are all different CAMELL,CBAOVK,CCDCG2,CDNADH,CCDDND,CBRQHP,CB3TUJ,CAI56J,CA57ZM,CAD265,CCB3HR,CBQV6C,CDD2L5,CAMZ6K,CA4ZAE
09:57:58 PASS Y1. 7 of 15 owners vote (threshold minus one) to add a rule refused: Error(Auth, InvalidAction) Error(Contract, #3213)
09:58:17 PASS Y2. 8 owners vote (Freighter + MetaMask + Phantom + Owner4 + Owner5 + Owner6 + Owner7 + Owner8) to add a rule ok 19337 ms 02e99c0cea557f6f48996152194c3f67acb7b26e01b4d8c88acb1d18ec03a503
09:58:27 PASS Y3. a different 8 owners vote (Owner8 + Owner9 + Owner10 + Owner11 + Owner12 + Owner13 + Owner14 + Owner15) to remove it ok 8318 ms e0448b1da33e49274d6859f839f0daec72689039af8354358c7cbacf86c9dfdf
09:58:47 PASS Y4. 7 owners and an outsider vote refused: Error(Auth, InvalidAction) Error(Contract, #3016)
09:59:12 PASS Y5. Freighter's seat signed by another key, plus 7 real owners refused: Error(Auth, InvalidAction) Error(Contract, #5)
09:59:33 PASS R-xlm_Freighter. 8 owners install xlm_Freighter: XLM to VENUE only, signer: Freighter's prime-session ok 20726 ms dafe54e36cbc8fb468626872a7007130184190e9a83f64a57d12a401e16301c8
09:59:58 PASS R-xlm_MetaMask. 8 owners install xlm_MetaMask: XLM to VENUE only, signer: MetaMask's prime-session ok 22849 ms 5167a5253d1f33e8d12c68a9b4b6d57dde2b24045f1e04381b9a4c662f77615c
10:00:22 PASS R-xlm_Phantom. 8 owners install xlm_Phantom: XLM to VENUE only, signer: Phantom's prime-session ok 22680 ms c8d52077361ea62b4c52dbb0e72e73cb4d657bc90fcedd1bf15cfd58a0ac6e11
10:00:53 PASS R-xlm_Owner4. 8 owners install xlm_Owner4: XLM to VENUE only, signer: Owner4's prime-session ok 24307 ms ace7396f1bfadcb70922c5d69636e4e13484a9a9a110ff2a15769a6b800acd8e
10:01:23 PASS R-xlm_Owner5. 8 owners install xlm_Owner5: XLM to VENUE only, signer: Owner5's prime-session ok 24606 ms 51e0398ced268656704bad11ef5a885ed45b1991a0f2e315134a77df637809b8
10:01:53 PASS R-xlm_Owner6. 8 owners install xlm_Owner6: XLM to VENUE only, signer: Owner6's prime-session ok 24396 ms a7122a5701ba6ca71d5c3add1aa93646dc7636b8228e2e3d52adcb696720160b
10:02:23 PASS R-xlm_Owner7. 8 owners install xlm_Owner7: XLM to VENUE only, signer: Owner7's prime-session ok 25292 ms b3c84bb99e25f5d7228904e4bc637c670736e2fdb90b62987069b16555a4af8a
10:02:53 PASS R-xlm_Owner8. 8 owners install xlm_Owner8: XLM to VENUE only, signer: Owner8's prime-session ok 23554 ms 8fcfe50803ec3a3b77d47088f6a15d00e2b59d0eb83399d08610f3056455913a
10:03:23 PASS R-xlm_Owner9. 8 owners install xlm_Owner9: XLM to VENUE only, signer: Owner9's prime-session ok 26013 ms f5366a46b1615fe16234b4e0170a9843a05168b86419dceee964e02bbd64ed71
10:03:58 PASS R-xlm_Owner10. 8 owners install xlm_Owner10: XLM to VENUE only, signer: Owner10's prime-session ok 29251 ms 97972f039882480663189ac8dfd75b4714c986feaf095afa8cffcae70a24ab50
10:04:28 PASS R-xlm_Owner11. 8 owners install xlm_Owner11: XLM to VENUE only, signer: Owner11's prime-session ok 23283 ms 5289e66ab5e8c287eea700c47d5aed784edbdb98453caa2ef2eed88f583a6ee4
10:04:57 PASS R-xlm_Owner12. 8 owners install xlm_Owner12: XLM to VENUE only, signer: Owner12's prime-session ok 20421 ms 3fc67f9d66b6720d29d15c15d45ddb5007af0749de0895672de81ba019a050e8
10:05:22 PASS R-xlm_Owner13. 8 owners install xlm_Owner13: XLM to VENUE only, signer: Owner13's prime-session ok 20777 ms 5e5d29171f96bea00cbde24d1df528834a20f92e9024f7690d96be3a3b410af7
10:05:53 PASS R-xlm_Owner14. 8 owners install xlm_Owner14: XLM to VENUE only, signer: Owner14's prime-session ok 22827 ms 93a117bb30931332b54be1b4f91936c902e28ae0517125b46e6ad2abeb1a37f7
10:06:22 PASS R-xlm_Owner15. 8 owners install xlm_Owner15: XLM to VENUE only, signer: Owner15's prime-session ok 21672 ms b654f612a54c2e6fcb1a811dbb593f9a684cce3b1ab7e561a8fbbee72834438c
10:06:32 PASS P0-Freighter.1 Freighter grant: one authorization (own key), relayer pays ok 2009 ms 0435140e3d115246a3592ba040e4d2a7f37e6924d91f825ef0c716150243804d
10:06:37 PASS P0-Freighter.2 relayer pays: 1 XLM to VENUE ok 5005 ms 32f20136a454af76a5b951f479197de389ae5e41b323de00456ac3686701f481
10:06:47 PASS P0-Freighter.3 Freighter grant, relayer down: the session key's own account is the transaction source ok 4025 ms 19aa85728ecbbd0b42cc43f98f9dc4ff7d91a13c55cfd90e2a35b5d2996b1dff (fee paid by the session key)
10:06:52 PASS P0-Freighter.4 relayer down: the session key's own account pays the fee, 1 XLM to VENUE ok 4660 ms af78c85c2ca3d251bc317b0e3ae0603f7d65ef96a8689b163f6711dd6ba96bcb (fee paid by the session key)
10:06:53 PASS P0-Freighter.5 VENUE received exactly 2 XLM 20000000 stroops
10:06:54 PASS P0-Freighter.6 1 XLM elsewhere refused: Error(Auth, InvalidAction) Error(Contract, #100)
10:06:55 PASS P0-Freighter.7 on MetaMask's session rule refused: Error(Auth, InvalidAction) Error(Contract, #3016)
10:07:13 PASS P0-Freighter.8 the session and 7 real owners vote on rule 0 refused: Error(Auth, InvalidAction) Error(Contract, #3016)
10:07:16 PASS P0-Freighter.9 the session claims its own rule for an account-admin call refused: Error(Auth, InvalidAction) Error(Contract, #3002)
10:07:18 PASS P0-Freighter.10 the session removes rule 0 through its own rule refused: Error(Auth, InvalidAction) Error(Contract, #3002)
10:07:27 PASS P0-Freighter.11 Freighter grant (second session) ok 6955 ms 4c84b8defb773fd98c6e6e43c6a8fdd2b4477444ce387f7d5f34952a1041cbd9
10:07:32 PASS P0-Freighter.12 Freighter revokes it: grant(key, 0), one authorization, relayer pays ok 4368 ms 278d2126139d959accae64f52d2a67ba360b02ff2c64e87138001efc3d080b21
10:07:34 PASS P0-Freighter.13 the revoked session refused: Error(Auth, InvalidAction) Error(Contract, #1)
10:07:43 PASS P0-Freighter.14 the first session still works ok 8649 ms 53c70bf59995dad64fd496c65527189a8c64513fdf42f4a04f52d29235e3c3e7
10:07:51 PASS P0-Freighter.15 a grant for Freighter's prime-session signed by MetaMask's owner key refused: Error(Auth, InvalidAction) Error(Contract, #5)
10:07:52 PASS P0-Freighter.16 the key from P0-Freighter.15 cannot move refused: Error(Auth, InvalidAction) Error(Contract, #1)
10:08:07 PASS P1-MetaMask.1 MetaMask grant: one authorization (NEAR MPC), relayer pays ok 5409 ms f9b41a7e5a9b49877a590378ac804d48131bf88289fc1727f15cc05569a12054
10:08:12 PASS P1-MetaMask.2 relayer pays: 1 XLM to VENUE ok 4994 ms a9a351d09f277d39045f9e481eb215e9b81d02eea32bac9aae312a9bddb25edc
10:08:32 PASS P1-MetaMask.3 MetaMask grant, relayer down: the session key's own account is the transaction source ok 6132 ms 05f3e147d611bdf8723b08ea2cf4eb27f2e63f89f7d52f28e6a4439b92214e9a (fee paid by the session key)
10:08:37 PASS P1-MetaMask.4 relayer down: the session key's own account pays the fee, 1 XLM to VENUE ok 4535 ms 8039dedba8485527bb05cde894995c9a44da9dd6992b35141f20c1d99bbf5d3c (fee paid by the session key)
10:08:38 PASS P1-MetaMask.5 VENUE received exactly 2 XLM 20000000 stroops
10:08:39 PASS P1-MetaMask.6 1 XLM elsewhere refused: Error(Auth, InvalidAction) Error(Contract, #100)
10:08:41 PASS P1-MetaMask.7 on Freighter's session rule refused: Error(Auth, InvalidAction) Error(Contract, #3016)
10:08:51 PASS P1-MetaMask.8 the session and 7 real owners vote on rule 0 refused: Error(Auth, InvalidAction) Error(Contract, #3016)
10:08:52 PASS P1-MetaMask.9 the session claims its own rule for an account-admin call refused: Error(Auth, InvalidAction) Error(Contract, #3002)
10:08:55 PASS P1-MetaMask.10 the session removes rule 0 through its own rule refused: Error(Auth, InvalidAction) Error(Contract, #3002)
10:09:07 PASS P1-MetaMask.11 MetaMask grant (second session) ok 4150 ms b9105a287a50e2f9b3bc1087e025db5383c0dce509aba58a0fd5ddbb28d43cc8
10:09:18 PASS P1-MetaMask.12 MetaMask revokes it: grant(key, 0), one authorization, relayer pays ok 2849 ms f8368d4edab25aa5466a285e99536c5c2e12cdde7777ec951acfa109d0a87ee2
10:09:19 PASS P1-MetaMask.13 the revoked session refused: Error(Auth, InvalidAction) Error(Contract, #1)
10:09:22 PASS P1-MetaMask.14 the first session still works ok 3394 ms b7b6856d9eb1be507cf5c6d529450117a4a8012748a28424abbb2e91aea0f34a
10:09:30 PASS P1-MetaMask.15 a grant for MetaMask's prime-session signed by Phantom's owner key refused: Error(Auth, InvalidAction) Error(Contract, #5)
10:09:31 PASS P1-MetaMask.16 the key from P1-MetaMask.15 cannot move refused: Error(Auth, InvalidAction) Error(Contract, #1)
10:09:42 PASS P2-Phantom.1 Phantom grant: one authorization (NEAR MPC), relayer pays ok 2861 ms f19ca36dfe284019305e2f926193e2ebe840ee2ea3b826099874b2c2415326b8
10:09:48 PASS P2-Phantom.2 relayer pays: 1 XLM to VENUE ok 4985 ms d141817e44f918d72592d0bfc8b0256ed0e6746302986124309f4fccb1a1d0f3
10:10:07 PASS P2-Phantom.3 Phantom grant, relayer down: the session key's own account is the transaction source ok 6683 ms 4d4c86d42f90889d149857fdcb6e47335620d2a744e60fdf4d68b7b12fab7c05 (fee paid by the session key)
10:10:13 PASS P2-Phantom.4 relayer down: the session key's own account pays the fee, 1 XLM to VENUE ok 5341 ms d211ce4574935f9e50da8c199b81b1a2eacde2521b0fd4e0ceacf182e571a856 (fee paid by the session key)
10:10:14 PASS P2-Phantom.5 VENUE received exactly 2 XLM 20000000 stroops
10:10:15 PASS P2-Phantom.6 1 XLM elsewhere refused: Error(Auth, InvalidAction) Error(Contract, #100)
10:10:16 PASS P2-Phantom.7 on Freighter's session rule refused: Error(Auth, InvalidAction) Error(Contract, #3016)
10:10:25 PASS P2-Phantom.8 the session and 7 real owners vote on rule 0 refused: Error(Auth, InvalidAction) Error(Contract, #3016)
10:10:27 PASS P2-Phantom.9 the session claims its own rule for an account-admin call refused: Error(Auth, InvalidAction) Error(Contract, #3002)
10:10:29 PASS P2-Phantom.10 the session removes rule 0 through its own rule refused: Error(Auth, InvalidAction) Error(Contract, #3002)
10:10:42 PASS P2-Phantom.11 Phantom grant (second session) ok 5159 ms f186924a0f26a4256f580a6a07304b6cc2ec2104c37a1ab86fef4ff2cd9b9275
10:10:58 PASS P2-Phantom.12 Phantom revokes it: grant(key, 0), one authorization, relayer pays ok 6820 ms 66bb04ac0cf1cf2715c722ed340ef1ac5ee1887b56bacf70a958af25f26811dc
10:11:00 PASS P2-Phantom.13 the revoked session refused: Error(Auth, InvalidAction) Error(Contract, #1)
10:11:07 PASS P2-Phantom.14 the first session still works ok 7666 ms 1e74e8b7865147a5577dbd645520a0c39be896f7693cc7bf742e10982d4b08f0
10:11:09 PASS P2-Phantom.15 a grant for Phantom's prime-session signed by Owner4's owner key refused: Error(Auth, InvalidAction) Error(Contract, #5)
10:11:11 PASS P2-Phantom.16 the key from P2-Phantom.15 cannot move refused: Error(Auth, InvalidAction) Error(Contract, #1)
10:11:17 PASS P3-Owner4.1 Owner4 grant: one authorization (own key), relayer pays ok 5041 ms e060c06b8055f4194a3d36a8c79da84a06cf432e71bbb3b3b595297af8a24f38
10:11:22 PASS P3-Owner4.2 relayer pays: 1 XLM to VENUE ok 4657 ms 008a520b3aeb2fe5bc3a4bd2356c858aca400f25984adc29908d46f39b02efc2
10:11:33 PASS P3-Owner4.3 Owner4 grant, relayer down: the session key's own account is the transaction source ok 4997 ms ffac8bdb6db0ebb7f8ba00095ff0de7df6f466f75ca20a02bc66f0d766443fb5 (fee paid by the session key)
10:11:38 PASS P3-Owner4.4 relayer down: the session key's own account pays the fee, 1 XLM to VENUE ok 4674 ms c692f166fb2ca5e1a3bd97a39928aee93e44cfcdaf253cd0e6a7739f74912ed0 (fee paid by the session key)
10:11:38 PASS P3-Owner4.5 VENUE received exactly 2 XLM 20000000 stroops
10:11:39 PASS P3-Owner4.6 1 XLM elsewhere refused: Error(Auth, InvalidAction) Error(Contract, #100)
10:11:40 PASS P3-Owner4.7 on Freighter's session rule refused: Error(Auth, InvalidAction) Error(Contract, #3016)
10:11:56 PASS P3-Owner4.8 the session and 7 real owners vote on rule 0 refused: Error(Auth, InvalidAction) Error(Contract, #3016)
10:11:58 PASS P3-Owner4.9 the session claims its own rule for an account-admin call refused: Error(Auth, InvalidAction) Error(Contract, #3002)
10:11:59 PASS P3-Owner4.10 the session removes rule 0 through its own rule refused: Error(Auth, InvalidAction) Error(Contract, #3002)
10:12:02 PASS P3-Owner4.11 Owner4 grant (second session) ok 2105 ms 18ced4ed09243e5360ff3d98be0b936d40bb54d16b6ef2dd7cf81212c6e58101
10:12:08 PASS P3-Owner4.12 Owner4 revokes it: grant(key, 0), one authorization, relayer pays ok 5385 ms d4d74cfce06f3b14f82735300de4d7ea2ec7081267c40c13537d9280566abcf5
10:12:09 PASS P3-Owner4.13 the revoked session refused: Error(Auth, InvalidAction) Error(Contract, #1)
10:12:12 PASS P3-Owner4.14 the first session still works ok 3019 ms 8698913d46a333ea2abe6c5b725e18df16b2d3afc22600a038e7d4df5fce4259
10:12:14 PASS P3-Owner4.15 a grant for Owner4's prime-session signed by Owner5's owner key refused: Error(Auth, InvalidAction) Error(Contract, #5)
10:12:16 PASS P3-Owner4.16 the key from P3-Owner4.15 cannot move refused: Error(Auth, InvalidAction) Error(Contract, #1)
10:12:22 PASS P4-Owner5.1 Owner5 grant: one authorization (own key), relayer pays ok 5297 ms cd990fa97920ce1d9036599faf6cdab7ff4034be4626abe93b90c7e7a5d72dd8
10:12:27 PASS P4-Owner5.2 relayer pays: 1 XLM to VENUE ok 4274 ms 2e795e40ee4c9945c632e53244a2ccdb60959badd18ad65e845c143852ee23b8
10:12:37 PASS P4-Owner5.3 Owner5 grant, relayer down: the session key's own account is the transaction source ok 3105 ms bebd7c7380c40353bf8df6134afe3f2fc4645cb5a25f889b727131845947148c (fee paid by the session key)
10:12:43 PASS P4-Owner5.4 relayer down: the session key's own account pays the fee, 1 XLM to VENUE ok 5641 ms a2a23b722c5103a62a25c28b51c1c2a57fabc9650af5903c78e78131c842a058 (fee paid by the session key)
10:12:43 PASS P4-Owner5.5 VENUE received exactly 2 XLM 20000000 stroops
10:12:45 PASS P4-Owner5.6 1 XLM elsewhere refused: Error(Auth, InvalidAction) Error(Contract, #100)
10:12:47 PASS P4-Owner5.7 on Freighter's session rule refused: Error(Auth, InvalidAction) Error(Contract, #3016)
10:13:06 PASS P4-Owner5.8 the session and 7 real owners vote on rule 0 refused: Error(Auth, InvalidAction) Error(Contract, #3016)
10:13:08 PASS P4-Owner5.9 the session claims its own rule for an account-admin call refused: Error(Auth, InvalidAction) Error(Contract, #3002)
10:13:09 PASS P4-Owner5.10 the session removes rule 0 through its own rule refused: Error(Auth, InvalidAction) Error(Contract, #3002)
10:13:12 PASS P4-Owner5.11 Owner5 grant (second session) ok 3053 ms 1ab08ad5a5efbe9208d05092f2720a62931b29857296abf64d7680cb49f50a46
10:13:17 PASS P4-Owner5.12 Owner5 revokes it: grant(key, 0), one authorization, relayer pays ok 4484 ms 70f70cc4c240681f31fed9c00405527713b120d792db96db62411f38f94aa143
10:13:19 PASS P4-Owner5.13 the revoked session refused: Error(Auth, InvalidAction) Error(Contract, #1)
10:13:28 PASS P4-Owner5.14 the first session still works ok 8399 ms af1cc30294d3ece9a46489fb08f1285090d2f5d7f95ce6ad6be9b84e91668e33
10:13:29 PASS P4-Owner5.15 a grant for Owner5's prime-session signed by Owner6's owner key refused: Error(Auth, InvalidAction) Error(Contract, #5)
10:13:30 PASS P4-Owner5.16 the key from P4-Owner5.15 cannot move refused: Error(Auth, InvalidAction) Error(Contract, #1)
10:13:38 PASS P5-Owner6.1 Owner6 grant: one authorization (own key), relayer pays ok 7178 ms 891edbfd6bfb8b76ce27ae0cbdbe82326a95c36255dd3afdd705003aab845800
10:13:42 PASS P5-Owner6.2 relayer pays: 1 XLM to VENUE ok 3931 ms 7205c2c48d621317cfa4c73263dcfc9c9e1b364ff4ae30731615d63cd20f82a7
10:13:53 PASS P5-Owner6.3 Owner6 grant, relayer down: the session key's own account is the transaction source ok 2744 ms acaa28d337ff80b79e4f99030a2f0e03a4ad9adf1770d76011c894abc6447b2f (fee paid by the session key)
10:13:57 PASS P5-Owner6.4 relayer down: the session key's own account pays the fee, 1 XLM to VENUE ok 4552 ms edac0d5b1da481b7c5dacee78f6f3af600650af0e367872f1b2488dc168204b5 (fee paid by the session key)
10:13:58 PASS P5-Owner6.5 VENUE received exactly 2 XLM 20000000 stroops
10:13:59 PASS P5-Owner6.6 1 XLM elsewhere refused: Error(Auth, InvalidAction) Error(Contract, #100)
10:14:00 PASS P5-Owner6.7 on Freighter's session rule refused: Error(Auth, InvalidAction) Error(Contract, #3016)
10:14:18 PASS P5-Owner6.8 the session and 7 real owners vote on rule 0 refused: Error(Auth, InvalidAction) Error(Contract, #3016)
10:14:19 PASS P5-Owner6.9 the session claims its own rule for an account-admin call refused: Error(Auth, InvalidAction) Error(Contract, #3002)
10:14:21 PASS P5-Owner6.10 the session removes rule 0 through its own rule refused: Error(Auth, InvalidAction) Error(Contract, #3002)
10:14:28 PASS P5-Owner6.11 Owner6 grant (second session) ok 5693 ms 019c44528b1120b3cabd359daf1f6dff4318cd76d3ab9a637fe3d98fecc2781e
10:14:32 PASS P5-Owner6.12 Owner6 revokes it: grant(key, 0), one authorization, relayer pays ok 4352 ms 02a748564933f2c756dcd17cc0f704efc81f69be7c05432fa381ef31fac7e92e
10:14:35 PASS P5-Owner6.13 the revoked session refused: Error(Auth, InvalidAction) Error(Contract, #1)
10:14:43 PASS P5-Owner6.14 the first session still works ok 8280 ms 8e72fc643bbd606809eda8a047722af9175d5911b0e40ada5fc75ad759abc443
10:14:44 PASS P5-Owner6.15 a grant for Owner6's prime-session signed by Owner7's owner key refused: Error(Auth, InvalidAction) Error(Contract, #5)
10:14:46 PASS P5-Owner6.16 the key from P5-Owner6.15 cannot move refused: Error(Auth, InvalidAction) Error(Contract, #1)
10:14:52 PASS P6-Owner7.1 Owner7 grant: one authorization (own key), relayer pays ok 4472 ms db188747f34897903448e0b6672e2f8d296143343bfeb1b4ca7d8cc63441b0f0
10:14:57 PASS P6-Owner7.2 relayer pays: 1 XLM to VENUE ok 4826 ms a8b31e4a3191c38423e371663d47fafcdf9e5195d1728dd4893bc6711cc41978
10:15:07 PASS P6-Owner7.3 Owner7 grant, relayer down: the session key's own account is the transaction source ok 3184 ms 63505732929555b223a5bf77ae38535eaf110f759bab374947c02d0b3bf9c7a7 (fee paid by the session key)
10:15:12 PASS P6-Owner7.4 relayer down: the session key's own account pays the fee, 1 XLM to VENUE ok 4501 ms b3cc43b5d6bc393163b3ab2eb43ff9d9dfd6ee1995f0c5da91c6bd7e2016f613 (fee paid by the session key)
10:15:13 PASS P6-Owner7.5 VENUE received exactly 2 XLM 20000000 stroops
10:15:15 PASS P6-Owner7.6 1 XLM elsewhere refused: Error(Auth, InvalidAction) Error(Contract, #100)
10:15:16 PASS P6-Owner7.7 on Freighter's session rule refused: Error(Auth, InvalidAction) Error(Contract, #3016)
10:15:34 PASS P6-Owner7.8 the session and 7 real owners vote on rule 0 refused: Error(Auth, InvalidAction) Error(Contract, #3016)
10:15:36 PASS P6-Owner7.9 the session claims its own rule for an account-admin call refused: Error(Auth, InvalidAction) Error(Contract, #3002)
10:15:39 PASS P6-Owner7.10 the session removes rule 0 through its own rule refused: Error(Auth, InvalidAction) Error(Contract, #3002)
10:15:42 PASS P6-Owner7.11 Owner7 grant (second session) ok 1918 ms 85a038624136b42adea127175f304a70f933035dace96fb12cdbdb36100a6ab3
10:15:47 PASS P6-Owner7.12 Owner7 revokes it: grant(key, 0), one authorization, relayer pays ok 5039 ms 5b00abb5e35fe41595388287631303c9426b5a08ba0ccf0f639953ad3c5800e9
10:15:48 PASS P6-Owner7.13 the revoked session refused: Error(Auth, InvalidAction) Error(Contract, #1)
10:15:52 PASS P6-Owner7.14 the first session still works ok 3832 ms 6f682ae9a5accc1e9b2d48628a8d561f67c5d3b5e6e1a7c6bca60d3aec1b7619
10:15:53 PASS P6-Owner7.15 a grant for Owner7's prime-session signed by Owner8's owner key refused: Error(Auth, InvalidAction) Error(Contract, #5)
10:15:54 PASS P6-Owner7.16 the key from P6-Owner7.15 cannot move refused: Error(Auth, InvalidAction) Error(Contract, #1)
10:15:57 PASS P7-Owner8.1 Owner8 grant: one authorization (own key), relayer pays ok 1909 ms a80bd87e5bb1f80a7d9531c06dab057fdfea5a602eb38571c1d42850aea2a9bf
10:16:03 PASS P7-Owner8.2 relayer pays: 1 XLM to VENUE ok 5385 ms f2baa3a40ea920a0a207a998acf09ca1ea5089df37ada409ece47fb02ba9bcd3
10:16:12 PASS P7-Owner8.3 Owner8 grant, relayer down: the session key's own account is the transaction source ok 3878 ms 2623034044acad3c675a65a52ebee001987f808f2b3e316fb7ba0b7f461169f2 (fee paid by the session key)
10:16:17 PASS P7-Owner8.4 relayer down: the session key's own account pays the fee, 1 XLM to VENUE ok 4942 ms c0c64f6205c00b2b75b0344449efd9627e98e98476ca2c43ced64b5ebb829d8c (fee paid by the session key)
10:16:18 PASS P7-Owner8.5 VENUE received exactly 2 XLM 20000000 stroops
10:16:20 PASS P7-Owner8.6 1 XLM elsewhere refused: Error(Auth, InvalidAction) Error(Contract, #100)
10:16:22 PASS P7-Owner8.7 on Freighter's session rule refused: Error(Auth, InvalidAction) Error(Contract, #3016)
10:16:41 PASS P7-Owner8.8 the session and 7 real owners vote on rule 0 refused: Error(Auth, InvalidAction) Error(Contract, #3016)
10:16:42 PASS P7-Owner8.9 the session claims its own rule for an account-admin call refused: Error(Auth, InvalidAction) Error(Contract, #3002)
10:16:44 PASS P7-Owner8.10 the session removes rule 0 through its own rule refused: Error(Auth, InvalidAction) Error(Contract, #3002)
10:16:52 PASS P7-Owner8.11 Owner8 grant (second session) ok 6817 ms 9323920f3d0fb2acb315121e19e9218f0c54275a5b5168f58cdd1c568e7d1a0a
10:16:57 PASS P7-Owner8.12 Owner8 revokes it: grant(key, 0), one authorization, relayer pays ok 4294 ms f1b9bf89c7c93ee20ccdac24544b146199c0b1ca7d56b956cc9851f086813c59
10:16:58 PASS P7-Owner8.13 the revoked session refused: Error(Auth, InvalidAction) Error(Contract, #1)
10:17:02 PASS P7-Owner8.14 the first session still works ok 4012 ms 0b35c6eecbe69c3eb0d70a5bb29f9e0a7b7d536e03cbb2a1b353e99024a3869e
10:17:04 PASS P7-Owner8.15 a grant for Owner8's prime-session signed by Owner9's owner key refused: Error(Auth, InvalidAction) Error(Contract, #5)
10:17:04 PASS P7-Owner8.16 the key from P7-Owner8.15 cannot move refused: Error(Auth, InvalidAction) Error(Contract, #1)
10:17:07 PASS P8-Owner9.1 Owner9 grant: one authorization (own key), relayer pays ok 1684 ms bcb7d7da933d2ccfe3b83670d56ab8f8e46e77befa648ecc1726541af95ac1b4
10:17:13 PASS P8-Owner9.2 relayer pays: 1 XLM to VENUE ok 5306 ms 6054b5dc1f5388290d7fca40b9a7c83c8ed133ff48bef28ba81619fa62ef40d0
10:17:22 PASS P8-Owner9.3 Owner9 grant, relayer down: the session key's own account is the transaction source ok 3220 ms 6e5208d79865b943757f30a826c77027d74dabed0e8da655d531d8ccbf9483e4 (fee paid by the session key)
10:17:27 PASS P8-Owner9.4 relayer down: the session key's own account pays the fee, 1 XLM to VENUE ok 5304 ms ebf288442babd60576b63c6614862349e0c1937c14e9272796640054514e2a59 (fee paid by the session key)
10:17:28 PASS P8-Owner9.5 VENUE received exactly 2 XLM 20000000 stroops
10:17:29 PASS P8-Owner9.6 1 XLM elsewhere refused: Error(Auth, InvalidAction) Error(Contract, #100)
10:17:31 PASS P8-Owner9.7 on Freighter's session rule refused: Error(Auth, InvalidAction) Error(Contract, #3016)
10:17:47 PASS P8-Owner9.8 the session and 7 real owners vote on rule 0 refused: Error(Auth, InvalidAction) Error(Contract, #3016)
10:17:48 PASS P8-Owner9.9 the session claims its own rule for an account-admin call refused: Error(Auth, InvalidAction) Error(Contract, #3002)
10:17:49 PASS P8-Owner9.10 the session removes rule 0 through its own rule refused: Error(Auth, InvalidAction) Error(Contract, #3002)
10:17:58 PASS P8-Owner9.11 Owner9 grant (second session) ok 7207 ms a1541b1c8e4db1b59798908baf48b9496238b51e29ce2824cd67450dd38d4739
10:18:02 PASS P8-Owner9.12 Owner9 revokes it: grant(key, 0), one authorization, relayer pays ok 4129 ms ccee25ff2bbfc807bc19318cb15e0c3cd3598543fc8eb3f068955e4206fa6018
10:18:03 PASS P8-Owner9.13 the revoked session refused: Error(Auth, InvalidAction) Error(Contract, #1)
10:18:08 PASS P8-Owner9.14 the first session still works ok 4471 ms 2c0c1b4d722a95ec359fd7dfb7519b37458c0f200488a41f3d81f8511f6dc7b6
10:18:09 PASS P8-Owner9.15 a grant for Owner9's prime-session signed by Owner10's owner key refused: Error(Auth, InvalidAction) Error(Contract, #5)
10:18:10 PASS P8-Owner9.16 the key from P8-Owner9.15 cannot move refused: Error(Auth, InvalidAction) Error(Contract, #1)
10:18:18 PASS P9-Owner10.1 Owner10 grant: one authorization (own key), relayer pays ok 7418 ms ea968022fb8f8c1cff2a35a7a20001f867dc985eda42b8ce8f770d776c9b1c33
10:18:22 PASS P9-Owner10.2 relayer pays: 1 XLM to VENUE ok 3477 ms 4b17f65bb05669f634b43e4d17703faeeba651e17464d9292c6a89dcfec28c90
10:18:37 PASS P9-Owner10.3 Owner10 grant, relayer down: the session key's own account is the transaction source ok 5875 ms 31aa00f1cb070233669daac6b3d143552c6d762bf4f4f448a382d5574d28ed31 (fee paid by the session key)
10:18:43 PASS P9-Owner10.4 relayer down: the session key's own account pays the fee, 1 XLM to VENUE ok 5284 ms cfca3036bd717fa92f85a79ff19a64324feb324e026016b549e3404045754d44 (fee paid by the session key)
10:18:43 PASS P9-Owner10.5 VENUE received exactly 2 XLM 20000000 stroops
10:18:45 PASS P9-Owner10.6 1 XLM elsewhere refused: Error(Auth, InvalidAction) Error(Contract, #100)
10:18:46 PASS P9-Owner10.7 on Freighter's session rule refused: Error(Auth, InvalidAction) Error(Contract, #3016)
10:19:02 PASS P9-Owner10.8 the session and 7 real owners vote on rule 0 refused: Error(Auth, InvalidAction) Error(Contract, #3016)
10:19:03 PASS P9-Owner10.9 the session claims its own rule for an account-admin call refused: Error(Auth, InvalidAction) Error(Contract, #3002)
10:19:05 PASS P9-Owner10.10 the session removes rule 0 through its own rule refused: Error(Auth, InvalidAction) Error(Contract, #3002)
10:19:12 PASS P9-Owner10.11 Owner10 grant (second session) ok 5957 ms b6dc4efe28781a5e9b32cb8e66cabc21cc6e6a68757004e0a1adcc11d84d5cca
10:19:17 PASS P9-Owner10.12 Owner10 revokes it: grant(key, 0), one authorization, relayer pays ok 4021 ms b31c2895d1f7cd57ba3ee64f817ad6e930dc588286563cdf0bce9868f16ad132
10:19:18 PASS P9-Owner10.13 the revoked session refused: Error(Auth, InvalidAction) Error(Contract, #1)
10:19:22 PASS P9-Owner10.14 the first session still works ok 4624 ms 6ca0ce9f24d5aefd1c5ab5d68b2d1963a3a528f7bf1966846d972f1b0772d4cf
10:19:23 PASS P9-Owner10.15 a grant for Owner10's prime-session signed by Owner11's owner key refused: Error(Auth, InvalidAction) Error(Contract, #5)
10:19:24 PASS P9-Owner10.16 the key from P9-Owner10.15 cannot move refused: Error(Contract, #10)
10:19:27 PASS P10-Owner11.1 Owner11 grant: one authorization (own key), relayer pays ok 2747 ms c3b6ebf1fdacb1d569cb71ea1ec1fa1383175b29805c8cf465febb0e32f7828f
10:19:28 FAIL P10-Owner11.2 relayer pays: 1 XLM to VENUE refused: Error(Contract, #10)
10:19:38 PASS P10-Owner11.3 Owner11 grant, relayer down: the session key's own account is the transaction source ok 4047 ms bb76e0baa570169497b58ded6565422682c52ca631a4260d2ce5b33cfd5ca3d4 (fee paid by the session key)
10:19:38 FAIL P10-Owner11.4 relayer down: the session key's own account pays the fee, 1 XLM to VENUE refused: Error(Contract, #10)
10:19:39 FAIL P10-Owner11.5 VENUE received exactly 2 XLM 0 stroops
10:19:39 PASS P10-Owner11.6 1 XLM elsewhere refused: Error(Contract, #10)
10:19:40 PASS P10-Owner11.7 on Freighter's session rule refused: Error(Contract, #10)
10:20:25 PASS P10-Owner11.8 the session and 7 real owners vote on rule 0 refused: Error(Auth, InvalidAction) Error(Contract, #3016)
10:20:27 PASS P10-Owner11.9 the session claims its own rule for an account-admin call refused: Error(Auth, InvalidAction) Error(Contract, #3002)
10:20:28 PASS P10-Owner11.10 the session removes rule 0 through its own rule refused: Error(Auth, InvalidAction) Error(Contract, #3002)
10:20:32 PASS P10-Owner11.11 Owner11 grant (second session) ok 2841 ms eb1cf89c98a987bc12ab4cd278a207988d6f19a0a42ed97ebc0ef928cd47ab1b
10:20:37 PASS P10-Owner11.12 Owner11 revokes it: grant(key, 0), one authorization, relayer pays ok 4597 ms 47d70ce65efb94e5235d2021bf0a72259e6591f22c3ce468dba9f20fc781eabb
10:20:37 PASS P10-Owner11.13 the revoked session refused: Error(Contract, #10)
10:20:38 FAIL P10-Owner11.14 the first session still works refused: Error(Contract, #10)
10:20:39 PASS P10-Owner11.15 a grant for Owner11's prime-session signed by Owner12's owner key refused: Error(Auth, InvalidAction) Error(Contract, #5)
10:20:39 PASS P10-Owner11.16 the key from P10-Owner11.15 cannot move refused: Error(Contract, #10)
10:20:43 PASS P11-Owner12.1 Owner12 grant: one authorization (own key), relayer pays ok 2851 ms 533dc8a78cb18cf902184bbc65ea5fbd2add5ade529e0b3db79fbdd886b6f27d
10:20:43 FAIL P11-Owner12.2 relayer pays: 1 XLM to VENUE refused: Error(Contract, #10)
10:20:53 PASS P11-Owner12.3 Owner12 grant, relayer down: the session key's own account is the transaction source ok 3853 ms 28732917366ce4d285fa0bb40d4fe4ef5ae210fd257d6467512c5b880cb93fd2 (fee paid by the session key)
10:20:53 FAIL P11-Owner12.4 relayer down: the session key's own account pays the fee, 1 XLM to VENUE refused: Error(Contract, #10)
10:20:54 FAIL P11-Owner12.5 VENUE received exactly 2 XLM 0 stroops
10:20:54 PASS P11-Owner12.6 1 XLM elsewhere refused: Error(Contract, #10)
10:20:55 PASS P11-Owner12.7 on Freighter's session rule refused: Error(Contract, #10)
10:21:11 PASS P11-Owner12.8 the session and 7 real owners vote on rule 0 refused: Error(Auth, InvalidAction) Error(Contract, #3016)
10:21:12 PASS P11-Owner12.9 the session claims its own rule for an account-admin call refused: Error(Auth, InvalidAction) Error(Contract, #3002)
10:21:13 PASS P11-Owner12.10 the session removes rule 0 through its own rule refused: Error(Auth, InvalidAction) Error(Contract, #3002)
10:21:17 PASS P11-Owner12.11 Owner12 grant (second session) ok 2777 ms 213c3dda4eb227b604b8728a0447d82d0d5dab025bee1dcd975b16253eadccde
10:21:22 PASS P11-Owner12.12 Owner12 revokes it: grant(key, 0), one authorization, relayer pays ok 4925 ms f58853ac3eb1f6ce0f0e3473d9e8ce3d4e2e367409cb0551805cb27ea3a84d32
10:21:22 PASS P11-Owner12.13 the revoked session refused: Error(Contract, #10)
10:21:23 FAIL P11-Owner12.14 the first session still works refused: Error(Contract, #10)
10:21:24 PASS P11-Owner12.15 a grant for Owner12's prime-session signed by Owner13's owner key refused: Error(Auth, InvalidAction) Error(Contract, #5)
10:21:24 PASS P11-Owner12.16 the key from P11-Owner12.15 cannot move refused: Error(Contract, #10)
10:21:33 PASS P12-Owner13.1 Owner13 grant: one authorization (own key), relayer pays ok 7436 ms 3aaad18192196d0cc2c6a2f5a690a0c33b347138995900b0b12f4e9b8c2054a4
10:21:33 FAIL P12-Owner13.2 relayer pays: 1 XLM to VENUE refused: Error(Contract, #10)
10:21:42 PASS P12-Owner13.3 Owner13 grant, relayer down: the session key's own account is the transaction source ok 3756 ms de8d518a2487e11322ee50fb2be58612e989b4f5e2584830139a741f82d5be28 (fee paid by the session key)
10:21:42 FAIL P12-Owner13.4 relayer down: the session key's own account pays the fee, 1 XLM to VENUE refused: Error(Contract, #10)
10:21:43 FAIL P12-Owner13.5 VENUE received exactly 2 XLM 0 stroops
10:21:43 PASS P12-Owner13.6 1 XLM elsewhere refused: Error(Contract, #10)
10:21:43 PASS P12-Owner13.7 on Freighter's session rule refused: Error(Contract, #10)
10:22:11 PASS P12-Owner13.8 the session and 7 real owners vote on rule 0 refused: Error(Auth, InvalidAction) Error(Contract, #3016)
10:22:12 PASS P12-Owner13.9 the session claims its own rule for an account-admin call refused: Error(Auth, InvalidAction) Error(Contract, #3002)
10:22:15 PASS P12-Owner13.10 the session removes rule 0 through its own rule refused: Error(Auth, InvalidAction) Error(Contract, #3002)
10:22:22 PASS P12-Owner13.11 Owner13 grant (second session) ok 6157 ms 987c2b1db97baa2bbaa629e410ff294bb6a499c6e722276b8726f91b47983147
10:22:27 PASS P12-Owner13.12 Owner13 revokes it: grant(key, 0), one authorization, relayer pays ok 4448 ms 592a2558500b02b4478406744f9f30a80d6abff318715fb582abc9270d994c9d
10:22:27 PASS P12-Owner13.13 the revoked session refused: Error(Contract, #10)
10:22:28 FAIL P12-Owner13.14 the first session still works refused: Error(Contract, #10)
10:22:29 PASS P12-Owner13.15 a grant for Owner13's prime-session signed by Owner14's owner key refused: Error(Auth, InvalidAction) Error(Contract, #5)
10:22:29 PASS P12-Owner13.16 the key from P12-Owner13.15 cannot move refused: Error(Contract, #10)
10:22:32 PASS P13-Owner14.1 Owner14 grant: one authorization (own key), relayer pays ok 2961 ms 5c057ccc66c95b3f2ced35c13229942fb9273ef85d72dacb4b55bb4b2ceed578
10:22:33 FAIL P13-Owner14.2 relayer pays: 1 XLM to VENUE refused: Error(Contract, #10)
10:22:43 PASS P13-Owner14.3 Owner14 grant, relayer down: the session key's own account is the transaction source ok 4016 ms 01decee3812720fec1ac78197e1543161e3639584b1d5902fade7e5d48744961 (fee paid by the session key)
10:22:43 FAIL P13-Owner14.4 relayer down: the session key's own account pays the fee, 1 XLM to VENUE refused: Error(Contract, #10)
10:22:44 FAIL P13-Owner14.5 VENUE received exactly 2 XLM 0 stroops
10:22:44 PASS P13-Owner14.6 1 XLM elsewhere refused: Error(Contract, #10)
10:22:44 PASS P13-Owner14.7 on Freighter's session rule refused: Error(Contract, #10)
10:23:02 PASS P13-Owner14.8 the session and 7 real owners vote on rule 0 refused: Error(Auth, InvalidAction) Error(Contract, #3016)
10:23:03 PASS P13-Owner14.9 the session claims its own rule for an account-admin call refused: Error(Auth, InvalidAction) Error(Contract, #3002)
10:23:05 PASS P13-Owner14.10 the session removes rule 0 through its own rule refused: Error(Auth, InvalidAction) Error(Contract, #3002)
10:23:12 PASS P13-Owner14.11 Owner14 grant (second session) ok 6036 ms 78d135b14ca56afbeb62e3fd7b2f2461fbaed840e5937d67022ebd1c386784ad
10:23:17 PASS P13-Owner14.12 Owner14 revokes it: grant(key, 0), one authorization, relayer pays ok 4985 ms 1820f2a5ae4f48df2b0bfbd7d9ccea80fde44e0ce54ccd231e3c7de6a9a8fcc9
10:23:17 PASS P13-Owner14.13 the revoked session refused: Error(Contract, #10)
10:23:18 FAIL P13-Owner14.14 the first session still works refused: Error(Contract, #10)
10:23:18 PASS P13-Owner14.15 a grant for Owner14's prime-session signed by Owner15's owner key refused: Error(Auth, InvalidAction) Error(Contract, #5)
10:23:19 PASS P13-Owner14.16 the key from P13-Owner14.15 cannot move refused: Error(Contract, #10)
10:23:23 PASS P14-Owner15.1 Owner15 grant: one authorization (own key), relayer pays ok 3679 ms a5a4eca314bf7ba79eb0f5a254dee304aef008e48734efc757c2f017eb762cd7
10:23:23 FAIL P14-Owner15.2 relayer pays: 1 XLM to VENUE refused: Error(Contract, #10)
10:23:32 PASS P14-Owner15.3 Owner15 grant, relayer down: the session key's own account is the transaction source ok 4925 ms 98c8cc145eb383f7cec72a0291844b838b6e967b3ed4e92da3340898479f035f (fee paid by the session key)
10:23:33 FAIL P14-Owner15.4 relayer down: the session key's own account pays the fee, 1 XLM to VENUE refused: Error(Contract, #10)
10:23:33 FAIL P14-Owner15.5 VENUE received exactly 2 XLM 0 stroops
10:23:33 PASS P14-Owner15.6 1 XLM elsewhere refused: Error(Contract, #10)
10:23:33 PASS P14-Owner15.7 on Freighter's session rule refused: Error(Contract, #10)
10:23:51 PASS P14-Owner15.8 the session and 7 real owners vote on rule 0 refused: Error(Auth, InvalidAction) Error(Contract, #3016)
10:23:53 PASS P14-Owner15.9 the session claims its own rule for an account-admin call refused: Error(Auth, InvalidAction) Error(Contract, #3002)
10:23:56 PASS P14-Owner15.10 the session removes rule 0 through its own rule refused: Error(Auth, InvalidAction) Error(Contract, #3002)
10:24:02 PASS P14-Owner15.11 Owner15 grant (second session) ok 5540 ms 3a329acbbd7706ad69f66bd34133cf4aa13427abeb86c12c442019fa73e6e8f8
10:24:07 PASS P14-Owner15.12 Owner15 revokes it: grant(key, 0), one authorization, relayer pays ok 5039 ms a70bcc3bb8c1b7f6eac61257de4df49afa5de969c186123ea8cb9d25dcfd1ec1
10:24:08 PASS P14-Owner15.13 the revoked session refused: Error(Contract, #10)
10:24:08 FAIL P14-Owner15.14 the first session still works refused: Error(Contract, #10)
10:24:09 PASS P14-Owner15.15 a grant for Owner15's prime-session signed by Freighter's owner key refused: Error(Auth, InvalidAction) Error(Contract, #5)
10:24:10 PASS P14-Owner15.16 the key from P14-Owner15.15 cannot move refused: Error(Contract, #10)
10:24:10 FAIL R0. Owner15's live session works before removal refused: Error(Contract, #10)
10:24:28 PASS R1. 7 owners try to remove Owner15's session rule refused: Error(Auth, InvalidAction) Error(Contract, #3213)
10:25:02 PASS R2. 8 owners remove Owner15's session rule (Freighter + MetaMask + Phantom + Owner4 + Owner5 + Owner6 + Owner7 + Owner8) ok 33949 ms d884b7d7b02330c4871808cff4a2e78a90cf3e62978c09e287c407bb0efdf206
10:25:03 PASS R3. Owner15's live session after removal refused: Error(Contract, #10)
10:25:08 PASS R4. Owner15 signs a new grant (the contract still takes it) ok 4099 ms 869e90aca8b5e6ccadc81a0fca7153f028e46d7793f2319e23166ff6f3a5c9c8
10:25:08 PASS R5. the new session cannot move either (no rule) refused: Error(Contract, #10)
10:25:08 FAIL R6. Freighter's session still works refused: Error(Contract, #10)
10:25:33 PASS R8. 8 owners remove Owner15 from rule 0 ok 24541 ms 497c112941bce7d5bbf7c80ad79698ae5b6a9e3ad37ceb942b4f305dd9544b57
10:25:58 PASS R9. 8 owners set Owner15's weight to 0 (cleanup) ok 24562 ms 56a679ff2a2930751d3bc358040b04c97da73ad4fdaa63496b5676a52cc50bb7
10:25:59 PASS R10. rule 0 now has 14 signers without Owner15 14 signers
10:26:17 PASS R11. Owner15's vote and 7 other owners no longer count refused: Error(Auth, InvalidAction) Error(Contract, #3016)
