09:19:45 8-of-15 Freighter seat GDHZ2J owner GDHZ2J; MetaMask seat GDVVSX owner GBDUSR; Phantom seat GB2UUG owner GC6ZPO; Owner4 seat GAVV52 owner GAVV52; Owner5 seat GD33JK owner GD33JK; Owner6 seat GC52HQ owner GC52HQ; Owner7 seat GDHV33 owner GDHV33; Owner8 seat GDGFS4 owner GDGFS4; Owner9 seat GANA3W owner GANA3W; Owner10 seat GAO2ZG owner GAO2ZG; Owner11 seat GDCANZ owner GDCANZ; Owner12 seat GBVKDD owner GBVKDD; Owner13 seat GCZ4XB owner GCZ4XB; Owner14 seat GBB7KA owner GBB7KA; Owner15 seat GCGXAN owner GCGXAN
09:21:07 S_Freighter CC4Z52FBL5S2A2MVOE33IQ4UYJOINTYJEJFUQQF7SHR5RS3FJYQQIWYK f8b4868e9e5c547d8e3550e1f3782baf5e3abca50d8888d1fea56973a257a8e7
09:21:12 S_MetaMask CBIECSP54XSB2RQU3TMRUUDNHLB7CBNT6TM5TI3CXUZU25SLX4RZNNBT fd7e8a0c0de15abfee9d32312f5ed233e9022ddb5af6aef43a125bc10f46cf4b
09:21:17 S_Phantom CC4TYFWPFE6DQ2JAZXSCH4P4N6OVHDGPLSASIXICDEF7UHO5IGD6IMWX bdf9fc5c28303300e18959355ea75f3b273f5cba0c3fb6547e787ac802871607
09:21:22 S_Owner4 CDRZMOLWV24QI4CLYKYMYIMVKGSIZQY5HZGS5GEUKLD52X5VJS7AJUDN 79e953d845594d85c54b19a69f127f1fad2f9f5fbfd0f24a747083d9873b2775
09:21:27 S_Owner5 CBAX5YPQKRZGOBSXPYKBVSLXYBFGLBA7QOYRFLAPSZFZ74LSXRWSGUMJ 72e6635065553b5c8c683545642d825c0c24376675ef282d1dae552edbde2b1d
09:21:32 S_Owner6 CASGVLMXSG4F6TNYA2VTNHVHB3VZCVW6HX4IQKSV6HQSUYBPU2U4OBLP 27f701a7f5439a461e529a45e947645ee28587330afb2986246b90aea3f3e2f1
09:21:37 S_Owner7 CCLL6PORAFY4C5KYXXKEKQZGM36TZPCYUXGSKBPHAFA4TSVCQJ3NUGB6 eddc50a788d9cea48aa50842f34927c374dca219d64190b53f14bc5d8c0fd884
09:21:42 S_Owner8 CCXQ6OZOQ5V3GMIB2J3KZ4YD3J7XI2JSOI4O4EP2J3QXSADW64NA4U6X bd16f2301badae15e5ceeb78e66f3afbd0f1842cbe96267c9846d82e6a9658d3
09:21:47 S_Owner9 CDHH4VHBEAD7E4RNSHBHGIYAOF4Y2MWZ6FQWL2AAOPNXHBZCO5D6KMFY aada77860611d71f4361e3f7716ddb4f372f1b222613befd56f7f72b116965bb
09:21:52 S_Owner10 CCWDOS36WEMFXI4NUJOCYQGD53VBEITXOEYT5OTW332OKYWVALAZ7MTE 10b2976b70917cf9361c6ff52021329698818cd5fd40a55d6e57dc9fac23e896
09:21:57 S_Owner11 CBD6UQHSBTDDKJJEIQEJQIZZJBS7HZ7ZMRYJZNZGBXSMKC7B2MBITH4W 1b1611dfc41c2c5c14eb2d73b9b4991ffa01a9cb87c2b7b15dac6c4437577c69
09:22:02 S_Owner12 CCY72J735EJHGYRT2KMAWVEJVP74LUYCEKZ6JR2542IF2PY3VVD73YMC 29bdd5f1c07985285c0ef1f760275a0f19f06a28c7d575dcd2c51bcd505bdcd5
09:22:07 S_Owner13 CD6Y6CJBLMICQNSHIM3OWS3PPBHIHT5MJLSW2QCHXPN2VDDV6S4ZCWJH c7b9969579af2c14f519866c62103f771e2f1e7410a133933dba13fa3fcd67b9
09:22:13 S_Owner14 CBMCXLN3EYUYI4D3M5QX7NTCDCZLFTX4PCY374U44XXSKPT5ZMG3IDXP cbd8d52c33c5c7066ee5d15bb98112945a9301a054541d14fd43d03824d7ddaf
09:22:17 S_Owner15 CB7MJVI645ZCGYXXTM5IMEXG2L5UBS4NAVD5QIZHWZXXVDTRQHAJAE7Z 65518fbc56b16aa6b8d4fe5087fda56101150895f35d5abf597bce3c5ab056b4
09:22:22 Prime Account CBZKTH6TED6HRM7DMVB6V3EQ7T3WSLWB2HTVCBYD24LC3MUVW73KRQVH 415b02f84890780dd03560b2f8c886a75ca40a32fd06b56b3a99598bb282ad07
09:22:28 funded 30 XLM f79f87920451d4df14f791c9114e839b9f3a51e78c86df54e02ae5683a6016d6
09:22:29 PASS P0. rule 0 signers are exactly the 15 seat keys (no prime-session), weighted threshold 8 15 signers, threshold 8
09:22:29 PASS P1. the 15 prime-session contracts and the 15 session-owner accounts are all different CC4Z52,CBIECS,CC4TYF,CDRZMO,CBAX5Y,CASGVL,CCLL6P,CCXQ6O,CDHH4V,CCWDOS,CBD6UQ,CCY72J,CD6Y6C,CBMCXL,CB7MJV
09:22:50 PASS Y1. 7 of 15 owners vote (threshold minus one) to add a rule refused: Error(Auth, InvalidAction) Error(Contract, #3213)
09:23:12 PASS Y2. 8 owners vote (Freighter + MetaMask + Phantom + Owner4 + Owner5 + Owner6 + Owner7 + Owner8) to add a rule ok 21512 ms 9eb3769f582acbccc14413593231e6f77b31850006e48e39b214c1fd1754567b
09:23:17 PASS Y3. a different 8 owners vote (Owner8 + Owner9 + Owner10 + Owner11 + Owner12 + Owner13 + Owner14 + Owner15) to remove it ok 3686 ms 7ee4e8fbfbcb914e3ff65965cd7bb590665362ce0ea4e3852e02e40acea1ace8
09:23:34 PASS Y4. 7 owners and an outsider vote refused: Error(Auth, InvalidAction) Error(Contract, #3016)
09:23:59 PASS Y5. Freighter's seat signed by another key, plus 7 real owners refused: Error(Auth, InvalidAction) Error(Contract, #5)
09:24:18 PASS R-xlm_Freighter. 8 owners install xlm_Freighter: XLM to VENUE only, signer: Freighter's prime-session ok 18552 ms 330e020945dc76e81a7bfc453b156fc82162ce67616afa9f6267609d16eccaf6
09:24:43 PASS R-xlm_MetaMask. 8 owners install xlm_MetaMask: XLM to VENUE only, signer: MetaMask's prime-session ok 23615 ms 3240a41e0253b8c6763da0e0957462735638bd3b76ca0fec6cdf106a3b37b35f
09:25:12 PASS R-xlm_Phantom. 8 owners install xlm_Phantom: XLM to VENUE only, signer: Phantom's prime-session ok 24755 ms 1de1ba210710a8e731bfe7406ef369cd2c4428cbf52935de13284e88326f0d55
09:25:38 PASS R-xlm_Owner4. 8 owners install xlm_Owner4: XLM to VENUE only, signer: Owner4's prime-session ok 22113 ms eb2884e62496bad87370f6f08ac9bb9865b15b0b37776a63ba1beed3e7381687
09:26:02 PASS R-xlm_Owner5. 8 owners install xlm_Owner5: XLM to VENUE only, signer: Owner5's prime-session ok 20915 ms ee62067dec3ee03ff12d1c4cb6979ed57064f57875176b4a818e0f07848b1f91
09:26:27 PASS R-xlm_Owner6. 8 owners install xlm_Owner6: XLM to VENUE only, signer: Owner6's prime-session ok 20560 ms 78971e79a2edbfb9823eaa6051dd4adb4b60b07d3f1b164cb0e33c0fcb7af8b1
09:26:52 PASS R-xlm_Owner7. 8 owners install xlm_Owner7: XLM to VENUE only, signer: Owner7's prime-session ok 21380 ms b45c70c3bdaaaba56e8ab5bfe42620e927b520caac506b3000297d0e548f4ea9
09:27:18 PASS R-xlm_Owner8. 8 owners install xlm_Owner8: XLM to VENUE only, signer: Owner8's prime-session ok 22688 ms 8c2af060a12b0994cdac69940a5b281d4067686b78a60c2ab588a7d3cc3af88f
09:27:48 PASS R-xlm_Owner9. 8 owners install xlm_Owner9: XLM to VENUE only, signer: Owner9's prime-session ok 25660 ms e0441834717567bea948ff67daea6d858e4ad27f508655157d98632d2caac2a5
09:28:23 PASS R-xlm_Owner10. 8 owners install xlm_Owner10: XLM to VENUE only, signer: Owner10's prime-session ok 23951 ms 7537565531857f7cbdc93b0d8ee961b0aa048791f6d2db1d7149c9c7fea9d733
09:29:03 PASS R-xlm_Owner11. 8 owners install xlm_Owner11: XLM to VENUE only, signer: Owner11's prime-session ok 26085 ms 077f5d35f053a7c902231943032ea84ac408f83e505a648a16b7c29e58b37b9f
09:29:42 PASS R-xlm_Owner12. 8 owners install xlm_Owner12: XLM to VENUE only, signer: Owner12's prime-session ok 24786 ms 60ab903023c8e68a292da1ec7b0f33df275cd3028a40cf904525c559a5f8429a
09:30:23 PASS R-xlm_Owner13. 8 owners install xlm_Owner13: XLM to VENUE only, signer: Owner13's prime-session ok 24293 ms 8d5ae89538411dad5297a58fa3b2b962d0a84d1bcedef667775eeab2a1151d47
