detect {"hana":["_events","_eventsCount","_maxListeners","getPublicKey","signTransaction","signBlob","signAuthEntry","signMessage","getNetworkDetails"],"hanaTop":[],"rabet":null,"xbull":null,"freighter":null,"lobstrConnected":null}
[connect] ERROR timeout 100000
detect {"hana":["_events","_eventsCount","_maxListeners","getPublicKey","signTransaction","signBlob","signAuthEntry","signMessage","getNetworkDetails"],"hanaTop":[],"rabet":null,"xbull":null,"freighter":null,"lobstrConnected":null}
[connect] ERROR page.evaluate: Target page, context or browser has been closed
detect {"hana":["_events","_eventsCount","_maxListeners","getPublicKey","signTransaction","signBlob","signAuthEntry","signMessage","getNetworkDetails"],"hanaTop":[],"rabet":null,"xbull":null,"freighter":null,"lobstrConnected":null}

--- prompt [connect] popup.html buttons=[]
Loading wallet...
---

--- prompt [connect] popup.html buttons=["A1\n\nAccount 1\n\n0 ETH\n\nSwitch","Authorize(disabled)","Cancel","Enable","Cancel"]
CONNECTION REQUEST FOR ACCOUNT 1
PWT
Prime wallet test (Stellar)
localhost:8801
Current wallet
A1
Account 1
0 ETH
Switch
Authorize
Cancel
Home
Trade
Hana Play
Addresses
CHAIN REQUEST FOR YOUR ACCOUNT
Enable Stellar
localhost:8801
Enable
Cancel
---
clicked "Enable" [connect]

--- prompt [connect] popup.html buttons=["A1\n\nAccount 1\n\n0 ETH\n\nSwitch","Authorize(disabled)","Cancel"]
CONNECTION REQUEST FOR ACCOUNT 1
PWT
Prime wallet test (Stellar)
localhost:8801
Current wallet
A1
Account 1
0 ETH
Switch
Authorize
Cancel
Home
Trade
Hana Play
Addresses
---
[connect] ERROR timeout 100000
[connect] ok "GDEUQO6PLMALYL5RV7Y5ATWKUOYBV2UFP2LKSJ6LGKN5KN5QLMNOBNZR"

--- prompt [connect] popup.html buttons=["Unlock(disabled)"]
Loading wallet...
---
unlocked [connect]

--- prompt [near] popup.html buttons=["(disabled)","USD","Deposit","Withdraw","History","Deposit\nCrypto","Manage\nNetworks","MORE DETAILS","Sign","Cancel"]
Account 1
USD
Hey!
Deposit
Withdraw
History
Deposit
Crypto
Manage
Networks
Tokens will show up here
once available.
Home
Trade
Hana Play
Addresses
PWT
Signing Request
at localhost:8801
with Account 1 on Stellar
From
GDEUQO6P…LMNOBNZR
MORE DETAILS
Sign
Cancel
---
clicked "Sign" [near]
[near] ok "RTzujfPz4IJKa2a1sus1mWwizBAsD68cpIW4MAbTOX8+6rFTyIkeF8g0/lAc0UcW1VfUlg6jzsZD2PyfqoGuDA=="

--- prompt [near] popup.html buttons=["USD","Deposit","Withdraw","History","Deposit\nCrypto","Manage\nNetworks"]
Account 1
USD
Hey!
Deposit
Withdraw
History
Deposit
Crypto
Manage
Networks
Tokens will show up here
once available.
Home
Trade
Hana Play
Addresses
---
clicked "Sign" [grant]
[grant] ok {"type":"Buffer","data":[175,47,185,233,131,64,121,10,216,179,65,12,131,45,19,145,104,221,127,143,18,46,99,234,67,25,59,254,230,218,66,176,156,3,238,237,130,53,180,88,14,12,79,141,55,78,160,166,204,20
clicked "Sign" [vote]
[vote] ok {"type":"Buffer","data":[8,194,183,253,97,49,10,98,112,88,161,196,151,60,84,20,177,171,133,115,172,124,211,19,16,89,30,181,238,145,5,120,135,19,213,36,67,47,200,232,155,105,152,87,95,3,153,239,135,25,

--- prompt [tx] popup.html buttons=["(disabled)","USD","Deposit","Withdraw","History","Deposit\nCrypto","Manage\nNetworks","MORE DETAILS","Sign(disabled)","Cancel"]
Account 1
USD
Hey!
Deposit
Withdraw
History
Deposit
Crypto
Manage
Networks
Tokens will show up here
once available.
Home
Trade
Hana Play
Addresses
PWT
Signing Request
at localhost:8801
with Account 1 on Stellar
Incorrect network
This dApp is requesting to sign with a network that is not your active network.
From
GDEUQO6P…LMNOBNZR
Base Fee
...
Operations
1
Payment
Destination
GCUAXMXPWOQ45GTIBSI6MANYOFR6WUBWM3SHE3WDYR5SQCJ76WAIXLCF
Asset
XLM
Amount
1.0000000
MORE DETAILS
Sign
Cancel
---

--- prompt [tx] popup.html buttons=["(disabled)","USD","Deposit","Withdraw","History","Deposit\nCrypto","Manage\nNetworks","MORE DETAILS","Sign(disabled)","Cancel"]
Account 1
USD
Hey!
Deposit
Withdraw
History
Deposit
Crypto
Manage
Networks
Tokens will show up here
once available.
Home
Trade
Hana Play
Addresses
PWT
Signing Request
at localhost:8801
with Account 1 on Stellar
Incorrect network
This dApp is requesting to sign with a network that is not your active network.
From
GDEUQO6P…LMNOBNZR
Base Fee
<0.001 XLM
Operations
1
Payment
Destination
GCUAXMXPWOQ45GTIBSI6MANYOFR6WUBWM3SHE3WDYR5SQCJ76WAIXLCF
Asset
XLM
Amount
1.0000000
MORE DETAILS
Sign
Cancel
---

--- prompt [tx] popup.html buttons=["MORE DETAILS","Sign(disabled)","Cancel"]
PWT
Signing Request
at localhost:8801
with Account 1 on Stellar
Incorrect network
This dApp is requesting to sign with a network that is not your active network.
From
GDEUQO6P…LMNOBNZR
Base Fee
<0.001 XLM
Operations
1
Payment
Destination
GCUAXMXPWOQ45GTIBSI6MANYOFR6WUBWM3SHE3WDYR5SQCJ76WAIXLCF
Asset
XLM
Amount
1.0000000
MORE DETAILS
Sign
Cancel
Home
Trade
Hana Play
Addresses
---
[tx] ERROR timeout 90000

--- prompt [idle] popup.html buttons=["MORE DETAILS","Sign(disabled)","Cancel"]
PWT
Signing Request
at localhost:8801
with Account 1 on Stellar
Incorrect network
This dApp is requesting to sign with a network that is not your active network.
From
GDEUQO6P…LMNOBNZR
Base Fee
<0.001 XLM
Operations
1
Payment
Destination
GCUAXMXPWOQ45GTIBSI6MANYOFR6WUBWM3SHE3WDYR5SQCJ76WAIXLCF
Asset
XLM
Amount
1.0000000
MORE DETAILS
Sign
Cancel
Home
Trade
Hana Play
Addresses
---
[connect] ok "GDEUQO6PLMALYL5RV7Y5ATWKUOYBV2UFP2LKSJ6LGKN5KN5QLMNOBNZR"

--- prompt [near] popup.html buttons=[]
Loading wallet...
---
[near] ERROR timeout 60000
[connect] ok "GDEUQO6PLMALYL5RV7Y5ATWKUOYBV2UFP2LKSJ6LGKN5KN5QLMNOBNZR"

--- prompt [connect] popup.html buttons=[]
Loading wallet...
---

--- prompt [connect] popup.html buttons=["(disabled)","USD","Deposit","Withdraw","History","Deposit\nCrypto","Manage\nNetworks"]
Account 1
USD
Hey!
Deposit
Withdraw
History
Deposit
Crypto
Manage
Networks
Tokens will show up here
once available.
Home
Trade
Hana Play
Addresses
---

--- prompt [near] popup.html buttons=["USD","Deposit","Withdraw","History","Deposit\nCrypto","Manage\nNetworks","MORE DETAILS","Sign","Cancel"]
Account 1
USD
Hey!
Deposit
Withdraw
History
Deposit
Crypto
Manage
Networks
Tokens will show up here
once available.
Home
Trade
Hana Play
Addresses
PWT
Signing Request
at localhost:8801
with Account 1 on Stellar
From
GDEUQO6P…LMNOBNZR
MORE DETAILS
Sign
Cancel
---
clicked "Sign" [near]
[near] ok "ec3k3XJDToloLIOnAmRj7EEHwa1mG4oSgcUxEXhHYZ8B6qmcoHYbm+ZiSSfs4hFL8aYbPGPE6XVLJLowWD+yDQ=="

--- prompt [tx] popup.html buttons=["(disabled)","USD","Deposit","Withdraw","History","Deposit\nCrypto","Manage\nNetworks","MORE DETAILS","Sign","Cancel"]
Account 1
USD
Hey!
Deposit
Withdraw
History
Deposit
Crypto
Manage
Networks
Tokens will show up here
once available.
Home
Trade
Hana Play
Addresses
PWT
Signing Request
at localhost:8801
with Account 1 on Stellar
From
GDEUQO6P…LMNOBNZR
Base Fee
...
Operations
1
Payment
Destination
GCUAXMXPWOQ45GTIBSI6MANYOFR6WUBWM3SHE3WDYR5SQCJ76WAIXLCF
Asset
XLM
Amount
1.0000000
MORE DETAILS
Sign
Cancel
---
clicked "Sign" [tx]
[tx] ok "AAAAAgAAAADJSDvPWwC8L7Gv8dBOyqOwGuqFfpapJ8sym9U3sFsa4AAAAGQAAAAAAAAD6QAAAAEAAAAAAAAAAAAAAAAAAAAAAAAAAAAAAAEAAAAAAAAAAQAAAACoC7Lvs6HOmmgMkeYBuHFj61A2ZuRybsPEeygJP/WAiwAAAAAAAAAAAJiWgAAAAAAAAAABsFsa4AA
[connect] ok "GDEUQO6PLMALYL5RV7Y5ATWKUOYBV2UFP2LKSJ6LGKN5KN5QLMNOBNZR"

--- prompt [grant] popup.html buttons=[]
Loading wallet...
---

--- prompt [grant] popup.html buttons=["MORE DETAILS","Sign","Cancel","MORE DETAILS","Sign","Cancel"]
PWT
Signing Request
at localhost:8801
with Account 1 on Stellar
From
GDEUQO6P…LMNOBNZR
MORE DETAILS
Sign
Cancel
Home
Trade
Hana Play
Addresses
PWT
Signing Request
at localhost:8801
with Account 1 on Stellar
From
GDEUQO6P…LMNOBNZR
MORE DETAILS
Sign
Cancel
---

--- prompt [grant] popup.html buttons=["MORE DETAILS","Sign","Cancel"]
PWT
Signing Request
at localhost:8801
with Account 1 on Stellar
From
GDEUQO6P…LMNOBNZR
MORE DETAILS
Sign
Cancel
Home
Trade
Hana Play
Addresses
---
[grant] ok {"type":"Buffer","data":[175,47,185,233,131,64,121,10,216,179,65,12,131,45,19,145,104,221,127,143,18,46,99,234,67,25,59,254,230,218,66,176,156,3,238,237,130,53,180,88,14,12,79,141,55,78,160,166,204,20
