providers {"found":["Rabby Wallet io.rabby","Rabby Wallet io.rabby"],"legacy":true}

--- prompt [connect] notification.html#/approval buttons=["Connect","Cancel"]
Connect to Dapp
Ethereum
http://127.0.0.1:8801
Listed by
None
Site popularity
My mark
No mark
Connect Address
Connect
Cancel
---
click err Connect locator.click: Timeout 3000ms exceeded.
Call log:
  - waiting for getByText('Con

--- prompt [connect] notification.html#/approval buttons=["Connect(disabled)","Cancel"]
Connect to Dapp
Ethereum
http://127.0.0.1:8801
Listed by
None
Site popularity
Very Low
My mark
No mark
Connect Address
Seed Phrase 1 #1
Connect
Please process the alert before signing
Ignore all
Cancel
---

--- prompt [connect] notification.html#/approval buttons=["Connect","Cancel"]
Connect to Dapp
Ethereum
http://127.0.0.1:8801
Listed by
None
Site popularity
Very Low
My mark
No mark
Connect Address
Seed Phrase 1 #1
Connect
Cancel
---
clicked "Connect" [connect]
[connect] ok {"accounts":["0x8970828c8e2c7483a0a872721acf68f98b11d17f"],"chainId":"0x1"}

--- prompt [grant] notification.html#/approval buttons=["Sign","Cancel"]
http://127.0.0.1:8801
Unknown Signature Type
View Raw
Sign Text
Prime session
contract: 0x93e39aa04aa10600a4584976c41f1cbea7a81d1a
session key: 0xdd0125bea506fbb56ea93e1340011858355b126d
valid until (unix time): 1791707066
network: 84532
Seed Phrase 1 #1
0x897082...11d17f
$0
Sign
Cancel
---
clicked "Sign" [grant]

--- prompt [grant] notification.html#/approval buttons=["Confirm","Cancel"]
http://127.0.0.1:8801
Unknown Signature Type
View Raw
Sign Text
Prime session
contract: 0x93e39aa04aa10600a4584976c41f1cbea7a81d1a
session key: 0xdd0125bea506fbb56ea93e1340011858355b126d
valid until (unix time): 1791707066
network: 84532
Seed Phrase 1 #1
0x897082...11d17f
$0
Confirm
Cancel
---
clicked "Confirm" [grant]
[grant] ok 0xc72f0b9ec5d4a3ae6137e46d1e84b3380025c1…
[near] ERROR timeout 90000

--- prompt [ethSign] notification.html#/approval buttons=["Sign(disabled)","Cancel"]
Seed Phrase 1 #1
0x897082...11d17f
$0
Sign
Cancel
---

--- prompt [ethSign] notification.html#/approval buttons=["Sign","Cancel"]
http://127.0.0.1:8801
Unknown Signature Type
View Raw
Sign Text
Prime NEAR signer
contract: signer.prime-spike-muwguc60.testnet
path: prime:evm
domain: 0
payload: ff11f72c734002a80a4424181a399eda9bb185668177e17e487b6fb3ada04101
Seed Phrase 1 #1
0x897082...11d17f
$0
Sign
Cancel
---
clicked "Sign" [ethSign]

--- prompt [ethSign] notification.html#/approval buttons=["Confirm","Cancel"]
http://127.0.0.1:8801
Unknown Signature Type
View Raw
Sign Text
Prime NEAR signer
contract: signer.prime-spike-muwguc60.testnet
path: prime:evm
domain: 0
payload: ff11f72c734002a80a4424181a399eda9bb185668177e17e487b6fb3ada04101
Seed Phrase 1 #1
0x897082...11d17f
$0
Confirm
Cancel
---
clicked "Confirm" [ethSign]

--- prompt [ethSign] notification.html#/approval buttons=["Sign","Cancel"]
http://127.0.0.1:8801
Unknown Signature Type
View Raw
Sign Text
0xbf0efe861ea82eff6c69183717794814c16e13b7d44ecc41923dac8c98f605db
Seed Phrase 1 #1
0x897082...11d17f
$0
Sign
Cancel
---
clicked "Sign" [ethSign]

--- prompt [ethSign] notification.html#/approval buttons=["Confirm","Cancel"]
http://127.0.0.1:8801
Unknown Signature Type
View Raw
Sign Text
0xbf0efe861ea82eff6c69183717794814c16e13b7d44ecc41923dac8c98f605db
Seed Phrase 1 #1
0x897082...11d17f
$0
Confirm
Cancel
---
clicked "Confirm" [ethSign]
[ethSign] ok 0x72e6f4d1472b0f5e68b1c7eb06ae1c806f4129…
[typed] ERROR page.evaluate: Object
providers {"found":["Rabby Wallet io.rabby","Rabby Wallet io.rabby"],"legacy":true}
[connect] ok {"accounts":["0x8970828c8e2c7483a0a872721acf68f98b11d17f"],"chainId":"0x1"}

--- prompt [near] notification.html#/approval buttons=["Sign(disabled)","Cancel"]
Seed Phrase 1 #1
0x897082...11d17f
$0
Sign
Cancel
---

--- prompt [near] notification.html#/approval buttons=["Sign","Cancel"]
http://127.0.0.1:8801
Unknown Signature Type
View Raw
Sign Text
Prime NEAR signer
contract: signer.prime-spike-muwguc60.testnet
path: prime:evm
domain: 0
payload: ff11f72c734002a80a4424181a399eda9bb185668177e17e487b6fb3ada04101
Seed Phrase 1 #1
0x897082...11d17f
$0
Sign
Cancel
---
clicked "Sign" [near]

--- prompt [near] notification.html#/approval buttons=["Confirm","Cancel"]
http://127.0.0.1:8801
Unknown Signature Type
View Raw
Sign Text
Prime NEAR signer
contract: signer.prime-spike-muwguc60.testnet
path: prime:evm
domain: 0
payload: ff11f72c734002a80a4424181a399eda9bb185668177e17e487b6fb3ada04101
Seed Phrase 1 #1
0x897082...11d17f
$0
Confirm
Cancel
---
clicked "Confirm" [near]
[near] ok 0x4391c48318d2087ee7815831315a2644174c0a…
[typed] ERROR page.evaluate: Error: RPC {"code":-32602,"message":"chainId should be same as current chainId"}
    at rq (http://127.0.0.1:8801/evm.html:7:86)
    at async <anonymous>:396:30
providers {"found":["Rabby Wallet io.rabby","Rabby Wallet io.rabby"],"legacy":true}
[connect] ok {"accounts":["0x8970828c8e2c7483a0a872721acf68f98b11d17f"],"chainId":"0x1"}
[chain] switch ERROR page.evaluate: Error: RPC {"code":-32603,"message":"Unrecognized chain ID \"0x14a34\". Try adding the chain using wallet_switchEthereumChain first.","data":{"originalError":{"message":"Unrecognized ch

--- prompt [chain] notification.html#/approval buttons=["Cancel","Add"]
Add Custom Network to Rabby
Rabby cannot verify the security of custom networks. Please add trusted networks only.
Chain ID
Network name
RPC URL
Currency symbol
Block explorer URL (Optional)
Cancel
Add
---
clicked "Add" [chain]

--- prompt [typed] notification.html#/approval buttons=["Sign(disabled)","Cancel"]
Seed Phrase 1 #1
0x897082...11d17f
Sign
Cancel
---

--- prompt [typed] notification.html#/approval buttons=["Sign","Cancel"]
http://127.0.0.1:8801
Unknown Signature Type
View Raw
Primary type
SafeTx
{
  "types": {
    "EIP712Domain": [
      {
        "name": "chainId",
        "type": "uint256"
      },
      {
        "name": "verifyingContract",
        "type": "address"
      }
    ],
    "SafeTx": [
      {
        "name": "to",
        "type": "address"
      },
      {
        "name": "value",
        "type": "uint256"
      },
      {
        "name": "data",
        "type": "bytes"
      },
      {
        "name": "operation",
        "type": "uint8"
      },
      {
        "name": "safeTxGas",
        "type": "uint256"
      },
      {
        "name": "baseGas",
        "type": "uint256"
      },
      {
        "name": "gasPrice",
        "type": "uint256"
      },
      {
        "name": "gasToken",
        "type": "address"
      },
      {
        "name": "refundReceiver",
        "type": "address"
      },
      {
        "name": "nonce",
        "type": "uint256"
      }
    ]
  },
  "primaryType": "SafeTx",
  "domain": {
    "chainId": 84532,
    "verifyingContract": "0xA2E16A037267C3124bDDFab34265a925FBA6D32c"
  },
  "message": {
    "to": "0x4c32C5d73B6Be66D9bba60f775d7106DeaAe8bf7",
    "value": "1000",
    "data": "0x",
    "operation": 0,
    "safeTxGas": "0",
    "baseGas": "0",
    "gasPrice": "0",
    "gasToken": "0x0000000000000000000000000000000000000000",
    "refundReceiver": "0x0000000000000000000000000000000000000000",
    "nonce": "0"
  }
}
Sign Typed Data
{
    "to": "0x4c32C5d73B6Be66D9bba60f775d7106DeaAe8bf7",
    "value": "1000",
    "data": "0x",
    "operation": 0,
    "safeTxGas": "0",
    "baseGas": "0",
    "gasPrice": "0",
    "gasToken": "0x0000000000000000000000000000000000000000",
    "refundReceiver": "0x0000000000000000000000000000000000000000",
    "nonce": "0"
}
Custom Network
Seed Phrase 1 #1
0x897082...11d17f
Sign
Cancel
---
clicked "Sign" [typed]
clicked "Confirm" [typed]
[typed] ok 0x9b8a25d17b2529d19f17245dc47176ab4b207e…
