providers {"found":["Rainbow me.rainbow"],"legacy":true}

--- prompt [connect] popup.html?tabId=1254242445#/approve-request buttons=["Connect to 127.0.0.1:8801\nCtrl\n⏎","Cancel"]
127.0.0.1:8801 wants to connect to your wallet
0.1
Allow 127.0.0.1:8801 to view your wallets address, balance, activity and request approval for transactions.
Wallet
🍊
0x8970…D17F
Network
Ethereum
Connect to 127.0.0.1:8801
Ctrl
⏎
Cancel
---
[connect] ERROR page.evaluate: Target page, context or browser has been closed
providers {"found":["Rainbow me.rainbow"],"legacy":true}
unlocked [connect]

--- prompt [connect] popup.html?tabId=1254242516#/approve-request buttons=["Connect to 127.0.0.1:8801\nCtrl\n⏎","Cancel"]
127.0.0.1:8801 wants to connect to your wallet
0.1
Allow 127.0.0.1:8801 to view your wallets address, balance, activity and request approval for transactions.
Wallet
🍊
0x8970…D17F
Network
Ethereum
Connect to 127.0.0.1:8801
Ctrl
⏎
Cancel
---
[connect] ok {"accounts":["0x8970828c8e2c7483a0a872721acf68f98b11d17f"],"chainId":"0x1"}
clicked "Connect to 127.0.0.1:8801" [grant]

--- prompt [grant] popup.html?tabId=1254242516#/approve-request buttons=["Cancel","Sign\nCtrl\n⏎"]
0.1
Message Signing Request
Message
Prime session
contract: 0x93e39aa04aa10600a4584976c41f1cbea7a81d1a
session key: 0xdd0125bea506fbb56ea93e1340011858355b126d
valid until (unix time): 1791707066
network: 84532
🍊
Signing with
0x8970…D17F
No fee to sign
Cancel
Sign
Ctrl
⏎
---
clicked "Sign" [grant]
[grant] ok 0xc72f0b9ec5d4a3ae6137e46d1e84b3380025c1…

--- prompt [near] popup.html?tabId=1254242516#/home buttons=[]
🍊
🍊
0x8970…D17F
Copy
Swap
Send
Buy
Tokens
$0.00
Deposit from Coinbase
Transfer your crypto from Coinbase for free
Buy crypto to fund your wallet
PressBto view supported payment options
Send from another wallet
PressCto copy your address orQfor QR code
---
[near] ERROR timeout 120000

--- prompt [ethSign] popup.html?tabId=1254242516#/approve-request buttons=["Cancel","Sign\nCtrl\n⏎"]
0.1
Message Signing Request
Message
0xbf0efe861ea82eff6c69183717794814c16e13b7d44ecc41923dac8c98f605db
🍊
Signing with
0x8970…D17F
No fee to sign
Cancel
Sign
Ctrl
⏎
---
clicked "Sign" [ethSign]
[ethSign] ok 0x72e6f4d1472b0f5e68b1c7eb06ae1c806f4129…

--- prompt [typed] popup.html?tabId=1254242516#/approve-request buttons=["Cancel","Sign\nCtrl\n⏎"]
0.1
Message Signing Request
Simulated Result
Simulating...
Message
{
  "domain": {
    "chainId": 84532,
    "verifyingContract": "0xA2E16A037267C3124bDDFab34265a925FBA6D32c"
  },
  "types": {
    "EIP712Domain": [
      {
        "name": "chainId",
        "type": "uint256"
      },
      {
        "name": "verifyingContract",
        "type": "address"
      }
    ],
    "SafeTx": [
      {
        "name": "to",
        "type": "address"
      },
      {
        "name": "value",
        "type": "uint256"
      },
      {
        "name": "data",
        "type": "bytes"
      },
      {
        "name": "operation",
        "type": "uint8"
      },
      {
        "name": "safeTxGas",
        "type": "uint256"
      },
      {
        "name": "baseGas",
        "type": "uint256"
      },
      {
        "name": "gasPrice",
        "type": "uint256"
      },
      {
        "name": "gasToken",
        "type": "address"
      },
      {
        "name": "refundReceiver",
        "type": "address"
      },
      {
        "name": "nonce",
        "type": "uint256"
      }
    ]
  },
  "primaryType": "SafeTx",
  "message": {
    "to": "0x4c32C5d73B6Be66D9bba60f775d7106DeaAe8bf7",
    "value": "1000",
    "data": "0x",
    "operation": 0,
    "safeTxGas": "0",
    "baseGas": "0",
    "gasPrice": "0",
    "gasToken": "0x0000000000000000000000000000000000000000",
    "refundReceiver": "0x0000000000000000000000000000000000000000",
    "nonce": "0"
  }
}
🍊
Signing with
0x8970…D17F
No fee to sign
Cancel
Sign
Ctrl
⏎
---
clicked "Sign" [typed]
[typed] ok 0x9b8a25d17b2529d19f17245dc47176ab4b207e…
providers {"found":["Rainbow me.rainbow"],"legacy":true}
[connect] ok {"accounts":["0x8970828c8e2c7483a0a872721acf68f98b11d17f"],"chainId":"0x14a34"}

--- prompt [near] popup.html?tabId=1254242532#/approve-request buttons=["Cancel","Sign\nCtrl\n⏎"]
0.1
Message Signing Request
Message
Prime NEAR signer
contract: signer.prime-spike-muwguc60.testnet
path: prime:evm
domain: 0
payload: ff11f72c734002a80a4424181a399eda9bb185668177e17e487b6fb3ada04101
🍊
Signing with
0x8970…D17F
No fee to sign
Cancel
Sign
Ctrl
⏎
---
clicked "Sign" [near]
[near] ok 0x4391c48318d2087ee7815831315a2644174c0a…
