{
  MetaMask: "2mgK6QSMmExM2CDzKZK3dFHpaUYb5NkiS2spdL6yvGMZ",
  Freighter: "BU4B8vczr3Xqzo1sq5fTUE9HG9VxvXcbUKv4Yv4q9AuU",
  Phantom: "G5H71U2pASYLeei9MYvWVmCZzjHp2VscWTjpdLYa6LT4",
  sessionMetaMask: "FGaZkHnnqWdGtGHwYBNg3XFJW9euiqWa9ParoHMfRWPX",
  sessionFreighter: "GgnRgm9eVt6TNUNQUm13Nr9Zo7Mkv2Lvdm7nma6uzLZj",
  program: "FTNMFWiECbRp7D5MwJUiNQfee6NuJPjE7S11J9yc2B9G",
  programB: "J38gUL2YFo91GDBnDXwVDaGpk6XWSJUhs7RuditRdiVo",
  net: "localnet",
}
PASS P0. seats are exactly MetaMask(NEAR MPC), Freighter(NEAR MPC), Phantom(own key); threshold 2; vault funded | ok 4cdCz5XgReidw5yvuCMHtWYHkGn252TcChX3Zp1BTHQyyK5hZmkhMrVnhZvgwqXqBRiiz3MmTcJCXeAkatJszmXf
PASS K1-MetaMask. MetaMask alone:a. MetaMask proposes and approves | ok p9BVqRmWAaxmbC7kaek1U3MyHmoVUnPWpEiXAHB7wqDtKE9GiLye3MKuhshivaQBF1vfi5G7X2GPPfNRwr9r7T2
PASS K1-MetaMask. MetaMask alone:b. MetaMask executes with only its own approval | refused: Error Code: InvalidProposalStatus
PASS K1-Freighter. Freighter alone:a. Freighter proposes and approves | ok 3q7H4ur35ncLWJUJLxHVHgX4seKtb8f2oH2SMtW9YV7vUMEqovijWsHi5dYtMRGvwj7Vemn9Zxz68EX9sRjfTwyN
PASS K1-Freighter. Freighter alone:b. Freighter executes with only its own approval | refused: Error Code: InvalidProposalStatus
PASS K1-Phantom. Phantom alone:a. Phantom proposes and approves | ok 3hrbEgt62RxmpsPjZxBiYEXtR8fdvbpsSUHdRStWaWfHktRHG677WrsNjy5XrbT9V59PtVfPugz36ReivrzNW8Hm
PASS K1-Phantom. Phantom alone:b. Phantom executes with only its own approval | refused: Error Code: InvalidProposalStatus
PASS K2. MetaMask + Freighter:a. MetaMask proposes and approves | ok 4k29CWQ2gg51GM27ZZDem13dByHH9Q1nsiqqgnpheCY1CWphU5X8ygVozqxj9vbWQnomgJKgiVC9YcVKhTZLXUyd
METRIC seat-propose-K2-MetaMask {"totalCu":61514,"bytes":579,"fee":10000}
PASS K2. MetaMask + Freighter:b. Freighter approves and executes | ok 5Ph7HPNfWdSB5eXW2V7bbdeoo49FKUEUNr2uGBdiEiWdjAq7vFmapd7CAZyWHzqVEeBLDWVcERy6xCBLtfkQGQYU
METRIC seat-exec-K2-Freighter {"totalCu":49691,"bytes":490,"fee":10000}
PASS K3. Freighter + Phantom:a. Freighter proposes and approves | ok 2QEcavKnH7a4YvDwvvBaLPV1fSnYFQRF5zU5oC2zsRmzcem9AZgNahDS5SNKxaPsd2ppR1WN2WDot2cb81d7vGZB
METRIC seat-propose-K3-Freighter {"totalCu":61328,"bytes":579,"fee":10000}
PASS K3. Freighter + Phantom:b. Phantom approves and executes | ok rQqnTVKKjo2Ud5SodxKDukNs9JAf7hN7UQJYbUWjD3iwn3Jst71ytV8HFprgHCfBw3bS5MqRPMjbH6rmXrBvq6a
METRIC seat-exec-K3-Phantom {"totalCu":51319,"bytes":490,"fee":10000}
PASS K4. Phantom + MetaMask:a. Phantom proposes and approves | ok o5P1yufL51P2rYEmt6tyVqeDqyzupg6L6iNF8L2jBCotnBbLRkvmX9AAG9172ASgCsjVEajAti5yj1iaqputsSx
METRIC seat-propose-K4-Phantom {"totalCu":61520,"bytes":579,"fee":10000}
PASS K4. Phantom + MetaMask:b. MetaMask approves and executes | ok 48rXJvrYhSZBuTF8efASiNRTukmgDsTyFUf5Bd2o6N1z68Gr1fgTXX25oyaeLxa5ggbYU8MnbcMwzJ6RAQtVVsDF
METRIC seat-exec-K4-MetaMask {"totalCu":51366,"bytes":490,"fee":10000}
PASS K5. DEST received exactly 0.03 SOL | ok 0.03
PASS K6. MetaMask alone (open proposal):a. MetaMask proposes and approves | ok 39rPJkfx8VaLrxxB438wreXUiJXAE7b6x8LUxCwyTFFvRNLzHTjGAa8UTZxSD2efTsbC4JDbMFJPJ1uEDCDvWAMW
PASS K6. MetaMask alone (open proposal):b. MetaMask executes with only its own approval | refused: Error Code: InvalidProposalStatus
PASS K6c. an outsider approves it | refused: Error Code: NotASigner
PASS K6d. Freighter's seat signed by MetaMask's MPC key | refused: Transaction did not pass signature verification
PASS K6e. Freighter's seat signed by its MPC key under another path | refused: Transaction did not pass signature verification
PASS K6f-MetaMask. MetaMask's seat vote signed by its session-path key | refused: Transaction did not pass signature verification
PASS K6g-MetaMask. MetaMask's session-path key approves as itself | refused: Error Code: NotASigner
PASS K6f-Freighter. Freighter's seat vote signed by its session-path key | refused: Transaction did not pass signature verification
PASS K6g-Freighter. Freighter's session-path key approves as itself | refused: Error Code: NotASigner
PASS K7. install the movers policy (members: the three session PDAs):a. MetaMask proposes and approves | ok WkoiRJqe6do9JwvpWewo7jHfjt5YUj4pPWxe895k2tRxp31qCJURqh65UxBvX2XjCY2vhnzV3W3476Je21R8s8S
PASS K7. install the movers policy (members: the three session PDAs):b. Phantom approves and executes | ok 45mv1izLkLAPD8c2Mw85WrdM2bwiUDqsUnq6PmTrb8XuqwsjB7d8GnogyQ9p8BfyesBzcxrqh8L3uRuPVoHyRhWT
PASS N0. MetaMask alone (open proposal):a. MetaMask proposes and approves | ok 5uGrDyBGYWWa9uugvvNFeL6hcovJUgC2gToVxisd2JZ7iNw3wCdPZ9AnwHhqNoiU5VunjkqcutLYFihnhY8i9UUv
PASS N0. MetaMask alone (open proposal):b. MetaMask executes with only its own approval | refused: Error Code: InvalidProposalStatus
PASS N1. Phantom session approves that proposal as its PDA | refused: Error Code: NotASigner
PASS N2. Phantom session key approves it as itself | refused: Error Code: NotASigner
PASS N3. Phantom session proposes a vault transaction as its PDA | refused: Error Code: NotASigner
PASS N4. Phantom session adds its key as a seat (settings sync, as its PDA) | refused: Error Code: InvalidSignerCount
PASS N5. Phantom session calls a program other than the Smart Account (System transfer from its PDA) | refused: Program FTNMFWiECbRp7D5MwJUiNQfee6NuJPjE7S11J9yc2B9G invoke [1] Unknown program SMRTzfY6DfH5ik3TKiyLFfXexV8uSG3d2UksSCYdunG Program FTNMFWiECbRp7D5MwJUiNQfee6Nu
PASS G-MetaMask1. one MetaMask signature (through NEAR) -> session; relayer pays: 0.01 SOL to VENUE | ok 4AkibVvyuUj8MFebKEnq7gyssTojdngjYE94fSWCuAtTxwBksxiDmabPP43sCmAqZ2JbNaSJkdqYLGDNr94HNWde
METRIC move-MetaMask-relayed {"totalCu":51885,"primeSessionCu":51885,"bytes":975,"fee":15000}
PASS G-MetaMask2. relayer down: session key pays the fee itself: 0.005 SOL to VENUE | ok 22H4g4MUakqxGCEG4W8aYAoFiyAZebioBhnPCojoWkMJzNmWHXQhYF4jksRrCFgaNQKaR1WPworBunViJYv4Rqc5
PASS G-MetaMask3. VENUE received exactly 0.015 SOL | ok 0.015
PASS G-MetaMask4. relayer down and the session key has no SOL | refused: Attempt to debit an account but found no record of a prior credit
PASS G-MetaMask5. same session: 0.01 SOL elsewhere (policy) | refused: Error Code: ProgramInteractionAccountConstraintViolated
PASS G-MetaMask6. same session: 0.06 SOL to VENUE (over the 0.05 per-move limit) | refused: Error Code: ProgramInteractionInvalidNumericValue
PASS G-MetaMask7. stretched valid-until | refused: custom program error: 0x7
PASS G-MetaMask8. someone else replays the grant with their own key | refused: custom program error: 0x7
PASS G-Freighter1. one Freighter signature (through NEAR) -> session; relayer pays: 0.01 SOL to VENUE | ok 2QE2zchxVRxqdsUeE9oH6tdooKAittu6DLH3PQEJ2mDzZPC8Hb4CCv6T1Pke9ncBfDAQetSZfd9mT6nZR1NHjB52
METRIC move-Freighter-relayed {"totalCu":50353,"primeSessionCu":50353,"bytes":975,"fee":15000}
PASS G-Freighter2. relayer down: session key pays the fee itself: 0.005 SOL to VENUE | ok 3sZmWEcBhekLTyQmw8o8VNUp3Pn7X4Q131uHaYTGYj7nSAo8pgPz7J6tVWw7iWJ5dhFNtJ9YvMxqdscoS9V6xVr
PASS G-Freighter3. VENUE received exactly 0.015 SOL | ok 0.015
PASS G-Freighter4. relayer down and the session key has no SOL | refused: Attempt to debit an account but found no record of a prior credit
PASS G-Freighter5. same session: 0.01 SOL elsewhere (policy) | refused: Error Code: ProgramInteractionAccountConstraintViolated
PASS G-Freighter6. same session: 0.06 SOL to VENUE (over the 0.05 per-move limit) | refused: Error Code: ProgramInteractionInvalidNumericValue
PASS G-Freighter7. stretched valid-until | refused: custom program error: 0x7
PASS G-Freighter8. someone else replays the grant with their own key | refused: custom program error: 0x7
PASS G-Phantom1. one Phantom signature -> session; relayer pays: 0.01 SOL to VENUE | ok 5Uv1fLVgMJaVpieNM6QSKQaSYXVt8XaPuBqMULdJS5w6FsYebn2hydqR7EqBUggwMBpkoEcapzNYgjQYCGfm61Bz
METRIC move-Phantom-relayed {"totalCu":53384,"primeSessionCu":53384,"bytes":975,"fee":15000}
PASS G-Phantom2. relayer down: session key pays the fee itself: 0.005 SOL to VENUE | ok DCjGfjb1j9kE3WJLf3Zkjy91Q3hGuiBeDz99Gj6GU1btwNcX21UdrZu1GErRTvXM2TBxxgv4VA5nBeQBFFrSnGL
PASS G-Phantom3. VENUE received exactly 0.015 SOL | ok 0.015
PASS G-Phantom4. relayer down and the session key has no SOL | refused: Attempt to debit an account but found no record of a prior credit
PASS G-Phantom5. same session: 0.01 SOL elsewhere (policy) | refused: Error Code: ProgramInteractionAccountConstraintViolated
PASS G-Phantom6. same session: 0.06 SOL to VENUE (over the 0.05 per-move limit) | refused: Error Code: ProgramInteractionInvalidNumericValue
PASS G-Phantom7. stretched valid-until | refused: custom program error: 0x7
PASS G-Phantom8. someone else replays the grant with their own key | refused: custom program error: 0x7
PASS G9. grant longer than 7 days | refused: custom program error: 0x4
PASS G10. expired grant | refused: custom program error: 0x4
PASS G11. MetaMask grant with the ed25519 program instruction missing | refused: custom program error: 0x7
PASS G12. ed25519 instruction reading its public key from another instruction | refused: custom program error: 0x0
PASS G13. daily cap shared by all: 0.045 used + 0.05 = 0.095 <= 0.1 | ok 4VdAociqmhpcYQa6NTn8xhLUT9rRWGcRLSrxCx71TjWnmnuNZdJwkDYgaz5Q2VLroyfn9TzzbnUSLE2gQdbcDG5o
PASS G13b. + 0.01 = 0.105 > 0.1 | refused: Error Code: ProgramInteractionInsufficientLamportAllowance
PASS X1. Freighter's PDA with a grant signed by MetaMask (NEAR) | refused: custom program error: 0x7
PASS X2. Phantom's PDA with a grant signed by Freighter (NEAR) | refused: custom program error: 0x7
PASS X3. MetaMask's PDA with a grant signed by Phantom | refused: custom program error: 0x7
PASS X4. Freighter's PDA with its MPC key under another path | refused: custom program error: 0x7
PASS X4b. Freighter's session PDA with a grant signed by its seat key (prime:solana) | refused: custom program error: 0x7
PASS X5. Phantom grant presented for MetaMask's PDA | refused: custom program error: 0x7
PASS X6. grant signed for cluster mainnet, used on localnet | refused: custom program error: 0x7
PASS X7a. a grant naming program A's PDA, presented to program B with A's PDA | refused: custom program error: 0x2
PASS X7b. the same grant presented to program B with B's PDA (text mismatch) | refused: custom program error: 0x7
PASS X7c. a grant naming program B's PDA, presented to program A with B's PDA | refused: custom program error: 0x2
PASS X7d. the same grant presented to program A with A's PDA (text mismatch) | refused: custom program error: 0x7
PASS X8. Phantom's own signed grant naming MetaMask's PDA | refused: custom program error: 0x2
PASS X9a. valid Phantom grant, data names another settings address | refused: custom program error: 0x2
PASS X10. the session key does not sign (relayer only) | refused: Program FTNMFWiECbRp7D5MwJUiNQfee6NuJPjE7S11J9yc2B9G invoke [1] Program FTNMFWiECbRp7D5MwJUiNQfee6NuJPjE7S11J9yc2B9G consumed 2483 of 203000 compute units Progr
PASS X11a. account 3 set to the System program instead of the Smart Account program: the move still runs | ok 3L6iDQNTu929HUix85J7xs6GJqQ1ZigDSvBmoT4jGdfCTAQKN8hU52RtTv9ajzvBgUXERn9C2evDg6yZnzQpibfj
PASS X11b. ...and prime-session called only the Smart Account program | ok 3L6iDQNTu929… Program SMRTzfY6DfH5ik3TKiyLFfXexV8uSG3d2UksSCYdunG invoke [2]
PASS A0. account B created with the same three seats | ok 8FRupzf1CuV8MXHfRP2eiwVmUHtT6Dvht4tP91ZvuX2fQErEEnDnWfGHK1psGZNqFvcxHRXhj3wmqY7mrwuijR1
PASS A1. account B installs its movers policy (members: each wallet's PDA for account B):a. MetaMask proposes and approves | ok 2JTPjfvCyeak4WxTpcTZ7utg8SBWQJoXdC8Yf9TfoRX1M9CzL3MATrEhrgzBopNqMzX9NxCnDjDKkyenhfKnrSna
PASS A1. account B installs its movers policy (members: each wallet's PDA for account B):b. Phantom approves and executes | ok 4RdwnuvkzQN5oQASdEzKWDqh3c2viuJk6Yo9CiLCWNk3JhFmzxDAr8tX6GfTegfMrVFJcAoY67xJTL3zjVdMygh2
PASS A2. each wallet's PDA differs between account A and account B | ok 2efaBN,6HTSLL,2eJzcB
PASS A3. account A's Phantom grant presented to account B (as Phantom's account-B PDA) | refused: custom program error: 0x7
PASS A4. account A's Phantom PDA calling account B's policy | refused: Error Code: NotASigner
PASS A5. a Phantom grant made for account B works in account B | ok 4fjcYLDycZCyu9DRWged42KRrXhqKcQK8UmSrS4Vo23ESyJG1xkfkEsjucVAHXKyzTFnFtFUW4HtH684HC3s9BAw
PASS A5-M0. Phantom session: one move through the Smart Account (compute units recorded) | ok 4pzAs9i6KdsX91Q9wmsCWT71rPgz51SJPqqE1m8idC9CaPXbFsMeX7VBQUFbiJPVadJBQn6aTbu8j1aCneEFfsZM
METRIC move-sample-0 {"totalCu":50384,"primeSessionCu":50384,"bytes":975,"fee":15000}
PASS A5-M1. Phantom session: one move through the Smart Account (compute units recorded) | ok EEsB8vyyuL2qX65GLtv4Ky2WWx6yQutnJY6DoNwG8McD81abudwP7CSNDLzCFezFvNe4wqyRPi5qoVyedQar2nW
METRIC move-sample-1 {"totalCu":50384,"primeSessionCu":50384,"bytes":975,"fee":15000}
PASS A5-M2. Phantom session: one move through the Smart Account (compute units recorded) | ok 3Q3y9dkftTPbASAQ5B11h3Y6VProjGM1vmHdEg6muBEPviFe8n3h2WGX9YxTa7qTv5p2py9Zd7dvNmVTFRoCxuCx
METRIC move-sample-2 {"totalCu":50384,"primeSessionCu":50384,"bytes":975,"fee":15000}
PASS A5-M3. Phantom session: one move through the Smart Account (compute units recorded) | ok 4TmGw2xs7xXDkHBiLq76dvbNGXvru9WSVGNrGjX2ULjTYBMnxkFePAqHmu4dSf1FpbwpMxtYuXT581mnCfSf6r2T
METRIC move-sample-3 {"totalCu":51884,"primeSessionCu":51884,"bytes":975,"fee":15000}
PASS A5-M4. Phantom session: one move through the Smart Account (compute units recorded) | ok kvMtq1Kq4VC5dxTFJPW8mmgibtnsbfy162vNXL2B7fhepChhTg7fm8cuCFTidHU5AeSZLBgubJExS1j3QwNrUMw
METRIC move-sample-4 {"totalCu":50384,"primeSessionCu":50384,"bytes":975,"fee":15000}
PASS A5-M5. Phantom session: one move through the Smart Account (compute units recorded) | ok 2vErBS7yAAzXmmGDxhkRMw1gc5JqCFdt2UJkVDSPwYavSpdnJ2HgyBz4JB3tgZ2w5QcVsJ1Wvk4FZYA9KEfPmPfJ
METRIC move-sample-5 {"totalCu":50384,"primeSessionCu":50384,"bytes":975,"fee":15000}
PASS A5-M6. Phantom session: one move through the Smart Account (compute units recorded) | ok 5Evc1LyAk15jNwDnc7Pbpvx66j2aXC1q5cevqGW47XxhkhDgLgoxqHYCUQxrc7UFM4Kw29wsfJt3jfbT3iBfg2JP
METRIC move-sample-6 {"totalCu":51884,"primeSessionCu":51884,"bytes":975,"fee":15000}
PASS A5-M7. Phantom session: one move through the Smart Account (compute units recorded) | ok 37JgH6GQSLRq8Df1dfrjtkJ3Dmn93aVFjt7WbsJzRCadoBT9q1HR4Rpqq48wo9Z8r2qpv8DRYidP1vDHk1Xp6NYK
METRIC move-sample-7 {"totalCu":53384,"primeSessionCu":53384,"bytes":975,"fee":15000}
PASS A5-M8. Phantom session: one move through the Smart Account (compute units recorded) | ok 2gGWk8HGfu9fgFqvWxmLEqduQzGULNgbuEw5opkiQQecTTixTB3oMwzipfXoFKUmB8qJNcAWCuNyv5oBLCWm5rQp
METRIC move-sample-8 {"totalCu":50384,"primeSessionCu":50384,"bytes":975,"fee":15000}
PASS A5-M9. Phantom session: one move through the Smart Account (compute units recorded) | ok 5Lsv8NGRzDosC8GHHN1pyohvBRYFgKKmKqBSu9QvjX9RWBMRAeei6KkK1iRVTudebaj3mDQbvtCVA8o9BzbLtyVg
METRIC move-sample-9 {"totalCu":51884,"primeSessionCu":51884,"bytes":975,"fee":15000}
PASS A6. account B's grant presented to account A | refused: custom program error: 0x7
PASS V0a. Phantom session 1 works | ok 5kZ3RA2SVX3GKSzMkmuHAjSYQAubq4wcxh7H1xgWEKM867JYGv1hCEgKugyr1iBkhUBG3Ubw95586d62mDHmFbZE
PASS V0b. Phantom session 2 works | ok 2kiUv2NBo2wynm4XHBuGyfdfUKtsgDxZKXUXFo1dsQfAxcjH3kHAETJe78NXzwuD2n5QyWyVXJvHCXgWCiQY8x5w
PASS V0c. no marker exists for session 1 yet | ok 3wJWvAeMSNKQ2cWU8hcyekLVbvE4rsCTjNXdD46TVfjW
PASS V1. Phantom revokes session 1 (one signature, relayed, session key does not sign) | ok 25y53W5zu63NdfbxdFEWdyButQgwjVaad3g8hJHf5LuFhdeNnksLYMBpMc717LMsBzxeFJrPK6kQsf8haGh26dbm
METRIC revoke {"totalCu":22229,"primeSessionCu":22229,"bytes":726,"fee":10000}
PASS V1b. the marker is empty, owned by prime-session and rent exempt | ok {"lamports":890880,"dataBytes":0,"owner":"FTNMFWiECbRp7D5MwJUiNQfee6NuJPjE7S11J9yc2B9G"}
PASS V2. the revoked session 1 is refused | refused: custom program error: 0x2
PASS V3. the same wallet's session 2 keeps working | ok 2DDKubJoQ4hVzE5Bd8qHfgwDKwHtDaXnM7kcXxcVmtAbR6v2ywhKPcUeuHRuzaMq7snKrSLcpEaUatVued3ueou2
PASS V3b. revoking session 1 again is refused | refused: custom program error: 0x2
PASS V4a. MetaMask's session-owner key signs a revoke of Phantom's session 2 (data names Phantom as owner) | refused: custom program error: 0x7
PASS V4b. MetaMask signs a revoke naming Phantom's PDA under its own owner field | refused: custom program error: 0x2
PASS V4c. Phantom session 2 still works | ok z395kmVd4ZaXBskYrCT2UQFY2yNKMuudd1ZNRhBtYpynQqi9mPnqZzcW5WkMWBJicYHn2nZUjia8e1ndxkroa7e
PASS V4d. MetaMask revokes the same key under its own PDA (a marker in MetaMask's namespace) | ok 5ee6dxZUw66tPLEEgUUnzoaAFiUjQfvzmADrqmVXngPJ9pjW1KB4jAFjgwoakVHwA9nFTNZ77pN5oE8u5nQBHSkC
PASS V4e. ...and Phantom's session 2 still works (the marker is per owner) | ok 4gLKJjYv9ofE8SE46GdA4b8jjn1RoShGaigEJcnhEJhji8iARUrquwZYasd8mxbBsHCDzDi2N5VHUp3D2F4En6WE
PASS V5a. Phantom revokes a key it never granted | ok 5K76o5okRqMSp6y7JXBzdFsfsELvhyMaD9fjBFauTzfaK8DduGi6v1Dei4kvt7qqJgimioNHeUvkaWiArkibfbFg
PASS V5b. a grant signed for that key afterwards is refused | refused: custom program error: 0x2
PASS V6a. a revoke signed for account A's PDA, sent with account B's settings and B's marker | refused: custom program error: 0x2
PASS V6b. no marker was created in account B | ok 
PASS V6c. session 3 still works in account A | ok 5iJnoqRj2N5mmEdb1Vv7KMtYHZBav9umoXTnuK2cCc2pyodUCaSFPksyMXgucvmdB8KGPcPyQ9Jv3koZUbNrrFhh
PASS V7a. a pre-fund below the rent minimum is refused by the runtime | refused: {"InsufficientFundsForRent":{"account_index":1}}
PASS V7b. a stranger pre-funds the marker address with 0.001 SOL | ok 4xFuSew3rQKRjjdGH1wsKJZRdNMovp1YBeVt7d6He1nXEEowM2xse3zzq5YTGS59mn89BY5ufzTK4fy1oUXRdnJx
PASS V7c. the revoke still works | ok 5ziR7LhsedXENHX8Y7DyoHjcfU8wgYDp8KDsLMzfYizyNmBrHLtHVzg7cRBomgbytYF5uBPREuqXmPQECTmH8p4Y
PASS V7d. the revoked session 4 is refused | refused: custom program error: 0x2
PASS V8a. a move that passes another marker address | refused: custom program error: 0x2
PASS V8b. a move with non-canonical bump 254 (canonical 255) and the canonical PDA account | refused: custom program error: 0x2
PASS V8c. the same session with the canonical bump works | ok 2Q7Nq7j74XMr6Xg4fpNya58HGmNcmXU2ZnafkL2yfNQSdoXMioWKYhcNQ6TvVUJEvUaCfTgBkPHTHdGB3LUsPEP1
PASS V9. a 72-byte instruction (the old length check) | refused: Program FTNMFWiECbRp7D5MwJUiNQfee6NuJPjE7S11J9yc2B9G invoke [1] Program log: panicked at src/lib.rs:37:110:
index out of bounds: the len is 8 but the index is 8
PASS V9b. a 10-byte instruction | refused: Program FTNMFWiECbRp7D5MwJUiNQfee6NuJPjE7S11J9yc2B9G invoke [1] Program log: panicked at src/lib.rs:35:41:
range end index 32 out of range for slice of length 1
PASS R0. Freighter session works before | ok 4wfPFgPQpyWehvQQAhttqABcaYejf5wPpGru3HQvUgMZ3KcDuEAw7ArJdG4hk8nk6Dem1jkHNyhqJE1ouAZ363t6
PASS R1. MetaMask + Phantom update the policy: members MetaMask and Phantom PDAs only:a. MetaMask proposes and approves | ok 5X84WXWeon6DaNhEqEtgos3EQiekLm4WFEB55Xf1ub8uDhsCwzzD4gdx5DezfqPPmgmKTc8WnboAAygKLW1HvJ8E
PASS R1. MetaMask + Phantom update the policy: members MetaMask and Phantom PDAs only:b. Phantom approves and executes | ok 5hAxYz2wsv6nLYZ8WjPx9xocDyQyKTA1d28rSLZQUSgEHxUkGirVaxo5d7tq7ATjMh3rpp7vCg5PEVdrPGyhpeUa
PASS R2. the live Freighter session after removal | refused: Error Code: NotASigner
PASS R3. MetaMask session still works | ok 2ttg3zmx6zhjryjThas8pLSSVP6CSe9wSVvLprayu8HzSJwrMxrf2rUTfoPeZgK1Qv6NQFPAXA7MBk6tqto8pqw
METRIC relayerSpend {"net":"localnet","spentLamports":4092309680,"vaultFundingLamports":4000000000,"sessionKeysFunded":41,"sessionKeyFundingDevnetLamports":82000000,"devnetEstimateLamports":454309680}
NEAR MPC signatures: 35, average 8.4s
128/128 passed
