
$ bun packages/policy-synth/scripts/e2e-network.ts --network testnet
INFO network        testnet
INFO interpreter    CCBHVZ6HGGV7C4SNHCZ3S5665Z2WEMHTMBAEPO4XW6PKON464BEBANU5
INFO grammar        4
INFO rpc            https://soroban-testnet.stellar.org
INFO admin  (rule 0) GCMBVF4CI5UE75YRKF2XIY3RGYHJIZRX76V4FWHRKYCOMS4E72UA3KKX
INFO agent  (rule 1) GACFWLNB46T5ON5SZDKFOLOKJQHMIX7YOJN2CLOFGLOLFOWVQ7EKFV73
PASS smart account deployed  CCGUMHELUUTZ4RHUDFAYG34GTX3GVBZ3JPOBA4G5XWUDTHRRXPM3ZX6O
PASS agent account funded
PASS account funded with XLM (SAC CDLZFC3SYJYDZT7K67VZ75HPJVIEUVNIXF47ZG2FB2RMQQVU2HHGCYSC)
INFO predicate hash 9c1b891f5e4214f290db5038be0a7974867cfc8463e8b6f157e818e0f71cf093
PASS policy installed against rule 1  (tx in ledger 4288252)
PASS PERMIT transfer allowed by the interpreter (ledger 4288253)
PASS DENY approve refused by the interpreter (#100 ArgMismatch)
PASS BYPASS blocked: the agent is not a signer on unpoliced rule 0

INFO smart account  CCGUMHELUUTZ4RHUDFAYG34GTX3GVBZ3JPOBA4G5XWUDTHRRXPM3ZX6O
INFO agent (constrained to transfer) GACFWLNB46T5ON5SZDKFOLOKJQHMIX7YOJN2CLOFGLOLFOWVQ7EKFV73
INFO permit, deny and the unpoliced-rule bypass all proven on chain
INFO the admin key retains full authority through rule 0, by design

$ E2E_SECRET=... bun packages/policy-synth/scripts/e2e-network.ts --network mainnet
INFO network        mainnet
INFO interpreter    CDN755TDYZM3ZQ5OXTJ6TIBUBWZV2KRI2BYJPBXD2MVWED4STT3VBN52
INFO grammar        4
INFO rpc            https://soroban-rpc.mainnet.stellar.gateway.fm
INFO admin  (rule 0) GCIVG2AIEWMDA43HX2HRCYVNY7PH7HMPYVN42LQ5XBSHBLHFUWG47NFN
INFO agent  (rule 1) GBACESHTKIBJ5RLJEUSYA3DZPQKWUELSVDMRAEVHTFBGZMT3GRPU63FU
PASS smart account deployed  CCKW233SOUAOZORZICDDAMWETFDC6IDKZQPLEHGLTPIDUEJRJ5UBW3NK
PASS agent account funded
PASS account funded with XLM (SAC CAS3J7GYLGXMF6TDJBBYYSE3HQ6BBSMLNUQ34T6TZMYMW2EVH34XOWMA)
INFO predicate hash 9c1b891f5e4214f290db5038be0a7974867cfc8463e8b6f157e818e0f71cf093
PASS policy installed against rule 1  (tx in ledger 64083019)
PASS PERMIT transfer allowed by the interpreter (ledger 64083020)
PASS DENY approve refused by the interpreter (#100 ArgMismatch)
PASS BYPASS blocked: the agent is not a signer on unpoliced rule 0

INFO smart account  CCKW233SOUAOZORZICDDAMWETFDC6IDKZQPLEHGLTPIDUEJRJ5UBW3NK
INFO agent (constrained to transfer) GBACESHTKIBJ5RLJEUSYA3DZPQKWUELSVDMRAEVHTFBGZMT3GRPU63FU
INFO permit, deny and the unpoliced-rule bypass all proven on chain
INFO the admin key retains full authority through rule 0, by design
