{
  MetaMask: "2mgK6QSMmExM2CDzKZK3dFHpaUYb5NkiS2spdL6yvGMZ",
  Freighter: "BU4B8vczr3Xqzo1sq5fTUE9HG9VxvXcbUKv4Yv4q9AuU",
  Phantom: "G5H71U2pASYLeei9MYvWVmCZzjHp2VscWTjpdLYa6LT4",
  sessionMetaMask: "FGaZkHnnqWdGtGHwYBNg3XFJW9euiqWa9ParoHMfRWPX",
  sessionFreighter: "GgnRgm9eVt6TNUNQUm13Nr9Zo7Mkv2Lvdm7nma6uzLZj",
  program: "FTNMFWiECbRp7D5MwJUiNQfee6NuJPjE7S11J9yc2B9G",
  programB: "J38gUL2YFo91GDBnDXwVDaGpk6XWSJUhs7RuditRdiVo",
  net: "localnet",
}
PASS P0. seats are exactly MetaMask(NEAR MPC), Freighter(NEAR MPC), Phantom(own key); threshold 2; vault funded | ok YEjiHRpfiJpGYw6wUJQRaB3ey7ZxhXNNXa9QEBm9ZahZgSNjwkWpGGPe4cvjrErdz5k3hx4d8hkNUvX5Hpqk3H7
PASS K1-MetaMask. MetaMask alone:a. MetaMask proposes and approves | ok dmPjGwHNE9agWkRYC5CgoWZNDYyCk8EDwPF8GbZAzufEAt1uKAD3BnMj6jyx6o46abf9Ce5qZupBvTR4jWPJEcc
PASS K1-MetaMask. MetaMask alone:b. MetaMask executes with only its own approval | refused: Error Code: InvalidProposalStatus
PASS K1-Freighter. Freighter alone:a. Freighter proposes and approves | ok 37F2w1YJExTvUqaTVSRqcoxWyZSzXVYArmdE8XspZneoBTfrhrwBscm387neGzQc4NmuVyzs1aet2LQkn5Jmaepm
PASS K1-Freighter. Freighter alone:b. Freighter executes with only its own approval | refused: Error Code: InvalidProposalStatus
PASS K1-Phantom. Phantom alone:a. Phantom proposes and approves | ok 4hzxGtAZkrRPxR4B3kMsWwUD3bjiSEod4Jv5iFKweLigu2QTjMyxTMDgQvgA2EwHnxabJHdv6SZr1HmUs3jDkiJk
PASS K1-Phantom. Phantom alone:b. Phantom executes with only its own approval | refused: Error Code: InvalidProposalStatus
PASS K2. MetaMask + Freighter:a. MetaMask proposes and approves | ok 2XmgRdGethYGm3MmvnZLGVGvVyEgb4KWLUdBypawCM4QGidh6jSdfCfkXknj3vnvHPj3jV5NXL7ZyrxiDztDRFo7
METRIC seat-propose-K2-MetaMask {"totalCu":78014,"bytes":579,"fee":10000}
PASS K2. MetaMask + Freighter:b. Freighter approves and executes | ok M2cNzEy3vyfbTe8mN6cX8BeimjLAxSmUq7zGgpFJfuQamgjW7QBwE4sdJBSarGCeA8ozbrPXhS7wrcznQNNkKA7
METRIC seat-exec-K2-Freighter {"totalCu":67701,"bytes":490,"fee":10000}
PASS K3. Freighter + Phantom:a. Freighter proposes and approves | ok 4KQScg4thVCoVADc87PwBsxEdFSCd2pH8Kkub3CacMk4fPAZyr6tCj5V9CCcvXVDA9pd3mZcj1AcrGFoHdKzb1Nf
METRIC seat-propose-K3-Freighter {"totalCu":83828,"bytes":579,"fee":10000}
PASS K3. Freighter + Phantom:b. Phantom approves and executes | ok 3mqnPopVVUaV5NnRJ7mrtzJgQF1Sff7dhC85ss1CieHMtXvLcRbKr3sf4dowys8Gwr8LWhCUGjC9cQyQx8Guxgzg
METRIC seat-exec-K3-Phantom {"totalCu":70829,"bytes":490,"fee":10000}
PASS K4. Phantom + MetaMask:a. Phantom proposes and approves | ok FqXrs3tEWjD286yjHoA2K5wqSfTCCh6s88GGCue1GKMqA4ifGkUZ3AX6cu6k5rWkUWS89rx32E9SKmSkZExEowu
METRIC seat-propose-K4-Phantom {"totalCu":79520,"bytes":579,"fee":10000}
PASS K4. Phantom + MetaMask:b. MetaMask approves and executes | ok 4Xb9kZu6FzHNrYTRposwaEgiuXVgFJoEWashmwwMpfiGE2nY3WMSfzGjMAZJDv29qCMbDV9571TVe72GhrbrKEHx
METRIC seat-exec-K4-MetaMask {"totalCu":67876,"bytes":490,"fee":10000}
PASS K5. DEST received exactly 0.03 SOL | ok 0.03
PASS K6. MetaMask alone (open proposal):a. MetaMask proposes and approves | ok 4B7hzqZ1zd4LktF8X2DB76TYg5saR24e2XP5xGrE5hkn6vViCPSzu4s2qf2mjoetbP5iQ81hWnUuRbLsB7SSA7Tv
PASS K6. MetaMask alone (open proposal):b. MetaMask executes with only its own approval | refused: Error Code: InvalidProposalStatus
PASS K6c. an outsider approves it | refused: Error Code: NotASigner
PASS K6d. Freighter's seat signed by MetaMask's MPC key | refused: Transaction did not pass signature verification
PASS K6e. Freighter's seat signed by its MPC key under another path | refused: Transaction did not pass signature verification
PASS K6f-MetaMask. MetaMask's seat vote signed by its session-path key | refused: Transaction did not pass signature verification
PASS K6g-MetaMask. MetaMask's session-path key approves as itself | refused: Error Code: NotASigner
PASS K6f-Freighter. Freighter's seat vote signed by its session-path key | refused: Transaction did not pass signature verification
PASS K6g-Freighter. Freighter's session-path key approves as itself | refused: Error Code: NotASigner
PASS K7. install the movers policy (members: the three session PDAs):a. MetaMask proposes and approves | ok VcBDhHwrTN2mcDuBoY16mLoX2CgTGRdB6PMgB3veod1JU8KZQ91TdgXbkCxaVWkBAS8SPsTmJmfCpDDXomvMZ5o
PASS K7. install the movers policy (members: the three session PDAs):b. Phantom approves and executes | ok hkAqfBTcqJRZJhawB4KmxH7usVpzBorwLEfxb14RHdd29R2uMzkAa81NCkb7rFBw5hubVecyPU2JcjWm6wj7mAx
PASS N0. MetaMask alone (open proposal):a. MetaMask proposes and approves | ok 5XxyQR6C9cYt3XhvZCkVFfmYjoe2hVJkAVxgciFD7hHAEeQEkXBJq4vfmAnErEv4kKaixmeYFeCmRqT5wKssvrXk
PASS N0. MetaMask alone (open proposal):b. MetaMask executes with only its own approval | refused: Error Code: InvalidProposalStatus
PASS N1. Phantom session approves that proposal as its PDA | refused: Error Code: NotASigner
PASS N2. Phantom session key approves it as itself | refused: Error Code: NotASigner
PASS N3. Phantom session proposes a vault transaction as its PDA | refused: Error Code: NotASigner
PASS N4. Phantom session adds its key as a seat (settings sync, as its PDA) | refused: Error Code: InvalidSignerCount
PASS N5. Phantom session calls a program other than the Smart Account (System transfer from its PDA) | refused: Program FTNMFWiECbRp7D5MwJUiNQfee6NuJPjE7S11J9yc2B9G invoke [1] Unknown program SMRTzfY6DfH5ik3TKiyLFfXexV8uSG3d2UksSCYdunG Program FTNMFWiECbRp7D5MwJUiNQfee6Nu
PASS G-MetaMask1. one MetaMask signature (through NEAR) -> session; relayer pays: 0.01 SOL to VENUE | ok 3NhcLEu9C93oLeFqUyeFTMEtMhf55BEYnPd7fpWQYxQTgcFd4hoxRyGntJAVNQ1zge8aDazHorKxTVwARYqBM6Sj
METRIC move-MetaMask-relayed {"totalCu":63923,"primeSessionCu":63923,"bytes":975,"fee":15000}
PASS G-MetaMask2. relayer down: session key pays the fee itself: 0.005 SOL to VENUE | ok QHUyCg8ru3p3CvRQzsQgd2835vxrove9hadyoBued6EJXiE1YoSuaQeZKZhdkR47mu8iLxVRVCBhYX2h8ZGLH62
PASS G-MetaMask3. VENUE received exactly 0.015 SOL | ok 0.015
PASS G-MetaMask4. relayer down and the session key has no SOL | refused: Attempt to debit an account but found no record of a prior credit
PASS G-MetaMask5. same session: 0.01 SOL elsewhere (policy) | refused: Error Code: ProgramInteractionAccountConstraintViolated
PASS G-MetaMask6. same session: 0.06 SOL to VENUE (over the 0.05 per-move limit) | refused: Error Code: ProgramInteractionInvalidNumericValue
PASS G-MetaMask7. stretched valid-until | refused: custom program error: 0x7
PASS G-MetaMask8. someone else replays the grant with their own key | refused: custom program error: 0x7
PASS G-Freighter1. one Freighter signature (through NEAR) -> session; relayer pays: 0.01 SOL to VENUE | ok 36BEhuBEyCuwc3vxTvo74WQv3yyv5RX4y7L9PMESi6CTfEjy7VsfPGzyvgbQUR7kEZF5N6k6CNr3waptVfFmo5dW
METRIC move-Freighter-relayed {"totalCu":57955,"primeSessionCu":57955,"bytes":975,"fee":15000}
PASS G-Freighter2. relayer down: session key pays the fee itself: 0.005 SOL to VENUE | ok ThKfd8QAZByawYu2FcF9MnVA439L2wEPxdQEY3VpMMEZ8xizAZsgUp5rgxREk5dLQDWF6trhQv6XiqM5Axai3Ma
PASS G-Freighter3. VENUE received exactly 0.015 SOL | ok 0.015
PASS G-Freighter4. relayer down and the session key has no SOL | refused: Attempt to debit an account but found no record of a prior credit
PASS G-Freighter5. same session: 0.01 SOL elsewhere (policy) | refused: Error Code: ProgramInteractionAccountConstraintViolated
PASS G-Freighter6. same session: 0.06 SOL to VENUE (over the 0.05 per-move limit) | refused: Error Code: ProgramInteractionInvalidNumericValue
PASS G-Freighter7. stretched valid-until | refused: custom program error: 0x7
PASS G-Freighter8. someone else replays the grant with their own key | refused: custom program error: 0x7
PASS G-Phantom1. one Phantom signature -> session; relayer pays: 0.01 SOL to VENUE | ok 5SksQtfu9zqbsjWQtXzjnaQsG17uMc6BEeAWemMpCVujtUAK6Y7Wo2rAC6gyE9ReKTiFDJ3oPzGPga1MYSgFb2Gr
METRIC move-Phantom-relayed {"totalCu":56454,"primeSessionCu":56454,"bytes":975,"fee":15000}
PASS G-Phantom2. relayer down: session key pays the fee itself: 0.005 SOL to VENUE | ok 3NBPBRnH3MwkmKNjsJgxDupeDc8RLKgvMh8snfUnub5uUDYRrAaz8YAx8YDf6rPHoV8Mw7JqEqcHgw81CpDEnMtQ
PASS G-Phantom3. VENUE received exactly 0.015 SOL | ok 0.015
PASS G-Phantom4. relayer down and the session key has no SOL | refused: Attempt to debit an account but found no record of a prior credit
PASS G-Phantom5. same session: 0.01 SOL elsewhere (policy) | refused: Error Code: ProgramInteractionAccountConstraintViolated
PASS G-Phantom6. same session: 0.06 SOL to VENUE (over the 0.05 per-move limit) | refused: Error Code: ProgramInteractionInvalidNumericValue
PASS G-Phantom7. stretched valid-until | refused: custom program error: 0x7
PASS G-Phantom8. someone else replays the grant with their own key | refused: custom program error: 0x7
PASS G9. grant longer than 7 days | refused: custom program error: 0x4
PASS G10. expired grant | refused: custom program error: 0x4
PASS G11. MetaMask grant with the ed25519 program instruction missing | refused: custom program error: 0x7
PASS G12. ed25519 instruction reading its public key from another instruction | refused: custom program error: 0x2
PASS G13. daily cap shared by all: 0.045 used + 0.05 = 0.095 <= 0.1 | ok 4bdzzxGn2YxYkCPBP3Y2NxyVc7EMTsVMPUMiuatXHfoJHhM5wUgJwN5FDYo78ZFmYNUYtWEj6f4VeCu7qSbArR9Y
PASS G13b. + 0.01 = 0.105 > 0.1 | refused: Error Code: ProgramInteractionInsufficientLamportAllowance
PASS X1. Freighter's PDA with a grant signed by MetaMask (NEAR) | refused: custom program error: 0x7
PASS X2. Phantom's PDA with a grant signed by Freighter (NEAR) | refused: custom program error: 0x7
PASS X3. MetaMask's PDA with a grant signed by Phantom | refused: custom program error: 0x7
PASS X4. Freighter's PDA with its MPC key under another path | refused: custom program error: 0x7
PASS X4b. Freighter's session PDA with a grant signed by its seat key (prime:solana) | refused: custom program error: 0x7
PASS X5. Phantom grant presented for MetaMask's PDA | refused: custom program error: 0x7
PASS X6. grant signed for cluster mainnet, used on localnet | refused: custom program error: 0x7
PASS X7a. a grant naming program A's PDA, presented to program B with A's PDA | refused: custom program error: 0x2
PASS X7b. the same grant presented to program B with B's PDA (text mismatch) | refused: custom program error: 0x7
PASS X7c. a grant naming program B's PDA, presented to program A with B's PDA | refused: custom program error: 0x2
PASS X7d. the same grant presented to program A with A's PDA (text mismatch) | refused: custom program error: 0x7
PASS X8. Phantom's own signed grant naming MetaMask's PDA | refused: custom program error: 0x2
PASS X9a. valid Phantom grant, data names another settings address | refused: custom program error: 0x2
PASS X10. the session key does not sign (relayer only) | refused: Program FTNMFWiECbRp7D5MwJUiNQfee6NuJPjE7S11J9yc2B9G invoke [1] Program FTNMFWiECbRp7D5MwJUiNQfee6NuJPjE7S11J9yc2B9G consumed 2461 of 203000 compute units Progr
PASS X11a. account 3 set to the System program instead of the Smart Account program: the move still runs | ok tYemakGhUZ99JatuJLDzYgM35iUXKjsVVbNgi9gpZyHCyXoqqpi8mW2DTZMLz86E9fr1BZZf9VFAXrnhqeonUFG
PASS X11b. ...and prime-session called only the Smart Account program | ok tYemakGhUZ99… Program SMRTzfY6DfH5ik3TKiyLFfXexV8uSG3d2UksSCYdunG invoke [2]
PASS A0. account B created with the same three seats | ok 3ACDfBvyro8x7HRKRo8G4UYvz2p3dpFrS7iKFu385V14wJDHnX6cn8RPUHov5cs4jbtXZu1Bv5EuHeNppqGxgQFq
PASS A1. account B installs its movers policy (members: each wallet's PDA for account B):a. MetaMask proposes and approves | ok 33U7FqmgSfBALhzqKR7VjADT7YAUsZn8FX5cKEsqy2XFn3fJNS6Nuwvk9bjUtbjwb4pbQTgZE4aNC7fZ2mVUsBhB
PASS A1. account B installs its movers policy (members: each wallet's PDA for account B):b. Phantom approves and executes | ok VBKKt8dWxUsSLDXiD2N222wc6MjkNWEx7Yjv2ARJXZgS5Amsha7Z44ECrH6kaPL5pgBM9iTwi7VxrwowNhv8RTW
PASS A2. each wallet's PDA differs between account A and account B | ok 58dWPq,9HNq9T,CxMTvv
PASS A3. account A's Phantom grant presented to account B (as Phantom's account-B PDA) | refused: custom program error: 0x7
PASS A4. account A's Phantom PDA calling account B's policy | refused: Error Code: NotASigner
PASS A5. a Phantom grant made for account B works in account B | ok 3qe9MK442euZXBZw8DsGhWRhDYPRz5SsUVY9fXqD1gT3KsP1ef1igs7EY4XcvHmMuzgnVNPrVRZFjVgNuWYHfo9k
PASS A5-M0. Phantom session: one move through the Smart Account (compute units recorded) | ok Pf82teQm6ve7nxASeyGWq6vHp6FLkJHF7uNmTuYpo1xrsjnBuPySbVHrV44qkVfseHvvHECPvrj34Cmd1PNj9QB
METRIC move-sample-0 {"totalCu":56455,"primeSessionCu":56455,"bytes":975,"fee":15000}
PASS A5-M1. Phantom session: one move through the Smart Account (compute units recorded) | ok 3RRPaNQwquhUKtHp7vbdSdXT9f8PkUrkvjenmD9XDD3X7iS4BNMaJDA57zZUrVywaRbZuWhLqRKqDK5Ah9rf289L
METRIC move-sample-1 {"totalCu":53455,"primeSessionCu":53455,"bytes":975,"fee":15000}
PASS A5-M2. Phantom session: one move through the Smart Account (compute units recorded) | ok 4tGV6JF4kRpsBLfru87WjeAZHMEq142ekzCcMzitFPNvpEiRNpJ1DbDNCL9eVykWGqdGA84FNqRUyH98XzYfS393
METRIC move-sample-2 {"totalCu":53455,"primeSessionCu":53455,"bytes":975,"fee":15000}
PASS A5-M3. Phantom session: one move through the Smart Account (compute units recorded) | ok 4f9ryXpFBrSEivkdCYq2sULHzWoZdmKzCRmhceJzWtbPd4MaAxz56g6Gws8oyoccyQbHj7MXtYV6zBQeF1ZzG95T
METRIC move-sample-3 {"totalCu":53455,"primeSessionCu":53455,"bytes":975,"fee":15000}
PASS A5-M4. Phantom session: one move through the Smart Account (compute units recorded) | ok 3QSMNNPy8TF9Z5vhJfD5Fbuwu9PzRyEJnb8Hqz5Tmz1GQreH7aH9ZfezVZdG1Tmm1n2UWYFupnQ6U9h79MdLRJQ4
METRIC move-sample-4 {"totalCu":53455,"primeSessionCu":53455,"bytes":975,"fee":15000}
PASS A5-M5. Phantom session: one move through the Smart Account (compute units recorded) | ok HmjtdtQdnyZMzvvB5sQfKoCPyZtqdQHJUGRZvQxsDZR2qdTC6fL5CZjZsrMykHiRFinLC1sydtZcELTC1J3eTBS
METRIC move-sample-5 {"totalCu":53455,"primeSessionCu":53455,"bytes":975,"fee":15000}
PASS A5-M6. Phantom session: one move through the Smart Account (compute units recorded) | ok 3NfVzLMYadS4hGQd3gHTBdKzmRL6AykLYFrHJ1bRobWmbV23MmUwFrmFr6oqPUmia2DZEXFALgLLPbG6tkoXXYma
METRIC move-sample-6 {"totalCu":53455,"primeSessionCu":53455,"bytes":975,"fee":15000}
PASS A5-M7. Phantom session: one move through the Smart Account (compute units recorded) | ok 3Wyz2Uy8xoC67vycqzK3RX41YGc2EDEc4ef9zmfyLyYxF49VF1cZyfjSa6xNvpH8fbPa3CLD9Nz2s3eQw5g38tAx
METRIC move-sample-7 {"totalCu":54955,"primeSessionCu":54955,"bytes":975,"fee":15000}
PASS A5-M8. Phantom session: one move through the Smart Account (compute units recorded) | ok 37EYocvDBHtsqcTgESxLUezdbBt56zQycfSap8o92LeoUJQnwhsEcZZwcARcxMhxZuBq8RGqry1dkqSJBvZPAE1n
METRIC move-sample-8 {"totalCu":63955,"primeSessionCu":63955,"bytes":975,"fee":15000}
PASS A5-M9. Phantom session: one move through the Smart Account (compute units recorded) | ok 3WuT9bf271jvTZpu52Sp7MXU9Rnyd9EcWKxDepnNEzZGDq8akwXkvzwx8gef79nYT7t8mKz3ksrNR1CCw21vzgqq
METRIC move-sample-9 {"totalCu":53442,"primeSessionCu":53442,"bytes":974,"fee":15000}
PASS A6. account B's grant presented to account A | refused: custom program error: 0x7
PASS V0a. Phantom session 1 works | ok 5L4jvAtmsNq88j3iiUtDLVzraHTt6wUZCborQgJ1XqyS1Tqbfthn3xwGRFUZyQqXn3FXGkmTjn9i12uCbCZbDhfC
PASS V0b. Phantom session 2 works | ok 3vgqtG4RrXaJt1sCTZvE79K8kRL6yTeK1rkCmgCaTTA6nRbzYxBEuv5PiRhKdXyJWBFHTzoCHjexGh6ZcxgoFRXs
PASS V0c. no marker exists for session 1 yet | ok HGTYnZUzatyBCyjj2Ri7Z6gPzio8rTtnqJrUXb9ZiMoF
PASS V1. Phantom revokes session 1 (one signature, relayed, session key does not sign) | ok 4476EAJNKRkXoPtGsdLWxtgfCcqNu7rUiiuBpSxr399ZVpnxcmsm6pbiNEXC2SP4LqfpY49oycT35DFYzeXwvq64
METRIC revoke {"totalCu":22261,"primeSessionCu":22261,"bytes":726,"fee":10000}
PASS V1b. the marker is empty, owned by prime-session and rent exempt | ok {"lamports":890880,"dataBytes":0,"owner":"FTNMFWiECbRp7D5MwJUiNQfee6NuJPjE7S11J9yc2B9G"}
PASS V2. the revoked session 1 is refused | refused: custom program error: 0x2
PASS V3. the same wallet's session 2 keeps working | ok 2XuN4vVxLZ8dMg1fFPnmrsmoqNtRUXWYg2kcdmPQYVaqpxZjFeY5bbVFQL9T5TXBrkKumusDZMki7Bz7XC4dtn97
PASS V3b. revoking session 1 again is refused | refused: custom program error: 0x2
PASS V4a. MetaMask's session-owner key signs a revoke of Phantom's session 2 (data names Phantom as owner) | refused: custom program error: 0x7
PASS V4b. MetaMask signs a revoke naming Phantom's PDA under its own owner field | refused: custom program error: 0x2
PASS V4c. Phantom session 2 still works | ok 3zUGNeYHrhutud9HqiWoLm4HoCqnexRQ7KCXEyi98tGQcm6EdFabduMaEzgjQq2xZTDJJhUeMFZaQVpmd7p9AGPp
PASS V4d. MetaMask revokes the same key under its own PDA (a marker in MetaMask's namespace) | ok 5FguujPtmhG32MGGdeUn1zSgUVzHhnDRiYT5S9Pvy6iPi3mAZrea4THxYN4h22UNYzZT85KWxc2uWHjs7HfU5hL4
PASS V4e. ...and Phantom's session 2 still works (the marker is per owner) | ok 3rUP578ge8iTRSrkHjDwo4o5ppbheSjYnWvJgoWZttpV25pEXEFeKR9qC17ubdr124qLLuWV1Fa51gkKMj1NtQgm
PASS V5a. Phantom revokes a key it never granted | ok 2xoQVWmKbH5x9GLpoGWR6Ae7J1HiLyyWgEJPB8dzgJ9uRL6fL9VBsqLsm7puDy92pbeEgm61xBJ9cDL3gAsAxQCc
PASS V5b. a grant signed for that key afterwards is refused | refused: custom program error: 0x2
PASS V6a. a revoke signed for account A's PDA, sent with account B's settings and B's marker | refused: custom program error: 0x2
PASS V6b. no marker was created in account B | ok 
PASS V6c. session 3 still works in account A | ok 2SJkyUfyguKW9gZDyTi8jebWDjiCPYcsYeAAKQgV6DsWZ2jFiPVxWEPzmKDCbXVHWx61iQEdD5fiKnJD7NThzCMG
PASS V7a. a pre-fund below the rent minimum is refused by the runtime | refused: {"InsufficientFundsForRent":{"account_index":1}}
PASS V7b. a stranger pre-funds the marker address with 0.001 SOL | ok 54voL77xxBvjFBKzmSMXyo5UVBdMKcZMhDRAAdodx6EnviHSC6dndTU4rBRSgMf9Ey8bDD9BVLpEG23mqTM9t92v
PASS V7c. the revoke still works | ok 4Sci6WQvn93MGKvoNnmuMuoE7y9SSqXFhAdCvtuJ7nMJp5s9XyfB6n4ZZRFNVmDa7nNZkXEAzVu2pccAuL9KpXok
PASS V7d. the revoked session 4 is refused | refused: custom program error: 0x2
PASS V8a. a move that passes another marker address | refused: custom program error: 0x2
PASS V8b. a move with non-canonical bump 254 (canonical 255) and the canonical PDA account | refused: custom program error: 0x2
PASS V8c. the same session with the canonical bump works | ok 547wiGRJPPQ2DpyJUq19kVPZ6yJNC6gW95jYfYL3jHQ2pT8YBXNGXz5nvCbcjWWv59eMuszZsPpZ5sc4VJS6TcbZ
PASS V9. a 72-byte instruction (the old length check) | refused: Program FTNMFWiECbRp7D5MwJUiNQfee6NuJPjE7S11J9yc2B9G invoke [1] Program log: panicked at src/lib.rs:39:34:
index out of bounds: the len is 8 but the index is 8 
PASS V9b. a 10-byte instruction | refused: Program FTNMFWiECbRp7D5MwJUiNQfee6NuJPjE7S11J9yc2B9G invoke [1] Program log: panicked at src/lib.rs:35:38:
range end index 32 out of range for slice of length 1
PASS F0. control: the genuine signature instruction in second place, sig_ix 1 | ok B4UXMzuG1dNqdeHaMKEsYHN7RCB88ErLctHNhJYygzydT1AekY6c3sWzFYEgtXYEH8F2T5QwW3VLXGBL2uMHwwp
PASS F1. a key read from another instruction: the attacker's signature over the grant text, the owner's key in the data, key index 0 | refused: custom program error: 0x7
PASS F2. a message read from another instruction: a replayed owner signature stretches the grant by one second, message index 0 (the session key pays the fee: two signature instructions leave no room for a second fee signature) | refused: custom program error: 0x7
PASS F4. a signature instruction from another program (a no-op program) that carries the owner key and the exact grant text with an invalid signature | refused: custom program error: 0x7
PASS F3. a signature read from another instruction (the program also refuses it; the precompile already stops this triple) | refused: custom program error: 0x2
PASS R0. Freighter session works before | ok 33aWo9t2tMxwEif6F5PaoiEZNVS7X2wEGk2fsdCcPFz3SdVoiz9aLZhMLwyQqzQPcc6EXRWXASV5xU2BVYJ5D5gZ
PASS R1. MetaMask + Phantom update the policy: members MetaMask and Phantom PDAs only:a. MetaMask proposes and approves | ok hK3UKDEF464323nGRJhhzJte9AmjJiKvL7QLem6GN65Fu23kX4iUQVUfWcrusqhiicfSR5LbVGZ7XGztXMyyisp
PASS R1. MetaMask + Phantom update the policy: members MetaMask and Phantom PDAs only:b. Phantom approves and executes | ok 3HxjAYWBi458PCc3KG2fYHsskAztznDgNdzvKjVrSyyiU4kyxE25hAWDbV9dvEJvoCbadAcPN9ZB4TcDe9u4G26u
PASS R2. the live Freighter session after removal | refused: Error Code: NotASigner
PASS R3. MetaMask session still works | ok 3UqXcGWcpoTWmhcahqVGJghJfHdT6r1XruC91GC4YVb1JKm6RrXbUiYQwd4t98QrTUoqh9MXcp5M69HnR9EHe6G7
METRIC relayerSpend {"net":"localnet","spentLamports":4092329680,"vaultFundingLamports":4000000000,"sessionKeysFunded":46,"sessionKeyFundingDevnetLamports":92000000,"devnetEstimateLamports":464329680}
NEAR MPC signatures: 35, average 8.1s
133/133 passed
