{
  MetaMask: "2mgK6QSMmExM2CDzKZK3dFHpaUYb5NkiS2spdL6yvGMZ",
  Freighter: "BU4B8vczr3Xqzo1sq5fTUE9HG9VxvXcbUKv4Yv4q9AuU",
  Phantom: "G5H71U2pASYLeei9MYvWVmCZzjHp2VscWTjpdLYa6LT4",
}
PASS P0. seats are exactly MetaMask(NEAR MPC), Freighter(NEAR MPC), Phantom(own key); threshold 2; vault funded | ok 3GYVVCKPrWEPaJsPNrLxoqPHttajcWVQP1fo6deAfYb3fmfAXHbKbK5ZyxDUmKGxTD3xwsct9VyDKith11UjoA5n
PASS K1-MetaMask. MetaMask alone:a. MetaMask proposes and approves | ok 5xskGYbyrgJauiNcP9wR7zqZoxtveq5U72C58irYRW43qNYMf7jpywKAEymrsFRgh7mh8Uvmakch9paGpNm8jHsv
PASS K1-MetaMask. MetaMask alone:b. MetaMask executes with only its own approval | refused: Error Code: InvalidProposalStatus
PASS K1-Freighter. Freighter alone:a. Freighter proposes and approves | ok 4KK1FBt8MBTvBqimsn5FJAzsmPe4nQjjWTgNFfaFdXTyQJB6dJ6J2hNtCxjk1EShQbg5nGoysLREBn1bYGZa3VeP
PASS K1-Freighter. Freighter alone:b. Freighter executes with only its own approval | refused: Error Code: InvalidProposalStatus
PASS K1-Phantom. Phantom alone:a. Phantom proposes and approves | ok 4mJrmxouSuDT5mtyp7uAx96E2JVWQJNuc6pmDcFwhqt89nuPfhbcvU5C4Unjxt4ezUiVxm1RyNS2G2pXcg4nxzim
PASS K1-Phantom. Phantom alone:b. Phantom executes with only its own approval | refused: Error Code: InvalidProposalStatus
PASS K2. MetaMask + Freighter:a. MetaMask proposes and approves | ok 3AmGxribMPSN6Q39hot54SqkqT9LAXeJ7uTvK5i1edKLEVago1A1T7vn7qiS7U1b8eiaWRfcKy8qTUu4FVHzwDdu
PASS K2. MetaMask + Freighter:b. Freighter approves and executes | ok 3J8afcBkC7Xn7YQKyPgNabvAErftDkSCsMFGeKD8Go7rZPKZHtZHT7kRLMjyzJr1qwXbVNcuF8fa2i2QvGPjzKge
PASS K3. Freighter + Phantom:a. Freighter proposes and approves | ok 3Su4c4HPPhLtafCr7nk7K3znt7TRhkGY4rDeNCvfYJMhrEAM454vXrLHo4UnzjJph8Ksx76zR3hnXfQ7dmFa1bLg
PASS K3. Freighter + Phantom:b. Phantom approves and executes | ok 3DwqnMbMdrxSnsBunynCjouekMjaKF6oGUaUAEBofEcmQeUQeySCpAQjGkQEUUQMrjCz73XFoNSHktVnHtUNSYbT
PASS K4. Phantom + MetaMask:a. Phantom proposes and approves | ok 44k69qMXsoPmqDpodGsEj3f2eATqSatXBgbknBhRMyLNHuoSS6w6tHsqFQ1kchVYSMGvXVtPTzsMKT2jvY26B1Um
PASS K4. Phantom + MetaMask:b. MetaMask approves and executes | ok W2N1jjrpHpwhTZ3KAw8NhioRzzdQHAN9KULxSWBtokGtVXqdidWhyYEwtV3nU7zv8AyaVqDJQpfSsBJ7vyC7iBV
PASS K5. DEST received exactly 0.03 SOL | ok 0.03
PASS K6. MetaMask alone (open proposal):a. MetaMask proposes and approves | ok 4DMWyawCNU7QN14gQxdjBzjPMCuwCj8drmA8Lo6XHRG9oQd6ZDA3QdU34raGPW2aBoSb2eyHX9QUeLt2kk3K6fdY
PASS K6. MetaMask alone (open proposal):b. MetaMask executes with only its own approval | refused: Error Code: InvalidProposalStatus
PASS K6c. an outsider approves it | refused: Error Code: NotASigner
PASS K6d. Freighter's seat signed by MetaMask's MPC key | refused: SendTransactionError` and call `getLogs()` on it for full details. | Error: Simu
PASS K6e. Freighter's seat signed by its MPC key under another path | refused: SendTransactionError` and call `getLogs()` on it for full details. | Error: Simu
PASS K7. install the movers policy (members: the three session PDAs):a. MetaMask proposes and approves | ok jivKczua87FmaEgT5wU3q4xffs8vvzwyRGC7sJXxLvRbD8wtgWknikambosc7Mz1ifqXP577rtNFKX31fzSnvg8
PASS K7. install the movers policy (members: the three session PDAs):b. Phantom approves and executes | ok 57FuYk8dntmFVb9yjm6KPTiGAYzeS65LXKdq2o6KAXyevckgz6WmXaY1VRjiBopB6h7TQS3WpzicCqTs3cDheR9
PASS N0. MetaMask alone (open proposal):a. MetaMask proposes and approves | ok 3tAZCFDtsJnw8GFzEDNtu1JHiyYyvMFZRCybk9jueMHfBv1P8Kqp6hepmG5VmeDiJrNpsfTPnqSHsnzjcWBn4Eub
PASS N0. MetaMask alone (open proposal):b. MetaMask executes with only its own approval | refused: Error Code: InvalidProposalStatus
PASS N1. Phantom session approves that proposal as its PDA | refused: Error Code: NotASigner
PASS N2. Phantom session key approves it as itself | refused: Error Code: NotASigner
PASS N3. Phantom session proposes a vault transaction as its PDA | refused: Error Code: NotASigner
PASS N4. Phantom session adds its key as a seat (settings sync, as its PDA) | refused: Error Code: InvalidSignerCount
PASS N5. Phantom session calls a program other than the Smart Account (System transfer from its PDA) | refused: prime-session: sessions may only call the Smart Account program
PASS G-MetaMask1. one MetaMask signature (through NEAR) -> session; relayer pays: 0.01 SOL to VENUE | ok NxW9zAL81SoSkPdWmc3NJJFTpasmCZtbXscfTgJz9sjZ1AnVD14dXbgNgiwJVCFEkbPyWhbu9zLwBpX94jjKVxj
PASS G-MetaMask2. relayer down: session key pays the fee itself: 0.005 SOL to VENUE | ok 4v5yV8PM3Ge6czg64V9tztGcxmebTAzknwDyjyncFsvqWf5Ms1vF8vGFfgmu3mrYNEEP91T2cPF847g3zzJX8Vb5
PASS G-MetaMask3. VENUE received exactly 0.015 SOL | ok 0.015
PASS G-MetaMask4. relayer down and the session key has no SOL | refused: Attempt to debit an account but found no record of a prior credit
PASS G-MetaMask5. same session: 0.01 SOL elsewhere (policy) | refused: Error Code: ProgramInteractionAccountConstraintViolated
PASS G-MetaMask6. same session: 0.06 SOL to VENUE (over the 0.05 per-move limit) | refused: Error Code: ProgramInteractionInvalidNumericValue
PASS G-MetaMask7. stretched valid-until | refused: prime-session: not signed by the owner over this text
PASS G-MetaMask8. someone else replays the grant with their own key | refused: prime-session: not signed by the owner over this text
PASS G-Freighter1. one Freighter signature (through NEAR) -> session; relayer pays: 0.01 SOL to VENUE | ok 2Ctt54vyLMNwcfayCik59oFnz42Dg25NFZyB3nLrPyxRTcBr42DhNaSBBLbNbXQ9xRBodsQ8zLN27HpSGD1CJn4h
PASS G-Freighter2. relayer down: session key pays the fee itself: 0.005 SOL to VENUE | ok 3aDJ9W5cUYt8w11sGoR3NXVkkd3f5uE1oa9AC4WDQsyFPd5AcdacvfxfcmVosMzRFHWtUZ1hGHt8huNm8kZ5QVJn
PASS G-Freighter3. VENUE received exactly 0.015 SOL | ok 0.015
PASS G-Freighter4. relayer down and the session key has no SOL | refused: Attempt to debit an account but found no record of a prior credit
PASS G-Freighter5. same session: 0.01 SOL elsewhere (policy) | refused: Error Code: ProgramInteractionAccountConstraintViolated
PASS G-Freighter6. same session: 0.06 SOL to VENUE (over the 0.05 per-move limit) | refused: Error Code: ProgramInteractionInvalidNumericValue
PASS G-Freighter7. stretched valid-until | refused: prime-session: not signed by the owner over this text
PASS G-Freighter8. someone else replays the grant with their own key | refused: prime-session: not signed by the owner over this text
PASS G-Phantom1. one Phantom signature -> session; relayer pays: 0.01 SOL to VENUE | ok EkxajErANoJjaSYgDM8B4D1JB9Hs8BHwyhRUdLfDN3cshnqz5oMaew1NG7U6wNEnb1TXDMPgNfUd8EybQJe4pFV
PASS G-Phantom2. relayer down: session key pays the fee itself: 0.005 SOL to VENUE | ok 22deiq9aL3JtMnXDkHcoExMzYNKEZrerMaP6rMW6JFa6yao6TLFvi1XpKtoKQWfW5vfgGWGo2BB7JiHen7stMmZ9
PASS G-Phantom3. VENUE received exactly 0.015 SOL | ok 0.015
PASS G-Phantom4. relayer down and the session key has no SOL | refused: Attempt to debit an account but found no record of a prior credit
PASS G-Phantom5. same session: 0.01 SOL elsewhere (policy) | refused: Error Code: ProgramInteractionAccountConstraintViolated
PASS G-Phantom6. same session: 0.06 SOL to VENUE (over the 0.05 per-move limit) | refused: Error Code: ProgramInteractionInvalidNumericValue
PASS G-Phantom7. stretched valid-until | refused: prime-session: not signed by the owner over this text
PASS G-Phantom8. someone else replays the grant with their own key | refused: prime-session: not signed by the owner over this text
PASS G9. grant longer than 7 days | refused: prime-session: expired or longer than 7 days
PASS G10. expired grant | refused: prime-session: expired or longer than 7 days
PASS G11. MetaMask grant with the ed25519 program instruction missing | refused: prime-session: not signed by the owner over this text
PASS G12. ed25519 instruction reading its public key from another instruction | refused: custom program error: 0x0
PASS G13. daily cap shared by all: 0.045 used + 0.05 = 0.095 <= 0.1 | ok 3MqoUnwatjir4Y2wvbQzx9CXvn83vVgWnGFsKBgUgDVRHCJjq7599TdjwjWK8igkrDM4eRcwPKUKnDsEW4WAkSSs
PASS G13b. + 0.01 = 0.105 > 0.1 | refused: Error Code: ProgramInteractionInsufficientLamportAllowance
PASS X1. Freighter's PDA with a grant signed by MetaMask (NEAR) | refused: prime-session: not signed by the owner over this text
PASS X2. Phantom's PDA with a grant signed by Freighter (NEAR) | refused: prime-session: not signed by the owner over this text
PASS X3. MetaMask's PDA with a grant signed by Phantom | refused: prime-session: not signed by the owner over this text
PASS X4. Freighter's PDA with its MPC key under another path | refused: prime-session: not signed by the owner over this text
PASS X5. Phantom grant presented for MetaMask's PDA | refused: prime-session: not signed by the owner over this text
PASS X6. grant signed for cluster mainnet, used on localnet | refused: prime-session: not signed by the owner over this text
PASS X7. grant signed for another program id | refused: prime-session: not signed by the owner over this text
PASS A0. account B created with the same three seats | ok zB6kzpADL4yupsaRPdfibqBvYJoxji2bQpUhesMZyow7KE2ZnauojdfSzHpekmDq79bnBkTDzjQuhwDKVE31z4M
PASS A1. account B installs its movers policy (members: each wallet's PDA for account B):a. MetaMask proposes and approves | ok 3amCh8xBvG2WG5JSS6ZENxBRERzLLsKqjFMRfsG7mkmzBZRCEsftMP7hK3RYtniCRsFrS5Lhbs1LGNsoz854HSYD
PASS A1. account B installs its movers policy (members: each wallet's PDA for account B):b. Phantom approves and executes | ok 3YZ94mbDnsqudPxj3n5drQ7h7vi1yjUX91mErXEBSu5xz5G2yhNdsYauVmJ9Ph9NiyUewsy3iiNmc1UC5XLi3zff
PASS A2. each wallet's PDA differs between account A and account B | ok 3AkDdi,3XPp81,CZyMy3
PASS A3. account A's Phantom grant presented to account B (as Phantom's account-B PDA) | refused: prime-session: not signed by the owner over this text
PASS A4. account A's Phantom PDA calling account B's policy | refused: Error Code: NotASigner
PASS A5. a Phantom grant made for account B works in account B | ok 4hLGp7fCAhmzPnQQu7ZMmRjsVfmNVTxjDezua9eA5d45ArpJRC1isJvVwdNLCzZiWmmVdkVBLcJm1gSXLxcZYsv2
PASS A6. account B's grant presented to account A | refused: prime-session: not signed by the owner over this text
PASS R0. Freighter session works before | ok iCfZ4W6m1HhJ52ATf1ja9DvP3YzQQwt7zjVXrBZtGoq5E2ngAsfFjzi6RFgaPq1PrBC1U5XGCRa1VuJYy3hPNFw
PASS R1. MetaMask + Phantom update the policy: members MetaMask and Phantom PDAs only:a. MetaMask proposes and approves | ok 3shb3hL8QY3MwmnUxw2GUnfPrizqiuAeXA7yXmK7du94fVepAk5ygtk6dtT7rCPhNpKn5kAdnTd3k4F8YwRsTLF1
PASS R1. MetaMask + Phantom update the policy: members MetaMask and Phantom PDAs only:b. Phantom approves and executes | ok 5NxQM186AMaMfzJbW1M4cTNLRSeH7KffVZrqfYWg7cCTYUsb6s6eSCqgjBYYikp9JbACutGPxTo5vW57Vit2tvGC
PASS R2. the live Freighter session after removal | refused: Error Code: NotASigner
PASS R3. MetaMask session still works | ok 43iBad7Fy6UHwcqvQ7EMHEsDzFQLYRnsPwxMSdtX3AYqaj2Q1jMpxFLevfwxT1U4ESn3bQJU6Yze23VjFQ6h3Esv
NEAR MPC signatures: 27, average 8.5s
78/78 passed
EXIT 0
