{
  MetaMask: "2mgK6QSMmExM2CDzKZK3dFHpaUYb5NkiS2spdL6yvGMZ",
  Freighter: "BU4B8vczr3Xqzo1sq5fTUE9HG9VxvXcbUKv4Yv4q9AuU",
  Phantom: "G5H71U2pASYLeei9MYvWVmCZzjHp2VscWTjpdLYa6LT4",
}
PASS P0. seats are exactly MetaMask(NEAR MPC), Freighter(NEAR MPC), Phantom(own key); threshold 2; vault funded | ok 2mAHB2TuimL1wwidmgaWzFcnZhAUr3LSDHhn2J58xFbgDgyYv7EQ69WGYvZ9QEe7NFK67VbnXb8cDi83ZFoUuS38
PASS K1-MetaMask. MetaMask alone:a. MetaMask proposes and approves | ok 2pUH7d5NVPX6PNzD5S2Rs85gJ82Aq4wML84EAk6z4hDvgUMaf8VuBiisqVG443rsCuLn2W4u8FaDKKZeHyHb29MK
PASS K1-MetaMask. MetaMask alone:b. MetaMask executes with only its own approval | refused: Error Code: InvalidProposalStatus
PASS K1-Freighter. Freighter alone:a. Freighter proposes and approves | ok 5HhwiQ5XpUdEisqSrxb8Zh7C4Pa7KkYgKAZBoWyzC9SqkgZGdWGKLFj6rKAFPMRPKjL8YyT3ujSoKBjoz3w5jV7h
PASS K1-Freighter. Freighter alone:b. Freighter executes with only its own approval | refused: Error Code: InvalidProposalStatus
PASS K1-Phantom. Phantom alone:a. Phantom proposes and approves | ok 255uuqUJqehLVdKf8rebyVKffEpS8wwXqcyk1F3ncDWMoSsyFcRvcRMvvUYVTizTXD4HNJarwpcZsAqFBQyXscjk
PASS K1-Phantom. Phantom alone:b. Phantom executes with only its own approval | refused: Error Code: InvalidProposalStatus
PASS K2. MetaMask + Freighter:a. MetaMask proposes and approves | ok 3pfQ6RnyFPBeE7cMKg1RHf9kxJj9Bdpow36cSVTXnPoQvs1tyDwkyPRBCiYriQ5aPzpA8d7b2iCX8oVMoRo4i65J
PASS K2. MetaMask + Freighter:b. Freighter approves and executes | ok 3yL3yq8QrnGMJrnp1FxANS5Ys7tTrKnCPv8ZUzP6uJRcvXn4fec39JNCR5fNKkdvqqn99mdk6ZA2URAR9V9ExGGb
PASS K3. Freighter + Phantom:a. Freighter proposes and approves | ok MeJ9NnKRxjLcdJDXwca1xdHaUffvaBsVFz1tsuvED2MsagaV1CR1XpxYnxKx2HduQZJqicLV411CgRQwHqrXQEN
PASS K3. Freighter + Phantom:b. Phantom approves and executes | ok 3Mu41cesFipYncY4qdh3dZtN7mVCTLM34iDpj48tiBJUULxi1ujuXC9BcFaTVFcLbzoKUuphjpY1MMkXnhzFjA6D
PASS K4. Phantom + MetaMask:a. Phantom proposes and approves | ok 54iyoQPumVwiUWfrh5pH2J9ESyedL1qq8nfuBAoWcbazug7ptCLDoHCvVHY4MCBNyWPgU3RgFaBc1wmwcSVckBVf
PASS K4. Phantom + MetaMask:b. MetaMask approves and executes | ok 5pDJNq3aAdzeMQokcyNXzrsSR4oxf8CYqwDh7tA5Nbn7epCwRyKseYpczzCHGpQYdMSEwJ59Lv5oEsTTGxwy5z53
PASS K5. DEST received exactly 0.03 SOL | ok 0.03
PASS K6. MetaMask alone (open proposal):a. MetaMask proposes and approves | ok 3WacqRSEiezkGqrhXKymuaezFwmXLfVNavryRy6gVMfLaETTnsNfENrzxKjbpTVvri4QzYf2f6eDdsrdFhFeYrFE
PASS K6. MetaMask alone (open proposal):b. MetaMask executes with only its own approval | refused: Error Code: InvalidProposalStatus
PASS K6c. an outsider approves it | refused: Error Code: NotASigner
PASS K6d. Freighter's seat signed by MetaMask's MPC key | refused: SendTransactionError` and call `getLogs()` on it for full details. | Error: Simu
PASS K6e. Freighter's seat signed by its MPC key under another path | refused: SendTransactionError` and call `getLogs()` on it for full details. | Error: Simu
PASS K7. install the movers policy (members: the three session PDAs):a. MetaMask proposes and approves | ok 3Ptm1gpxacca6cVmR9LrTC1izL6Uh2dzJaudNrXG7V1J6TEsnUFDqzwnMUQ4AQ1Sr2vksT87YiaRDrzE4gix2MfY
PASS K7. install the movers policy (members: the three session PDAs):b. Phantom approves and executes | ok 5uJwXYMFSnKfGtgB6Gv95YhCZJeNzSxo6i2LMjZvkJnbL3UJnFZvL1ASgoxakmQQ9NJAWYG1wAvmuq5EWvMGsQ4Z
PASS N0. MetaMask alone (open proposal):a. MetaMask proposes and approves | ok hw2aLBaM7c5adpteVYmDDNAmzzgxm3psuAy3d9xqG7pZuban6ponSggozEtDJzojFKkzh4eNgxjpKxGV6MHYucy
PASS N0. MetaMask alone (open proposal):b. MetaMask executes with only its own approval | refused: Error Code: InvalidProposalStatus
PASS N1. Phantom session approves that proposal as its PDA | refused: Error Code: NotASigner
PASS N2. Phantom session key approves it as itself | refused: Error Code: NotASigner
PASS N3. Phantom session proposes a vault transaction as its PDA | refused: Error Code: NotASigner
PASS N4. Phantom session adds its key as a seat (settings sync, as its PDA) | refused: Error Code: InvalidSignerCount
PASS N5. Phantom session calls a program other than the Smart Account (System transfer from its PDA) | refused: custom program error: 0xa
PASS G-MetaMask1. one MetaMask signature (through NEAR) -> session; relayer pays: 0.01 SOL to VENUE | ok 3iT494rBWJ5GjLrnzMvYiuLeJzfJdeoTMdMCBmHzNX6prQVXLrBV76bKfkdS9iWXkxYvofYMuZ9dEN3iedCHvAKF
PASS G-MetaMask2. relayer down: session key pays the fee itself: 0.005 SOL to VENUE | ok 4GJ2At9wkRNufQ1BRoAgFrwajmPw3UQ4J2tBwomh97kuNP6pH22j3n7NCUwTSSzdvYJRp92MgoyCdHStguEYkphT
PASS G-MetaMask3. VENUE received exactly 0.015 SOL | ok 0.015
PASS G-MetaMask4. relayer down and the session key has no SOL | refused: Attempt to debit an account but found no record of a prior credit
PASS G-MetaMask5. same session: 0.01 SOL elsewhere (policy) | refused: Error Code: ProgramInteractionAccountConstraintViolated
PASS G-MetaMask6. same session: 0.06 SOL to VENUE (over the 0.05 per-move limit) | refused: Error Code: ProgramInteractionInvalidNumericValue
PASS G-MetaMask7. stretched valid-until | refused: custom program error: 0x7
PASS G-MetaMask8. someone else replays the grant with their own key | refused: custom program error: 0x7
PASS G-Freighter1. one Freighter signature (through NEAR) -> session; relayer pays: 0.01 SOL to VENUE | ok 2YfLfMz93jVUZ8M2oUnzCMxeQfnL9ezZPFdEyoiDbnBSwkXNKAEt9VV2CsRamRTEULGdaANjVxpgZujibZmPY44p
PASS G-Freighter2. relayer down: session key pays the fee itself: 0.005 SOL to VENUE | ok 5qLYwWZRTrPYFXzcVFncbAynqiVM8UNFqLzX94QFYLHdoNZaLGwEaTYFmoZKXBJSBYjUgCJxDjBZawbUYqTEYv65
PASS G-Freighter3. VENUE received exactly 0.015 SOL | ok 0.015
PASS G-Freighter4. relayer down and the session key has no SOL | refused: Attempt to debit an account but found no record of a prior credit
PASS G-Freighter5. same session: 0.01 SOL elsewhere (policy) | refused: Error Code: ProgramInteractionAccountConstraintViolated
PASS G-Freighter6. same session: 0.06 SOL to VENUE (over the 0.05 per-move limit) | refused: Error Code: ProgramInteractionInvalidNumericValue
PASS G-Freighter7. stretched valid-until | refused: custom program error: 0x7
PASS G-Freighter8. someone else replays the grant with their own key | refused: custom program error: 0x7
PASS G-Phantom1. one Phantom signature -> session; relayer pays: 0.01 SOL to VENUE | ok 4ZV7qWCRcomxHTG1i2wHA7k8u4HYxuHTTE1HfiszfKvaTzbYff8C8LvL3jzcU6PLcdthatuMt6U9mPcqcU76dxZU
PASS G-Phantom2. relayer down: session key pays the fee itself: 0.005 SOL to VENUE | ok 3nWTs5EmJD6VKFfD9csAWg6uyHvbsmZftWkUoakB3d5M9L396dbdTnNUQD9ateibizLZ21AQHd85r8DRAnnGCxk5
PASS G-Phantom3. VENUE received exactly 0.015 SOL | ok 0.015
PASS G-Phantom4. relayer down and the session key has no SOL | refused: Attempt to debit an account but found no record of a prior credit
PASS G-Phantom5. same session: 0.01 SOL elsewhere (policy) | refused: Error Code: ProgramInteractionAccountConstraintViolated
PASS G-Phantom6. same session: 0.06 SOL to VENUE (over the 0.05 per-move limit) | refused: Error Code: ProgramInteractionInvalidNumericValue
PASS G-Phantom7. stretched valid-until | refused: custom program error: 0x7
PASS G-Phantom8. someone else replays the grant with their own key | refused: custom program error: 0x7
PASS G9. grant longer than 7 days | refused: custom program error: 0x4
PASS G10. expired grant | refused: custom program error: 0x4
PASS G11. MetaMask grant with the ed25519 program instruction missing | refused: custom program error: 0x7
PASS G12. ed25519 instruction reading its public key from another instruction | refused: custom program error: 0x2
PASS G13. daily cap shared by all: 0.045 used + 0.05 = 0.095 <= 0.1 | ok 2SvTFWKxF7yTtimNaVQpk6ZfKZgcNiQ5fAFFh3qhzunnNSBBwro5y2obEVxyCuebc9SSnf85bv6a8ZvrZVpSzWzj
PASS G13b. + 0.01 = 0.105 > 0.1 | refused: Error Code: ProgramInteractionInsufficientLamportAllowance
PASS X1. Freighter's PDA with a grant signed by MetaMask (NEAR) | refused: custom program error: 0x7
PASS X2. Phantom's PDA with a grant signed by Freighter (NEAR) | refused: custom program error: 0x7
PASS X3. MetaMask's PDA with a grant signed by Phantom | refused: custom program error: 0x7
PASS X4. Freighter's PDA with its MPC key under another path | refused: custom program error: 0x7
PASS X5. Phantom grant presented for MetaMask's PDA | refused: custom program error: 0x7
PASS X6. grant signed for cluster mainnet, used on localnet | refused: custom program error: 0x7
PASS X7. grant signed for another program id | refused: custom program error: 0x7
PASS X8. Phantom's own signed grant naming MetaMask's PDA | refused: Program FTNMFWiECbRp7D5MwJUiNQfee6NuJPjE7S11J9yc2B9G invoke [1] AiTDG57JVNvFfiyLKsmLBFj2GpwV1XeRqbGftApmi9w2's signer privilege escalated Program FTNMFWiECbRp7D
PASS A0. account B created with the same three seats | ok 34xmJfaHhrWfmFuvtcEux3TqxeeAann7Y8TDBXopPeeHKyjY7CjHsyoB2p9UXw18RnyPmkX4peEJXyxYTpCwMQxq
PASS A1. account B installs its movers policy (members: each wallet's PDA for account B):a. MetaMask proposes and approves | ok 2erVP2QctSgyuSAoAfkG61PytMV2pYM3gi4nYseHmmpHdwdfuosVUFXKaSc1pCqqaB5MQTHo7ZKgbzVuGKfZNdE4
PASS A1. account B installs its movers policy (members: each wallet's PDA for account B):b. Phantom approves and executes | ok 59a6J9xRq1rKhr59hNuTZvHh19SGvA8CbAZmid9Kvf8tk5Up1ef2Wa9w5GiptNvKgJZeeeu1QSmWaUWmkkcFSz1Z
PASS A2. each wallet's PDA differs between account A and account B | ok HY9Fz7,DZXccc,GgTfSe
PASS A3. account A's Phantom grant presented to account B (as Phantom's account-B PDA) | refused: custom program error: 0x7
PASS A4. account A's Phantom PDA calling account B's policy | refused: Error Code: NotASigner
PASS A5. a Phantom grant made for account B works in account B | ok 37VmwoLkkFJaD94MJ5FbsGgaTc3bBa27vDNvF8jsBpZVF7zG4dn37cY1zWGoidtS3UbUH63LoXoD4LXc9jTnVvGw
PASS A6. account B's grant presented to account A | refused: custom program error: 0x7
PASS R0. Freighter session works before | ok 5crmSKDRxJ33Wge83LPpYFMFC2s4wxdx2wJXjhN7NVoHEEWT44hyUn8qbUBw9fuV4Kx4nX51WLrRkv2jSp26TBZY
PASS R1. MetaMask + Phantom update the policy: members MetaMask and Phantom PDAs only:a. MetaMask proposes and approves | ok SQhZAagKG8FYGvv8FSiTAXqLfuPL85GaqmmypDfd3m4GbXDDbCRXhw5yWjCGorL8dVQ5vECQs1PpszPdD7bdJPh
PASS R1. MetaMask + Phantom update the policy: members MetaMask and Phantom PDAs only:b. Phantom approves and executes | ok 3pQkMecWd8QPaMUTHW5qwJBAZrs1vzzs679C5Qp7d8DCLbUnPMMxPFTGgeZtqfrrhf8s5MBt7MmbcYpoYHpAcLZq
PASS R2. the live Freighter session after removal | refused: Error Code: NotASigner
PASS R3. MetaMask session still works | ok 2mz7ZHcAv6vpLskPMPoh43qbjsJFAB1NAvxNJ7YqyPLKAbVgurEshQHCfBMjCif223KBGLESQKekDexLFG2rt8p5
NEAR MPC signatures: 27, average 9.2s
79/79 passed
