('s01', 'parseMultisig: n above 11 is accepted', 'killed', 'multisig > parse refuses a wrong length and n above 11 [4.27ms]')
('s02', 'parseMultisig: the initialised flag is ignored', 'killed', 'multisig > uninitialised multisig is flagged and stops there [0.86ms]')
('s03', 'weight: a key counts once however many slots it holds', 'killed', 'multisig > a trustee that reaches m alone is flagged [0.85ms]')
('s04', 'checkMultisig: m greater than n is not reported', 'killed', 'multisig > m greater than n is flagged (the token program accepts it) [0.')
('s05', 'checkMultisig: custody reaching m is not reported', 'killed', 'multisig > 2-of-3 with two custody keys gives custody the threshold [1.19')
('s06', 'checkMultisig: a trustee reaching m alone is not reported', 'killed', 'multisig > a trustee that reaches m alone is flagged [0.77ms]')
('s07', 'checkMultisig: an unknown signer is not reported', 'killed', 'multisig > a slot nobody on the setup controls is flagged [1.18ms]')
('s08', 'checkMultisig: m = 1 is not reported', 'killed', 'multisig > m = 1 is flagged: one key alone releases [0.85ms]')
('s09', 'weightedSlots: custody reaching m is allowed', 'killed', 'multisig > weightedSlots refuses a layout where custody alone reaches m, ')
('s10', 'weightedSlots: the trustee gets one slot only', 'killed', 'multisig > weightedSlots: 2-of-2 has no duplicate; m = 3 with a backup du')
('s11', 'weightedSlots: more than 11 slots are allowed', 'killed', 'multisig > weightedSlots refuses a layout where custody alone reaches m, ')
('s12', 'parseTokenAccount: the close authority tag is read at the wrong offset', 'killed', 'source account > parseTokenAccount reads delegate, delegated amount and c')
('s12b', 'parseTokenAccount: the delegate is read at the wrong offset', 'killed', 'source account > parseTokenAccount reads delegate, delegated amount and c')
('s12c', 'parseTokenAccount: the native flag is read at the wrong offset', 'killed', 'source account > read-back: owner and close authority must both be the ga')
('s12d', 'parseTokenAccount: the frozen state is not read', 'killed', 'source account > an account with extensions or a frozen state is flagged;')
('s12e', 'parseTokenAccount: an uninitialised account is accepted', 'killed', 'source account > parseTokenAccount reads delegate, delegated amount and c')
('s13', 'checkSourceAccount: an associated account is accepted', 'killed', 'source account > a dedicated account of 165 bytes is clean; an associated')
('s14', 'checkSourceAccount: extensions are accepted', 'killed', 'source account > a dedicated account of 165 bytes is clean; an associated')
('s15', 'checkSourceAccount: a frozen account is accepted', 'killed', 'source account > an account with extensions or a frozen state is flagged;')
('s16', 'handOverIxs: owner before close authority', 'killed', 'source account > handOverIxs: close authority first, then owner, both to ')
('s17', 'checkHandedOver: a foreign close authority is accepted', 'killed', 'source account > read-back: owner and close authority must both be the ga')
('s18', 'checkHandedOver: a native account with a close authority is accepted', 'killed', 'source account > read-back: owner and close authority must both be the ga')
('s19', 'checkHandedOver: a stale delegate is accepted', 'killed', 'source account > read-back: owner and close authority must both be the ga')
('s20', 'checkHandedOver: the owner is not compared', 'killed', 'source account > read-back: owner and close authority must both be the ga')
('s21', 'legacySize: signatures are not counted', 'killed', 'transaction shape > 10 multisig signers fit one legacy transaction when o')
('s21b', 'v0BestSize: signatures are not counted', 'killed', 'transaction shape > a separate relayer fee payer adds a signature: 10 sig')
('s22', 'txShape: a transaction over the limit is called legacy', 'killed', 'transaction shape > 10 multisig signers fit one legacy transaction when o')
('s23', 'txShape: a version 0 transaction over the limit is accepted', 'killed', 'transaction shape > a separate relayer fee payer adds a signature: 10 sig')
28 mutants, 28 killed
