{
  MetaMask: "4TXiTPLxe5PrpwiY15tj9nP3wF5F8JPKUsYQyfHCCcod",
  Freighter: "9BcBicoPrGtPJnVynJoj2g1p6zrvaFBkJccorLwGTMZo",
  Phantom: "G5H71U2pASYLeei9MYvWVmCZzjHp2VscWTjpdLYa6LT4",
  sessionMetaMask: "3YomJ7dnhtqFnnPAzRUGmhC8EevR2R4F6Sdx7YN6Pppc",
  sessionFreighter: "Cn2bjH8kGkjioVoB9MY86TDsJ6kKjvaiu9ZCmMsJVW74",
  program: "FTNMFWiECbRp7D5MwJUiNQfee6NuJPjE7S11J9yc2B9G",
  programB: "J38gUL2YFo91GDBnDXwVDaGpk6XWSJUhs7RuditRdiVo",
  net: "localnet",
}
PASS P0. seats are exactly MetaMask(NEAR MPC), Freighter(NEAR MPC), Phantom(own key); threshold 2; vault funded | ok 3kos6afmxN9UfEtXGprpE5pkkkuuFofsLBNiXv1t2GhwoUvvsGGRcEGfsw7mqmSnVZkK14f882aHAvVqYZdjL4v3
PASS K1-MetaMask. MetaMask alone:a. MetaMask proposes and approves | ok 2rvVaNVRkwAXt3kCoYqFs4gtvQcPuHKsSDiMQY8qUgxkLuTTK1fDfPeiFxRtGwXSzD6FYNbcbNe6tRUH85p1XdQv
PASS K1-MetaMask. MetaMask alone:b. MetaMask executes with only its own approval | refused: Error Code: InvalidProposalStatus
PASS K1-Freighter. Freighter alone:a. Freighter proposes and approves | ok 2v93cqgpRJRYKo8J1YtevzmAksjYMywEruzjfUuiCzzBg6NpFq2piiQ14fB8V2L4PZRvjh8ycGYkSRjbUK8REhoM
PASS K1-Freighter. Freighter alone:b. Freighter executes with only its own approval | refused: Error Code: InvalidProposalStatus
PASS K1-Phantom. Phantom alone:a. Phantom proposes and approves | ok 56F2onyGQYmWzQV6GiHVoweHgZDEYHxKFQaS3WMbQ979UC6efN5BufRd7qpNtdCZfwv389WDmBEKuPGzLwtK3oAt
PASS K1-Phantom. Phantom alone:b. Phantom executes with only its own approval | refused: Error Code: InvalidProposalStatus
PASS K2. MetaMask + Freighter:a. MetaMask proposes and approves | ok 5BzYEiaVu12mQTG3PRgUkDLT9jcXm4EwWpVybH1rT9e5a6JKgpiZmmqdR827wPe9RreTnyBppcdXqEj3xCHkyJc2
METRIC seat-propose-K2-MetaMask {"totalCu":78014,"bytes":579,"fee":10000}
PASS K2. MetaMask + Freighter:b. Freighter approves and executes | ok CGo6k7wKeJ1g6xpoHzZUJbSkCxzMRx413nmZq5XcwYSDmnPesZ9md23VaGjYiHAHWXcNEagaLvdRAmRTS7MRR3x
METRIC seat-exec-K2-Freighter {"totalCu":67701,"bytes":490,"fee":10000}
PASS K3. Freighter + Phantom:a. Freighter proposes and approves | ok 1LrrsPhYN9ybW44GWwYmJwBvJt3s2BVa2BfDzMv49nT983CtfPsYxsepZCrtv9pzsmrt9CprrejmshHykv6aQsR
METRIC seat-propose-K3-Freighter {"totalCu":83828,"bytes":579,"fee":10000}
PASS K3. Freighter + Phantom:b. Phantom approves and executes | ok Ue9U8HotiQFSwxqYcJZgWNYfhZ7tTfwfs8QnY3vT4CHzbmP18mLMEryTrUpHd3AgrJy59srSAkM9T5ny12sSz6s
METRIC seat-exec-K3-Phantom {"totalCu":70829,"bytes":490,"fee":10000}
PASS K4. Phantom + MetaMask:a. Phantom proposes and approves | ok 4xzTtisEXgj3hYRr23SWEFj7uKmVzsPcYhAzjMCqbvp2Zo49ncqhQmSQ7TrFmeP1P8UKLKxv56jpS1sfU1Hi6MLM
METRIC seat-propose-K4-Phantom {"totalCu":79520,"bytes":579,"fee":10000}
PASS K4. Phantom + MetaMask:b. MetaMask approves and executes | ok 47hV26CVwFmgKiMc6c5WrLn5bNn4sT9XpPh35vGXsDMx1vMJK2Xc34yagAjNhNYCPQwdjPAHhWEuBkbx3AELhAm2
METRIC seat-exec-K4-MetaMask {"totalCu":67876,"bytes":490,"fee":10000}
PASS K5. DEST received exactly 0.03 SOL | ok 0.03
PASS K6. MetaMask alone (open proposal):a. MetaMask proposes and approves | ok 3h51fxnrQGrccuxQWQsSXdjGtvH7dVwuPZbEfFWV3fNLg4ZDJdE6e4njZSZiy3jDeaA1hymbguggTbWo6apEVEq3
PASS K6. MetaMask alone (open proposal):b. MetaMask executes with only its own approval | refused: Error Code: InvalidProposalStatus
PASS K6c. an outsider approves it | refused: Error Code: NotASigner
PASS K6d. Freighter's seat signed by MetaMask's MPC key | refused: Transaction did not pass signature verification
PASS K6e. Freighter's seat signed by its MPC key under another path | refused: Transaction did not pass signature verification
PASS K6f-MetaMask. MetaMask's seat vote signed by its session-path key | refused: Transaction did not pass signature verification
PASS K6g-MetaMask. MetaMask's session-path key approves as itself | refused: Error Code: NotASigner
PASS K6f-Freighter. Freighter's seat vote signed by its session-path key | refused: Transaction did not pass signature verification
PASS K6g-Freighter. Freighter's session-path key approves as itself | refused: Error Code: NotASigner
PASS K7. install the movers policy (members: the three session PDAs):a. MetaMask proposes and approves | ok 4cqmw1znSo9QCRBTtiSzspLzkPerf5NbzLX81wvg7rNymz5CS79LiCV3VThUyWUUUa2aspm99Du6thkBnh5MhTuL
PASS K7. install the movers policy (members: the three session PDAs):b. Phantom approves and executes | ok 67qmkzqMDuErg6ArZPRYL6uBmN5M8bhy6DX86Qxh6GwLkuJYSpz3cS4CFrLWZqE3bNasNEaSbVwTuu4aDJVyZCAn
PASS N0. MetaMask alone (open proposal):a. MetaMask proposes and approves | ok 5g22kRPyRyGJK6fAPCMoFLcfmmwFtUKCvRT1QwiGheCTac8DdoP6VEvYtuYPHrxGCBZJm3hzW68pJxUgDn3LmEtU
PASS N0. MetaMask alone (open proposal):b. MetaMask executes with only its own approval | refused: Error Code: InvalidProposalStatus
PASS N1. Phantom session approves that proposal as its PDA | refused: Error Code: NotASigner
PASS N2. Phantom session key approves it as itself | refused: Error Code: NotASigner
PASS N3. Phantom session proposes a vault transaction as its PDA | refused: Error Code: NotASigner
PASS N4. Phantom session adds its key as a seat (settings sync, as its PDA) | refused: Error Code: InvalidSignerCount
PASS N5. Phantom session calls a program other than the Smart Account (System transfer from its PDA) | refused: Program FTNMFWiECbRp7D5MwJUiNQfee6NuJPjE7S11J9yc2B9G invoke [1] Unknown program SMRTzfY6DfH5ik3TKiyLFfXexV8uSG3d2UksSCYdunG Program FTNMFWiECbRp7D5MwJUiNQfee6Nu
PASS G-MetaMask1. one MetaMask signature (through NEAR) -> session; relayer pays: 0.01 SOL to VENUE | ok 5cCTc8jzKKP8FTR6kn5YLHbL3LLkqaP6TLvsVped23aV4YmvKENfpMY35jkGMJwWyKyfPzXnhaZAgoPrNHti4Njk
METRIC move-MetaMask-relayed {"totalCu":59365,"primeSessionCu":59365,"bytes":975,"fee":15000}
PASS G-MetaMask2. relayer down: session key pays the fee itself: 0.005 SOL to VENUE | ok 44VoMYJxntTKpdipyP8GypanpxVDdYPfLpnjAAtMoYVCD5BbqvvpdHy4HwLhX8iWfa8D6d7xTnhhKYTSiHaYsMwU
PASS G-MetaMask3. VENUE received exactly 0.015 SOL | ok 0.015
PASS G-MetaMask4. relayer down and the session key has no SOL | refused: Attempt to debit an account but found no record of a prior credit
PASS G-MetaMask5. same session: 0.01 SOL elsewhere (policy) | refused: Error Code: ProgramInteractionAccountConstraintViolated
PASS G-MetaMask6. same session: 0.06 SOL to VENUE (over the 0.05 per-move limit) | refused: Error Code: ProgramInteractionInvalidNumericValue
PASS G-MetaMask7. stretched valid-until | refused: custom program error: 0x7
PASS G-MetaMask8. someone else replays the grant with their own key | refused: custom program error: 0x7
PASS G-Freighter1. one Freighter signature (through NEAR) -> session; relayer pays: 0.01 SOL to VENUE | ok 4UjgxwhaDUy5qNngpcpH88dMPqXzgTtF7GHqYaC2cSQKseaHxXuuWy4DkfhdTC2RpQaZn5L5LzgCGDq9sjWgarkr
METRIC move-Freighter-relayed {"totalCu":56334,"primeSessionCu":56334,"bytes":975,"fee":15000}
PASS G-Freighter2. relayer down: session key pays the fee itself: 0.005 SOL to VENUE | ok BEWhzsx5fjjFRX59kvE4xH7BZFHeP34E9LTp4QuCTkryGUWRYfrkveC5y3GVLfydT3vp8hkshaSFrnH45WtuHyp
PASS G-Freighter3. VENUE received exactly 0.015 SOL | ok 0.015
PASS G-Freighter4. relayer down and the session key has no SOL | refused: Attempt to debit an account but found no record of a prior credit
PASS G-Freighter5. same session: 0.01 SOL elsewhere (policy) | refused: Error Code: ProgramInteractionAccountConstraintViolated
PASS G-Freighter6. same session: 0.06 SOL to VENUE (over the 0.05 per-move limit) | refused: Error Code: ProgramInteractionInvalidNumericValue
PASS G-Freighter7. stretched valid-until | refused: custom program error: 0x7
PASS G-Freighter8. someone else replays the grant with their own key | refused: custom program error: 0x7
PASS G-Phantom1. one Phantom signature -> session; relayer pays: 0.01 SOL to VENUE | ok 495HdgLXiA9Xoodi7dLvU5RvJyZgBqoqJBuzMFr6SVMD4hKePuNgC1M81ZELjKDYfWF4VqSX54xGNAULdWNfRtnc
METRIC move-Phantom-relayed {"totalCu":57866,"primeSessionCu":57866,"bytes":975,"fee":15000}
PASS G-Phantom2. relayer down: session key pays the fee itself: 0.005 SOL to VENUE | ok 5x7jp2DQ5wowZU6R9WJKUdgsNTw9S3gEHLEGg8nobSD744MoNjdNZdN5xkiD9c4xszhzthsMnfyuQgzLD7sNqpuN
PASS G-Phantom3. VENUE received exactly 0.015 SOL | ok 0.015
PASS G-Phantom4. relayer down and the session key has no SOL | refused: Attempt to debit an account but found no record of a prior credit
PASS G-Phantom5. same session: 0.01 SOL elsewhere (policy) | refused: Error Code: ProgramInteractionAccountConstraintViolated
PASS G-Phantom6. same session: 0.06 SOL to VENUE (over the 0.05 per-move limit) | refused: Error Code: ProgramInteractionInvalidNumericValue
PASS G-Phantom7. stretched valid-until | refused: custom program error: 0x7
PASS G-Phantom8. someone else replays the grant with their own key | refused: custom program error: 0x7
PASS G9. grant longer than 7 days | refused: custom program error: 0x4
PASS G10. expired grant | refused: custom program error: 0x4
PASS G11. MetaMask grant with the ed25519 program instruction missing | refused: custom program error: 0x7
PASS G12. ed25519 instruction reading its public key from another instruction | refused: custom program error: 0x0
PASS G13. daily cap shared by all: 0.045 used + 0.05 = 0.095 <= 0.1 | ok 2oRtLZ6s16XkmXu1oJh2cGJf6Ge6uwWLcUW7sMqx6XdKBR5LPwNfJhWx4SHLq7kcKKNRr1tY9Y5G8asWXqWcFpXf
PASS G13b. + 0.01 = 0.105 > 0.1 | refused: Error Code: ProgramInteractionInsufficientLamportAllowance
PASS X1. Freighter's PDA with a grant signed by MetaMask (NEAR) | refused: custom program error: 0x7
PASS X2. Phantom's PDA with a grant signed by Freighter (NEAR) | refused: custom program error: 0x7
PASS X3. MetaMask's PDA with a grant signed by Phantom | refused: custom program error: 0x7
PASS X4. Freighter's PDA with its MPC key under another path | refused: custom program error: 0x7
PASS X4b. Freighter's session PDA with a grant signed by its seat key (prime:solana) | refused: custom program error: 0x7
PASS X5. Phantom grant presented for MetaMask's PDA | refused: custom program error: 0x7
PASS X6. grant signed for cluster mainnet, used on localnet | refused: custom program error: 0x7
PASS X7a. a grant naming program A's PDA, presented to program B with A's PDA | refused: custom program error: 0x2
PASS X7b. the same grant presented to program B with B's PDA (text mismatch) | refused: custom program error: 0x7
PASS X7c. a grant naming program B's PDA, presented to program A with B's PDA | refused: custom program error: 0x2
PASS X7d. the same grant presented to program A with A's PDA (text mismatch) | refused: custom program error: 0x7
PASS X8. Phantom's own signed grant naming MetaMask's PDA | refused: custom program error: 0x2
PASS X9a. valid Phantom grant, data names another settings address | refused: custom program error: 0x2
PASS X10. the session key does not sign (relayer only) | refused: Program FTNMFWiECbRp7D5MwJUiNQfee6NuJPjE7S11J9yc2B9G invoke [1] Program FTNMFWiECbRp7D5MwJUiNQfee6NuJPjE7S11J9yc2B9G consumed 2483 of 203000 compute units Progr
PASS X11a. account 3 set to the System program instead of the Smart Account program: the move still runs | ok 4RkU3ecYn49wGBYiWgaQjazDGRFsLKuLzD2DfgGkWDLPFsonuT8K26EWT3VDgXB9mx483435rntt73hFPcCuu15U
PASS X11b. ...and prime-session called only the Smart Account program | ok 4RkU3ecYn49w… Program SMRTzfY6DfH5ik3TKiyLFfXexV8uSG3d2UksSCYdunG invoke [2]
PASS A0. account B created with the same three seats | ok 3QXXawCw8DRXczuaNJNNDThD5QroXPTC2qG5B5iqdH3WVGTgPBA6aKtMdg8XNnYf3s2Du4PS3Bp7PQ71vVUsCQ7t
PASS A1. account B installs its movers policy (members: each wallet's PDA for account B):a. MetaMask proposes and approves | ok 5g7xLH2boVrAmz3TZAMf8ZdDALDTTc1zBKLbPMpujh7tUbWtD758kEUc2t1V17hzeGgkeyUbKa4yK2Ri2Zjtx8C5
PASS A1. account B installs its movers policy (members: each wallet's PDA for account B):b. Phantom approves and executes | ok 7yWHYAAds4xnRhPjFSbxgRnWA8Pg9yWKaecjyKSwrDKrcQBYgqD8aMud5p6xrXVwKLswDWTAeFK2dyQraE66EQ3
PASS A2. each wallet's PDA differs between account A and account B | ok 7qriG5,J5qGs8,CxMTvv
PASS A3. account A's Phantom grant presented to account B (as Phantom's account-B PDA) | refused: custom program error: 0x7
PASS A4. account A's Phantom PDA calling account B's policy | refused: Error Code: NotASigner
PASS A5. a Phantom grant made for account B works in account B | ok 5iVyUC8AQiDe7LApXmf1bLi8qKqBaXbAWKjBiWVb2NZ95t1cfJdp5Gdnub6pgQdFPG71bof4Pdth2RXS8Ln12o1D
PASS A5-M0. Phantom session: one move through the Smart Account (compute units recorded) | ok 3Cw182vtJXdua87Wx7satj4JWLuVNDu4h8bvqXwNRuYZmgRwiCrAcbDvtTrJt6vqvJgunYk9TbPUJHPTAwTySM7m
METRIC move-sample-0 {"totalCu":53334,"primeSessionCu":53334,"bytes":975,"fee":15000}
PASS A5-M1. Phantom session: one move through the Smart Account (compute units recorded) | ok 22CGXvs3C4UBGAMeZJXkwauLpvM88rtb4pCL1qB7NVYtd6WcztFzePVoXUF3JTsWwvsScvhUgcAZEYK2d1xwf16w
METRIC move-sample-1 {"totalCu":53334,"primeSessionCu":53334,"bytes":975,"fee":15000}
PASS A5-M2. Phantom session: one move through the Smart Account (compute units recorded) | ok 3TAdQpd3zZRPk7ea4DoUGRDihTY41EFQTGxBDgswQf9JsgQsCkFSonoT2kn86rpumEB5uboytF5Fa9MnSVG6kAkR
METRIC move-sample-2 {"totalCu":53334,"primeSessionCu":53334,"bytes":975,"fee":15000}
PASS A5-M3. Phantom session: one move through the Smart Account (compute units recorded) | ok 5xc3JUa91RsmFhsvsCddTi51UUpNkCo2JW1Z1qLpLy5U1xRw6AFDgLCaT8tFVTJB4EinST6NpWA6fGTmH7q8oetY
METRIC move-sample-3 {"totalCu":54834,"primeSessionCu":54834,"bytes":975,"fee":15000}
PASS A5-M4. Phantom session: one move through the Smart Account (compute units recorded) | ok z4bCNijjMYFS997Y7PCYLBJwTjLWUyJCk178qyRwHY9LcgBRXyqLBdZYk7g4K16vsDUt8pmzi17GrhSXENaWPzG
METRIC move-sample-4 {"totalCu":53334,"primeSessionCu":53334,"bytes":975,"fee":15000}
PASS A5-M5. Phantom session: one move through the Smart Account (compute units recorded) | ok 3ipocoBRL6iQxuBUc5LWXaTUQQUyesoXVF8a1zi6UrpzNobdmUbBEpWmffCx8qBKhD1fm4PzdEyFVL58c6UyEy9i
METRIC move-sample-5 {"totalCu":53334,"primeSessionCu":53334,"bytes":975,"fee":15000}
PASS A5-M6. Phantom session: one move through the Smart Account (compute units recorded) | ok 59NDgHWHFxDSsU5vm589Q8T9u823RSb4hdc3npcBv4dJA1cn7EY1EmLBuTxLKoGA1VD55HP5cRyCvFdhJjfvLFqj
METRIC move-sample-6 {"totalCu":54834,"primeSessionCu":54834,"bytes":975,"fee":15000}
PASS A5-M7. Phantom session: one move through the Smart Account (compute units recorded) | ok 3tqfxYBqxQH7ASwjKhDWmNMXfkFSZ7wAbQXFVo799gt8HgAEb1rakK6pJaMxa8XYfPs9bpSD34EhsvY2s6UzCdMB
METRIC move-sample-7 {"totalCu":53334,"primeSessionCu":53334,"bytes":975,"fee":15000}
PASS A5-M8. Phantom session: one move through the Smart Account (compute units recorded) | ok 6NxV923yxwyLGy1V1Ys9wqrUqcsUYD4txWsZmmoWcgnUzZXjEoy7RKdtPvXJj8uuaffyFTHnX96rKnP2DajRtsF
METRIC move-sample-8 {"totalCu":54834,"primeSessionCu":54834,"bytes":975,"fee":15000}
PASS A5-M9. Phantom session: one move through the Smart Account (compute units recorded) | ok 4dN4unb6Dxsngu9S1qNc7CdJ7w54T9yDfsqo4nMrEXCwBg3TXCm2hxu99cwTeTFH5o9mk6iSyy6yVqH3pYoxvJqL
METRIC move-sample-9 {"totalCu":53334,"primeSessionCu":53334,"bytes":975,"fee":15000}
PASS A6. account B's grant presented to account A | refused: custom program error: 0x7
PASS V0a. Phantom session 1 works | ok 2cPYAq7PYiW5FnD878hPTkHqCuxyjxo5XD2T8ShKVQr9WRzTzWYxbFprYqaABSBZH1yu2JTxVVXBHvJ8edmdca8
PASS V0b. Phantom session 2 works | ok 5EwDdh3aT39WDM3g5oos3fCxkprnRrVc3c41ndExQeQQobPCUtJpxeMmx6ZEdt2G1xL5cCgM1hpxxLaWGBKDQkG2
PASS V0c. no marker exists for session 1 yet | ok DaYB5b5SfWHbLi3bWaWJPTmfiGUmBuaHJhiyS3YAdkNT
PASS V1. Phantom revokes session 1 (one signature, relayed, session key does not sign) | ok EuVH3mkw2QjjUjGJFtdF7nxpcmRLWE5RN43yoYA9637JvKVkdjNYF8LLe8NjxzfkVvwaRsoXbYjV3Kb1nDUhvDh
METRIC revoke {"totalCu":22216,"primeSessionCu":22216,"bytes":725,"fee":10000}
PASS V1b. the marker is empty, owned by prime-session and rent exempt | ok {"lamports":890880,"dataBytes":0,"owner":"FTNMFWiECbRp7D5MwJUiNQfee6NuJPjE7S11J9yc2B9G"}
PASS V2. the revoked session 1 is refused | refused: custom program error: 0x2
PASS V3. the same wallet's session 2 keeps working | ok 2uH7xtsE4sT75U5SQLAGZxWecGArdTgT7sCd714gsMMwQj2PLGfAf8sZ1y1Xp4wRYyRQ5oPRrBU8v5UmE43ZNDaW
PASS V3b. revoking session 1 again is refused | refused: custom program error: 0x2
PASS V4a. MetaMask's session-owner key signs a revoke of Phantom's session 2 (data names Phantom as owner) | refused: custom program error: 0x7
PASS V4b. MetaMask signs a revoke naming Phantom's PDA under its own owner field | refused: custom program error: 0x2
PASS V4c. Phantom session 2 still works | ok 3K2Bo6gWUnFC3NGdTFT7gVhGjsEwBKkTfsczgWdetxpzsWpTX6jgtFoRjkKUsv4NcxPxZsyHf3iHEBTtDbeJijv3
PASS V4d. MetaMask revokes the same key under its own PDA (a marker in MetaMask's namespace) | ok 3iNsSvRvgshxaPDob24SMhh5Wek8rwkXR6n1mRXtRmeR2UXEyRUqQE9rv76oNu9TDaZKiVD8ETmHQMcr3BGpsSDp
PASS V4e. ...and Phantom's session 2 still works (the marker is per owner) | ok uQmyNamRitAZdP6JAMGdMAmwfDKiYoRekp66a5RsBCD63HoWt35qDGEhtLdGo6cgk2CoMpJt2QgrccqHbgUcZsp
PASS V5a. Phantom revokes a key it never granted | ok 56a6b9S2cw6KXHZPFMez2TptHzxwzxa6Mws353tLq6LkxZ55qQxfgGRz85qqF2frTZTyhkkBYQZ14fneTaqRRFW6
PASS V5b. a grant signed for that key afterwards is refused | refused: custom program error: 0x2
PASS V6a. a revoke signed for account A's PDA, sent with account B's settings and B's marker | refused: custom program error: 0x2
PASS V6b. no marker was created in account B | ok 
PASS V6c. session 3 still works in account A | ok 5ARdxnXvoQXtcaJoC9uTBJWK9Vfy4RrmDfitQGhVPjhDDiavz3md1xyU1TLW8VFNXZXL9kZx1u6UMj48WcuCtJrX
PASS V7a. a pre-fund below the rent minimum is refused by the runtime | refused: {"InsufficientFundsForRent":{"account_index":1}}
PASS V7b. a stranger pre-funds the marker address with 0.001 SOL | ok 5XAvgt1PBW3g6XiNSijeKoaAPEaGNUfJHgfU4GGzCKBQ2Pc876wj3yUAoihEQ3t3NoDszN87VgyoG7YyMFWUYGDB
PASS V7c. the revoke still works | ok 5QDLsGRgY3aHRFUzxMcCesUqkKCxf7MDke44B31pQRazWYNT8hK25vUR1UHVG5ZETEyGcP7zgZ9eUcTUauuUrQR7
PASS V7d. the revoked session 4 is refused | refused: custom program error: 0x2
PASS V8a. a move that passes another marker address | refused: custom program error: 0x2
PASS V8b. a move with non-canonical bump 254 (canonical 255) and the canonical PDA account | refused: custom program error: 0x2
PASS V8c. the same session with the canonical bump works | ok 4mRqAe89K46AkBqKyYWUf9t5ob2uqLGzdrqjQp4YH3nKrPf9d6y7kzb8MrQs2HSFMdPbUD7aSBiU9kyoFHnxQnaC
PASS V9. a 72-byte instruction (the old length check) | refused: Program FTNMFWiECbRp7D5MwJUiNQfee6NuJPjE7S11J9yc2B9G invoke [1] Program log: panicked at src/lib.rs:37:110:
index out of bounds: the len is 8 but the index is 8
PASS V9b. a 10-byte instruction | refused: Program FTNMFWiECbRp7D5MwJUiNQfee6NuJPjE7S11J9yc2B9G invoke [1] Program log: panicked at src/lib.rs:35:41:
range end index 32 out of range for slice of length 1
PASS F0. control: the genuine signature instruction in second place, sig_ix 1 | ok 4P5ZMdyVsx6D65yjHt4WD2vAKhCAHhVkEMpR7gWBZdUmugkAXh83KmiaF2YBAmJv28F1M5rwZAs8U7MLA31nqTA9
PASS F1. a key read from another instruction: the attacker's signature over the grant text, the owner's key in the data, key index 0 | refused: custom program error: 0x7
PASS F2. a message read from another instruction: a replayed owner signature stretches the grant by one second, message index 0 (the session key pays the fee: two signature instructions leave no room for a second fee signature) | refused: custom program error: 0x7
PASS F4. a signature instruction from another program (a no-op program) that carries the owner key and the exact grant text with an invalid signature | refused: custom program error: 0x7
PASS F3. a signature read from another instruction (the program also refuses it; the precompile already stops this triple) | refused: custom program error: 0x2
PASS R0. Freighter session works before | ok 5sX3EApWeDfVeNkAjmyYgv7ck7BttF2mZdyX2bzYH6D17YTtxibqZidZD4K99rLjvXzVNDVHeyd3DUW6nRjzCAfa
PASS R1. MetaMask + Phantom update the policy: members MetaMask and Phantom PDAs only:a. MetaMask proposes and approves | ok 3PLqwXGbJrdjfL8mdmtYnqrLK2VT7pcfAxXy2eGLYajUvJtTnAM53HvbTV99hotDTzvPw2gAHAR23Yi9uHEHp8aa
PASS R1. MetaMask + Phantom update the policy: members MetaMask and Phantom PDAs only:b. Phantom approves and executes | ok 3Qug6Tz8Wra1qXjSTrrwha8goQtuPezNASr4vgz8DXsqLQNQjMuod6WENCAvzoxRDNusBrdf17y4LtNLVvHnT4eX
PASS R2. the live Freighter session after removal | refused: Error Code: NotASigner
PASS R3. MetaMask session still works | ok 4JU1LDmcHWEe9NmDMG7rkE3cx2LW8Le2B8p8TFnXbxskWNjK2ZsVubGY5CN5ZXa9p5bSt13TMpVHgqXqTKDev9BG
METRIC relayerSpend {"net":"localnet","spentLamports":4092329680,"vaultFundingLamports":4000000000,"sessionKeysFunded":46,"sessionKeyFundingDevnetLamports":92000000,"devnetEstimateLamports":464329680}
NEAR MPC signatures: 35, average 0.0s
133/133 passed
