{
  MetaMask: "4TXiTPLxe5PrpwiY15tj9nP3wF5F8JPKUsYQyfHCCcod",
  Freighter: "9BcBicoPrGtPJnVynJoj2g1p6zrvaFBkJccorLwGTMZo",
  Phantom: "G5H71U2pASYLeei9MYvWVmCZzjHp2VscWTjpdLYa6LT4",
  sessionMetaMask: "3YomJ7dnhtqFnnPAzRUGmhC8EevR2R4F6Sdx7YN6Pppc",
  sessionFreighter: "Cn2bjH8kGkjioVoB9MY86TDsJ6kKjvaiu9ZCmMsJVW74",
  program: "FTNMFWiECbRp7D5MwJUiNQfee6NuJPjE7S11J9yc2B9G",
  programB: "J38gUL2YFo91GDBnDXwVDaGpk6XWSJUhs7RuditRdiVo",
  net: "localnet",
}
PASS P0. seats are exactly MetaMask(NEAR MPC), Freighter(NEAR MPC), Phantom(own key); threshold 2; vault funded | ok 3vf2K3GXofV5bomG1h6yYTsRQQK18Jov59YyAE9rVzASqHCbEiwwfjJZD3TqAH2kttZYyL9D6CUw4UodJm4t7fvp
PASS K1-MetaMask. MetaMask alone:a. MetaMask proposes and approves | ok 3vKwpJUXXE5vqMWBUiqDmANvyEazN8Qt3KomGR1eucyEK3dUxSXVnJj4ap7Svx6bvBnw4q3owSVW4MLcxNQu1MgA
PASS K1-MetaMask. MetaMask alone:b. MetaMask executes with only its own approval | refused: Error Code: InvalidProposalStatus
PASS K1-Freighter. Freighter alone:a. Freighter proposes and approves | ok 2WBXjyLv51z1wzr8qCfJUvaof1MDkksgEkj1NU2WG8qbiv8V7vgKcxZEdQBtLW6E5iEbX8bk2rK6kZWj1XEQ1oLv
PASS K1-Freighter. Freighter alone:b. Freighter executes with only its own approval | refused: Error Code: InvalidProposalStatus
PASS K1-Phantom. Phantom alone:a. Phantom proposes and approves | ok 2duZt8TobUQBw8YgxqnR6Et7y3sfBm2vNcsAwoVwsr7v8cnWj6bye5rJQ1KSiF9K6LWZnuJLoV4xQvsUtoS4HtC9
PASS K1-Phantom. Phantom alone:b. Phantom executes with only its own approval | refused: Error Code: InvalidProposalStatus
PASS K2. MetaMask + Freighter:a. MetaMask proposes and approves | ok 4YraGg1a7ED3sHRFzdbznQkMTEZkJoeeFD1AKSbwaoXQAWcTFRYFNVwDkvZG9JxewF3wMpaVbZP1At5KTLTd1Pas
METRIC seat-propose-K2-MetaMask {"totalCu":78014,"bytes":579,"fee":10000}
PASS K2. MetaMask + Freighter:b. Freighter approves and executes | ok 4JLoW58NWrG9x6Ggy3c1HzQyH9kHVqaABAiJjUu7R4sMn9BcXPkbYmexMq1UBRoamKAGYwkSifhUDg4CcbBcWheN
METRIC seat-exec-K2-Freighter {"totalCu":67701,"bytes":490,"fee":10000}
PASS K3. Freighter + Phantom:a. Freighter proposes and approves | ok qnjwrWTPLeSkqVCqqR4FTg7SFBdESvRwtWqqSjrfmLXZHAPY4hMhr9Bb9RGNqFr1dcDdKYF9VZvjTqrQzoAYeqJ
METRIC seat-propose-K3-Freighter {"totalCu":83828,"bytes":579,"fee":10000}
PASS K3. Freighter + Phantom:b. Phantom approves and executes | ok 59vQLHvfKbCkv7HY9kdv6KaNrCSSdEf34vpPsBnDm5sB9DBzPTNDzt9xUDdsCJ7QbSWc3txgL2bT85wsEMrEzcrd
METRIC seat-exec-K3-Phantom {"totalCu":70829,"bytes":490,"fee":10000}
PASS K4. Phantom + MetaMask:a. Phantom proposes and approves | ok 4vGJXEwYtCDeTLFrWSD5egYjAFM1ksTxFBp3uM9czRNqzTeNeETV1rAyfrAFzvPACRxpkKKyKE7RFYn8yYXhMrcV
METRIC seat-propose-K4-Phantom {"totalCu":79520,"bytes":579,"fee":10000}
PASS K4. Phantom + MetaMask:b. MetaMask approves and executes | ok 54az3jPf1JDAcudtuidG5rDyCtuFtTTaJSNpryvFfXjT2Cgp9tTCjZ9aCcZwVvhQvuXWfYpCREDLGYUtBL4NFXfN
METRIC seat-exec-K4-MetaMask {"totalCu":67876,"bytes":490,"fee":10000}
PASS K5. DEST received exactly 0.03 SOL | ok 0.03
PASS K6. MetaMask alone (open proposal):a. MetaMask proposes and approves | ok 3wstyEJJqD8zmpgp2BUwcbpWrfPV3pzp3igQjbR1Y9vsgP5oiHnVyXsfVLmkSWs4JYi9QkET6gxjZcxbFpcJ93uD
PASS K6. MetaMask alone (open proposal):b. MetaMask executes with only its own approval | refused: Error Code: InvalidProposalStatus
PASS K6c. an outsider approves it | refused: Error Code: NotASigner
PASS K6d. Freighter's seat signed by MetaMask's MPC key | refused: Transaction did not pass signature verification
PASS K6e. Freighter's seat signed by its MPC key under another path | refused: Transaction did not pass signature verification
PASS K6f-MetaMask. MetaMask's seat vote signed by its session-path key | refused: Transaction did not pass signature verification
PASS K6g-MetaMask. MetaMask's session-path key approves as itself | refused: Error Code: NotASigner
PASS K6f-Freighter. Freighter's seat vote signed by its session-path key | refused: Transaction did not pass signature verification
PASS K6g-Freighter. Freighter's session-path key approves as itself | refused: Error Code: NotASigner
PASS K7. install the movers policy (members: the three session PDAs):a. MetaMask proposes and approves | ok 5h7qZJssFkkSqBeCADXMdhaMMBzTyrE5bwm5xA56LEV6jcNQRTzXMC7pZbLAqdhMeuHaTC7a83Ym44aA9vbRstER
PASS K7. install the movers policy (members: the three session PDAs):b. Phantom approves and executes | ok 53UjCwcqTbysddLY8vyhxXd7xpG65CtVBDgPUmdLg9PyrqTnoug61sUVcWLWUYBGnaTJXx72KJpX26WKAk78dR7y
PASS N0. MetaMask alone (open proposal):a. MetaMask proposes and approves | ok 4RgxuaFNY9zsyLCtz2sYL9PL8vm7smL82Z6yBy36HrCjnC2PoAvXus5ZbzQM6xySLQ7EcCDy9JCPP19MoqNX1bQB
PASS N0. MetaMask alone (open proposal):b. MetaMask executes with only its own approval | refused: Error Code: InvalidProposalStatus
PASS N1. Phantom session approves that proposal as its PDA | refused: Error Code: NotASigner
PASS N2. Phantom session key approves it as itself | refused: Error Code: NotASigner
PASS N3. Phantom session proposes a vault transaction as its PDA | refused: Error Code: NotASigner
PASS N4. Phantom session adds its key as a seat (settings sync, as its PDA) | refused: Error Code: InvalidSignerCount
PASS N5. Phantom session calls a program other than the Smart Account (System transfer from its PDA) | refused: Program FTNMFWiECbRp7D5MwJUiNQfee6NuJPjE7S11J9yc2B9G invoke [1] Unknown program SMRTzfY6DfH5ik3TKiyLFfXexV8uSG3d2UksSCYdunG Program FTNMFWiECbRp7D5MwJUiNQfee6Nu
PASS G-MetaMask1. one MetaMask signature (through NEAR) -> session; relayer pays: 0.01 SOL to VENUE | ok 29m9SBE6sCEyUjfn6RZZq1tmDDSPqVjw233p8dz5rLwfA282unbUbLMJn1vuni2rCpLBjdtHs7L7FUqpsGCGwm4o
METRIC move-MetaMask-relayed {"totalCu":52279,"primeSessionCu":52279,"bytes":975,"fee":15000}
PASS G-MetaMask2. relayer down: session key pays the fee itself: 0.005 SOL to VENUE | ok 25QEg6rYGYLqQ26dJRHAJp2gfLXEZXjJfrQoWWjYKM26i69LP8vSDYbiMN4L1hbFNXF2w8HKYUEAdK8Vnev4FEgb
PASS G-MetaMask3. VENUE received exactly 0.015 SOL | ok 0.015
PASS G-MetaMask4. relayer down and the session key has no SOL | refused: Attempt to debit an account but found no record of a prior credit
PASS G-MetaMask5. same session: 0.01 SOL elsewhere (policy) | refused: Error Code: ProgramInteractionAccountConstraintViolated
PASS G-MetaMask6. same session: 0.06 SOL to VENUE (over the 0.05 per-move limit) | refused: Error Code: ProgramInteractionInvalidNumericValue
PASS G-MetaMask7. stretched valid-until | refused: custom program error: 0x7
PASS G-MetaMask8. someone else replays the grant with their own key | refused: custom program error: 0x7
PASS G-Freighter1. one Freighter signature (through NEAR) -> session; relayer pays: 0.01 SOL to VENUE | ok 2CNYbW22B4cudMc76iUqEJfgSPi2bMW11DQCezbhchPQVsXZRDU9EmFqnSCdJpQpvrhCmdZA4TESrows3ioXxeFu
METRIC move-Freighter-relayed {"totalCu":53748,"primeSessionCu":53748,"bytes":975,"fee":15000}
PASS G-Freighter2. relayer down: session key pays the fee itself: 0.005 SOL to VENUE | ok 3UtQBusQTPmV7s8CEqe5RVsJPfc7mRZpzWjTinBTFMC7qP9aCSwusNy2MtGrTWc6CR3VMVjPxmjVwYJujf33Szhh
PASS G-Freighter3. VENUE received exactly 0.015 SOL | ok 0.015
PASS G-Freighter4. relayer down and the session key has no SOL | refused: Attempt to debit an account but found no record of a prior credit
PASS G-Freighter5. same session: 0.01 SOL elsewhere (policy) | refused: Error Code: ProgramInteractionAccountConstraintViolated
PASS G-Freighter6. same session: 0.06 SOL to VENUE (over the 0.05 per-move limit) | refused: Error Code: ProgramInteractionInvalidNumericValue
PASS G-Freighter7. stretched valid-until | refused: custom program error: 0x7
PASS G-Freighter8. someone else replays the grant with their own key | refused: custom program error: 0x7
PASS G-Phantom1. one Phantom signature -> session; relayer pays: 0.01 SOL to VENUE | ok 2f3RA9Pb2T4Dy2NS33Vh2nNn3zHxgPgvajsoo3kaySa9272fs2wh1XuK1riB6kzBbQnBzm6NCSjpWT7BScYqAM1o
METRIC move-Phantom-relayed {"totalCu":52280,"primeSessionCu":52280,"bytes":975,"fee":15000}
PASS G-Phantom2. relayer down: session key pays the fee itself: 0.005 SOL to VENUE | ok 2B6ivhNUVgQGJj7oVqrxaqhzsbEu3n5HL6AcFWgu1qRbVffHJjea3cu9k5EfQ8G54BZ4oCPyiN5xrXaKdKcWt1J8
PASS G-Phantom3. VENUE received exactly 0.015 SOL | ok 0.015
PASS G-Phantom4. relayer down and the session key has no SOL | refused: Attempt to debit an account but found no record of a prior credit
PASS G-Phantom5. same session: 0.01 SOL elsewhere (policy) | refused: Error Code: ProgramInteractionAccountConstraintViolated
PASS G-Phantom6. same session: 0.06 SOL to VENUE (over the 0.05 per-move limit) | refused: Error Code: ProgramInteractionInvalidNumericValue
PASS G-Phantom7. stretched valid-until | refused: custom program error: 0x7
PASS G-Phantom8. someone else replays the grant with their own key | refused: custom program error: 0x7
PASS G9. grant longer than 7 days | refused: custom program error: 0x4
PASS G10. expired grant | refused: custom program error: 0x4
PASS G11. MetaMask grant with the ed25519 program instruction missing | refused: custom program error: 0x7
PASS G12. ed25519 instruction reading its public key from another instruction | refused: custom program error: 0x0
PASS G13. daily cap shared by all: 0.045 used + 0.05 = 0.095 <= 0.1 | ok 2sqFGECzANEi2JRBsaKspYWF9kgW4AnDV5RwscPbekfpgTFVa4xMppFp8CuE6e8pvMNFcN8kB9JNaDLVXEytEhDv
PASS G13b. + 0.01 = 0.105 > 0.1 | refused: Error Code: ProgramInteractionInsufficientLamportAllowance
PASS X1. Freighter's PDA with a grant signed by MetaMask (NEAR) | refused: custom program error: 0x7
PASS X2. Phantom's PDA with a grant signed by Freighter (NEAR) | refused: custom program error: 0x7
PASS X3. MetaMask's PDA with a grant signed by Phantom | refused: custom program error: 0x7
PASS X4. Freighter's PDA with its MPC key under another path | refused: custom program error: 0x7
PASS X4b. Freighter's session PDA with a grant signed by its seat key (prime:solana) | refused: custom program error: 0x7
PASS X5. Phantom grant presented for MetaMask's PDA | refused: custom program error: 0x7
PASS X6. grant signed for cluster mainnet, used on localnet | refused: custom program error: 0x7
PASS X7a. a grant naming program A's PDA, presented to program B with A's PDA | refused: custom program error: 0x2
PASS X7b. the same grant presented to program B with B's PDA (text mismatch) | refused: custom program error: 0x7
PASS X7c. a grant naming program B's PDA, presented to program A with B's PDA | refused: custom program error: 0x2
PASS X7d. the same grant presented to program A with A's PDA (text mismatch) | refused: custom program error: 0x7
PASS X8. Phantom's own signed grant naming MetaMask's PDA | refused: custom program error: 0x2
PASS X9a. valid Phantom grant, data names another settings address | refused: custom program error: 0x2
PASS X10. the session key does not sign (relayer only) | refused: Program FTNMFWiECbRp7D5MwJUiNQfee6NuJPjE7S11J9yc2B9G invoke [1] Program FTNMFWiECbRp7D5MwJUiNQfee6NuJPjE7S11J9yc2B9G consumed 165 of 203000 compute units Progra
PASS X11a. account 3 set to the System program instead of the Smart Account program: the move still runs | ok 2s6myQNs8cNPvWtZ698fihNNpjragSZUfPMGgmYCKqWEivVmcx83YJqF5gv1aCZCAEUK1DGh9fjthzKKHRo7kuJ6
PASS X11b. ...and prime-session called only the Smart Account program | ok 2s6myQNs8cNP… Program SMRTzfY6DfH5ik3TKiyLFfXexV8uSG3d2UksSCYdunG invoke [2]
PASS A0. account B created with the same three seats | ok 2eyhXDUS3RjrwWmxfdWyQEunEzTZG1SRTw2ngWsiP8XJT8zCXW8k2VDHr2jyA6duJmutK3MYtA1YE9RQpjXxjFwG
PASS A1. account B installs its movers policy (members: each wallet's PDA for account B):a. MetaMask proposes and approves | ok 57KTB9gvgaxuS2aGKUHEaz2fEXCZfnJoytdarxUTKFx8C52bqzgtDQAy2S6kDUf8LxwSj934B883cY9fquHrhph6
PASS A1. account B installs its movers policy (members: each wallet's PDA for account B):b. Phantom approves and executes | ok 2Afjmdz1SzeJ73tMmBwrYM6NZ5kmMohCm3iSdQL8JgoHtUoG3EAp3v7Cxosyc8NX6JGAs3Ewd3pwLPKSvGQ3VBaC
PASS A2. each wallet's PDA differs between account A and account B | ok 7qriG5,J5qGs8,CxMTvv
PASS A3. account A's Phantom grant presented to account B (as Phantom's account-B PDA) | refused: custom program error: 0x7
PASS A4. account A's Phantom PDA calling account B's policy | refused: Error Code: NotASigner
PASS A5. a Phantom grant made for account B works in account B | ok 2ZU3L74iUDYfJoxJ1rzdhutLXVXwwAhTTHKU1if3ncb1t6BvCXo9giqPuXFXXLSse5UsDQk6Lqrb4ECr4AkjZnim
PASS A5-M0. Phantom session: one move through the Smart Account (compute units recorded) | ok 3ALQrWLHwTMaAQ1sARAemj1A9npQ7SmcGJLZR3k3jtsWam84qcTb1gDseAbdD3Z9EcD2bq3q6XH9yKknRh67PnpW
METRIC move-sample-0 {"totalCu":49248,"primeSessionCu":49248,"bytes":975,"fee":15000}
PASS A5-M1. Phantom session: one move through the Smart Account (compute units recorded) | ok 5CmsrkDNEzfo6tWGAuMs2J4Bpyq9VsgcbkuK1Trp1gEAqdjfhqVLr7ws73nxABH7LUSNcZWm3kYREFzhadNRr1QA
METRIC move-sample-1 {"totalCu":49248,"primeSessionCu":49248,"bytes":975,"fee":15000}
PASS A5-M2. Phantom session: one move through the Smart Account (compute units recorded) | ok 52rLbxznUr5es5A2SmRBhMMP5WRSGrvjmPFfFCZe7pzAswKnw1Q9YfqcSkobt1yJTz3y1KjCJ7rBQRxfuEoxW71t
METRIC move-sample-2 {"totalCu":49248,"primeSessionCu":49248,"bytes":975,"fee":15000}
PASS A5-M3. Phantom session: one move through the Smart Account (compute units recorded) | ok ciEavKnhYj4nrdfexDeCV4QpDq37sqNAZsj8nGypM5iMVhXM6a5eWEuhSS6rbJnJtCiVp4JDehGQkow7aMWKDNw
METRIC move-sample-3 {"totalCu":52248,"primeSessionCu":52248,"bytes":975,"fee":15000}
PASS A5-M4. Phantom session: one move through the Smart Account (compute units recorded) | ok 2BNtz17R9LGr4Bsawd7ZSNuXVjym8NYWWzxefjATPSzkAyTNJ8FCBwiPM7nTDGAUZwfPh5wPXtFBmKq8W3HiHTQa
METRIC move-sample-4 {"totalCu":49248,"primeSessionCu":49248,"bytes":975,"fee":15000}
PASS A5-M5. Phantom session: one move through the Smart Account (compute units recorded) | ok 2QbG439HrX1T3ZhTeHfCrGvjGNTdATB9WSxCGCNAm5EgioCN763D9nYEzxwAJFUvpKbzp4PNCUNfWgJAiv7XTY6a
METRIC move-sample-5 {"totalCu":53748,"primeSessionCu":53748,"bytes":975,"fee":15000}
PASS A5-M6. Phantom session: one move through the Smart Account (compute units recorded) | ok 4yRny3VzVdZyeu4xXy84PojwTLFM7yWP4pCeYF4trubTzKmtEhhstUQBsKvkRhp53vGq6zSYqrdWX7pobyP6r9n2
METRIC move-sample-6 {"totalCu":49248,"primeSessionCu":49248,"bytes":975,"fee":15000}
PASS A5-M7. Phantom session: one move through the Smart Account (compute units recorded) | ok 4eXoMN1ToWimj74wifPNcWyRRofqEFjz2o2dBnAD5d68hnQBSG16RM1pKFUdY6BwBuDgNrpTEBi3c3MyrRLnaG7x
METRIC move-sample-7 {"totalCu":49248,"primeSessionCu":49248,"bytes":975,"fee":15000}
PASS A5-M8. Phantom session: one move through the Smart Account (compute units recorded) | ok 4HZS1gzh4DA3sJV9R3K1QMt3RiX9xtN485CAFE5z2v8aMTgScJXveZ4vvD1FZcL9v1o4ZA5gFfiWrT9ih5xAsXvC
METRIC move-sample-8 {"totalCu":49248,"primeSessionCu":49248,"bytes":975,"fee":15000}
PASS A5-M9. Phantom session: one move through the Smart Account (compute units recorded) | ok 51h5Xyh7ATMovnXXnpSSks5rQZKvjLtj8TsodN6P4tD7HKfVGB7LwuhfUTLsU1XnvLNC6GhZSELRCsVm8HWySLZU
METRIC move-sample-9 {"totalCu":50748,"primeSessionCu":50748,"bytes":975,"fee":15000}
PASS A6. account B's grant presented to account A | refused: custom program error: 0x7
PASS V0a. Phantom session 1 works | ok x6xkwcT423cx88VedgJHZQijq3ySxAyh3ehCVTUUrpkK5GvUC213MimWSa7Lt8kxj9TCwiedoSQsmkMm7AVXJPH
PASS V0b. Phantom session 2 works | ok 5ib9kEB8BKRKdYhoz8es7MAwsFxVb7WE5zn2rXY53SruuTwxQQWeenKNN8eEK9AfUPt1oPEqGWeXuoWg1D7uz9TX
PASS V0c. no marker exists for session 1 yet | ok BCNh1EZS4PZixVLTKH33AfeCQh8khvPZhJWLVM3j5n4A
PASS V1. Phantom revokes session 1 (one signature, relayed, session key does not sign) | ok 4gs2CyUGY2PTb9N2Fmkbh1oBF4EfE92jtPzfyctW5pdycRPwrk5fmro9Fyn1tbGgbJT1sojcnkeDzgosCrgcq8QB
METRIC revoke {"totalCu":18742,"primeSessionCu":18742,"bytes":726,"fee":10000}
PASS V1b. the marker is empty, owned by prime-session and rent exempt | ok {"lamports":890880,"dataBytes":0,"owner":"FTNMFWiECbRp7D5MwJUiNQfee6NuJPjE7S11J9yc2B9G"}
PASS V2. the revoked session 1 is refused | refused: custom program error: 0x2
PASS V3. the same wallet's session 2 keeps working | ok 4WnMUNtZhmKtRHyhyxX7E4RXSBehgRTVdNqLgB1a8ybkTig2EzJyy73WqDk4v2LmPmeQ7b8M7VbFBbVw4R3H3xdS
PASS V3b. revoking session 1 again is refused | refused: custom program error: 0x2
PASS V4a. MetaMask's session-owner key signs a revoke of Phantom's session 2 (data names Phantom as owner) | refused: custom program error: 0x7
PASS V4b. MetaMask signs a revoke naming Phantom's PDA under its own owner field | refused: custom program error: 0x2
PASS V4c. Phantom session 2 still works | ok 4SsYA8K8KNyvsX4MWWxHSJqRzS7PxCmw4J2cRCn4yVNtXZcGoBWTbcndREFbJzJWQc8H5fvYcnoKpskVmCmJoibM
PASS V4d. MetaMask revokes the same key under its own PDA (a marker in MetaMask's namespace) | ok 5nKJSwxixyZfFCnD9FKDqfy3LLHPCZw5pXabncyL8k2B4U81HrtrFLAWPvLyNmdrNkRLNjmnnn4DVqbdbCQnbUP2
PASS V4e. ...and Phantom's session 2 still works (the marker is per owner) | ok abMcT7ySc6ubQLjpp1bdcyhPHRfkguB5oxS5esqEeD6YiZSo1D3HFadFPTm1qHrJaFSVjbAQmGGT3rVeuyG7MDd
PASS V5a. Phantom revokes a key it never granted | ok 32hs6VW66Ce9ngoW2bECS8rqm5gGpvrHKACWApeEtvCSZnF5C7xf2hbCuAWTPh5Pj1MCMVWCoeZ7tAszEszyPXAo
PASS V5b. a grant signed for that key afterwards is refused | refused: custom program error: 0x2
PASS V6a. a revoke signed for account A's PDA, sent with account B's settings and B's marker | refused: custom program error: 0x2
PASS V6b. no marker was created in account B | ok 
PASS V6c. session 3 still works in account A | ok 2P5ssaTSSVKV27YchX3QEbTryx93QjmFVGnSt5Un7oWoi7E3V3LaVdgbeT4Ppf2HofNKrGhgAom89Zac3v1Vq3Z6
PASS V7a. a pre-fund below the rent minimum is refused by the runtime | refused: {"InsufficientFundsForRent":{"account_index":1}}
PASS V7b. a stranger pre-funds the marker address with 0.001 SOL | ok ucrpT252TJ7kfUG3Bj8iDUH8Fh9gECYr4NyRS6JNpAq372wVHa8VVt7fFb6993yPSWukKSVJtWSbNs118WXcjub
PASS V7c. the revoke still works | ok 2icrtWW9xcXx2FEFZAj2mKVgPWAfZWnh8U347GcBTxHYE7wT8sGKNC6otzjCGJtQ4wjW1tdMfh8EvaBjbyjRcY7P
PASS V7d. the revoked session 4 is refused | refused: custom program error: 0x2
PASS V8a. a move that passes another marker address | refused: custom program error: 0x2
PASS V8b. a move with non-canonical bump 254 (canonical 255) and the canonical PDA account | refused: custom program error: 0x2
PASS V8c. the same session with the canonical bump works | ok UTYNS7yDLAvkJGbUkWrgB3URHMzfZygevSakngTmTkQuifFLi2Gr6WQxGZVGAF39NC6HXihdSPb5NCgf4HwMYeA
PASS V9. a 72-byte instruction (the old length check) | refused: Program FTNMFWiECbRp7D5MwJUiNQfee6NuJPjE7S11J9yc2B9G invoke [1] Program FTNMFWiECbRp7D5MwJUiNQfee6NuJPjE7S11J9yc2B9G consumed 88 of 203000 compute units Program
PASS V9b. a 10-byte instruction | refused: Program FTNMFWiECbRp7D5MwJUiNQfee6NuJPjE7S11J9yc2B9G invoke [1] Program FTNMFWiECbRp7D5MwJUiNQfee6NuJPjE7S11J9yc2B9G consumed 88 of 203000 compute units Program
PASS R0. Freighter session works before | ok 3eugoyZ2dGvnzarJWQDyKbpWbEePJjMRff4N4d3pGjKvgZA1JjwJkr9Mte9hP8f85ym82kVY3w9nP2gbyezeKbFM
PASS R1. MetaMask + Phantom update the policy: members MetaMask and Phantom PDAs only:a. MetaMask proposes and approves | ok 29VUWnKttZQi3y9RcDjnyGocznE2vaywgo8xac8WQKb8Ss1unZsykW7UbhtkHYotCJKKvaf2RR944HdKyQsgf5h2
PASS R1. MetaMask + Phantom update the policy: members MetaMask and Phantom PDAs only:b. Phantom approves and executes | ok 5ggiAsRyeQrswDoAxa4Hic6gvGUjjniATAVuzHYf1wi7BTveQH9ogio1EjSoJTGwJKP3UEtRRsKDUFL1ZF1k7TKg
PASS R2. the live Freighter session after removal | refused: Error Code: NotASigner
PASS R3. MetaMask session still works | ok 564AnYoLeCFTFrhyueRUyGhC2EpharB1hJZrwxr9racd8CeL4R5ipAQzgxsL9j94PsbbMJmW2mGLcDR9ApafSq64
METRIC relayerSpend {"net":"localnet","spentLamports":4092309680,"vaultFundingLamports":4000000000,"sessionKeysFunded":41,"sessionKeyFundingDevnetLamports":82000000,"devnetEstimateLamports":454309680}
NEAR MPC signatures: 35, average 0.0s
128/128 passed
