{
  MetaMask: "4TXiTPLxe5PrpwiY15tj9nP3wF5F8JPKUsYQyfHCCcod",
  Freighter: "9BcBicoPrGtPJnVynJoj2g1p6zrvaFBkJccorLwGTMZo",
  Phantom: "G5H71U2pASYLeei9MYvWVmCZzjHp2VscWTjpdLYa6LT4",
  sessionMetaMask: "3YomJ7dnhtqFnnPAzRUGmhC8EevR2R4F6Sdx7YN6Pppc",
  sessionFreighter: "Cn2bjH8kGkjioVoB9MY86TDsJ6kKjvaiu9ZCmMsJVW74",
  program: "FTNMFWiECbRp7D5MwJUiNQfee6NuJPjE7S11J9yc2B9G",
  programB: "J38gUL2YFo91GDBnDXwVDaGpk6XWSJUhs7RuditRdiVo",
  net: "localnet",
}
PASS P0. seats are exactly MetaMask(NEAR MPC), Freighter(NEAR MPC), Phantom(own key); threshold 2; vault funded | ok 27RXuQsqcy1CzGWGaLq8anFTNoVUjN76BebDPiZJahaybXdoQUiXRFFiPU8NxfxwYfsgxsgW1oxUFtQsNZ7QsG2w
PASS K1-MetaMask. MetaMask alone:a. MetaMask proposes and approves | ok 2kadBhASnYAWebV4hfSZzr2XojzW4JAL6MRxoKai4gEZt4UH3iNerM2MKyUrDpNutr9dTSHMXy6YbHkgoBp7aPLx
PASS K1-MetaMask. MetaMask alone:b. MetaMask executes with only its own approval | refused: Error Code: InvalidProposalStatus
PASS K1-Freighter. Freighter alone:a. Freighter proposes and approves | ok 5LRG87pdsTZ8NZ1tYUnZer9UNyYjhtRdUcmNmG6T3UZn8tP8a26KgHYE528WcYJ3T2hAYM3pJJcDdCiu5S74gW8J
PASS K1-Freighter. Freighter alone:b. Freighter executes with only its own approval | refused: Error Code: InvalidProposalStatus
PASS K1-Phantom. Phantom alone:a. Phantom proposes and approves | ok 3fBpnShrHkKzvezTuthbfJ32GW8kKB1EiyKw4PkgRTNEK2HY6kpQzgRMozfDNUNu1xWj5FgpVrHWNgxi6xqSSqoV
PASS K1-Phantom. Phantom alone:b. Phantom executes with only its own approval | refused: Error Code: InvalidProposalStatus
PASS K2. MetaMask + Freighter:a. MetaMask proposes and approves | ok 4TFdv5VQGmpFCQSzzw8yg1pFuYSTACYu7brAPbm9ZvpDNNHK76J1VGEHx5VqmF14NEFeQkTpTaoJpdaTms3w785H
METRIC seat-propose-K2-MetaMask {"totalCu":78014,"ownCu":0,"bytes":579,"fee":10000}
PASS K2. MetaMask + Freighter:b. Freighter approves and executes | ok 4ZppibdTjtJsYepz8x4ZLg6ZZh7pfja9Pz2Tq9XXVNM38CwMti3GC3o6kSABF7VVohGPQqvz2iKp6BTbLCbmDccG
METRIC seat-exec-K2-Freighter {"totalCu":67701,"ownCu":0,"bytes":490,"fee":10000}
PASS K3. Freighter + Phantom:a. Freighter proposes and approves | ok pkseKcfG4wSg5sTm2dQnrg6yvYJWqQ5YpPVWhcYFJtusQ2hBS2K5SyHw8CWF3qccgyJtBBhX4jeKppj6tdUJ7AG
METRIC seat-propose-K3-Freighter {"totalCu":83828,"ownCu":0,"bytes":579,"fee":10000}
PASS K3. Freighter + Phantom:b. Phantom approves and executes | ok STXGCfyCPjCLWryxYzCC5AfV1Sh5sfeiYCeL16sDoNzUxQA4vqLjrKpYbqcytgegt4ufENUDK61R1L8Cf6MEqyp
METRIC seat-exec-K3-Phantom {"totalCu":70829,"ownCu":0,"bytes":490,"fee":10000}
PASS K4. Phantom + MetaMask:a. Phantom proposes and approves | ok 2maHoKPFptSa5rBaxhe6k53FTZSF63KUdZJJAdhUVsvVcNzfNTExemFsUaSy6VR5wWDQ43EQwL4XPrYs2DxH4DP5
METRIC seat-propose-K4-Phantom {"totalCu":79520,"ownCu":0,"bytes":579,"fee":10000}
PASS K4. Phantom + MetaMask:b. MetaMask approves and executes | ok dRh62dV7b81pXQ7PiqYfLhxMV1FpzVCfAb3YusN74Vew76kQwVaZQtCJG5CgBpa2481YEww4dkR6ByyCDKoRtoD
METRIC seat-exec-K4-MetaMask {"totalCu":67876,"ownCu":0,"bytes":490,"fee":10000}
PASS K5. DEST received exactly 0.03 SOL | ok 0.03
PASS K6. MetaMask alone (open proposal):a. MetaMask proposes and approves | ok 2KU5df2ALAdYkytiB4hQXoxGRLPFsmB6ex7LrThWo7jQT2R7YycmXMPCQe9nQkytD7YnqQqdh1X6MsfFATrvKgDK
PASS K6. MetaMask alone (open proposal):b. MetaMask executes with only its own approval | refused: Error Code: InvalidProposalStatus
PASS K6c. an outsider approves it | refused: Error Code: NotASigner
PASS K6d. Freighter's seat signed by MetaMask's MPC key | refused: Transaction did not pass signature verification
PASS K6e. Freighter's seat signed by its MPC key under another path | refused: Transaction did not pass signature verification
PASS K6f-MetaMask. MetaMask's seat vote signed by its session-path key | refused: Transaction did not pass signature verification
PASS K6g-MetaMask. MetaMask's session-path key approves as itself | refused: Error Code: NotASigner
PASS K6f-Freighter. Freighter's seat vote signed by its session-path key | refused: Transaction did not pass signature verification
PASS K6g-Freighter. Freighter's session-path key approves as itself | refused: Error Code: NotASigner
PASS K7. install the movers policy (members: the three session PDAs):a. MetaMask proposes and approves | ok 5gh9xmCaj6aRpWhv3E9tG24hpgpEBMUDwfN8Vj6SnWKZ8SRdNxPoTsKA7ddGxVcpFe3XbdikULG7jJDT5HeTNWyy
PASS K7. install the movers policy (members: the three session PDAs):b. Phantom approves and executes | ok 5eozziRLHr67e4knJ9uYQawfw2wxT7onH8Z3pXhXjP8o3Ud96wThUfA95KXVfPcBUVPN6iYX9Xi5giv74qGBMuEm
PASS N0. MetaMask alone (open proposal):a. MetaMask proposes and approves | ok Z9RZurG3Bco8MwSkC1uWS2rfKQUmd26qMEwxKTkJteVFzvHpRK63v4bxdKvcMDGtqK7nSmh74AMQhx6eB2YvtzN
PASS N0. MetaMask alone (open proposal):b. MetaMask executes with only its own approval | refused: Error Code: InvalidProposalStatus
PASS N1. Phantom session approves that proposal as its PDA | refused: Error Code: NotASigner
PASS N2. Phantom session key approves it as itself | refused: Error Code: NotASigner
PASS N3. Phantom session proposes a vault transaction as its PDA | refused: Error Code: NotASigner
PASS N4. Phantom session adds its key as a seat (settings sync, as its PDA) | refused: Error Code: InvalidSignerCount
PASS N5. Phantom session calls a program other than the Smart Account (System transfer from its PDA) | refused: Program FTNMFWiECbRp7D5MwJUiNQfee6NuJPjE7S11J9yc2B9G invoke [1] Unknown program SMRTzfY6DfH5ik3TKiyLFfXexV8uSG3d2UksSCYdunG Program FTNMFWiECbRp7D5MwJUiNQfee6Nu
PASS G-MetaMask1. one MetaMask signature (through NEAR) -> session; relayer pays: 0.01 SOL to VENUE | ok 5UTyvkLwtrDUYV6mDRYoyvqYxbvHVBiKziVu8JwymtD56mRAQGHBpNcb6BRokBc8G2HUdUPgqu2ySHfgY91o5Atq
METRIC move-MetaMask-relayed {"totalCu":52279,"primeSessionCu":52279,"ownCu":17577,"bytes":975,"fee":15000}
PASS G-MetaMask2. relayer down: session key pays the fee itself: 0.005 SOL to VENUE | ok i9ecprLzKxXDp4LG18oaeSrjZJ3Ar1q6Zh3yLnAaiutiLgEuE4t4MzeveTbj2H57KeRSiGv3mpMEUVXQtw9rhw4
PASS G-MetaMask3. VENUE received exactly 0.015 SOL | ok 0.015
PASS G-MetaMask4. relayer down and the session key has no SOL | refused: Attempt to debit an account but found no record of a prior credit
PASS G-MetaMask5. same session: 0.01 SOL elsewhere (policy) | refused: Error Code: ProgramInteractionAccountConstraintViolated
PASS G-MetaMask6. same session: 0.06 SOL to VENUE (over the 0.05 per-move limit) | refused: Error Code: ProgramInteractionInvalidNumericValue
PASS G-MetaMask7. stretched valid-until | refused: custom program error: 0x7
PASS G-MetaMask8. someone else replays the grant with their own key | refused: custom program error: 0x7
PASS G-Freighter1. one Freighter signature (through NEAR) -> session; relayer pays: 0.01 SOL to VENUE | ok 5PTUireTsXnsDuRqvWH4NMCbiaEqErRfczALKtA4YJ3dXBdYQw7eEaYsfuQeRkNELV2vfginDtMtM2owVFUoVnEh
METRIC move-Freighter-relayed {"totalCu":53748,"primeSessionCu":53748,"ownCu":19077,"bytes":975,"fee":15000}
PASS G-Freighter2. relayer down: session key pays the fee itself: 0.005 SOL to VENUE | ok tFfWqhzXiUatbih3qwhWacv9o1Loz7NjuF1WjGmyTEvTt1yyL8WwJuXnVjnRrYy5tpcRWVXitRaLnLzNAeSEHs1
PASS G-Freighter3. VENUE received exactly 0.015 SOL | ok 0.015
PASS G-Freighter4. relayer down and the session key has no SOL | refused: Attempt to debit an account but found no record of a prior credit
PASS G-Freighter5. same session: 0.01 SOL elsewhere (policy) | refused: Error Code: ProgramInteractionAccountConstraintViolated
PASS G-Freighter6. same session: 0.06 SOL to VENUE (over the 0.05 per-move limit) | refused: Error Code: ProgramInteractionInvalidNumericValue
PASS G-Freighter7. stretched valid-until | refused: custom program error: 0x7
PASS G-Freighter8. someone else replays the grant with their own key | refused: custom program error: 0x7
PASS G-Phantom1. one Phantom signature -> session; relayer pays: 0.01 SOL to VENUE | ok 56EQ6MoUAuMj7E2rcNfdMh5HLTCr8ui7FFHQNJ21bwsK8FaEtcBUZoXG9MK5KPgmjVgHytKnEVRnhxCErT9NZnFz
METRIC move-Phantom-relayed {"totalCu":52280,"primeSessionCu":52280,"ownCu":17577,"bytes":975,"fee":15000}
PASS G-Phantom2. relayer down: session key pays the fee itself: 0.005 SOL to VENUE | ok 3w3nAkGDvEzZuoA7GEeooPsFPtwMi3aQXBtCK5gSzh2VPnBtsEMrqsjQNb8G82zAuckdQU7sezCFSvBd8k5tYTt7
PASS G-Phantom3. VENUE received exactly 0.015 SOL | ok 0.015
PASS G-Phantom4. relayer down and the session key has no SOL | refused: Attempt to debit an account but found no record of a prior credit
PASS G-Phantom5. same session: 0.01 SOL elsewhere (policy) | refused: Error Code: ProgramInteractionAccountConstraintViolated
PASS G-Phantom6. same session: 0.06 SOL to VENUE (over the 0.05 per-move limit) | refused: Error Code: ProgramInteractionInvalidNumericValue
PASS G-Phantom7. stretched valid-until | refused: custom program error: 0x7
PASS G-Phantom8. someone else replays the grant with their own key | refused: custom program error: 0x7
PASS G9. grant longer than 7 days | refused: custom program error: 0x4
PASS G10. expired grant | refused: custom program error: 0x4
PASS G11. MetaMask grant with the ed25519 program instruction missing | refused: custom program error: 0x7
PASS G12. ed25519 instruction reading its public key from another instruction | refused: custom program error: 0x0
PASS G13. daily cap shared by all: 0.045 used + 0.05 = 0.095 <= 0.1 | ok vFc4gMCLiJisN528YTG6wNeevVFckSwRGSVrZ4jf7TmbfwxSwz2XXEU6X6zVTMaVoqMi4ygQg9uHDwEDmFy5oxt
PASS G13b. + 0.01 = 0.105 > 0.1 | refused: Error Code: ProgramInteractionInsufficientLamportAllowance
PASS X1. Freighter's PDA with a grant signed by MetaMask (NEAR) | refused: custom program error: 0x7
PASS X2. Phantom's PDA with a grant signed by Freighter (NEAR) | refused: custom program error: 0x7
PASS X3. MetaMask's PDA with a grant signed by Phantom | refused: custom program error: 0x7
PASS X4. Freighter's PDA with its MPC key under another path | refused: custom program error: 0x7
PASS X4b. Freighter's session PDA with a grant signed by its seat key (prime:solana) | refused: custom program error: 0x7
PASS X5. Phantom grant presented for MetaMask's PDA | refused: custom program error: 0x7
PASS X6. grant signed for cluster mainnet, used on localnet | refused: custom program error: 0x7
PASS X7a. a grant naming program A's PDA, presented to program B with A's PDA | refused: custom program error: 0x2
PASS X7b. the same grant presented to program B with B's PDA (text mismatch) | refused: custom program error: 0x7
PASS X7c. a grant naming program B's PDA, presented to program A with B's PDA | refused: custom program error: 0x2
PASS X7d. the same grant presented to program A with A's PDA (text mismatch) | refused: custom program error: 0x7
PASS X8. Phantom's own signed grant naming MetaMask's PDA | refused: custom program error: 0x2
PASS X9a. valid Phantom grant, data names another settings address | refused: custom program error: 0x2
PASS X10. the session key does not sign (relayer only) | refused: Program FTNMFWiECbRp7D5MwJUiNQfee6NuJPjE7S11J9yc2B9G invoke [1] Program FTNMFWiECbRp7D5MwJUiNQfee6NuJPjE7S11J9yc2B9G consumed 165 of 203000 compute units Progra
PASS X11a. account 3 set to the System program instead of the Smart Account program: the move still runs | ok 2AdiiJHwpniYnpQsuJHC9GGih1MJQNNkaPYXWqrtW6ZkLbBPLJr7PJDyjyHg95qg2cNi25FaigKDm2wZW2xcPtr8
PASS X11b. ...and prime-session called only the Smart Account program | ok 2AdiiJHwpniY… Program SMRTzfY6DfH5ik3TKiyLFfXexV8uSG3d2UksSCYdunG invoke [2]
PASS A0. account B created with the same three seats | ok xaj3tcw2DskA2EFwVkirEnzqftoJLzjpyGPAYvcgS26DXCBbtoBDSdv7zSTP7Aw5Y8J1uvEKyfEcKzJBYwwmtTt
PASS A1. account B installs its movers policy (members: each wallet's PDA for account B):a. MetaMask proposes and approves | ok VmsA4f2EehH8QfVwpq6R1mbCrhp16uXWsJnDwydpiUGZpkPcm7F7JC4teF2eiH9jVt4y7jD8veeZfMvsAfdzDmu
PASS A1. account B installs its movers policy (members: each wallet's PDA for account B):b. Phantom approves and executes | ok 5ytoEK8fTcDj2FYGB2rS5TAokoSndB1CMga1mKLYtrXn1MKFBjQteuK2pUK4nQAhyP1DvLy27ZfJZfD3kwcCtfAY
PASS A2. each wallet's PDA differs between account A and account B | ok 7qriG5,J5qGs8,CxMTvv
PASS A3. account A's Phantom grant presented to account B (as Phantom's account-B PDA) | refused: custom program error: 0x7
PASS A4. account A's Phantom PDA calling account B's policy | refused: Error Code: NotASigner
PASS A5. a Phantom grant made for account B works in account B | ok 4vf6qz5zVvGBkUWcCVaEMSYQQV751Sz4kiSsxUkb8RfGJDKu8ciL5N1UTeiRL4BFuBUoUaBeWZikSs9JbFtyNaYp
PASS A5-M0. Phantom session: one move through the Smart Account (compute units recorded) | ok 4AcBTFLFfd6gsnKt81HSxyhgzDLQgkTFsviryHwGNGVQWxuYPJEJ1KxaDehbWCa328SNnYAhn5fYE3VF77jdVPM3
METRIC move-sample-0 {"totalCu":49248,"primeSessionCu":49248,"ownCu":17577,"bytes":975,"fee":15000}
PASS A5-M1. Phantom session: one move through the Smart Account (compute units recorded) | ok AB6CB7Q3YR4CvVieZzaMAZPKKZP2b1NTfc1bjwRGxWs3ow4dth9j3tnUC4zz2nhGpBwJJsnN4Zwj57WGSFuEcL4
METRIC move-sample-1 {"totalCu":49248,"primeSessionCu":49248,"ownCu":17577,"bytes":975,"fee":15000}
PASS A5-M2. Phantom session: one move through the Smart Account (compute units recorded) | ok vM7EHWU9hPUnyGgH4M7BsTtRoq5JRWZejyLvRUGx32Gipn4kVFLaWkedq7qw9exvMiWqoBJBGHjWENiFNH3SrgC
METRIC move-sample-2 {"totalCu":49248,"primeSessionCu":49248,"ownCu":17577,"bytes":975,"fee":15000}
PASS A5-M3. Phantom session: one move through the Smart Account (compute units recorded) | ok 4V2dUNCgByb5Kcy1axbEH6LkVB7EL7S7iLNE2wDcdEyWYXCQSYpgSjZByu2Bm6oSkbHPXurawxjPZfrdnjThtgyb
METRIC move-sample-3 {"totalCu":52248,"primeSessionCu":52248,"ownCu":20577,"bytes":975,"fee":15000}
PASS A5-M4. Phantom session: one move through the Smart Account (compute units recorded) | ok NrRRqPB43HMtRSaKdXkgfHFPeqGhChoZc8bPFr5vGGxbhUomH11koJGJAK4i9cVUzr7JsofkcrHh4XQae5hdJZ8
METRIC move-sample-4 {"totalCu":49248,"primeSessionCu":49248,"ownCu":17577,"bytes":975,"fee":15000}
PASS A5-M5. Phantom session: one move through the Smart Account (compute units recorded) | ok 3fLpHC3kqkniS69yGcJhuCWpq5A96jNzcv4i71EnRf4SuGFFHn9rpSgeZLkqUQ7JDVTyMmSfRv53GuSB2qSF49sc
METRIC move-sample-5 {"totalCu":53748,"primeSessionCu":53748,"ownCu":22077,"bytes":975,"fee":15000}
PASS A5-M6. Phantom session: one move through the Smart Account (compute units recorded) | ok yFBMPUbS8SfFd7Gyu5gNFQuGRcH8HPkyhwMS73ZsrFotsN2WJkKF1vffufUmQdfdXm4jJRzXsCf99vcLm3MiL5F
METRIC move-sample-6 {"totalCu":49248,"primeSessionCu":49248,"ownCu":17577,"bytes":975,"fee":15000}
PASS A5-M7. Phantom session: one move through the Smart Account (compute units recorded) | ok 5QwuFXFyRCNK2AWFkuAp8DSygJiSXaaTQfnijnEXMZiz3jot3wfnQN8yXdaMekLaw3bwNKogdykKJjs4re11EXuz
METRIC move-sample-7 {"totalCu":49248,"primeSessionCu":49248,"ownCu":17577,"bytes":975,"fee":15000}
PASS A5-M8. Phantom session: one move through the Smart Account (compute units recorded) | ok 2ZDXPnUHGp1bMt39zfJ2dgj4JYQFZBFVd8YdhNaww4B63L2XuUto99LmrP5dHDm2DBftvVEjWSFshRB2LRbe3som
METRIC move-sample-8 {"totalCu":49248,"primeSessionCu":49248,"ownCu":17577,"bytes":975,"fee":15000}
PASS A5-M9. Phantom session: one move through the Smart Account (compute units recorded) | ok 2u4h7AbbvA62qcbrt2tmyAr1gsmsPsnwjdyDpGSPYhZMZWwzoZabAuWZYb4afszyqrUDBebN7XbsLgZSDnXV9aiK
METRIC move-sample-9 {"totalCu":50748,"primeSessionCu":50748,"ownCu":19077,"bytes":975,"fee":15000}
PASS A6. account B's grant presented to account A | refused: custom program error: 0x7
PASS V0a. Phantom session 1 works | ok 4ri8AZdSbe5xxY1yigVRZYhNMVRNqMvaG9LJzeoXpivbKYWC29hXFdm7L2G8UdDjm62jipqBfoCWKuvryUKkFwVr
PASS V0b. Phantom session 2 works | ok tEsN6HMgHnsmBm98RQVdRH6p8FzztTT4X1GLMwbW8bWuxEJ63qRuxpBjQfUYkZMEhgo2RBS3suzfCJ3SEJyqRrf
PASS V0c. no marker exists for session 1 yet | ok BCNh1EZS4PZixVLTKH33AfeCQh8khvPZhJWLVM3j5n4A
PASS V1. Phantom revokes session 1 (one signature, relayed, session key does not sign) | ok 5CrTHmCG5PkUDaai9ZMasgj6FKGnk31broxMp86AbNLHdVNvgSC1AeA3iMvAg6DpUY9HA6cjJA5UMP6aJ8A1yPUj
METRIC revoke {"totalCu":18742,"primeSessionCu":18742,"ownCu":18742,"bytes":726,"fee":10000}
PASS V1b. the marker is empty, owned by prime-session and rent exempt | ok {"lamports":890880,"dataBytes":0,"owner":"FTNMFWiECbRp7D5MwJUiNQfee6NuJPjE7S11J9yc2B9G"}
PASS V2. the revoked session 1 is refused | refused: custom program error: 0x2
PASS V3. the same wallet's session 2 keeps working | ok k8tDvVpbZf4sAjmRpztWHkW7tGNeiZ8UXFAthFVCzKTJZ9aytkU9y6An1GZmU3X7cvP4K78Nms6ozbfucAN9a2s
PASS V3b. revoking session 1 again is refused | refused: custom program error: 0x2
PASS V4a. MetaMask's session-owner key signs a revoke of Phantom's session 2 (data names Phantom as owner) | refused: custom program error: 0x7
PASS V4b. MetaMask signs a revoke naming Phantom's PDA under its own owner field | refused: custom program error: 0x2
PASS V4c. Phantom session 2 still works | ok 5g129nYX39ZvNdHD1MLR6Tu6GSuX4iRHvrUYAbhU9kNGCmB8DXyCiBPSy9jbbTp9CD2bqnwTLghT3teJYKD2UMBe
PASS V4d. MetaMask revokes the same key under its own PDA (a marker in MetaMask's namespace) | ok 4bdH4eRQdhqH1TeyzqFYukQSHN21KzXCkNPmPCt3YZk48KicXiNc2unye627rJYurExrtYFnDux8qEyypHpBWkTK
PASS V4e. ...and Phantom's session 2 still works (the marker is per owner) | ok 4DxkHLm3nWkpkTcYGnesCSqgGffZir4b9ohAomnMT8R2XRswFZTRRL1KkREktPq2GZToG8uE5dCMBrXgGLG9frPT
PASS V5a. Phantom revokes a key it never granted | ok 4Fv91N6YXUbj1BdBKeJsDMeRdYTxLqvZmVE2QcPqj95Ji33QdDM8scRsWGTfMTHdq4GRi6RFFszwNqvgBPstMqn4
PASS V5b. a grant signed for that key afterwards is refused | refused: custom program error: 0x2
PASS V6a. a revoke signed for account A's PDA, sent with account B's settings and B's marker | refused: custom program error: 0x2
PASS V6b. no marker was created in account B | ok 
PASS V6c. session 3 still works in account A | ok 2nz9SSdhsZvJfSQYLQ79GNagQK21DwuVYL3xSkQNVnmDK7rP6RkTCcry5vqpoao4rgeEkZbkkgjMqKFiiHryakrU
PASS V7a. a pre-fund below the rent minimum is refused by the runtime | refused: {"InsufficientFundsForRent":{"account_index":1}}
PASS V7b. a stranger pre-funds the marker address with 0.001 SOL | ok 66nXnE9aWmsuFVq1uN4osBn97FJDGnWeaDGg8bVUwA1Jr5tAMjVF7sf2DLB3R8FjmHkEX9jARVwMuhM7UYPATerW
PASS V7c. the revoke still works | ok 5R1vXzHtufE7tvMmXnxNohhJZBUK2Poz79vK8GfX24gKaTKeXh4fYQQdE5vJn6y8cUDsPKCjNhY3QzMVbwdLqTMi
PASS V7d. the revoked session 4 is refused | refused: custom program error: 0x2
PASS V8a. a move that passes another marker address | refused: custom program error: 0x2
PASS V8b. a move with non-canonical bump 254 (canonical 255) and the canonical PDA account | refused: custom program error: 0x2
PASS V8c. the same session with the canonical bump works | ok 38QW9A7GHwEy8N22bHfPrytyP6p7ApttLoCX4xTkJLAJgtMa5QpPgMDMTLo8t2ZSMQi4j2uSvTtUajRAHCDBgv3a
PASS V9. a 72-byte instruction (the old length check) | refused: Program FTNMFWiECbRp7D5MwJUiNQfee6NuJPjE7S11J9yc2B9G invoke [1] Program FTNMFWiECbRp7D5MwJUiNQfee6NuJPjE7S11J9yc2B9G consumed 88 of 203000 compute units Program
PASS V9b. a 10-byte instruction | refused: Program FTNMFWiECbRp7D5MwJUiNQfee6NuJPjE7S11J9yc2B9G invoke [1] Program FTNMFWiECbRp7D5MwJUiNQfee6NuJPjE7S11J9yc2B9G consumed 88 of 203000 compute units Program
PASS R0. Freighter session works before | ok 5QrR5f2p6ebV3bCEPJSyfXfidCzbT9JEgN9mXtJCTJEPDRKPxVH7YBcYHnP1kX5AN7oi5Xp9tRsv3j8HtXEfRcpt
PASS R1. MetaMask + Phantom update the policy: members MetaMask and Phantom PDAs only:a. MetaMask proposes and approves | ok a38rUUBih4Xts9EHsMVvD7t8wzWtqz3T2nrjLqX7Ehi5PyUnj4Wpg3XHDLBFv66CFP8mWVN5bGFSPMLbJkx7W7M
PASS R1. MetaMask + Phantom update the policy: members MetaMask and Phantom PDAs only:b. Phantom approves and executes | ok 2mnh8ZeM5Adj1wZH3QuThBF9g7NMC4qZZykTgfX6grf4nWcd7UbGozhcuqNa2YgM4BbkEzSkiMCDm4Tbxm8CHhs8
PASS R2. the live Freighter session after removal | refused: Error Code: NotASigner
PASS R3. MetaMask session still works | ok yEWtb9o12xsVqhcQt86xhbRByVAEzCik77NhYpjBeP7n8rPUKFrMLXm72QeGp8PM5Y8ctfnXygPwz7PLYUarL7m
METRIC relayerSpend {"net":"localnet","spentLamports":4092309680,"vaultFundingLamports":4000000000,"sessionKeysFunded":41,"sessionKeyFundingDevnetLamports":82000000,"devnetEstimateLamports":454309680}
NEAR MPC signatures: 35, average 0.0s
128/128 passed
