{
  MetaMask: "4TXiTPLxe5PrpwiY15tj9nP3wF5F8JPKUsYQyfHCCcod",
  Freighter: "9BcBicoPrGtPJnVynJoj2g1p6zrvaFBkJccorLwGTMZo",
  Phantom: "G5H71U2pASYLeei9MYvWVmCZzjHp2VscWTjpdLYa6LT4",
  sessionMetaMask: "3YomJ7dnhtqFnnPAzRUGmhC8EevR2R4F6Sdx7YN6Pppc",
  sessionFreighter: "Cn2bjH8kGkjioVoB9MY86TDsJ6kKjvaiu9ZCmMsJVW74",
  program: "FTNMFWiECbRp7D5MwJUiNQfee6NuJPjE7S11J9yc2B9G",
  programB: "J38gUL2YFo91GDBnDXwVDaGpk6XWSJUhs7RuditRdiVo",
  net: "localnet",
}
PASS P0. seats are exactly MetaMask(NEAR MPC), Freighter(NEAR MPC), Phantom(own key); threshold 2; vault funded | ok 31iHZQas963d5gaUY2Lqv6PwXDDTfFCBtK64gfzayNtLx6xQEnYsyNmPd57X44xKq4EghSo6RNLurtBWfWysDV93
PASS K1-MetaMask. MetaMask alone:a. MetaMask proposes and approves | ok 5wjgV2UhFPuHNudXiEAsogrfw7cN3tcRWQREPA6gikrbaMvxfgG2Rq7kCySYtoKku8mfXGGACLfEzVTJut3yuyRJ
PASS K1-MetaMask. MetaMask alone:b. MetaMask executes with only its own approval | refused: Error Code: InvalidProposalStatus
PASS K1-Freighter. Freighter alone:a. Freighter proposes and approves | ok 52ikM3NB28cnv2qmZEn5BxTGqUT99h1pfMVC3v3nxGQjgq3BqFpox9DgteJQAketdZWdW78JM6c41VW3fGrMHkNV
PASS K1-Freighter. Freighter alone:b. Freighter executes with only its own approval | refused: Error Code: InvalidProposalStatus
PASS K1-Phantom. Phantom alone:a. Phantom proposes and approves | ok 4PmCHmwhpu6b6wdKQcBEUA8fp87WEqWqhwSujRa5JZtGinHci8FgqbvGNPVqQFowttT7oTFwVWgv7ctw4RT264ER
PASS K1-Phantom. Phantom alone:b. Phantom executes with only its own approval | refused: Error Code: InvalidProposalStatus
PASS K2. MetaMask + Freighter:a. MetaMask proposes and approves | ok 4L7Y7CR6BdqQtF1DfTs8WCNRW7pPpF774puowKxaKyCyggrib3G8cfuNkyqKuuGffaADPgbxGtkVk5rYYrWF82v7
METRIC seat-propose-K2-MetaMask {"totalCu":78014,"bytes":579,"fee":10000}
PASS K2. MetaMask + Freighter:b. Freighter approves and executes | ok 2y43aRwvuMP8fAmLotaRfRNToLVixHbwoq4Ni91cFYYkS1wnjRj5tDFQLWw133MrqrMV7seraPuqJcY4AJh9QP1Q
METRIC seat-exec-K2-Freighter {"totalCu":67701,"bytes":490,"fee":10000}
PASS K3. Freighter + Phantom:a. Freighter proposes and approves | ok 4J2AKVEpsDwaRxFve2TyyDocVQqh8K1m5wjpzQopQoFJPWJ97rDe8qmASEYr3ofQfQHt3qy5FVbENW9T74u3U8LZ
METRIC seat-propose-K3-Freighter {"totalCu":83828,"bytes":579,"fee":10000}
PASS K3. Freighter + Phantom:b. Phantom approves and executes | ok 2ek1zEDsDMXpt387XrhTYbqS1jhav6zSt2hiarPbkAQ2kT6VR37xN9XkKX6iKAnGkGDfmKtw3DtTcrw8mj2qRZMf
METRIC seat-exec-K3-Phantom {"totalCu":70829,"bytes":490,"fee":10000}
PASS K4. Phantom + MetaMask:a. Phantom proposes and approves | ok 393Lpged3QyxV2tvVyEciatJnNDWeTJFmQNRAgKYXrfH71adwEuA3wZUVe2vTTTpr2dksF2Tw1d8b6jWeEqkN9Ac
METRIC seat-propose-K4-Phantom {"totalCu":79520,"bytes":579,"fee":10000}
PASS K4. Phantom + MetaMask:b. MetaMask approves and executes | ok Y5BPEdBr1MQmVVXg1Qe6rWFToVpxsUsChxyewmMcJh5pRALPi3cx9tMqs5sSQ8nv4PCzE7sfA46ksDvzoACMP36
METRIC seat-exec-K4-MetaMask {"totalCu":67876,"bytes":490,"fee":10000}
PASS K5. DEST received exactly 0.03 SOL | ok 0.03
PASS K6. MetaMask alone (open proposal):a. MetaMask proposes and approves | ok 4vt2GfqFFrRJHriyi2AHe6GTEXoF83FXYS8u8BwcFYbqic956rVok2bJZzNup6V4suHAvDViEfHiLuwRpHUn5MVG
PASS K6. MetaMask alone (open proposal):b. MetaMask executes with only its own approval | refused: Error Code: InvalidProposalStatus
PASS K6c. an outsider approves it | refused: Error Code: NotASigner
PASS K6d. Freighter's seat signed by MetaMask's MPC key | refused: Transaction did not pass signature verification
PASS K6e. Freighter's seat signed by its MPC key under another path | refused: Transaction did not pass signature verification
PASS K6f-MetaMask. MetaMask's seat vote signed by its session-path key | refused: Transaction did not pass signature verification
PASS K6g-MetaMask. MetaMask's session-path key approves as itself | refused: Error Code: NotASigner
PASS K6f-Freighter. Freighter's seat vote signed by its session-path key | refused: Transaction did not pass signature verification
PASS K6g-Freighter. Freighter's session-path key approves as itself | refused: Error Code: NotASigner
PASS K7. install the movers policy (members: the three session PDAs):a. MetaMask proposes and approves | ok zs68edhPNZ1QnwLLWaNkrBKhvjG2YEsgU85KK2RvsMFP2KtMszUH2XWERH2od5aDTXU9T69QKbqyJZeALY9XN2F
PASS K7. install the movers policy (members: the three session PDAs):b. Phantom approves and executes | ok 5ZT5DVxmeTCjhfefeMU4XAHmTWtrUV5Vn9vYqwS76ySuLWYcfdidU2vs3iG81WegzGd3i5ku8jViL2NwqPcnNtLF
PASS N0. MetaMask alone (open proposal):a. MetaMask proposes and approves | ok 56GPsxPJ8JEUBJTHFHPGM5kjWDRMEb3U4oPRPJCTxww8YS3bnhCwJzHt587MSHWARF9QcRe8DbSU44TW9kLVeWyR
PASS N0. MetaMask alone (open proposal):b. MetaMask executes with only its own approval | refused: Error Code: InvalidProposalStatus
PASS N1. Phantom session approves that proposal as its PDA | refused: Error Code: NotASigner
PASS N2. Phantom session key approves it as itself | refused: Error Code: NotASigner
PASS N3. Phantom session proposes a vault transaction as its PDA | refused: Error Code: NotASigner
PASS N4. Phantom session adds its key as a seat (settings sync, as its PDA) | refused: Error Code: InvalidSignerCount
PASS N5. Phantom session calls a program other than the Smart Account (System transfer from its PDA) | refused: Program FTNMFWiECbRp7D5MwJUiNQfee6NuJPjE7S11J9yc2B9G invoke [1] Unknown program SMRTzfY6DfH5ik3TKiyLFfXexV8uSG3d2UksSCYdunG Program FTNMFWiECbRp7D5MwJUiNQfee6Nu
PASS G-MetaMask1. one MetaMask signature (through NEAR) -> session; relayer pays: 0.01 SOL to VENUE | ok 25ZJ7a34CpGp4K1TDXVgyCStsLQqQRY2THYFq7mmcd9xMVLW99MYbdQQWbkNQE2f8n8L2vjitHvPe9N8LgW8DUGn
METRIC move-MetaMask-relayed {"totalCu":56365,"primeSessionCu":56365,"bytes":975,"fee":15000}
PASS G-MetaMask2. relayer down: session key pays the fee itself: 0.005 SOL to VENUE | ok 3ZtqWYa7gcoskL5ZohgjQozaZuCaz3FSpDtw2CmGoVDmvYhVMsobxVbFkoc4rc4TqNr3tPwBsGpyJd1ZrWygEoLH
PASS G-MetaMask3. VENUE received exactly 0.015 SOL | ok 0.015
PASS G-MetaMask4. relayer down and the session key has no SOL | refused: Attempt to debit an account but found no record of a prior credit
PASS G-MetaMask5. same session: 0.01 SOL elsewhere (policy) | refused: Error Code: ProgramInteractionAccountConstraintViolated
PASS G-MetaMask6. same session: 0.06 SOL to VENUE (over the 0.05 per-move limit) | refused: Error Code: ProgramInteractionInvalidNumericValue
PASS G-MetaMask7. stretched valid-until | refused: custom program error: 0x7
PASS G-MetaMask8. someone else replays the grant with their own key | refused: custom program error: 0x7
PASS G-Freighter1. one Freighter signature (through NEAR) -> session; relayer pays: 0.01 SOL to VENUE | ok 4rcCM5Y5rSsymSny63YYnbJpGcLugQmkTKEDr4mpbSejnMca6kCQsAKKYoBije6QvRr1XciNHkL9rcEsXJLdVD3k
METRIC move-Freighter-relayed {"totalCu":57834,"primeSessionCu":57834,"bytes":975,"fee":15000}
PASS G-Freighter2. relayer down: session key pays the fee itself: 0.005 SOL to VENUE | ok 4G41eMBJH3tJUarweH1sFdsLLN92V3zHs6deMU3W3CsA7Grmf5fDT5XMJGun7qnfmwQNwdyG9UgEFaiTsr738wha
PASS G-Freighter3. VENUE received exactly 0.015 SOL | ok 0.015
PASS G-Freighter4. relayer down and the session key has no SOL | refused: Attempt to debit an account but found no record of a prior credit
PASS G-Freighter5. same session: 0.01 SOL elsewhere (policy) | refused: Error Code: ProgramInteractionAccountConstraintViolated
PASS G-Freighter6. same session: 0.06 SOL to VENUE (over the 0.05 per-move limit) | refused: Error Code: ProgramInteractionInvalidNumericValue
PASS G-Freighter7. stretched valid-until | refused: custom program error: 0x7
PASS G-Freighter8. someone else replays the grant with their own key | refused: custom program error: 0x7
PASS G-Phantom1. one Phantom signature -> session; relayer pays: 0.01 SOL to VENUE | ok 5pyueVMmTycrV4QFynAZGAQpnzLPMAzHtwKCWuQdBPE1rdCuyjgpvptb3TT8GuTtMDnP2NeVUKtgrazSB7sbL8vy
METRIC move-Phantom-relayed {"totalCu":56366,"primeSessionCu":56366,"bytes":975,"fee":15000}
PASS G-Phantom2. relayer down: session key pays the fee itself: 0.005 SOL to VENUE | ok 5aX85JfAnSTB3NQX4ajAZyNrd8BR3XJXZiCiY3c2CRY84kQ5qrx1fW8TxpDwBVyhYYvJ4Ti2AVkaTBdGEAQQFPvv
PASS G-Phantom3. VENUE received exactly 0.015 SOL | ok 0.015
PASS G-Phantom4. relayer down and the session key has no SOL | refused: Attempt to debit an account but found no record of a prior credit
PASS G-Phantom5. same session: 0.01 SOL elsewhere (policy) | refused: Error Code: ProgramInteractionAccountConstraintViolated
PASS G-Phantom6. same session: 0.06 SOL to VENUE (over the 0.05 per-move limit) | refused: Error Code: ProgramInteractionInvalidNumericValue
PASS G-Phantom7. stretched valid-until | refused: custom program error: 0x7
PASS G-Phantom8. someone else replays the grant with their own key | refused: custom program error: 0x7
PASS G9. grant longer than 7 days | refused: custom program error: 0x4
PASS G10. expired grant | refused: custom program error: 0x4
PASS G11. MetaMask grant with the ed25519 program instruction missing | refused: custom program error: 0x7
PASS G12. ed25519 instruction reading its public key from another instruction | refused: custom program error: 0x0
PASS G13. daily cap shared by all: 0.045 used + 0.05 = 0.095 <= 0.1 | ok 35Jejho1F5HuSp5EE1EbVGRFM11fkF38i51CUwv4VzPtjTBXxRZYQbPZdcDGJEq1DirDcnfxZ62xYaUDkdpcX1QC
PASS G13b. + 0.01 = 0.105 > 0.1 | refused: Error Code: ProgramInteractionInsufficientLamportAllowance
PASS X1. Freighter's PDA with a grant signed by MetaMask (NEAR) | refused: custom program error: 0x7
PASS X2. Phantom's PDA with a grant signed by Freighter (NEAR) | refused: custom program error: 0x7
PASS X3. MetaMask's PDA with a grant signed by Phantom | refused: custom program error: 0x7
PASS X4. Freighter's PDA with its MPC key under another path | refused: custom program error: 0x7
PASS X4b. Freighter's session PDA with a grant signed by its seat key (prime:solana) | refused: custom program error: 0x7
PASS X5. Phantom grant presented for MetaMask's PDA | refused: custom program error: 0x7
PASS X6. grant signed for cluster mainnet, used on localnet | refused: custom program error: 0x7
PASS X7a. a grant naming program A's PDA, presented to program B with A's PDA | refused: custom program error: 0x2
PASS X7b. the same grant presented to program B with B's PDA (text mismatch) | refused: custom program error: 0x7
PASS X7c. a grant naming program B's PDA, presented to program A with B's PDA | refused: custom program error: 0x2
PASS X7d. the same grant presented to program A with A's PDA (text mismatch) | refused: custom program error: 0x7
PASS X8. Phantom's own signed grant naming MetaMask's PDA | refused: custom program error: 0x2
PASS X9a. valid Phantom grant, data names another settings address | refused: custom program error: 0x2
PASS X10. the session key does not sign (relayer only) | refused: Program FTNMFWiECbRp7D5MwJUiNQfee6NuJPjE7S11J9yc2B9G invoke [1] Program FTNMFWiECbRp7D5MwJUiNQfee6NuJPjE7S11J9yc2B9G consumed 2483 of 203000 compute units Progr
PASS X11a. account 3 set to the System program instead of the Smart Account program: the move still runs | ok 2242Mda3PcNCEKWN5NF6h7iSDQwcDKwuVBWTiJLeRUj3EuC3qpbx4dsG7hASL85grM4V6mAZDZ4gYPfPvoHmvHD3
PASS X11b. ...and prime-session called only the Smart Account program | ok 2242Mda3PcNC… Program SMRTzfY6DfH5ik3TKiyLFfXexV8uSG3d2UksSCYdunG invoke [2]
PASS A0. account B created with the same three seats | ok 2gZJMXLovM5NGzef1jsK4weZHwvXFAvcUBtjLEWayRU94Qhu8vKYGXYMCyhQcnp6dLnuz9WQTr9QrrCyG5AftNex
PASS A1. account B installs its movers policy (members: each wallet's PDA for account B):a. MetaMask proposes and approves | ok 4DetVTtz9Eh9qGC5Dx5iULMiNrKX1Fut3rPJkikDix133dkBBHkcQeKcreasJpEnZDDkcSFrdvCPV7kcpZo1jPPY
PASS A1. account B installs its movers policy (members: each wallet's PDA for account B):b. Phantom approves and executes | ok GKUGxa59c2ziWUdiGt6WRCvTiwMkd7zL87xJTKxRxZngGYSNLijyAqCUohkPsEb5i7e6MoauVPndx7rvzoR9Khk
PASS A2. each wallet's PDA differs between account A and account B | ok 7qriG5,J5qGs8,CxMTvv
PASS A3. account A's Phantom grant presented to account B (as Phantom's account-B PDA) | refused: custom program error: 0x7
PASS A4. account A's Phantom PDA calling account B's policy | refused: Error Code: NotASigner
PASS A5. a Phantom grant made for account B works in account B | ok 5toaG8Skp2st2sFtqaRytbaUCdk7iqqwQMh8ozYCgHwYAvpapFLvToH4ZWqeNgYpm7kx8MqmR8X4ZjbZhjsiQekh
PASS A5-M0. Phantom session: one move through the Smart Account (compute units recorded) | ok 48AimGSG8UQ7dLh1wQ6sWx8F5mLTpapZH6XmTzVwNUKuQzrA4RuPF6vgAJH26hknGpMo8WtiJQRg1Kgd2S88RL16
METRIC move-sample-0 {"totalCu":53334,"primeSessionCu":53334,"bytes":975,"fee":15000}
PASS A5-M1. Phantom session: one move through the Smart Account (compute units recorded) | ok 2e8E5YYUGmpoeqBzPSibokoK63FMbJhFsvHMwJaxd7pddh8gsojQkasetisqTWz5i8AvZy8f8Z99vhKdUrbhCnse
METRIC move-sample-1 {"totalCu":53334,"primeSessionCu":53334,"bytes":975,"fee":15000}
PASS A5-M2. Phantom session: one move through the Smart Account (compute units recorded) | ok 3PfNwWFSdDeyscTtHiraTcAXNuAFSafcUaz5kDbdiZ1ui4CwunjheU5mXTeaiVPMDveueZffREsZcW2ZZ1wvi2ig
METRIC move-sample-2 {"totalCu":53334,"primeSessionCu":53334,"bytes":975,"fee":15000}
PASS A5-M3. Phantom session: one move through the Smart Account (compute units recorded) | ok Fynk9jpvrvF3NSq9czkgpnJUo6wufNBWRwH2AntHJqzatv26TjdMBfvXQzBkAUouyFgCGKYVRbSfULi7hUiz4i1
METRIC move-sample-3 {"totalCu":56334,"primeSessionCu":56334,"bytes":975,"fee":15000}
PASS A5-M4. Phantom session: one move through the Smart Account (compute units recorded) | ok V9Wbxeg5ptZ91kGPshm6R5erP63x8mPjrq1uvjbUd7SKksNbsp1okRNbFRDVrX3f6gPdP2GFvSbqey8aC3CvoPU
METRIC move-sample-4 {"totalCu":53334,"primeSessionCu":53334,"bytes":975,"fee":15000}
PASS A5-M5. Phantom session: one move through the Smart Account (compute units recorded) | ok 2Fftto5PzzEBp4hjGJ585YwDEmBLjei1u9VNFA3WgfUHx2RGj6c2KpwXn2fxSDC7q7KgbG5aSVWp9KmBaDYbETwY
METRIC move-sample-5 {"totalCu":57834,"primeSessionCu":57834,"bytes":975,"fee":15000}
PASS A5-M6. Phantom session: one move through the Smart Account (compute units recorded) | ok 34zL5hyoV5YJVx5mXFAucZQn7bCSvZ5KPorsegvgXrSM5vkgo3RfUHRGmtjHF1YMmvecfkzDNredyXjhBzu6p1WG
METRIC move-sample-6 {"totalCu":53334,"primeSessionCu":53334,"bytes":975,"fee":15000}
PASS A5-M7. Phantom session: one move through the Smart Account (compute units recorded) | ok 2WrGH3hkahbPdUfFd73M7X6HzJzzLia3XAkBN4LPuY3GKmSntxF5f1hWSWjECmvGuydcJA8uRUUpf4aLdTx4teDQ
METRIC move-sample-7 {"totalCu":53334,"primeSessionCu":53334,"bytes":975,"fee":15000}
PASS A5-M8. Phantom session: one move through the Smart Account (compute units recorded) | ok 3PPf9CxoqGBjnGEfhdRnPSYNpjVcaTgNnSYHcB47ZcLoN2A9xWFSgBiA8Vn5vXPox9SeHQYaYGUZn7xJ8Hvh9CEg
METRIC move-sample-8 {"totalCu":53334,"primeSessionCu":53334,"bytes":975,"fee":15000}
PASS A5-M9. Phantom session: one move through the Smart Account (compute units recorded) | ok Y8AZWvQpDwJoCULQEwVCWKQ3d1PrfgWH6ELE9UzpbuSW3WYrkRAPmHGW4NEBrUvhoJaZd73UeEgGvC65LwmMn6o
METRIC move-sample-9 {"totalCu":54834,"primeSessionCu":54834,"bytes":975,"fee":15000}
PASS A6. account B's grant presented to account A | refused: custom program error: 0x7
PASS V0a. Phantom session 1 works | ok 5gz8wqYjCfUyTUV4TXzAkKrTYDs743ZHMDfasuC7b4Mo8G6dJq8epL8eaMHMDYbss1VjwG2yDGsAre8pS4tTq2ja
PASS V0b. Phantom session 2 works | ok SUKomTG4TNFzAbpkaNf6YhHJ6x8XZbpJsmrJ1KxhgF2qr6pddpDihuDHTkaU2EjFPh3vwh56HbFKzqLtemAtDxU
PASS V0c. no marker exists for session 1 yet | ok BCNh1EZS4PZixVLTKH33AfeCQh8khvPZhJWLVM3j5n4A
PASS V1. Phantom revokes session 1 (one signature, relayed, session key does not sign) | ok xMoGDkHPRWr6qhzMkT6ovuaQ4vozEkpMXdzE5txHpbiciJGeKDz8XyRVz4NaHHgMnPERb1wXT6cce3KP8kfEYGw
METRIC revoke {"totalCu":22229,"primeSessionCu":22229,"bytes":726,"fee":10000}
PASS V1b. the marker is empty, owned by prime-session and rent exempt | ok {"lamports":890880,"dataBytes":0,"owner":"FTNMFWiECbRp7D5MwJUiNQfee6NuJPjE7S11J9yc2B9G"}
PASS V2. the revoked session 1 is refused | refused: custom program error: 0x2
PASS V3. the same wallet's session 2 keeps working | ok 5QxUs1e9S5bW7w2FyJhrHbZw7gMLcHx6XrRqpHQwjaw7w1jMomtdpNNNT86FxJoBzfBneahNMbgmoF97h9SPgZ7G
PASS V3b. revoking session 1 again is refused | refused: custom program error: 0x2
PASS V4a. MetaMask's session-owner key signs a revoke of Phantom's session 2 (data names Phantom as owner) | refused: custom program error: 0x7
PASS V4b. MetaMask signs a revoke naming Phantom's PDA under its own owner field | refused: custom program error: 0x2
PASS V4c. Phantom session 2 still works | ok 2hEXRGysGcUruzEYEj1dv1AQ3QWnvs213GNCMarrNb4oWs6aQm41JzAectEocn7zRCA5bAWKrmDYKL8G7ZvQEAPu
PASS V4d. MetaMask revokes the same key under its own PDA (a marker in MetaMask's namespace) | ok yGHbFGUpPh81i58XU98kE5aabCS3NuJyBJRk2BC91knGrLCX7uhfANy8c2Z2wmfgXsdzYMxaQpdu2oKa31hjhi9
PASS V4e. ...and Phantom's session 2 still works (the marker is per owner) | ok wA5Ecz8wjN3QkvgZQkxEnRm4atWkQdWFUW2sz4tQQBif3SQUy9SBwnPbceexCeubUNSBpUJ2wvkMGMLCpCkaXXJ
PASS V5a. Phantom revokes a key it never granted | ok 5dsrw7Wa1pS6gcjv6nSurXvnQktwdV8UKb6rLMV9dqfgHTj6M8hWTRoX3TLuUiYLpGqkqCgdSVrbbAgHNvcy4yCG
PASS V5b. a grant signed for that key afterwards is refused | refused: custom program error: 0x2
PASS V6a. a revoke signed for account A's PDA, sent with account B's settings and B's marker | refused: custom program error: 0x2
PASS V6b. no marker was created in account B | ok 
PASS V6c. session 3 still works in account A | ok 5s4s8Pwz8r7bRoEcbbKLR2FCk9bqvT6s6ybkd5ZBeJWMGJvWxeNrH3RMumKnrf6g2g1924NFkUDRSJiWgb23W8SQ
PASS V7a. a pre-fund below the rent minimum is refused by the runtime | refused: {"InsufficientFundsForRent":{"account_index":1}}
PASS V7b. a stranger pre-funds the marker address with 0.001 SOL | ok 37xiA8CTWVJXRYvvKFD79YPVmuwTEgaUnZutv3cZKYKNJTQ19ttaBptdQMYubRdu4Nxu2U25C5SWeCevaYwSSP36
PASS V7c. the revoke still works | ok 5RnMc4tKHeYhkhBBwz9mC5vYhk5aWVmspzGr9fZuKsmbeyuG83YAHfW9LpqwpCEa4qj71bbEhLNAGLBnZqDAvfs2
PASS V7d. the revoked session 4 is refused | refused: custom program error: 0x2
PASS V8a. a move that passes another marker address | refused: custom program error: 0x2
PASS V8b. a move with non-canonical bump 254 (canonical 255) and the canonical PDA account | refused: custom program error: 0x2
PASS V8c. the same session with the canonical bump works | ok YMTZdtvMZ5WKMyzmjwnXqFxx4q9YSFEFPb6CqNbg5HEbhWQ41tbCyyUMsXRGk3odVcYyPuWe9z96mAsABX55y7j
PASS V9. a 72-byte instruction (the old length check) | refused: Program FTNMFWiECbRp7D5MwJUiNQfee6NuJPjE7S11J9yc2B9G invoke [1] Program log: panicked at src/lib.rs:37:110:
index out of bounds: the len is 8 but the index is 8
PASS V9b. a 10-byte instruction | refused: Program FTNMFWiECbRp7D5MwJUiNQfee6NuJPjE7S11J9yc2B9G invoke [1] Program log: panicked at src/lib.rs:35:41:
range end index 32 out of range for slice of length 1
PASS R0. Freighter session works before | ok 3gG8UDUEiozPEKTPGtuePW2989FUSbBwmZME3HoRm7wgKSdzea5H3qFJVqCeyr7NBBUAS2BmFunJUhT3cWrsAE2H
PASS R1. MetaMask + Phantom update the policy: members MetaMask and Phantom PDAs only:a. MetaMask proposes and approves | ok 2McahfKEbCQUrrztQsnaaX4qUFBJLHc9tNxCVw4RmuhWXTuYSfd2gUZMji9c2D8Vn6kyoM4p12uJDGQaNrALLpNU
PASS R1. MetaMask + Phantom update the policy: members MetaMask and Phantom PDAs only:b. Phantom approves and executes | ok 2c6hxrqpQ2jbE97KPgouWwGsZJVeekTxUt6znwg1mPmHF67hexckD9k1VZUdsZ1gkXUxSdBBrrbwJcK4i1B2KmF8
PASS R2. the live Freighter session after removal | refused: Error Code: NotASigner
PASS R3. MetaMask session still works | ok 3Q1cvnRiDvH66CrWHgr7iy9Ex3Q9y8M3n4wMpr4ytfT4q7SZj77HM1H4JVncgKd5jBZ3cro4yUa2NYt1xpQJ5QBy
METRIC relayerSpend {"net":"localnet","spentLamports":4092309680,"vaultFundingLamports":4000000000,"sessionKeysFunded":41,"sessionKeyFundingDevnetLamports":82000000,"devnetEstimateLamports":454309680}
NEAR MPC signatures: 35, average 0.0s
128/128 passed
