{
  MetaMask: "2mgK6QSMmExM2CDzKZK3dFHpaUYb5NkiS2spdL6yvGMZ",
  Freighter: "BU4B8vczr3Xqzo1sq5fTUE9HG9VxvXcbUKv4Yv4q9AuU",
  Phantom: "G5H71U2pASYLeei9MYvWVmCZzjHp2VscWTjpdLYa6LT4",
  sessionMetaMask: "FGaZkHnnqWdGtGHwYBNg3XFJW9euiqWa9ParoHMfRWPX",
  sessionFreighter: "GgnRgm9eVt6TNUNQUm13Nr9Zo7Mkv2Lvdm7nma6uzLZj",
  program: "FTNMFWiECbRp7D5MwJUiNQfee6NuJPjE7S11J9yc2B9G",
  programB: "J38gUL2YFo91GDBnDXwVDaGpk6XWSJUhs7RuditRdiVo",
  net: "localnet",
}
PASS P0. seats are exactly MetaMask(NEAR MPC), Freighter(NEAR MPC), Phantom(own key); threshold 2; vault funded | ok 2Zhj8zi2wYk1wHECZ49tMSvDpyV9zTMkkuvAE5doLV1VB1nhitmk5eAKuAW4AK357HJdRAg33AHgyLEWgpVqbp78
PASS K1-MetaMask. MetaMask alone:a. MetaMask proposes and approves | ok 5iFReUUPLM1kQrKfnGimg9iZRjGd9rmoLyVLbgceNv2fDWfMP6HJc2dLqAXNx59dts3MbkbLe4QS42u7xjk4B7xM
PASS K1-MetaMask. MetaMask alone:b. MetaMask executes with only its own approval | refused: Error Code: InvalidProposalStatus
PASS K1-Freighter. Freighter alone:a. Freighter proposes and approves | ok 5zbJrGFfF17Hf12cpb7WjawCF3UdWJaYHb33E1A3uxp2W21ChhhjVEu6BbArnG5VJWsNTWH6nNKNk1TteQFpWEk3
PASS K1-Freighter. Freighter alone:b. Freighter executes with only its own approval | refused: Error Code: InvalidProposalStatus
PASS K1-Phantom. Phantom alone:a. Phantom proposes and approves | ok 4WavzXdnGWwrXibfWx5y5itvT3AJ6eMEhtLgmbX2cWYTbw7fS9B7aFkecpoDB6YczYQ1rp4w3NZPq664wmCiu5uZ
PASS K1-Phantom. Phantom alone:b. Phantom executes with only its own approval | refused: Error Code: InvalidProposalStatus
PASS K2. MetaMask + Freighter:a. MetaMask proposes and approves | ok 4dHB9SCoHTp2SQvuQXCC9Ccuk5tviMsyshhEgxy6X2AKJqPsapDrMSDkxnUZXoACUn44K7sJ11PMM6GVjfpNMs48
METRIC seat-propose-K2-MetaMask {"totalCu":78014,"bytes":579,"fee":10000}
PASS K2. MetaMask + Freighter:b. Freighter approves and executes | ok 38tSNAHvAYne4idTkGjjk461mCUwE3ZCUczRdQAsFAFHvxjUhzCZpPekPuZboWZGxdFTDqRiUwuhPqYS8rSgcu7H
METRIC seat-exec-K2-Freighter {"totalCu":67701,"bytes":490,"fee":10000}
PASS K3. Freighter + Phantom:a. Freighter proposes and approves | ok 2nXa7wHY9GRjoJHCAVS8kmdCDeRiALiUriiZv8kPX8MdbjDLExHfR7idMwS2T3pvREaRHjepTcLmC2YqXy2QFkpH
METRIC seat-propose-K3-Freighter {"totalCu":83828,"bytes":579,"fee":10000}
PASS K3. Freighter + Phantom:b. Phantom approves and executes | ok 4gwxQFBJBS4upLNohMqdboDRHcNFwp8X29xFa8CdZDFVd5APuUMi8jAB5RnQcTbZire8kdpDx45d7mivQFGLFCbC
METRIC seat-exec-K3-Phantom {"totalCu":70829,"bytes":490,"fee":10000}
PASS K4. Phantom + MetaMask:a. Phantom proposes and approves | ok 4kZMWitK8QZpZYgJ7937c6RoA3uSjyG4Sa1kMwEEWZ8kQVGzctnmLVg2AyDDfXeSt2PXKciYpqzKYmXJ963UFjSW
METRIC seat-propose-K4-Phantom {"totalCu":79520,"bytes":579,"fee":10000}
PASS K4. Phantom + MetaMask:b. MetaMask approves and executes | ok KBJsh5Kjcp5Bst3kwgK6yzeETYYBEvHXVUMePXasVwp857wNU62RWNnQ5nTovqKAXeD3xmiqCLRiWyohXPshKXS
METRIC seat-exec-K4-MetaMask {"totalCu":67876,"bytes":490,"fee":10000}
PASS K5. DEST received exactly 0.03 SOL | ok 0.03
PASS K6. MetaMask alone (open proposal):a. MetaMask proposes and approves | ok 65nwSnQ9hseLUJDCwPVwUGW657cfGi6FpDU6wsHFtZvB5q2ScuPGGhpCa3uaHwffu5YA784zRRnPtUWPfMDE5TLT
PASS K6. MetaMask alone (open proposal):b. MetaMask executes with only its own approval | refused: Error Code: InvalidProposalStatus
PASS K6c. an outsider approves it | refused: Error Code: NotASigner
PASS K6d. Freighter's seat signed by MetaMask's MPC key | refused: Transaction did not pass signature verification
PASS K6e. Freighter's seat signed by its MPC key under another path | refused: Transaction did not pass signature verification
PASS K6f-MetaMask. MetaMask's seat vote signed by its session-path key | refused: Transaction did not pass signature verification
PASS K6g-MetaMask. MetaMask's session-path key approves as itself | refused: Error Code: NotASigner
PASS K6f-Freighter. Freighter's seat vote signed by its session-path key | refused: Transaction did not pass signature verification
PASS K6g-Freighter. Freighter's session-path key approves as itself | refused: Error Code: NotASigner
PASS K7. install the movers policy (members: the three session PDAs):a. MetaMask proposes and approves | ok LRJd8LnXKQdc4mZWzDiHGrN36vAKRzeQ18WRXChdfRPLf6a3ZRsX6oVk26RDzCmnPc3pwMuKJPcun47Ee1Tjjn4
PASS K7. install the movers policy (members: the three session PDAs):b. Phantom approves and executes | ok 52Utg3maMpLNn9398y5R61SM3NRg5JtuHvhGpAqpMbs56QyuN2H5fCCrHKu73qtRLpHhhMG2KRjRc38ujiFKWYgj
PASS N0. MetaMask alone (open proposal):a. MetaMask proposes and approves | ok 4SisVEnMEnCaXPCg81tAdHERHDSrzaYqUWS5ru4DjyXvedC1fLBFFzZE9St1apxzY9Aua72ZeGFw947vM5uMXzek
PASS N0. MetaMask alone (open proposal):b. MetaMask executes with only its own approval | refused: Error Code: InvalidProposalStatus
PASS N1. Phantom session approves that proposal as its PDA | refused: Error Code: NotASigner
PASS N2. Phantom session key approves it as itself | refused: Error Code: NotASigner
PASS N3. Phantom session proposes a vault transaction as its PDA | refused: Error Code: NotASigner
PASS N4. Phantom session adds its key as a seat (settings sync, as its PDA) | refused: Error Code: InvalidSignerCount
PASS N5. Phantom session calls a program other than the Smart Account (System transfer from its PDA) | refused: Program FTNMFWiECbRp7D5MwJUiNQfee6NuJPjE7S11J9yc2B9G invoke [1] Unknown program SMRTzfY6DfH5ik3TKiyLFfXexV8uSG3d2UksSCYdunG Program FTNMFWiECbRp7D5MwJUiNQfee6Nu
PASS G-MetaMask1. one MetaMask signature (through NEAR) -> session; relayer pays: 0.01 SOL to VENUE | ok Ue5ZDBYrtGzyAHximLsGzPomTJCwm4YNtQBHrrUSsPC7Z7rdCxLNM2NQgwUXXgjftPfoJaZbdX6AEoSaSw8uW4y
METRIC move-MetaMask-relayed {"totalCu":62334,"primeSessionCu":62334,"bytes":975,"fee":15000}
PASS G-MetaMask2. relayer down: session key pays the fee itself: 0.005 SOL to VENUE | ok RQjptQ14Z7YBzFgcP2DtUR9X8bhUEemcXSwY9qm2i3WnM3G3Lzuo8oU1B1TDRZCzTFr9oTgP4nKAZBNsQqzZFN1
PASS G-MetaMask3. VENUE received exactly 0.015 SOL | ok 0.015
PASS G-MetaMask4. relayer down and the session key has no SOL | refused: Attempt to debit an account but found no record of a prior credit
PASS G-MetaMask5. same session: 0.01 SOL elsewhere (policy) | refused: Error Code: ProgramInteractionAccountConstraintViolated
PASS G-MetaMask6. same session: 0.06 SOL to VENUE (over the 0.05 per-move limit) | refused: Error Code: ProgramInteractionInvalidNumericValue
PASS G-MetaMask7. stretched valid-until | refused: custom program error: 0x7
PASS G-MetaMask8. someone else replays the grant with their own key | refused: custom program error: 0x7
PASS G-Freighter1. one Freighter signature (through NEAR) -> session; relayer pays: 0.01 SOL to VENUE | ok JL3DXWCadPUVyguLuHTJtm2oRYeiotSjvo4SGhRnDdmM3kuVarhtWQMzcTsekGwLn2S1damBvDSkCtRrBpD4DDB
METRIC move-Freighter-relayed {"totalCu":57866,"primeSessionCu":57866,"bytes":975,"fee":15000}
PASS G-Freighter2. relayer down: session key pays the fee itself: 0.005 SOL to VENUE | ok 4sAMXqN7EL1hgNG3NG4JH5pcExL8PEbR2KFZTKapMbRebmDD6LKS4uqzzattYTQbCv299K1bCBeWAM5ivFSKed7S
PASS G-Freighter3. VENUE received exactly 0.015 SOL | ok 0.015
PASS G-Freighter4. relayer down and the session key has no SOL | refused: Attempt to debit an account but found no record of a prior credit
PASS G-Freighter5. same session: 0.01 SOL elsewhere (policy) | refused: Error Code: ProgramInteractionAccountConstraintViolated
PASS G-Freighter6. same session: 0.06 SOL to VENUE (over the 0.05 per-move limit) | refused: Error Code: ProgramInteractionInvalidNumericValue
PASS G-Freighter7. stretched valid-until | refused: custom program error: 0x7
PASS G-Freighter8. someone else replays the grant with their own key | refused: custom program error: 0x7
PASS G-Phantom1. one Phantom signature -> session; relayer pays: 0.01 SOL to VENUE | ok 58cLJVvvr4G9kNUtBhasUsPcka1miEV7t5HFu8F9sxm1i7rqATNCr15pshmLsji7wme29u5SHQ2tPDefcF9pLwiz
METRIC move-Phantom-relayed {"totalCu":56352,"primeSessionCu":56352,"bytes":974,"fee":15000}
PASS G-Phantom2. relayer down: session key pays the fee itself: 0.005 SOL to VENUE | ok 5esL3YhJvhbNqb5WQUrXjC4nMBH9LkfPosShFh4dGtSQrX5Z4tyL2zGkBopXjdRr1yqBuRAaUfv96vujz7zbDnPN
PASS G-Phantom3. VENUE received exactly 0.015 SOL | ok 0.015
PASS G-Phantom4. relayer down and the session key has no SOL | refused: Attempt to debit an account but found no record of a prior credit
PASS G-Phantom5. same session: 0.01 SOL elsewhere (policy) | refused: Error Code: ProgramInteractionAccountConstraintViolated
PASS G-Phantom6. same session: 0.06 SOL to VENUE (over the 0.05 per-move limit) | refused: Error Code: ProgramInteractionInvalidNumericValue
PASS G-Phantom7. stretched valid-until | refused: custom program error: 0x7
PASS G-Phantom8. someone else replays the grant with their own key | refused: custom program error: 0x7
PASS G9. grant longer than 7 days | refused: custom program error: 0x4
PASS G10. expired grant | refused: custom program error: 0x4
PASS G11. MetaMask grant with the ed25519 program instruction missing | refused: custom program error: 0x7
PASS G12. ed25519 instruction reading its public key from another instruction | refused: custom program error: 0x2
PASS G13. daily cap shared by all: 0.045 used + 0.05 = 0.095 <= 0.1 | ok 3FZQE9MEeysL6nGqCiojjhtWEoyhHEQFoF6CnXrPbd6nEHAxizy8BKGm5XKtX5G58JgiSXYGNSFvgk6GQVmJb1tV
PASS G13b. + 0.01 = 0.105 > 0.1 | refused: Error Code: ProgramInteractionInsufficientLamportAllowance
PASS X1. Freighter's PDA with a grant signed by MetaMask (NEAR) | refused: custom program error: 0x7
PASS X2. Phantom's PDA with a grant signed by Freighter (NEAR) | refused: custom program error: 0x7
PASS X3. MetaMask's PDA with a grant signed by Phantom | refused: custom program error: 0x7
PASS X4. Freighter's PDA with its MPC key under another path | refused: custom program error: 0x7
PASS X4b. Freighter's session PDA with a grant signed by its seat key (prime:solana) | refused: custom program error: 0x7
PASS X5. Phantom grant presented for MetaMask's PDA | refused: custom program error: 0x7
PASS X6. grant signed for cluster mainnet, used on localnet | refused: custom program error: 0x7
PASS X7a. a grant naming program A's PDA, presented to program B with A's PDA | refused: custom program error: 0x2
PASS X7b. the same grant presented to program B with B's PDA (text mismatch) | refused: custom program error: 0x7
PASS X7c. a grant naming program B's PDA, presented to program A with B's PDA | refused: custom program error: 0x2
PASS X7d. the same grant presented to program A with A's PDA (text mismatch) | refused: custom program error: 0x7
PASS X8. Phantom's own signed grant naming MetaMask's PDA | refused: custom program error: 0x2
PASS X9a. valid Phantom grant, data names another settings address | refused: custom program error: 0x2
PASS X10. the session key does not sign (relayer only) | refused: Program FTNMFWiECbRp7D5MwJUiNQfee6NuJPjE7S11J9yc2B9G invoke [1] Program FTNMFWiECbRp7D5MwJUiNQfee6NuJPjE7S11J9yc2B9G consumed 2483 of 203000 compute units Progr
PASS X11a. account 3 set to the System program instead of the Smart Account program: the move still runs | ok pPgukTRirVz3xeQi5WbLqgFvNThYovfoFQDw3KjRPgtEJyuHmEpEXUvTS5VAAmvhnUEGnZjrdQMVAe95JoChML2
PASS X11b. ...and prime-session called only the Smart Account program | ok pPgukTRirVz3… Program SMRTzfY6DfH5ik3TKiyLFfXexV8uSG3d2UksSCYdunG invoke [2]
PASS A0. account B created with the same three seats | ok 2rpppmFbT3u4qkXcGaww4ycXQeEXc8n6MvmzMZP77hKScW2b1FNsb3p9eX9YNB7YzJa3VjyvTcTDrw4SX8q9CSxN
PASS A1. account B installs its movers policy (members: each wallet's PDA for account B):a. MetaMask proposes and approves | ok 5GFbbbsMC8minwKWGyxfTTChEMkK8ePXeQLAUMqdegvzRGDnBkMykB2cm9jMv71MF8jjjhViMErfnvgd96EmGLq8
PASS A1. account B installs its movers policy (members: each wallet's PDA for account B):b. Phantom approves and executes | ok qcpDorfVN8f3k3nJ51C35zidWTZKu8xGCtEV7kzP5LYSdz2r2iVLVxP7XcK47JPPycj1noVdeafM5R3zLcR92Jq
PASS A2. each wallet's PDA differs between account A and account B | ok 58dWPq,9HNq9T,CxMTvv
PASS A3. account A's Phantom grant presented to account B (as Phantom's account-B PDA) | refused: custom program error: 0x7
PASS A4. account A's Phantom PDA calling account B's policy | refused: Error Code: NotASigner
PASS A5. a Phantom grant made for account B works in account B | ok 5s7ix4X9EC3WPYQV8v29uABLQAPvWZHJgkrRG6KxkY8hpNmKPVH8jypuAfDfDHEggBYXf4exWxNy6TCv9i27rY4J
PASS A5-M0. Phantom session: one move through the Smart Account (compute units recorded) | ok 5aNc7hpwzwvRvdrNCvhq9hvFghHvgSAwEX9bNPQQHEpsUBtVqG1aP9YXDqqB6DNJCLM72veG1F58sBj2jY7ZPsh4
METRIC move-sample-0 {"totalCu":54866,"primeSessionCu":54866,"bytes":975,"fee":15000}
PASS A5-M1. Phantom session: one move through the Smart Account (compute units recorded) | ok GxpZB6spRaDPjc2J6BZcBGGzaZMQn2a7zqjnCAc9QKPG9GLvBStoLGxDypLWQKcUEntySzwvNTfVJ6CEo83c2T1
METRIC move-sample-1 {"totalCu":53366,"primeSessionCu":53366,"bytes":975,"fee":15000}
PASS A5-M2. Phantom session: one move through the Smart Account (compute units recorded) | ok 4KRrca25yEzVHKZCbGnb4NpUoM9JUdTWX1VtpjGKy68n9Y7aXeU11M4LM3amVqawLtDUG9YyDGK193y63juEkGsG
METRIC move-sample-2 {"totalCu":54866,"primeSessionCu":54866,"bytes":975,"fee":15000}
PASS A5-M3. Phantom session: one move through the Smart Account (compute units recorded) | ok 5ZEwyjpuCEeabUqRyt6MDKJ2RGoopPZE3irq2xji241ewHCBTJ1xgHqwVo8Z6bZTHhohzkiY6Kv5qHWQ2gnit4tf
METRIC move-sample-3 {"totalCu":53366,"primeSessionCu":53366,"bytes":975,"fee":15000}
PASS A5-M4. Phantom session: one move through the Smart Account (compute units recorded) | ok 5ZnnfGXFUH9GkdtGfAbN3bcZdEZgUuPARsCXfdDmwYJgSYhRQMntqNMMCJCCtHQMYJr8eZWa2tXuqPFRurdVxb1Z
METRIC move-sample-4 {"totalCu":53366,"primeSessionCu":53366,"bytes":975,"fee":15000}
PASS A5-M5. Phantom session: one move through the Smart Account (compute units recorded) | ok 2wHaotmSvu7E5vLZp6DYY56K1rD7x3okTdRi4DTrYWzDXv8dj6mKRXR8jn4oZ8uqXPvZ9da8AV3QQBZp3VSYk98J
METRIC move-sample-5 {"totalCu":53366,"primeSessionCu":53366,"bytes":975,"fee":15000}
PASS A5-M6. Phantom session: one move through the Smart Account (compute units recorded) | ok 4tKxvMKLhizueF2e6cyvGftJnNmHbhYwm6MFTsGqCKnKWp7fa5FUSGwmdHVB5TtoX5nhbXKvzHc2LCVxv6L4UN5d
METRIC move-sample-6 {"totalCu":56366,"primeSessionCu":56366,"bytes":975,"fee":15000}
PASS A5-M7. Phantom session: one move through the Smart Account (compute units recorded) | ok 38ri4KC5BW4N8jLM3Qsapu6JJhaSzxXThUmAdEFQEsRtct5AhJaBy8fKSugeWWwDVMRp7jy1iXzKyXM8ovXz7PVW
METRIC move-sample-7 {"totalCu":53366,"primeSessionCu":53366,"bytes":975,"fee":15000}
PASS A5-M8. Phantom session: one move through the Smart Account (compute units recorded) | ok 28fm28jskcRyaYNaTLNtW43yejHEkiU3T7r11RcaQn2nktA1ESoyHsoytZWCLybHyPwgbdwS13YwHFNiCTmFHG9v
METRIC move-sample-8 {"totalCu":53366,"primeSessionCu":53366,"bytes":975,"fee":15000}
PASS A5-M9. Phantom session: one move through the Smart Account (compute units recorded) | ok 4xgBjsBDLJCFfo7qKv6Ue1qzmTwxkDVcrUbNH4Bc6ocgt7P2m32mBanXZNgfketvzWmd7zaEtmdewgJazRtUYXXW
METRIC move-sample-9 {"totalCu":53366,"primeSessionCu":53366,"bytes":975,"fee":15000}
PASS A6. account B's grant presented to account A | refused: custom program error: 0x7
PASS V0a. Phantom session 1 works | ok 2kruS4gYRkKmByTyown95kqXawbSFkhxkR3fri1kW4s1Ur5uwHPVyGFLdKzvMazZgXqQ5KZYWYAhsVp8ZNmiep6k
PASS V0b. Phantom session 2 works | ok 63QSR1ELLFABp73ohKiFCURKyCs8guEpwYYjFhdo4v6QLEE8eZzs1fEVdi9miY4L6JqqPXMRCnS2trHETaDQ6oCT
PASS V0c. no marker exists for session 1 yet | ok B7GfbpzCQAZpH5Rjue46FwHckSWqeAAqKkGwSnJcyanp
PASS V1. Phantom revokes session 1 (one signature, relayed, session key does not sign) | ok 8WDVYuuPztEEXxuA4L8cmh2nt33T86YfkCsv6M5jU2m1MemfS5H3ANu3FW9iA9gCqhocnxXcgGLhQJyFQgPHGNp
METRIC revoke {"totalCu":22229,"primeSessionCu":22229,"bytes":726,"fee":10000}
PASS V1b. the marker is empty, owned by prime-session and rent exempt | ok {"lamports":890880,"dataBytes":0,"owner":"FTNMFWiECbRp7D5MwJUiNQfee6NuJPjE7S11J9yc2B9G"}
PASS V2. the revoked session 1 is refused | refused: custom program error: 0x2
PASS V3. the same wallet's session 2 keeps working | ok 5N54QzJHYMK7V9hX8TsqP9BwLrwVgJsEpcW43QEnGodU8E5BcuWJGy9KS9pEaUd7LKCweNQevU6TsYmPdiEyNjNy
PASS V3b. revoking session 1 again is refused | refused: custom program error: 0x2
PASS V4a. MetaMask's session-owner key signs a revoke of Phantom's session 2 (data names Phantom as owner) | refused: custom program error: 0x7
PASS V4b. MetaMask signs a revoke naming Phantom's PDA under its own owner field | refused: custom program error: 0x2
PASS V4c. Phantom session 2 still works | ok 3y9FuWXwNYCWWuk1ebaLkNFGCdSTPVzTXNddEaL7CjQWNzi8RTUfEriBdxqRfjqJ9UYSdwgQMhSfW3iuReLRXn7D
PASS V4d. MetaMask revokes the same key under its own PDA (a marker in MetaMask's namespace) | ok 3M4dKwd8o5iG78chQz9iYJ2FmVZ6Vsb8D3zthrcxqrKKwMkCSi35MFB91WpQU17M3pfpQwffXRkdDYUXEDhfCB9v
PASS V4e. ...and Phantom's session 2 still works (the marker is per owner) | ok 5WA9RDY5LRhFqVGMPBVCbG4PQ7b86nmvGpkVAtbdwKPxkwkNoBrdaQPAChHuuUDHXHDmGrvk8G2johKquLRM6Vdh
PASS V5a. Phantom revokes a key it never granted | ok 44Gfz7VuwBA7j6oQoSMCcGRYCNyW8Jcyr25Ld8NTts45hc8S315LLwzcxVDgaMbyLAJQcmG5DN4fpyp5uHyKH8Qs
PASS V5b. a grant signed for that key afterwards is refused | refused: custom program error: 0x2
PASS V6a. a revoke signed for account A's PDA, sent with account B's settings and B's marker | refused: custom program error: 0x2
PASS V6b. no marker was created in account B | ok 
PASS V6c. session 3 still works in account A | ok 4sq7MBxNPcFcvp7ExAGT4aFmti2g6FYdRFiaj2vdqMLxgVqCEizgURUznsMEqtt3XbpwQ9w6pxX8A4urTfzZMuc
PASS V7a. a pre-fund below the rent minimum is refused by the runtime | refused: {"InsufficientFundsForRent":{"account_index":1}}
PASS V7b. a stranger pre-funds the marker address with 0.001 SOL | ok 46pFcRBKXnjNyaJ6nxp5ZCkJRezKUU8gXv9qdcSDDEn8tw3Bk7H2oo3DqVb2EuEdSMjYj6TrxhN3JVDx14uxdPab
PASS V7c. the revoke still works | ok 65FwQ44WonfRuUk5FqPrGvtfrY1LF97DLrbcZ6x7ounHT4H3NBQCNNerVSejwivUXKtThE7Gm3F8SkmWk2azgAy6
PASS V7d. the revoked session 4 is refused | refused: custom program error: 0x2
PASS V8a. a move that passes another marker address | refused: custom program error: 0x2
PASS V8b. a move with non-canonical bump 254 (canonical 255) and the canonical PDA account | refused: custom program error: 0x2
PASS V8c. the same session with the canonical bump works | ok 3uBsmdUx4kW9Nf7qMmp5h7VhinZ7JATCMjP7P79eutJs2UfGEMFkLdVd9oYxWb46PWqqJ2qjvJSGGCSgb8MvSYAb
PASS V9. a 72-byte instruction (the old length check) | refused: Program FTNMFWiECbRp7D5MwJUiNQfee6NuJPjE7S11J9yc2B9G invoke [1] Program log: panicked at src/lib.rs:37:110:
index out of bounds: the len is 8 but the index is 8
PASS V9b. a 10-byte instruction | refused: Program FTNMFWiECbRp7D5MwJUiNQfee6NuJPjE7S11J9yc2B9G invoke [1] Program log: panicked at src/lib.rs:35:41:
range end index 32 out of range for slice of length 1
PASS R0. Freighter session works before | ok YZjY3QyWadtBxRLkEycwmAQeEDvphJ2Dc2azJsTFCvTtie4DDWpibEGJopDsPkemS3DnPkSTEHBB7WdxiDfKuZB
PASS R1. MetaMask + Phantom update the policy: members MetaMask and Phantom PDAs only:a. MetaMask proposes and approves | ok 3Ne8vuBgWynGpQezJk6KypKmcJqVwTdJjq9q133G9jSDbS68MsZfKuRmz6NNjnTmxjTTmZZwfTtUY6C3WWRhpVBx
PASS R1. MetaMask + Phantom update the policy: members MetaMask and Phantom PDAs only:b. Phantom approves and executes | ok 3CmTTNDMardnmAYZHVLtcWwFwDnk4hUMLUJqKoVDXsMj5KffA95PSHVYLNLydP4mZzHdDQmzZmDRtgbEhR3fKZAN
PASS R2. the live Freighter session after removal | refused: Error Code: NotASigner
PASS R3. MetaMask session still works | ok 3BCkrZXbNQFjZakEbKNtq2RFBSj3bU4smbJA8EYS3Qhr88F1vtk4MEtbMeMwJyGpz6mWXcEnyEWBjA2tiuLCXYJL
METRIC relayerSpend {"net":"localnet","spentLamports":4092309680,"vaultFundingLamports":4000000000,"sessionKeysFunded":41,"sessionKeyFundingDevnetLamports":82000000,"devnetEstimateLamports":454309680}
NEAR MPC signatures: 35, average 9.0s
128/128 passed
