{
  MetaMask: "4TXiTPLxe5PrpwiY15tj9nP3wF5F8JPKUsYQyfHCCcod",
  Freighter: "9BcBicoPrGtPJnVynJoj2g1p6zrvaFBkJccorLwGTMZo",
  Phantom: "G5H71U2pASYLeei9MYvWVmCZzjHp2VscWTjpdLYa6LT4",
  sessionMetaMask: "3YomJ7dnhtqFnnPAzRUGmhC8EevR2R4F6Sdx7YN6Pppc",
  sessionFreighter: "Cn2bjH8kGkjioVoB9MY86TDsJ6kKjvaiu9ZCmMsJVW74",
  program: "FTNMFWiECbRp7D5MwJUiNQfee6NuJPjE7S11J9yc2B9G",
  programB: "J38gUL2YFo91GDBnDXwVDaGpk6XWSJUhs7RuditRdiVo",
  net: "localnet",
}
PASS P0. seats are exactly MetaMask(NEAR MPC), Freighter(NEAR MPC), Phantom(own key); threshold 2; vault funded | ok 5pe417obXPPpjr2fQFAmkqJg1TVedZGEDuHDmc2mCAnuBtcCQhsSyrSobnoPZtNh6rcsNaaPmQHn1GKGt8EJ2M8J
PASS K1-MetaMask. MetaMask alone:a. MetaMask proposes and approves | ok 4FB6E9BaLGxhi7xdEhwKMmLMDbPEhb85xkoDcaEeABPBniiu4RKAXGRtv3aBrtopN362D7q4TuEvLh16TNTM8Pq
PASS K1-MetaMask. MetaMask alone:b. MetaMask executes with only its own approval | refused: Error Code: InvalidProposalStatus
PASS K1-Freighter. Freighter alone:a. Freighter proposes and approves | ok 8YfLdvuwzEQhUxv7CZgV3MTcVBBxymhHisfn4fYDc78zVAkZQpVtqfdduGHjFJ4YHt4bdhxGaefgaarQydKHGFc
PASS K1-Freighter. Freighter alone:b. Freighter executes with only its own approval | refused: Error Code: InvalidProposalStatus
PASS K1-Phantom. Phantom alone:a. Phantom proposes and approves | ok 3w9aHzxkxkktRLt9VtpEwjjkqT9W7afYFtsY8bJXsJC7zSXDhm5WnxH9qVDXrvTeWm14nzwmtZydpkZJfUfuBGaf
PASS K1-Phantom. Phantom alone:b. Phantom executes with only its own approval | refused: Error Code: InvalidProposalStatus
PASS K2. MetaMask + Freighter:a. MetaMask proposes and approves | ok 3gaGMtgbvHHH6ft5djvGsgjYihfajZFQxcLFdd5f8wtDBJi23b3x3rL2FQDyashRCd13zvKf33P4f5EmJiQVMJ3s
METRIC seat-propose-K2-MetaMask {"totalCu":78014,"bytes":579,"fee":10000}
PASS K2. MetaMask + Freighter:b. Freighter approves and executes | ok 4KyG474xVDt6DYggPHZgCfHHv6hhnw5KGqcHLQidc7DFJfb5erkkexGAKZHKaJUNLPEre5hNzXVwbf8ChWA4xC4j
METRIC seat-exec-K2-Freighter {"totalCu":67701,"bytes":490,"fee":10000}
PASS K3. Freighter + Phantom:a. Freighter proposes and approves | ok F8NecwjdtowJa5PiRayc57H8arVExhPpghRB9YvpCZT7tvr4kZnUuehqYu5muJS2aVRjiz8A1VW1Myf5TEh6MBD
METRIC seat-propose-K3-Freighter {"totalCu":83828,"bytes":579,"fee":10000}
PASS K3. Freighter + Phantom:b. Phantom approves and executes | ok UqfkseG8odZgzKUoAfMrrc3MZTNdF6GQVXGKGui6sB7wihuujJP9Vh4Akhkw64vJm9Sb28U1kAYCcuTkoaVpMBu
METRIC seat-exec-K3-Phantom {"totalCu":70829,"bytes":490,"fee":10000}
PASS K4. Phantom + MetaMask:a. Phantom proposes and approves | ok Ay22n17zV1vLc6bxV4TwjZrjxuat4vmq79e4WJkfEG8v3wNqndBcJdVxRs5GJKoeAzRtjwMs1swRxKYvgbBqzZY
METRIC seat-propose-K4-Phantom {"totalCu":79520,"bytes":579,"fee":10000}
PASS K4. Phantom + MetaMask:b. MetaMask approves and executes | ok 3mGJ1kDSNp9tHU2eRFJjs5JrGQVRhsu14oe56C1v7B1GphC1fnxanPc9DbwwuEHMxW2sMR6uEgnLYxy9CqFd3rrz
METRIC seat-exec-K4-MetaMask {"totalCu":67876,"bytes":490,"fee":10000}
PASS K5. DEST received exactly 0.03 SOL | ok 0.03
PASS K6. MetaMask alone (open proposal):a. MetaMask proposes and approves | ok 6Wb3qZggHCkVWauA7tGaKj62gzyKbbJpGoE5ujacJbuGLvkSrwR9gs2pYBpaRftbSTafLkucYjS48xEwGBMngZC
PASS K6. MetaMask alone (open proposal):b. MetaMask executes with only its own approval | refused: Error Code: InvalidProposalStatus
PASS K6c. an outsider approves it | refused: Error Code: NotASigner
PASS K6d. Freighter's seat signed by MetaMask's MPC key | refused: Transaction did not pass signature verification
PASS K6e. Freighter's seat signed by its MPC key under another path | refused: Transaction did not pass signature verification
PASS K6f-MetaMask. MetaMask's seat vote signed by its session-path key | refused: Transaction did not pass signature verification
PASS K6g-MetaMask. MetaMask's session-path key approves as itself | refused: Error Code: NotASigner
PASS K6f-Freighter. Freighter's seat vote signed by its session-path key | refused: Transaction did not pass signature verification
PASS K6g-Freighter. Freighter's session-path key approves as itself | refused: Error Code: NotASigner
PASS K7. install the movers policy (members: the three session PDAs):a. MetaMask proposes and approves | ok 453fmMXpDy4TZaNnJYW36RG2YYXZL5T9BHVkeoEq7R2Cy7qTH9TmeE4WaoyfCYd739hPWvn1HW4q3ND9zVuXkEjH
PASS K7. install the movers policy (members: the three session PDAs):b. Phantom approves and executes | ok QmgyBdi2NrT1eoQWMeHKnwE72bKw1ELFumA6n76LtaKkd8BhyPjq6mVH8D8nxK8EVFgdqg1fx7H6rMPBMHENqrK
PASS N0. MetaMask alone (open proposal):a. MetaMask proposes and approves | ok 2ZRpe2noX7sryoJNUayNUJbbXWPwLmJCDYBDkvc1kALv919XLQquKzQww1QoviDniqqpgTScPWfmHTsPhWy1ADjd
PASS N0. MetaMask alone (open proposal):b. MetaMask executes with only its own approval | refused: Error Code: InvalidProposalStatus
PASS N1. Phantom session approves that proposal as its PDA | refused: Error Code: NotASigner
PASS N2. Phantom session key approves it as itself | refused: Error Code: NotASigner
PASS N3. Phantom session proposes a vault transaction as its PDA | refused: Error Code: NotASigner
PASS N4. Phantom session adds its key as a seat (settings sync, as its PDA) | refused: Error Code: InvalidSignerCount
PASS N5. Phantom session calls a program other than the Smart Account (System transfer from its PDA) | refused: Program FTNMFWiECbRp7D5MwJUiNQfee6NuJPjE7S11J9yc2B9G invoke [1] Unknown program SMRTzfY6DfH5ik3TKiyLFfXexV8uSG3d2UksSCYdunG Program FTNMFWiECbRp7D5MwJUiNQfee6Nu
PASS G-MetaMask1. one MetaMask signature (through NEAR) -> session; relayer pays: 0.01 SOL to VENUE | ok 42gbpym43Em5N1tvua8pvzyfAHSD74E9mZyzsRfqtcqH4nptMPJvHm7Zr8kURJduxFC68Yi2zaXrp4YPYVN6FsuJ
METRIC move-MetaMask-relayed {"totalCu":53781,"primeSessionCu":53781,"bytes":975,"fee":15000}
PASS G-MetaMask2. relayer down: session key pays the fee itself: 0.005 SOL to VENUE | ok 4kAh4ftLf3FbYcMR2m6QVrermVqfJqz3SSBQzBWecGPzBpWjrUouNza7x5sBeaVmGNdLNjyvcFbdD1UetRLwcFC
PASS G-MetaMask3. VENUE received exactly 0.015 SOL | ok 0.015
PASS G-MetaMask4. relayer down and the session key has no SOL | refused: Attempt to debit an account but found no record of a prior credit
PASS G-MetaMask5. same session: 0.01 SOL elsewhere (policy) | refused: Error Code: ProgramInteractionAccountConstraintViolated
PASS G-MetaMask6. same session: 0.06 SOL to VENUE (over the 0.05 per-move limit) | refused: Error Code: ProgramInteractionInvalidNumericValue
PASS G-MetaMask7. stretched valid-until | refused: custom program error: 0x7
PASS G-MetaMask8. someone else replays the grant with their own key | refused: custom program error: 0x7
PASS G-Freighter1. one Freighter signature (through NEAR) -> session; relayer pays: 0.01 SOL to VENUE | ok 2X8p3Vs2Bb1MMEPikE1yAb88qeAVymoCcXFxoRwRG4DcaXDiv9TeY14s14LqiRphekhbVaJxWYdvhEP5DvCJ1MER
METRIC move-Freighter-relayed {"totalCu":53750,"primeSessionCu":53750,"bytes":975,"fee":15000}
PASS G-Freighter2. relayer down: session key pays the fee itself: 0.005 SOL to VENUE | ok 2zdxRgQC6vWGHqJm9hswfJouYg3PiyPr4geBywW33wKzS5UXWMCAuuQFYd2vGhxf9xfqUHZ7xZXfyJ8MvL8nkDvs
PASS G-Freighter3. VENUE received exactly 0.015 SOL | ok 0.015
PASS G-Freighter4. relayer down and the session key has no SOL | refused: Attempt to debit an account but found no record of a prior credit
PASS G-Freighter5. same session: 0.01 SOL elsewhere (policy) | refused: Error Code: ProgramInteractionAccountConstraintViolated
PASS G-Freighter6. same session: 0.06 SOL to VENUE (over the 0.05 per-move limit) | refused: Error Code: ProgramInteractionInvalidNumericValue
PASS G-Freighter7. stretched valid-until | refused: custom program error: 0x7
PASS G-Freighter8. someone else replays the grant with their own key | refused: custom program error: 0x7
PASS G-Phantom1. one Phantom signature -> session; relayer pays: 0.01 SOL to VENUE | ok 2dXV7sb2NYV6bLM7skYpyTsn749s9kPSR4yjPc2c4Qje9d8sL4GpQDAgQddWNp6nnoEoneGLjafJWiw8Q1LchgWk
METRIC move-Phantom-relayed {"totalCu":52282,"primeSessionCu":52282,"bytes":975,"fee":15000}
PASS G-Phantom2. relayer down: session key pays the fee itself: 0.005 SOL to VENUE | ok 2a32qvnVVujMKdqMir5P9RY84Me9ccruddsZUpvnh4V4ytJGVicQWwdEUmgDFC9kDDxuAtLm7QGXExU3Qa1ze4aH
PASS G-Phantom3. VENUE received exactly 0.015 SOL | ok 0.015
PASS G-Phantom4. relayer down and the session key has no SOL | refused: Attempt to debit an account but found no record of a prior credit
PASS G-Phantom5. same session: 0.01 SOL elsewhere (policy) | refused: Error Code: ProgramInteractionAccountConstraintViolated
PASS G-Phantom6. same session: 0.06 SOL to VENUE (over the 0.05 per-move limit) | refused: Error Code: ProgramInteractionInvalidNumericValue
PASS G-Phantom7. stretched valid-until | refused: custom program error: 0x7
PASS G-Phantom8. someone else replays the grant with their own key | refused: custom program error: 0x7
PASS G9. grant longer than 7 days | refused: custom program error: 0x4
PASS G10. expired grant | refused: custom program error: 0x4
PASS G11. MetaMask grant with the ed25519 program instruction missing | refused: custom program error: 0x7
PASS G12. ed25519 instruction reading its public key from another instruction | refused: custom program error: 0x0
PASS G13. daily cap shared by all: 0.045 used + 0.05 = 0.095 <= 0.1 | ok 5Qu7ayFJ9JEpjcyRnh1wpe8cbroDC4GdKUiy4pgZ3P22Q7Fkt3f2p5CsZnKTa6J2Dd1X4HZrW36wnizMiDnqYLyn
PASS G13b. + 0.01 = 0.105 > 0.1 | refused: Error Code: ProgramInteractionInsufficientLamportAllowance
PASS X1. Freighter's PDA with a grant signed by MetaMask (NEAR) | refused: custom program error: 0x7
PASS X2. Phantom's PDA with a grant signed by Freighter (NEAR) | refused: custom program error: 0x7
PASS X3. MetaMask's PDA with a grant signed by Phantom | refused: custom program error: 0x7
PASS X4. Freighter's PDA with its MPC key under another path | refused: custom program error: 0x7
PASS X4b. Freighter's session PDA with a grant signed by its seat key (prime:solana) | refused: custom program error: 0x7
PASS X5. Phantom grant presented for MetaMask's PDA | refused: custom program error: 0x7
PASS X6. grant signed for cluster mainnet, used on localnet | refused: custom program error: 0x7
PASS X7a. a grant naming program A's PDA, presented to program B with A's PDA | refused: custom program error: 0x2
PASS X7b. the same grant presented to program B with B's PDA (text mismatch) | refused: custom program error: 0x7
PASS X7c. a grant naming program B's PDA, presented to program A with B's PDA | refused: custom program error: 0x2
PASS X7d. the same grant presented to program A with A's PDA (text mismatch) | refused: custom program error: 0x7
PASS X8. Phantom's own signed grant naming MetaMask's PDA | refused: custom program error: 0x2
PASS X9a. valid Phantom grant, data names another settings address | refused: custom program error: 0x2
PASS X10. the session key does not sign (relayer only) | refused: Program FTNMFWiECbRp7D5MwJUiNQfee6NuJPjE7S11J9yc2B9G invoke [1] Program FTNMFWiECbRp7D5MwJUiNQfee6NuJPjE7S11J9yc2B9G consumed 165 of 203000 compute units Progra
PASS X11a. account 3 set to the System program instead of the Smart Account program: the move still runs | ok 4i6uCJyRzajh8HREaeRMMbrPtCSH83HNRahjwmfUdyNPLfSrtZPDGxgN2YVfWNF8qLLk3LrPvPxFnxUsr9v6t8zs
PASS X11b. ...and prime-session called only the Smart Account program | ok 4i6uCJyRzajh… Program SMRTzfY6DfH5ik3TKiyLFfXexV8uSG3d2UksSCYdunG invoke [2]
PASS A0. account B created with the same three seats | ok 4SFdBwRbFW4SxPKFJyBmqXv4oYmZEtdRez2a7YaCy3zBNpScxNjHY6BrKJLBVVK3FqkQCySjkpBy8vzt3n9NZenN
PASS A1. account B installs its movers policy (members: each wallet's PDA for account B):a. MetaMask proposes and approves | ok 3Ya1mFm1RgCKXSwMmRHwQjfh7PEq9X1p9vwWSHRy6fhAJzFTqVq7XToGjAGoeX36yesJP5CH3wzmHxQS4LwE6qHC
PASS A1. account B installs its movers policy (members: each wallet's PDA for account B):b. Phantom approves and executes | ok mfLfZCVgjyqT8RvX1aneWFio7p3zqMTXzk1Pgm3hjKwXTzeqruNo9gauEJmztU1pij69r4KKu3c4e2qkesHMw6s
PASS A2. each wallet's PDA differs between account A and account B | ok 7qriG5,J5qGs8,CxMTvv
PASS A3. account A's Phantom grant presented to account B (as Phantom's account-B PDA) | refused: custom program error: 0x7
PASS A4. account A's Phantom PDA calling account B's policy | refused: Error Code: NotASigner
PASS A5. a Phantom grant made for account B works in account B | ok 526dbTXp5gU8H3V28criPsfjgGPd6WTPx11yS1GoPYTNzbiGJq1nt4KKHzKHb2CLpqBXBdkDf2MortaBKDZ6tEDy
PASS A5-M0. Phantom session: one move through the Smart Account (compute units recorded) | ok 4hnXjZoyeJhsGFPeCWjT9Fi412zTnZ2ANif9qLbVUfgjohaCn6G9W7u1WanZWoGDeeqvDE9moYvSBewo6RvvWYha
METRIC move-sample-0 {"totalCu":50750,"primeSessionCu":50750,"bytes":975,"fee":15000}
PASS A5-M1. Phantom session: one move through the Smart Account (compute units recorded) | ok 2b7nC65JKqm8sM9U4j8uAbVDwCQ47Whh1kpcEUZAo3QMidzGNoibsbAQ6HmHGEidEVoEpisWcqxjSARt8eC7CNVC
METRIC move-sample-1 {"totalCu":50750,"primeSessionCu":50750,"bytes":975,"fee":15000}
PASS A5-M2. Phantom session: one move through the Smart Account (compute units recorded) | ok 4azbtDRSqHG3jzHYou8cJqrB4X6xQMGLSxTcaxp2QuqrvUEsDSUQ9zjWgMh1Hux8uQynqoFBNyr1gdT3NN3dGEaZ
METRIC move-sample-2 {"totalCu":52250,"primeSessionCu":52250,"bytes":975,"fee":15000}
PASS A5-M3. Phantom session: one move through the Smart Account (compute units recorded) | ok 3jGCQtmpLSpsUgTTCzJPK2u4RqE1JN68H1U8io9HD8FKzzaahyPbJRtMgrqcn1EQv2Ud8ct97sfGbNmSYxmGXbXH
METRIC move-sample-3 {"totalCu":50750,"primeSessionCu":50750,"bytes":975,"fee":15000}
PASS A5-M4. Phantom session: one move through the Smart Account (compute units recorded) | ok 4bJukvsybvF3AgtEBgEkkzt1T7jbkn4T8yTphCJ3egK7ximYaBssN8Scb8chsLAJQ2h1UuJeJGxrGM6nvM6udwTK
METRIC move-sample-4 {"totalCu":49250,"primeSessionCu":49250,"bytes":975,"fee":15000}
PASS A5-M5. Phantom session: one move through the Smart Account (compute units recorded) | ok 3gt7da9KKqaaJNZT6tWrmk9tdeU34nvu5f6kgpDwqXxoXR86ZBcapio39HQ9r4fvraAzYy2TgysPFZ2V21Xjcghg
METRIC move-sample-5 {"totalCu":52250,"primeSessionCu":52250,"bytes":975,"fee":15000}
PASS A5-M6. Phantom session: one move through the Smart Account (compute units recorded) | ok 2jhjvrRFMyUfFh4bN9ExCvFFv7eLS5Q5KDNTEiGSDHNyyWStuXhzF3CZnghf3XGSSaqTMzMAL1ZACydSmqbZUj3u
METRIC move-sample-6 {"totalCu":49250,"primeSessionCu":49250,"bytes":975,"fee":15000}
PASS A5-M7. Phantom session: one move through the Smart Account (compute units recorded) | ok YT2JsREogpxZvt3ugpnK6horb5rgY1EUTy4MC1xstG4Z99r7zyRxThn1f59BDUTrBgc9zhiWTQNyxXEVur2Mkvg
METRIC move-sample-7 {"totalCu":49250,"primeSessionCu":49250,"bytes":975,"fee":15000}
PASS A5-M8. Phantom session: one move through the Smart Account (compute units recorded) | ok 59AQ5MuYNGde96cTLuLiKq47GbGn8ZFWeY1xY7xAMFUEhLPingFrN4zd4THVBsCPxtPyNSmcwnKVvfsm5gf3AvCA
METRIC move-sample-8 {"totalCu":52250,"primeSessionCu":52250,"bytes":975,"fee":15000}
PASS A5-M9. Phantom session: one move through the Smart Account (compute units recorded) | ok 3DgTbbshQLwH6kezPA8kxKbJhvLp5bNyKPAEndVC4Jy6A6qx6UvmJXQyWsEsTugMXhR339nnx8YxmJzNoNWTX8QZ
METRIC move-sample-9 {"totalCu":50750,"primeSessionCu":50750,"bytes":975,"fee":15000}
PASS A6. account B's grant presented to account A | refused: custom program error: 0x7
PASS V0a. Phantom session 1 works | ok yM7ux8nWhp5pSo3STiFByzqxv4mjd2szv9ss2ugFqf9VsZyswDcydhEvcnx9C5YtX74EwdRgs7cfcaFkiCL35Qe
PASS V0b. Phantom session 2 works | ok 5vcYDQFu4MfuKCsFTHr2uQjJUCgZkT7JrR3ouPk8ufkuvGx4R5NuqhjYQfnRHNPe9uawQWzRnPW6WNXtaryhWHcC
PASS V0c. no marker exists for session 1 yet | ok BBUwAZcYj8ri5tGKr823QsHsxAsvsTamPqiDWeHhCZSy
PASS V1. Phantom revokes session 1 (one signature, relayed, session key does not sign) | ok 2RGneTMgfjZnAWoukNLafQwWtSHMXc8NkvgSwawVHfTKDds85pyapUZXkwDc7a4TNjmMmpz62XmiJ696kPwsmFwL
METRIC revoke {"totalCu":21585,"primeSessionCu":21585,"bytes":726,"fee":10000}
PASS V1b. the marker is empty, owned by prime-session and rent exempt | ok {"lamports":890880,"dataBytes":0,"owner":"FTNMFWiECbRp7D5MwJUiNQfee6NuJPjE7S11J9yc2B9G"}
PASS V2. the revoked session 1 is refused | refused: custom program error: 0x2
PASS V3. the same wallet's session 2 keeps working | ok 5z84GPYqr87Qm2KQBiXQ94n5kRAhSMbgnRCWxTaDkEnqEgeHz6kHTZXirm1AY9ZTaXRJDkYdcWXfNS7HS2Uq5kHc
PASS V3b. revoking session 1 again is refused | refused: custom program error: 0x2
PASS V4a. MetaMask's session-owner key signs a revoke of Phantom's session 2 (data names Phantom as owner) | refused: custom program error: 0x7
PASS V4b. MetaMask signs a revoke naming Phantom's PDA under its own owner field | refused: custom program error: 0x2
PASS V4c. Phantom session 2 still works | ok 1V1PsamgQvdqeZ4gUNHAcnti9EDqyPLBvSfNX3yULhqZZPK7huL3JVomEP9FJr57M9njkowvibgLg2RbixcnwjF
PASS V4d. MetaMask revokes the same key under its own PDA (a marker in MetaMask's namespace) | ok 27H98D465dedzPx8ry6Z7SmywMZV1oiFT3E7hAaYUH8yGfKxRjtcFJTD8bxdbXooEjnMjQksYkKYrXUXiMXcNjVF
PASS V4e. ...and Phantom's session 2 still works (the marker is per owner) | ok 3Mknwg9Gh65gvfdsJ1FAJWa95EG9yhGsgDrHfMEvGQBSy7Qv3GdnnETmoN8cqXZTaZT1AYK4GHSL7b81tRP9x2jA
PASS V5a. Phantom revokes a key it never granted | ok 3fh1PbWuZrRLmP7JhYspaH4XfCmTvhTMXixzpe9ceDZJXZqxGfzRWUq4vy5L3E6rQuA9SxsG9etQHJR8kLhS5JAo
PASS V5b. a grant signed for that key afterwards is refused | refused: custom program error: 0x2
PASS V6a. a revoke signed for account A's PDA, sent with account B's settings and B's marker | refused: custom program error: 0x2
PASS V6b. no marker was created in account B | ok 
PASS V6c. session 3 still works in account A | ok 5Xt5cYrigmKNLg7vqyjqNxZ8xnWK7afLRMV5hpzXuw46f9TPRzWTe91hnSUnFdZ1qF3NbRE8xTxzxMCdyaziZCza
PASS V7a. a pre-fund below the rent minimum is refused by the runtime | refused: {"InsufficientFundsForRent":{"account_index":1}}
PASS V7b. a stranger pre-funds the marker address with 0.001 SOL | ok 3QDaqDaxVu4qkhCQGhJX6E9JTxdqqBVg1oovHZniQBeDtM57uaCh4mcCM9BAZRkBWT8B9NWcT98a5nR9444ApFP7
PASS V7c. the revoke still works | ok 2TQxYW9vZnVsGwDxZ7XfPNS5r8Z87RdwaUgv1VqqwfKaDFozGzSTYFSsZwot9mXHpUGBoeNHScmJ66MduGQvUncW
PASS V7d. the revoked session 4 is refused | refused: custom program error: 0x2
PASS V8a. a move that passes another marker address | refused: custom program error: 0x2
PASS V8b. a move with non-canonical bump 254 (canonical 255) and the canonical PDA account | refused: custom program error: 0x2
PASS V8c. the same session with the canonical bump works | ok 2rUDgex5Y6KHQmU9VGU4dkwYZ8Waa5BqFacEnsvrRvXPXJoTdG7ep6Z1gCJT8V1miks7yQvw25F18uQWBuae6yGB
PASS V9. a 72-byte instruction (the old length check) | refused: Program FTNMFWiECbRp7D5MwJUiNQfee6NuJPjE7S11J9yc2B9G invoke [1] Program FTNMFWiECbRp7D5MwJUiNQfee6NuJPjE7S11J9yc2B9G consumed 88 of 203000 compute units Program
PASS V9b. a 10-byte instruction | refused: Program FTNMFWiECbRp7D5MwJUiNQfee6NuJPjE7S11J9yc2B9G invoke [1] Program FTNMFWiECbRp7D5MwJUiNQfee6NuJPjE7S11J9yc2B9G consumed 88 of 203000 compute units Program
PASS F0. control: the genuine signature instruction in second place, sig_ix 1 | ok 2hrEXvm7z8577mhy8eM9JvKc7jwVLJaScjzZyQY33pdJNt3rhgbiWuABWBQKUK6c795kW8kHtKs9EixcCqe73oKo
PASS F1. a key read from another instruction: the attacker's signature over the grant text, the owner's key in the data, key index 0 | refused: custom program error: 0x7
PASS F2. a message read from another instruction: a replayed owner signature stretches the grant by one second, message index 0 (the session key pays the fee: two signature instructions leave no room for a second fee signature) | refused: custom program error: 0x7
PASS F4. a signature instruction from another program (a no-op program) that carries the owner key and the exact grant text with an invalid signature | refused: custom program error: 0x7
PASS F3. a signature read from another instruction (the program also refuses it; the precompile already stops this triple) | refused: custom program error: 0x2
PASS R0. Freighter session works before | ok bDdDRoscBgpZt6vYjS5RoY1EemgVydFZA4RVc8mGf7nFr6e5E14fd2edQppGwbNyq8Gs4U1a7UmDxPJiz2Vy8AU
PASS R1. MetaMask + Phantom update the policy: members MetaMask and Phantom PDAs only:a. MetaMask proposes and approves | ok 47tWVv4mfQ65LjH7LHbM9GdvNj7gcmrB22LWGbUWdZbqjZuw5duGxWeXLbSbh61tEGk9dddQmK1KJE98756b6qw8
PASS R1. MetaMask + Phantom update the policy: members MetaMask and Phantom PDAs only:b. Phantom approves and executes | ok 5kRtiyAFKDK7jpqwuczRNgwxg4NkbrDgvCQw2QAEBitV1j8CouHrMU5BNZ63MwdHUpHd4hSVYT9eqLW2orbt4kNR
PASS R2. the live Freighter session after removal | refused: Error Code: NotASigner
PASS R3. MetaMask session still works | ok 5hQykdBEqzf8JM55ungzeJUzogdAuaYo63ufAJtYNfKnWW6KfEwiBLt48SSf7czsPLEP6rYs8sC5Q32DxRbBxgGr
METRIC relayerSpend {"net":"localnet","spentLamports":4092329680,"vaultFundingLamports":4000000000,"sessionKeysFunded":46,"sessionKeyFundingDevnetLamports":92000000,"devnetEstimateLamports":464329680}
NEAR MPC signatures: 35, average 0.0s
133/133 passed
