{
  MetaMask: "4TXiTPLxe5PrpwiY15tj9nP3wF5F8JPKUsYQyfHCCcod",
  Freighter: "9BcBicoPrGtPJnVynJoj2g1p6zrvaFBkJccorLwGTMZo",
  Phantom: "G5H71U2pASYLeei9MYvWVmCZzjHp2VscWTjpdLYa6LT4",
  sessionMetaMask: "3YomJ7dnhtqFnnPAzRUGmhC8EevR2R4F6Sdx7YN6Pppc",
  sessionFreighter: "Cn2bjH8kGkjioVoB9MY86TDsJ6kKjvaiu9ZCmMsJVW74",
  program: "FTNMFWiECbRp7D5MwJUiNQfee6NuJPjE7S11J9yc2B9G",
  programB: "J38gUL2YFo91GDBnDXwVDaGpk6XWSJUhs7RuditRdiVo",
  net: "localnet",
}
PASS P0. seats are exactly MetaMask(NEAR MPC), Freighter(NEAR MPC), Phantom(own key); threshold 2; vault funded | ok 3Z4iM3wks6KyoHDAduVttQQ2Ss4QCqSmbavoaBXDxSn9oiheqv18v6xk9rDiX7f7C8Vukk7JzNB2MDLVK4AxXFVs
PASS K1-MetaMask. MetaMask alone:a. MetaMask proposes and approves | ok 3SxmkVg8iqhzDtoLazfczPRUy2Ui4Ut9hAjMKLd6ZnEefmjwh4oGsgGCV56wqfZCwTmgRPvfCTkdoKaG2rGF4U4F
PASS K1-MetaMask. MetaMask alone:b. MetaMask executes with only its own approval | refused: Error Code: InvalidProposalStatus
PASS K1-Freighter. Freighter alone:a. Freighter proposes and approves | ok 2GryQ4BWYJdJJKrTV9ma9sDgai6i6r8UQR4p3duNiUq8a7XxUp68JdQ5ZdsndYkP1KtJhqbd5x1SgBQkJhfuwyra
PASS K1-Freighter. Freighter alone:b. Freighter executes with only its own approval | refused: Error Code: InvalidProposalStatus
PASS K1-Phantom. Phantom alone:a. Phantom proposes and approves | ok hwhETd7aSjXQ6jm4MWx2eyJhW1SA48v15UwKFmJEz4WpUcR62pw7JTXEbFPmP7sBLqaj5DRxmbKhb5qfX9k5MQz
PASS K1-Phantom. Phantom alone:b. Phantom executes with only its own approval | refused: Error Code: InvalidProposalStatus
PASS K2. MetaMask + Freighter:a. MetaMask proposes and approves | ok 3GzbHPxKav8j2ZyJDczBWS9FrPTaMSj9C8zwbhvFquxAsH67hVtE1SpdUkwiF712RN3WLAiUVqiF7FdjiZaz1n5Q
METRIC seat-propose-K2-MetaMask {"totalCu":78014,"bytes":579,"fee":10000}
PASS K2. MetaMask + Freighter:b. Freighter approves and executes | ok 3uMWek2rea6LJmpsEU8kqhDvTCfn3kZQ5bprNmVzzAPWzXHkdiCMg8VvUSdpQgog1kYCxtPaE3z1do8f5YLA7UEo
METRIC seat-exec-K2-Freighter {"totalCu":67701,"bytes":490,"fee":10000}
PASS K3. Freighter + Phantom:a. Freighter proposes and approves | ok 4oN9j4tAdJjjzqvv5LQ29KPCd9R1oedYu2qpeavWnFZAuBXfDWqbquPhwbGM1B8hjKUzTLp3P7WqxhnALJeV88FZ
METRIC seat-propose-K3-Freighter {"totalCu":83828,"bytes":579,"fee":10000}
PASS K3. Freighter + Phantom:b. Phantom approves and executes | ok 22izT6G34h6h61HhgFp8bmTaD7q6VcuibuPbi32LSMGZ39tSE4YdU9LrCcoNkVkM2HDcEHKZAZijJJXDHDrz8tt8
METRIC seat-exec-K3-Phantom {"totalCu":70829,"bytes":490,"fee":10000}
PASS K4. Phantom + MetaMask:a. Phantom proposes and approves | ok 4fF1S1eGTpSPYaekR7n7zs63fBiXX6RVduqHDYkvM9wUBJBk8PLgAXpYGuYMeJsDxG4wL9mxVnTdaJZdHeormR44
METRIC seat-propose-K4-Phantom {"totalCu":79520,"bytes":579,"fee":10000}
PASS K4. Phantom + MetaMask:b. MetaMask approves and executes | ok 2EEjw7ga3zLfkCY8bG94toYEdBS5FT65NqZYGCjHihUuAjeNTgFvhKmm5GcGPkhpm8kkB4fAEyQ6rMAM4DPiYhN2
METRIC seat-exec-K4-MetaMask {"totalCu":67876,"bytes":490,"fee":10000}
PASS K5. DEST received exactly 0.03 SOL | ok 0.03
PASS K6. MetaMask alone (open proposal):a. MetaMask proposes and approves | ok 48hYhyRpT3Qugvku7t2xAagtDcX3iiP83hxCTedzuXGzCsGXa44DhZfWa1nRBu3rdbfrxsnvWdVN3mt6yr7VPbqw
PASS K6. MetaMask alone (open proposal):b. MetaMask executes with only its own approval | refused: Error Code: InvalidProposalStatus
PASS K6c. an outsider approves it | refused: Error Code: NotASigner
PASS K6d. Freighter's seat signed by MetaMask's MPC key | refused: Transaction did not pass signature verification
PASS K6e. Freighter's seat signed by its MPC key under another path | refused: Transaction did not pass signature verification
PASS K6f-MetaMask. MetaMask's seat vote signed by its session-path key | refused: Transaction did not pass signature verification
PASS K6g-MetaMask. MetaMask's session-path key approves as itself | refused: Error Code: NotASigner
PASS K6f-Freighter. Freighter's seat vote signed by its session-path key | refused: Transaction did not pass signature verification
PASS K6g-Freighter. Freighter's session-path key approves as itself | refused: Error Code: NotASigner
PASS K7. install the movers policy (members: the three session PDAs):a. MetaMask proposes and approves | ok 5iiGZtZrQKb5SxXyQ5oeSEkZ83kPNSy4LNdMqaZSgGwwkCMYjCMtxSF5VMZSUF1h4a4Nvx72aqhAiZ5YcnmF1kHw
PASS K7. install the movers policy (members: the three session PDAs):b. Phantom approves and executes | ok 3yk7jNZcNiLRAT9TdQKkLS2SnkKmK9nuK2ydJRhsMZ6ELKdQTQnPaWUbMs9Q7f821MhbnKScW1z1jWK4tiw4b1Jr
PASS N0. MetaMask alone (open proposal):a. MetaMask proposes and approves | ok 4T9U6fHkxjMB7J5qtz3R4ELHrzTBV98jpJuMqcjQquGN5hqm8Ae86MRbfHBxi7BLTEwpJQWEew1LQN4GYMahfRzo
PASS N0. MetaMask alone (open proposal):b. MetaMask executes with only its own approval | refused: Error Code: InvalidProposalStatus
PASS N1. Phantom session approves that proposal as its PDA | refused: Error Code: NotASigner
PASS N2. Phantom session key approves it as itself | refused: Error Code: NotASigner
PASS N3. Phantom session proposes a vault transaction as its PDA | refused: Error Code: NotASigner
PASS N4. Phantom session adds its key as a seat (settings sync, as its PDA) | refused: Error Code: InvalidSignerCount
PASS N5. Phantom session calls a program other than the Smart Account (System transfer from its PDA) | refused: Program FTNMFWiECbRp7D5MwJUiNQfee6NuJPjE7S11J9yc2B9G invoke [1] Unknown program SMRTzfY6DfH5ik3TKiyLFfXexV8uSG3d2UksSCYdunG Program FTNMFWiECbRp7D5MwJUiNQfee6Nu
PASS G-MetaMask1. one MetaMask signature (through NEAR) -> session; relayer pays: 0.01 SOL to VENUE | ok 33AzGcsacEprBYYomxrdVn5azyKoNqL4SWGLf5A2KrcuvpsWxQJhiKE5jyQ1qegjpBgDQbUaDjJWRHSXoE63jkuV
METRIC move-MetaMask-relayed {"totalCu":56365,"primeSessionCu":56365,"bytes":975,"fee":15000}
PASS G-MetaMask2. relayer down: session key pays the fee itself: 0.005 SOL to VENUE | ok 4muJqdwhHpuhU7Umqkb1aN1BNRG5F1AnZ3kW7FRZmVkYto7PKS5YwcRakSAekxDramDiseZ2SBLL3JdG8No8UHoy
PASS G-MetaMask3. VENUE received exactly 0.015 SOL | ok 0.015
PASS G-MetaMask4. relayer down and the session key has no SOL | refused: Attempt to debit an account but found no record of a prior credit
PASS G-MetaMask5. same session: 0.01 SOL elsewhere (policy) | refused: Error Code: ProgramInteractionAccountConstraintViolated
PASS G-MetaMask6. same session: 0.06 SOL to VENUE (over the 0.05 per-move limit) | refused: Error Code: ProgramInteractionInvalidNumericValue
PASS G-MetaMask7. stretched valid-until | refused: custom program error: 0x7
PASS G-MetaMask8. someone else replays the grant with their own key | refused: custom program error: 0x7
PASS G-Freighter1. one Freighter signature (through NEAR) -> session; relayer pays: 0.01 SOL to VENUE | ok 4KmY7m6XMevBqX8QWpVUGhuwqzc3wi1v3WgVLP9dtJfrYm5CMai9dSeVRd5ojch36A3mNaFL9xZwD6LNg8zaS2v7
METRIC move-Freighter-relayed {"totalCu":57834,"primeSessionCu":57834,"bytes":975,"fee":15000}
PASS G-Freighter2. relayer down: session key pays the fee itself: 0.005 SOL to VENUE | ok 2iNeKBZDCNipChoNNxYDGnHewTiWDXp13xbD3BTLuSufSVaoXoJ4ih2QNdwugXtEyaNHzUHtworiidoASwGy843r
PASS G-Freighter3. VENUE received exactly 0.015 SOL | ok 0.015
PASS G-Freighter4. relayer down and the session key has no SOL | refused: Attempt to debit an account but found no record of a prior credit
PASS G-Freighter5. same session: 0.01 SOL elsewhere (policy) | refused: Error Code: ProgramInteractionAccountConstraintViolated
PASS G-Freighter6. same session: 0.06 SOL to VENUE (over the 0.05 per-move limit) | refused: Error Code: ProgramInteractionInvalidNumericValue
PASS G-Freighter7. stretched valid-until | refused: custom program error: 0x7
PASS G-Freighter8. someone else replays the grant with their own key | refused: custom program error: 0x7
PASS G-Phantom1. one Phantom signature -> session; relayer pays: 0.01 SOL to VENUE | ok 5HG946uy6UdBYY7pRUAbtsavSkjzjhe1V7asnsrdJXDw4Euv3dqJJfw8HkczwMqk16fFeKwR2NAGfkQeHXoyQXx3
METRIC move-Phantom-relayed {"totalCu":57866,"primeSessionCu":57866,"bytes":975,"fee":15000}
PASS G-Phantom2. relayer down: session key pays the fee itself: 0.005 SOL to VENUE | ok 53QjDv9HZe1tLVgZqJg8D1PNDN45jH1GUb9UhcYNxsED9vvxsEciqPTze8S3BBdHtJk6AFaAcxYNX1UqzLUPg5XU
PASS G-Phantom3. VENUE received exactly 0.015 SOL | ok 0.015
PASS G-Phantom4. relayer down and the session key has no SOL | refused: Attempt to debit an account but found no record of a prior credit
PASS G-Phantom5. same session: 0.01 SOL elsewhere (policy) | refused: Error Code: ProgramInteractionAccountConstraintViolated
PASS G-Phantom6. same session: 0.06 SOL to VENUE (over the 0.05 per-move limit) | refused: Error Code: ProgramInteractionInvalidNumericValue
PASS G-Phantom7. stretched valid-until | refused: custom program error: 0x7
PASS G-Phantom8. someone else replays the grant with their own key | refused: custom program error: 0x7
PASS G9. grant longer than 7 days | refused: custom program error: 0x4
PASS G10. expired grant | refused: custom program error: 0x4
PASS G11. MetaMask grant with the ed25519 program instruction missing | refused: custom program error: 0x7
PASS G12. ed25519 instruction reading its public key from another instruction | refused: custom program error: 0x0
PASS G13. daily cap shared by all: 0.045 used + 0.05 = 0.095 <= 0.1 | ok 4UfXXAXqrs1yGxqqFmQgEyz64Ehow32ma8UQtGARFuP3GEKJwa7YJZBakp2TLQkubpkEu6hj7LrnEVSikf7rX8GZ
PASS G13b. + 0.01 = 0.105 > 0.1 | refused: Error Code: ProgramInteractionInsufficientLamportAllowance
PASS X1. Freighter's PDA with a grant signed by MetaMask (NEAR) | refused: custom program error: 0x7
PASS X2. Phantom's PDA with a grant signed by Freighter (NEAR) | refused: custom program error: 0x7
PASS X3. MetaMask's PDA with a grant signed by Phantom | refused: custom program error: 0x7
PASS X4. Freighter's PDA with its MPC key under another path | refused: custom program error: 0x7
PASS X4b. Freighter's session PDA with a grant signed by its seat key (prime:solana) | refused: custom program error: 0x7
PASS X5. Phantom grant presented for MetaMask's PDA | refused: custom program error: 0x7
PASS X6. grant signed for cluster mainnet, used on localnet | refused: custom program error: 0x7
PASS X7a. a grant naming program A's PDA, presented to program B with A's PDA | refused: custom program error: 0x2
PASS X7b. the same grant presented to program B with B's PDA (text mismatch) | refused: custom program error: 0x7
PASS X7c. a grant naming program B's PDA, presented to program A with B's PDA | refused: custom program error: 0x2
PASS X7d. the same grant presented to program A with A's PDA (text mismatch) | refused: custom program error: 0x7
PASS X8. Phantom's own signed grant naming MetaMask's PDA | refused: custom program error: 0x2
PASS X9a. valid Phantom grant, data names another settings address | refused: custom program error: 0x2
PASS X10. the session key does not sign (relayer only) | refused: Program FTNMFWiECbRp7D5MwJUiNQfee6NuJPjE7S11J9yc2B9G invoke [1] Program FTNMFWiECbRp7D5MwJUiNQfee6NuJPjE7S11J9yc2B9G consumed 2483 of 203000 compute units Progr
PASS X11a. account 3 set to the System program instead of the Smart Account program: the move still runs | ok 5KCXejpLypuyM6Rs1Dwjfu2Tfy12JNJghJa4QAZGhXk2WTYsZCs8BvV8prDAEmZ9kYqsFitytrbioUQ9aPvJQiLu
PASS X11b. ...and prime-session called only the Smart Account program | ok 5KCXejpLypuy… Program SMRTzfY6DfH5ik3TKiyLFfXexV8uSG3d2UksSCYdunG invoke [2]
PASS A0. account B created with the same three seats | ok 3isRccnkdxun1otMidibvWqTaW4F3z5hVyZEEywN8mT8JkErWo2UENR3wE69rSq4toWB9dHjSMaSC8QVT4imF46n
PASS A1. account B installs its movers policy (members: each wallet's PDA for account B):a. MetaMask proposes and approves | ok 5DEqanJQbTAtpoXeXv33xzNGhMaExiGR7UeKJ1UX8bR8RWHFjx9bAikL5b1zDCZkRfUM2YBz29Ptzb8a6vrPwCFf
PASS A1. account B installs its movers policy (members: each wallet's PDA for account B):b. Phantom approves and executes | ok HSnHUuVZQUZgkz9DbW7yiY6TKFENVkcmEEkAhTm6NrU3CgNRAP3tvuYRp3Wy429Hbg6YoHJnX9FHxbfUqwX8Ng3
PASS A2. each wallet's PDA differs between account A and account B | ok 7qriG5,J5qGs8,CxMTvv
PASS A3. account A's Phantom grant presented to account B (as Phantom's account-B PDA) | refused: custom program error: 0x7
PASS A4. account A's Phantom PDA calling account B's policy | refused: Error Code: NotASigner
PASS A5. a Phantom grant made for account B works in account B | ok 3sC9BpZGa7y7Q7pRkVQd5Nr3oQZM9oyrmyfcRChaPWjwGdP8SNwFS2JvV1DPtje741oQmYwaSRF7DNc8HSpPZkv2
PASS A5-M0. Phantom session: one move through the Smart Account (compute units recorded) | ok 4wfSbAeRvyEwhGxfbfTcWUUbdX78CgZCip1SUNdwWte72c9S1BshQ9GNg4TC18wbq7wjmJfEvK8TREABT7URHXBm
METRIC move-sample-0 {"totalCu":53334,"primeSessionCu":53334,"bytes":975,"fee":15000}
PASS A5-M1. Phantom session: one move through the Smart Account (compute units recorded) | ok 67bLL8yJ58jhJg9e9zCQQ53LGwxtFRbkiCxHUAj1A4tGy2x4YccWBNBnhqzRhyGV75W1gXvuzkQ3gz3V3wpcdc2q
METRIC move-sample-1 {"totalCu":53334,"primeSessionCu":53334,"bytes":975,"fee":15000}
PASS A5-M2. Phantom session: one move through the Smart Account (compute units recorded) | ok 5bYu6p6UhDcqQb6SKERjRnLGP9omrUyNVfxCvPJmq6xPJXKyTRZsX61BL9rVSrgrDwjJrK3ZAMoyh2YqmzTdUaGA
METRIC move-sample-2 {"totalCu":53334,"primeSessionCu":53334,"bytes":975,"fee":15000}
PASS A5-M3. Phantom session: one move through the Smart Account (compute units recorded) | ok T5VoZLbwYckuyQvXfCvA8g3fcsgwydzAGo1tJcnyuykDZczRwtARH7Wez6c7cWV9Ew7RrPZddTP5GX5qAfx2411
METRIC move-sample-3 {"totalCu":56334,"primeSessionCu":56334,"bytes":975,"fee":15000}
PASS A5-M4. Phantom session: one move through the Smart Account (compute units recorded) | ok 4nLywcqsNzWzhTA74wKreanG66qZ1LzbCDTSSNoCDHWFN4NHSE55bp6NBCgNoogJDWtuzhWNCe7dTiyWnAjhrhFF
METRIC move-sample-4 {"totalCu":53334,"primeSessionCu":53334,"bytes":975,"fee":15000}
PASS A5-M5. Phantom session: one move through the Smart Account (compute units recorded) | ok 2VBubSFzncbE2DXSwPBgRANeAYuXMJc42ReJG38mLB4fEZLonqnhdPbrsZdcJeq1gG6daqqd7Nk73fxkFTcHuPGF
METRIC move-sample-5 {"totalCu":62334,"primeSessionCu":62334,"bytes":975,"fee":15000}
PASS A5-M6. Phantom session: one move through the Smart Account (compute units recorded) | ok 4Lg8tGCmAtDuBgG9ChsK9nM2ME5VtbN8wSxBwzVV5WkoWbZvnr23yHp4q5nECQpSrMNNyKZhjZefqNpBGdUqEQdu
METRIC move-sample-6 {"totalCu":60834,"primeSessionCu":60834,"bytes":975,"fee":15000}
PASS A5-M7. Phantom session: one move through the Smart Account (compute units recorded) | ok 4XqiagT8idVQnES9DkafksxPd6RzHhDaVzwHrPDYAbMrSjQw4gVs5aCZnGAKpKSbjfE7dUVBRu3VVaHyXfJvnMyD
METRIC move-sample-7 {"totalCu":56334,"primeSessionCu":56334,"bytes":975,"fee":15000}
PASS A5-M8. Phantom session: one move through the Smart Account (compute units recorded) | ok 21XazNLh7tXojfZAf7iXvPBjeswon8yJuY5iXsLEHaXBediZVXs85KxezWVXpZDMEMeqryjTvspvAke5oEiHduYu
METRIC move-sample-8 {"totalCu":53334,"primeSessionCu":53334,"bytes":975,"fee":15000}
PASS A5-M9. Phantom session: one move through the Smart Account (compute units recorded) | ok 4cfZ8JeRKsok7npQywhAx6Y8HkWBRXP9wmuyY6Fh7zj6mxaMWL6rk4ZFVFbwr2Yia8PRr7Nj4ZEapy8RVU859jLm
METRIC move-sample-9 {"totalCu":56334,"primeSessionCu":56334,"bytes":975,"fee":15000}
PASS A6. account B's grant presented to account A | refused: custom program error: 0x7
PASS V0a. Phantom session 1 works | ok 24rNMYBrqj3ApZEgUgCfbzk4g3R5fUkxZmXtSmZRemEHZ5pBB71mE25D13mBjDtSSVqd8aTRtXd8mBFiC8ZiNXpG
PASS V0b. Phantom session 2 works | ok 2C2uUzQaXPk9xt6oFddL6qkUiEZbvDaVQiXakcNQC5KhvZ9Z4d7nY88bcGvNY7UA2M9axjm5UmUXGHUTMvdBHM6y
PASS V0c. no marker exists for session 1 yet | ok 4NiMm75BZZKjv2EiZ9jtpVcgwLRZqFhYYXdJSP4sB9kb
PASS V1. Phantom revokes session 1 (one signature, relayed, session key does not sign) | ok 2gspAo3mxF7Y5Sj82E5mTVsxZLxqjdNfH7bifv4whXWMGdSMy2pTt7JRcbgEPZDHNECs2CYCnFNDot9cGZzdSPxm
METRIC revoke {"totalCu":26729,"primeSessionCu":26729,"bytes":726,"fee":10000}
PASS V1b. the marker is empty, owned by prime-session and rent exempt | ok {"lamports":890880,"dataBytes":0,"owner":"FTNMFWiECbRp7D5MwJUiNQfee6NuJPjE7S11J9yc2B9G"}
PASS V2. the revoked session 1 is refused | refused: custom program error: 0x2
PASS V3. the same wallet's session 2 keeps working | ok 4k8D3QqPwKeFWG3KKb8NpSpKTjmQxg44kqwVyr2A9YQxrJFkHfmGbE6vu92v6XRaTMZ5Y61iLbEgJMZU3r1xdtCM
PASS V3b. revoking session 1 again is refused | refused: custom program error: 0x2
PASS V4a. MetaMask's session-owner key signs a revoke of Phantom's session 2 (data names Phantom as owner) | refused: custom program error: 0x7
PASS V4b. MetaMask signs a revoke naming Phantom's PDA under its own owner field | refused: custom program error: 0x2
PASS V4c. Phantom session 2 still works | ok 26at9oSk4gMCRwGUPM2fMosXEwwu9KPYhjfYrqFgmQ9M1JzEFwBqQvrNAJ8qUVaWENAqFEcvyCuG8KS1P324Pou8
PASS V4d. MetaMask revokes the same key under its own PDA (a marker in MetaMask's namespace) | ok 2iV8kgvV1npUU6fcfrLAfvnUvBJ2Ft9aqUy5nXsWoZCGEKsvfasdRSLuHYsMv54MXiGnLAv3fmTNgRacLF5X7WtP
PASS V4e. ...and Phantom's session 2 still works (the marker is per owner) | ok 67g9hYQ9tx4cc38akn7PP28wdrvtEpbeAu9eFC9Ugv8imA3uxP6v1N4hgTCvy3hyBxVnESpLh925DxNA29W2nucL
PASS V5a. Phantom revokes a key it never granted | ok 36CMvRdLVowgLPo3x6zHtVYJCYLeYvQQTkZZ22vM6eABBjr6RUkDc1GeQ9gdrY4JgqJbEJQom27CGBuaWCtbRR3t
PASS V5b. a grant signed for that key afterwards is refused | refused: custom program error: 0x2
PASS V6a. a revoke signed for account A's PDA, sent with account B's settings and B's marker | refused: custom program error: 0x2
PASS V6b. no marker was created in account B | ok 
PASS V6c. session 3 still works in account A | ok 3p3iNPRFPGGKeteuD6gjSWtxgd4pB9AsrPrVSqEp9eju8WDR4AcCJQgEGML3t7zsLyeWbiBddVgV3ZErhfejcaja
PASS V7a. a pre-fund below the rent minimum is refused by the runtime | refused: {"InsufficientFundsForRent":{"account_index":1}}
PASS V7b. a stranger pre-funds the marker address with 0.001 SOL | ok E3VgcrvppkzK6LiTAPLv6YZNd7jb5ttCKgWEYCa1SjvqFiNX3RX4Nhz3CoGXcvMeYebm4q5JXp2p6WPq8UMznNq
PASS V7c. the revoke still works | ok 5L8tEXVhDFGqD4s65Z7N5HKHZaFYHsFoioDzWnMHa7P6enWiPmen75MiMBjUJrn6WnbQmsC6X1z831nvzWmVsGh9
PASS V7d. the revoked session 4 is refused | refused: custom program error: 0x2
PASS V8a. a move that passes another marker address | refused: custom program error: 0x2
PASS V8b. a move with non-canonical bump 254 (canonical 255) and the canonical PDA account | refused: custom program error: 0x2
PASS V8c. the same session with the canonical bump works | ok dewtMjpZSEd9LStpk88WgZrJKGVnd3ASzAtbnsMXxUy1XQXrxv9TESLjs7UH8DBEBjkKty4r8bUAmXHEeFyszF7
PASS V9. a 72-byte instruction (the old length check) | refused: Program FTNMFWiECbRp7D5MwJUiNQfee6NuJPjE7S11J9yc2B9G invoke [1] Program log: panicked at src/lib.rs:37:110:
index out of bounds: the len is 8 but the index is 8
PASS V9b. a 10-byte instruction | refused: Program FTNMFWiECbRp7D5MwJUiNQfee6NuJPjE7S11J9yc2B9G invoke [1] Program log: panicked at src/lib.rs:35:41:
range end index 32 out of range for slice of length 1
PASS F0. control: the genuine signature instruction in second place, sig_ix 1 | ok 35LNw3g6zC7Yntca3JBtDVCTBugnPWermY7g6kG9WfeoiaTtXpM9UNmm5W14B78QUww5XL8zbpfn3e4DH9YStBHP
PASS F1. a key read from another instruction: the attacker's signature over the grant text, the owner's key in the data, key index 0 | refused: custom program error: 0x7
PASS F2. a message read from another instruction: a replayed owner signature stretches the grant by one second, message index 0 (the session key pays the fee: two signature instructions leave no room for a second fee signature) | refused: custom program error: 0x7
PASS F4. a signature instruction from another program (a no-op program) that carries the owner key and the exact grant text with an invalid signature | refused: custom program error: 0x7
PASS F3. a signature read from another instruction (the program also refuses it; the precompile already stops this triple) | refused: custom program error: 0x2
PASS R0. Freighter session works before | ok ivur67eV85WP3jTzRJKVjXdP8KnY7MUdMifTW44YxvMkrR1fWmQNKA5RiuFRFLcx7qc81nVJRs2HfUJamRrMwWj
PASS R1. MetaMask + Phantom update the policy: members MetaMask and Phantom PDAs only:a. MetaMask proposes and approves | ok 4zmP7oRSfGyYPNLeekViZZmsWNBe3ZjC8oBhePvXdVEmaHzWVyrLgLnN4XAjPmmCoGG1eCv2Vqsj7Ey7y7yBSJtD
PASS R1. MetaMask + Phantom update the policy: members MetaMask and Phantom PDAs only:b. Phantom approves and executes | ok 4r42wZgRRLgeM1sr35NSHVfRaKyaYFrCF93HXEeVXCk9oPYCNrqGX7NpBenjEoWSkZ8EfpprNSmiJEDsgurMTsei
PASS R2. the live Freighter session after removal | refused: Error Code: NotASigner
PASS R3. MetaMask session still works | ok 2QAPauj9BgueWCjzThNWVHcgkMRR3uhcLLTzpZipd1GztoKbL5R2z4aHBBfpHuRnFTintwWTxsuQUdM6Uz4LxGix
METRIC relayerSpend {"net":"localnet","spentLamports":4092329680,"vaultFundingLamports":4000000000,"sessionKeysFunded":46,"sessionKeyFundingDevnetLamports":92000000,"devnetEstimateLamports":464329680}
NEAR MPC signatures: 35, average 0.0s
133/133 passed
