{
  MetaMask: "4TXiTPLxe5PrpwiY15tj9nP3wF5F8JPKUsYQyfHCCcod",
  Freighter: "9BcBicoPrGtPJnVynJoj2g1p6zrvaFBkJccorLwGTMZo",
  Phantom: "G5H71U2pASYLeei9MYvWVmCZzjHp2VscWTjpdLYa6LT4",
  sessionMetaMask: "3YomJ7dnhtqFnnPAzRUGmhC8EevR2R4F6Sdx7YN6Pppc",
  sessionFreighter: "Cn2bjH8kGkjioVoB9MY86TDsJ6kKjvaiu9ZCmMsJVW74",
  program: "FTNMFWiECbRp7D5MwJUiNQfee6NuJPjE7S11J9yc2B9G",
  programB: "J38gUL2YFo91GDBnDXwVDaGpk6XWSJUhs7RuditRdiVo",
  net: "localnet",
}
PASS P0. seats are exactly MetaMask(NEAR MPC), Freighter(NEAR MPC), Phantom(own key); threshold 2; vault funded | ok 2g7rCaku7TSaDnRXnKzkXXT3xUys7VxE161svANcpmgkowV365CjdXM517cjvMJPFjoaxYTzWaftNj3mGitZ3zqo
PASS K1-MetaMask. MetaMask alone:a. MetaMask proposes and approves | ok 4wViAXuXYi1FbocCn9HbzJ6EhZasXBRFiXzt3ADZiqxoDi97xhXHzUfpgk2aaHac7Yc6aEZuemFDjCyW5ztWMose
PASS K1-MetaMask. MetaMask alone:b. MetaMask executes with only its own approval | refused: Error Code: InvalidProposalStatus
PASS K1-Freighter. Freighter alone:a. Freighter proposes and approves | ok AQX7X3kapWnh2CaU4BFwG2cv6J1uSfnjYbzcQWoLo6xFQivb6eUF1or6Ju4VmwKXSsRYu7Q6vgKB1jyuwtexne3
PASS K1-Freighter. Freighter alone:b. Freighter executes with only its own approval | refused: Error Code: InvalidProposalStatus
PASS K1-Phantom. Phantom alone:a. Phantom proposes and approves | ok H4YfwkPyi8jTD91Avi9fzMGAQG8UgEqTNjGGV8rEX1rEa9dp2pXcR2cfyTPH1TqaMWb2oskYhCUKTH4S8TRu8km
PASS K1-Phantom. Phantom alone:b. Phantom executes with only its own approval | refused: Error Code: InvalidProposalStatus
PASS K2. MetaMask + Freighter:a. MetaMask proposes and approves | ok 3yCpDSceGuHfJEsmjMSxSLDJmVZ5EbLxBmtSmVKqjpCbWvH7r6zA48JacPoxjTSrU6ms1Vu6LCxVbV9vzD77zedX
METRIC seat-propose-K2-MetaMask {"totalCu":78014,"ownCu":0,"bytes":579,"fee":10000}
PASS K2. MetaMask + Freighter:b. Freighter approves and executes | ok 4rEGZMtepPgCwdEBmYi9Jn2bRveZ48X2p11zNhPDx23eCqbrG2dvZhKtppew9aP9ha635SLTUzmX6pfM2bctnYMB
METRIC seat-exec-K2-Freighter {"totalCu":67701,"ownCu":0,"bytes":490,"fee":10000}
PASS K3. Freighter + Phantom:a. Freighter proposes and approves | ok 4WJ656WZCkmPK8jqesahwKFFVgopawYud4EdfsDUHb9myC1cehZsqSHLmiJw6jH7rsQp1CZBWB1TRumUJdpYLXcK
METRIC seat-propose-K3-Freighter {"totalCu":83828,"ownCu":0,"bytes":579,"fee":10000}
PASS K3. Freighter + Phantom:b. Phantom approves and executes | ok 5o9B9PUUkeng3dKUf31jyXW9gL3QJc6kdCUPvpGdNr1kKWX9e2FJotazJK3FxXjqGGpHVQS8iikEuC6tbgS64wQE
METRIC seat-exec-K3-Phantom {"totalCu":70829,"ownCu":0,"bytes":490,"fee":10000}
PASS K4. Phantom + MetaMask:a. Phantom proposes and approves | ok F3scP6i8jjMTrufgid2kvtTh3MFpptHq93XAC7Tih3YtX2dua8mj5RpcJR3eQB2nU6g6epfiqh2KVM9TSy6kUTF
METRIC seat-propose-K4-Phantom {"totalCu":79520,"ownCu":0,"bytes":579,"fee":10000}
PASS K4. Phantom + MetaMask:b. MetaMask approves and executes | ok s8DWKNivBRBinC5RgU9KGuV8omfTUqVY24WDDbMzNAvTPbQVYHBVmS9tuoZdccV6hMzLEWw3PPrQxvqWv84bSbp
METRIC seat-exec-K4-MetaMask {"totalCu":67876,"ownCu":0,"bytes":490,"fee":10000}
PASS K5. DEST received exactly 0.03 SOL | ok 0.03
PASS K6. MetaMask alone (open proposal):a. MetaMask proposes and approves | ok 3AShCjxRP78Zz4ei11JUN6yUEJP2wGxy2juhKHu65aGrpguBDxaJT83K5oB5Gq12RuBJXwbvfNGUvyav6gag3Hcz
PASS K6. MetaMask alone (open proposal):b. MetaMask executes with only its own approval | refused: Error Code: InvalidProposalStatus
PASS K6c. an outsider approves it | refused: Error Code: NotASigner
PASS K6d. Freighter's seat signed by MetaMask's MPC key | refused: Transaction did not pass signature verification
PASS K6e. Freighter's seat signed by its MPC key under another path | refused: Transaction did not pass signature verification
PASS K6f-MetaMask. MetaMask's seat vote signed by its session-path key | refused: Transaction did not pass signature verification
PASS K6g-MetaMask. MetaMask's session-path key approves as itself | refused: Error Code: NotASigner
PASS K6f-Freighter. Freighter's seat vote signed by its session-path key | refused: Transaction did not pass signature verification
PASS K6g-Freighter. Freighter's session-path key approves as itself | refused: Error Code: NotASigner
PASS K7. install the movers policy (members: the three session PDAs):a. MetaMask proposes and approves | ok 2EDg9gCDcnkxbiwELH5uWN4MPa7N9zUUk1MiUYYDhQhBYDuAFygVpwcj1Huvd8rYjYUCkQtCXjHZ8x2hwy1ByiSx
PASS K7. install the movers policy (members: the three session PDAs):b. Phantom approves and executes | ok 4yQDobokFdgLs2N9kLQNvLrnUcEpFpXcLKy1hBR1R8UyMR8LgCDNKo7fc2pH3tiwnaXXjsStiAL5XCstdgjXdSzY
PASS N0. MetaMask alone (open proposal):a. MetaMask proposes and approves | ok 2E7ucPahY6NZ2xyRY5161LsxM2zdwvfcBukYWZyxS55jyWomSazuTRMgPMyWYr81J9eycqhjv4fM2Y5EFhCp5me3
PASS N0. MetaMask alone (open proposal):b. MetaMask executes with only its own approval | refused: Error Code: InvalidProposalStatus
PASS N1. Phantom session approves that proposal as its PDA | refused: Error Code: NotASigner
PASS N2. Phantom session key approves it as itself | refused: Error Code: NotASigner
PASS N3. Phantom session proposes a vault transaction as its PDA | refused: Error Code: NotASigner
PASS N4. Phantom session adds its key as a seat (settings sync, as its PDA) | refused: Error Code: InvalidSignerCount
PASS N5. Phantom session calls a program other than the Smart Account (System transfer from its PDA) | refused: Program FTNMFWiECbRp7D5MwJUiNQfee6NuJPjE7S11J9yc2B9G invoke [1] Unknown program SMRTzfY6DfH5ik3TKiyLFfXexV8uSG3d2UksSCYdunG Program FTNMFWiECbRp7D5MwJUiNQfee6Nu
PASS G-MetaMask1. one MetaMask signature (through NEAR) -> session; relayer pays: 0.01 SOL to VENUE | ok 4fLMGQqbVHNQok4f9Ps86R4qb4zh3G7uyJg8v1CN613t6VniMxAWgokc8P7zRdjppYz1DqcUpHq3Bb9E79UQ6pdp
METRIC move-MetaMask-relayed {"totalCu":52281,"primeSessionCu":52281,"ownCu":17579,"bytes":975,"fee":15000}
PASS G-MetaMask2. relayer down: session key pays the fee itself: 0.005 SOL to VENUE | ok 25GWMq6yiK22PNsMWA1ZFwJViT6YE5HissZg4wqn15q1Yxh6xumneJCmQ6bhuZghAdociSPDRBxrHxSfBuXzTRhu
PASS G-MetaMask3. VENUE received exactly 0.015 SOL | ok 0.015
PASS G-MetaMask4. relayer down and the session key has no SOL | refused: Attempt to debit an account but found no record of a prior credit
PASS G-MetaMask5. same session: 0.01 SOL elsewhere (policy) | refused: Error Code: ProgramInteractionAccountConstraintViolated
PASS G-MetaMask6. same session: 0.06 SOL to VENUE (over the 0.05 per-move limit) | refused: Error Code: ProgramInteractionInvalidNumericValue
PASS G-MetaMask7. stretched valid-until | refused: custom program error: 0x7
PASS G-MetaMask8. someone else replays the grant with their own key | refused: custom program error: 0x7
PASS G-Freighter1. one Freighter signature (through NEAR) -> session; relayer pays: 0.01 SOL to VENUE | ok 5FThhGGyT4RhYUNb4U5LeEnTTsocLdksxVvpr1rK4Qdh5WaaZ7smXshiaeWMF27Dxnj94zxVKuANrCAcvRAieTbs
METRIC move-Freighter-relayed {"totalCu":53750,"primeSessionCu":53750,"ownCu":19079,"bytes":975,"fee":15000}
PASS G-Freighter2. relayer down: session key pays the fee itself: 0.005 SOL to VENUE | ok 4BBCiato9eEs9r8gGYMRm8QzpWVzBjLiJLsVC6g79XPwEVbAipwwyj39T6posuHfkX8cUy5Agk13kyrKrJQ9CGMF
PASS G-Freighter3. VENUE received exactly 0.015 SOL | ok 0.015
PASS G-Freighter4. relayer down and the session key has no SOL | refused: Attempt to debit an account but found no record of a prior credit
PASS G-Freighter5. same session: 0.01 SOL elsewhere (policy) | refused: Error Code: ProgramInteractionAccountConstraintViolated
PASS G-Freighter6. same session: 0.06 SOL to VENUE (over the 0.05 per-move limit) | refused: Error Code: ProgramInteractionInvalidNumericValue
PASS G-Freighter7. stretched valid-until | refused: custom program error: 0x7
PASS G-Freighter8. someone else replays the grant with their own key | refused: custom program error: 0x7
PASS G-Phantom1. one Phantom signature -> session; relayer pays: 0.01 SOL to VENUE | ok 4pFV7qJWvJ1pNovQQsiscfyhPYpZSrKoUaFMbvHbYPLqvtRdtZi1QmndUUgeMgfTGuihWwj2KPjUuJ6yU37mPLQp
METRIC move-Phantom-relayed {"totalCu":52282,"primeSessionCu":52282,"ownCu":17579,"bytes":975,"fee":15000}
PASS G-Phantom2. relayer down: session key pays the fee itself: 0.005 SOL to VENUE | ok Dzep7HjWWa3g5hcXjS8t42w3KimTY1JSwgW9XQahwZtn5rc8E3CYtx4X2Xa4LtX73EVeZYdmhnxkYZXpcr5Xb7J
PASS G-Phantom3. VENUE received exactly 0.015 SOL | ok 0.015
PASS G-Phantom4. relayer down and the session key has no SOL | refused: Attempt to debit an account but found no record of a prior credit
PASS G-Phantom5. same session: 0.01 SOL elsewhere (policy) | refused: Error Code: ProgramInteractionAccountConstraintViolated
PASS G-Phantom6. same session: 0.06 SOL to VENUE (over the 0.05 per-move limit) | refused: Error Code: ProgramInteractionInvalidNumericValue
PASS G-Phantom7. stretched valid-until | refused: custom program error: 0x7
PASS G-Phantom8. someone else replays the grant with their own key | refused: custom program error: 0x7
PASS G9. grant longer than 7 days | refused: custom program error: 0x4
PASS G10. expired grant | refused: custom program error: 0x4
PASS G11. MetaMask grant with the ed25519 program instruction missing | refused: custom program error: 0x7
PASS G12. ed25519 instruction reading its public key from another instruction | refused: custom program error: 0x0
PASS G13. daily cap shared by all: 0.045 used + 0.05 = 0.095 <= 0.1 | ok 2MGGQf6eSSxW9zCSBhFKzqrmB9fBChBKQ2U7YKSTJtguQnAeFDtUa2kuJ1h2qzP4gdhTxtMtfzZM5bHzimZ56bMn
PASS G13b. + 0.01 = 0.105 > 0.1 | refused: Error Code: ProgramInteractionInsufficientLamportAllowance
PASS X1. Freighter's PDA with a grant signed by MetaMask (NEAR) | refused: custom program error: 0x7
PASS X2. Phantom's PDA with a grant signed by Freighter (NEAR) | refused: custom program error: 0x7
PASS X3. MetaMask's PDA with a grant signed by Phantom | refused: custom program error: 0x7
PASS X4. Freighter's PDA with its MPC key under another path | refused: custom program error: 0x7
PASS X4b. Freighter's session PDA with a grant signed by its seat key (prime:solana) | refused: custom program error: 0x7
PASS X5. Phantom grant presented for MetaMask's PDA | refused: custom program error: 0x7
PASS X6. grant signed for cluster mainnet, used on localnet | refused: custom program error: 0x7
PASS X7a. a grant naming program A's PDA, presented to program B with A's PDA | refused: custom program error: 0x2
PASS X7b. the same grant presented to program B with B's PDA (text mismatch) | refused: custom program error: 0x7
PASS X7c. a grant naming program B's PDA, presented to program A with B's PDA | refused: custom program error: 0x2
PASS X7d. the same grant presented to program A with A's PDA (text mismatch) | refused: custom program error: 0x7
PASS X8. Phantom's own signed grant naming MetaMask's PDA | refused: custom program error: 0x2
PASS X9a. valid Phantom grant, data names another settings address | refused: custom program error: 0x2
PASS X10. the session key does not sign (relayer only) | refused: Program FTNMFWiECbRp7D5MwJUiNQfee6NuJPjE7S11J9yc2B9G invoke [1] Program FTNMFWiECbRp7D5MwJUiNQfee6NuJPjE7S11J9yc2B9G consumed 165 of 203000 compute units Progra
PASS X11a. account 3 set to the System program instead of the Smart Account program: the move still runs | ok 2vTgZeHyf9KXHYChKatyTVHUDuqSeuo64FvEA9qr6NMoWb8XXNSzb1q3ZSdJBScNYQHBMCJBEgMbQayrzeeHCZz8
PASS X11b. ...and prime-session called only the Smart Account program | ok 2vTgZeHyf9KX… Program SMRTzfY6DfH5ik3TKiyLFfXexV8uSG3d2UksSCYdunG invoke [2]
PASS A0. account B created with the same three seats | ok 4Bf5g8m8CzUAoyw1bL693sbDMRKU8rxqHfkq4GwxGuP8wyC4wZLyQYHkvyPV5PdnmgoHnEuRuniVXGMWXV2RPFed
PASS A1. account B installs its movers policy (members: each wallet's PDA for account B):a. MetaMask proposes and approves | ok 4BkoTukhsqg7MfDQLnJGbewmt17HGUj53CXjMK13ApYAXiRMaEVNmiW1SXZ5BniW6r7pkeuegGRyQuNXrknGbhHa
PASS A1. account B installs its movers policy (members: each wallet's PDA for account B):b. Phantom approves and executes | ok 3P1w6YqxmtmtJdMYux36LuvXu7Ycsnkh4Mm3H6UJSkKfHX7yrxW8HkuQGZjukriijQYWhyxQYG7CdRXu7fDAtQYy
PASS A2. each wallet's PDA differs between account A and account B | ok 7qriG5,J5qGs8,CxMTvv
PASS A3. account A's Phantom grant presented to account B (as Phantom's account-B PDA) | refused: custom program error: 0x7
PASS A4. account A's Phantom PDA calling account B's policy | refused: Error Code: NotASigner
PASS A5. a Phantom grant made for account B works in account B | ok 3W3RzVjmQpzXmCd8kcUsELfdd8PeALqCng6d9quAbZ7aDB6GuxPTw8nRaFPbRWmV3wPcv4BTs5AUmboSJR6ac1yo
PASS A5-M0. Phantom session: one move through the Smart Account (compute units recorded) | ok rAnFmgqhVx4k7UkJnxGDwWZ5vo3LPtvCSdzKPBxng7Gaa9tbgqefazPpy4RxCDaHwTJRA9YzKHGq6f6jSVpNQSc
METRIC move-sample-0 {"totalCu":49250,"primeSessionCu":49250,"ownCu":17579,"bytes":975,"fee":15000}
PASS A5-M1. Phantom session: one move through the Smart Account (compute units recorded) | ok 5LcD44Zd1ZuZWwfNPeh8HFdaEiLQE9cbBdaDHytMgGfuUABNQ7qUQsH8HUbUS4ZmiSaMvZcUfZBZmWAJX8YmVLTq
METRIC move-sample-1 {"totalCu":49250,"primeSessionCu":49250,"ownCu":17579,"bytes":975,"fee":15000}
PASS A5-M2. Phantom session: one move through the Smart Account (compute units recorded) | ok 2tPRmXPFoeioCetGwsPc7aLsxcfCm62oikHmEUb4PBdfNCPtSrLPjNL6pyQNa49GUVqSns6g6HWj65pDr937yNAd
METRIC move-sample-2 {"totalCu":49250,"primeSessionCu":49250,"ownCu":17579,"bytes":975,"fee":15000}
PASS A5-M3. Phantom session: one move through the Smart Account (compute units recorded) | ok 832cWkSK8HKErSh7Vv7dQKNGCFzFSFehV35WBU25fxuRdZstB57jwu9bS66zxiThi8N8yNXdmHCoodVawMmvVM7
METRIC move-sample-3 {"totalCu":52250,"primeSessionCu":52250,"ownCu":20579,"bytes":975,"fee":15000}
PASS A5-M4. Phantom session: one move through the Smart Account (compute units recorded) | ok 2W3VGMmrkGZuoWdDgVaSFGgdttD3UJYSAjWZpBMdSRojBMsYPAVag2bC4ALFr2McVbXhtPCZ8wCuMXquWkXbQPAg
METRIC move-sample-4 {"totalCu":49250,"primeSessionCu":49250,"ownCu":17579,"bytes":975,"fee":15000}
PASS A5-M5. Phantom session: one move through the Smart Account (compute units recorded) | ok 2zBjjq3Gxuo9Fwp2a1a3sqpoHkxediifPHeAiVT2eQaYmmsKPrQbP1YvofhQwYFGN666XBhq1JxhQ7vXK3EGW2bY
METRIC move-sample-5 {"totalCu":53750,"primeSessionCu":53750,"ownCu":22079,"bytes":975,"fee":15000}
PASS A5-M6. Phantom session: one move through the Smart Account (compute units recorded) | ok k3XprQEW44FVXDZE28RjFLHb6XMJcp6Byi8PADtMQZVHEk8maZhsvEpS1qvvnYgo2uA8CMRpa5gZ2w2tXnn767S
METRIC move-sample-6 {"totalCu":49250,"primeSessionCu":49250,"ownCu":17579,"bytes":975,"fee":15000}
PASS A5-M7. Phantom session: one move through the Smart Account (compute units recorded) | ok 2CjiDtMNgod5tHw3SKmvWCzFYExaq45ka3qFVDHTnNzhRovDGMmJd2HhqjFckCxiH4E5NTqNoTb9PnjasM1sUmsi
METRIC move-sample-7 {"totalCu":49250,"primeSessionCu":49250,"ownCu":17579,"bytes":975,"fee":15000}
PASS A5-M8. Phantom session: one move through the Smart Account (compute units recorded) | ok 3sH8xEGHLk98VTiFH29hGtuQBds46hJU327guQkEVy41WEkRapkAtxGSSwNizrMqKpgnaxRxAYZ49jarqzMzkzNv
METRIC move-sample-8 {"totalCu":49250,"primeSessionCu":49250,"ownCu":17579,"bytes":975,"fee":15000}
PASS A5-M9. Phantom session: one move through the Smart Account (compute units recorded) | ok 5ArmzGCRZHHtrAA2DinpfKvfVR6gerjMPuznDZR1jLrGipmRh71Lp6xKcfqrwave7BWmJiVLNZzKKemSwTTnADwW
METRIC move-sample-9 {"totalCu":50750,"primeSessionCu":50750,"ownCu":19079,"bytes":975,"fee":15000}
PASS A6. account B's grant presented to account A | refused: custom program error: 0x7
PASS V0a. Phantom session 1 works | ok tVJDDcsLADknL9uG24XbN8YYHG2wwwTATUSro9sW2P2UJY2aYncxQ14rjCxP2DS6cPrKvGcXdmhYc3vij6A2nXD
PASS V0b. Phantom session 2 works | ok 2SCR4G9xfNxUcGkdHdZRuwnnDoEdB5uETudsiDK8XCrYZXLXrYeXwezB9MB8jinvC9vb1u7B47gTL777BDpcteL5
PASS V0c. no marker exists for session 1 yet | ok BCNh1EZS4PZixVLTKH33AfeCQh8khvPZhJWLVM3j5n4A
PASS V1. Phantom revokes session 1 (one signature, relayed, session key does not sign) | ok 5Pe3EJJZqrkYmX6FNjVdhJdsnRkMPzFMq84P21uvS1v2DatQLKo6833EHQBe5KcdL11SJbRVX61TfRaMod3vgyLo
METRIC revoke {"totalCu":18585,"primeSessionCu":18585,"ownCu":18585,"bytes":726,"fee":10000}
PASS V1b. the marker is empty, owned by prime-session and rent exempt | ok {"lamports":890880,"dataBytes":0,"owner":"FTNMFWiECbRp7D5MwJUiNQfee6NuJPjE7S11J9yc2B9G"}
PASS V2. the revoked session 1 is refused | refused: custom program error: 0x2
PASS V3. the same wallet's session 2 keeps working | ok YAobZ3UCBSVo4SZLSbpnRi2kYxiHFCuXSSzbS15bp28G3cdRmAJpDEGg2Z6fufDBc9MQxVkEFTWm87R1YbYT5o8
PASS V3b. revoking session 1 again is refused | refused: custom program error: 0x2
PASS V4a. MetaMask's session-owner key signs a revoke of Phantom's session 2 (data names Phantom as owner) | refused: custom program error: 0x7
PASS V4b. MetaMask signs a revoke naming Phantom's PDA under its own owner field | refused: custom program error: 0x2
PASS V4c. Phantom session 2 still works | ok 2Couwa9y5UuotjgTtn7dZQweDFMh17whoRyYaAh3jiTrErnChrewbxv4xRCTzBFUCXM3Va9qSuimQvvtnTdniopr
PASS V4d. MetaMask revokes the same key under its own PDA (a marker in MetaMask's namespace) | ok eSgXd1r738Yukf7ckqUMkBmxMk6qA7Rxgrq4W4a1fYUobQZPhgJQATz9dbbhSxJDnpzuXBe2fAU79mEwW7oTDVG
PASS V4e. ...and Phantom's session 2 still works (the marker is per owner) | ok 2koxLopPnht1NXevmWsMPRTfsQLSi6wZ8E33xPidbwFF4r5rRh7Ziyux4t4nG3AGH8XzXNxjZ5um7KCRwJAdG4AR
PASS V5a. Phantom revokes a key it never granted | ok 5HFMCpXFU73sW1rym3ewC1jw6TBD8TV1EpxbtCS7QHmqMJQwXLNNCC5jnGnUoxSpbMoYtNWoCF4DuLamCLNYaxNR
PASS V5b. a grant signed for that key afterwards is refused | refused: custom program error: 0x2
PASS V6a. a revoke signed for account A's PDA, sent with account B's settings and B's marker | refused: custom program error: 0x2
PASS V6b. no marker was created in account B | ok 
PASS V6c. session 3 still works in account A | ok 3bnjdoTGtLw2upqUBBXMfKginfBKLmw8DBbQhnqXEiQ4b9P94cyRB8Eds9NkLTY6L9qWpWhqusy7yU7SwvHRnjBH
PASS V7a. a pre-fund below the rent minimum is refused by the runtime | refused: {"InsufficientFundsForRent":{"account_index":1}}
PASS V7b. a stranger pre-funds the marker address with 0.001 SOL | ok 3zbTmtbYEh8Afzf3UdgHCUdMrSnWkJ9Dy7wgz4swc6o684KFfbrsva2yV2mbJEpnGztHJBH4WjPQPyx6iVQqprXR
PASS V7c. the revoke still works | ok 3cA3zXuHR1QohK94UtzjgYCK5Ua2vbjyUsx6N61aySAXn3fnz6Ymq2MfSLEjCgyRctuSL4UoQrLWSB5TrhmeebYZ
PASS V7d. the revoked session 4 is refused | refused: custom program error: 0x2
PASS V8a. a move that passes another marker address | refused: custom program error: 0x2
PASS V8b. a move with non-canonical bump 254 (canonical 255) and the canonical PDA account | refused: custom program error: 0x2
PASS V8c. the same session with the canonical bump works | ok 4wR93GCAfH1ox1TtkjZeviyWSp4QiKRNNwocDeTHTPCcUjuxk9MxDcNV48KYjQnXGekn1mTNTXqfcKfXZoWE5NY6
PASS V9. a 72-byte instruction (the old length check) | refused: Program FTNMFWiECbRp7D5MwJUiNQfee6NuJPjE7S11J9yc2B9G invoke [1] Program FTNMFWiECbRp7D5MwJUiNQfee6NuJPjE7S11J9yc2B9G consumed 88 of 203000 compute units Program
PASS V9b. a 10-byte instruction | refused: Program FTNMFWiECbRp7D5MwJUiNQfee6NuJPjE7S11J9yc2B9G invoke [1] Program FTNMFWiECbRp7D5MwJUiNQfee6NuJPjE7S11J9yc2B9G consumed 88 of 203000 compute units Program
PASS R0. Freighter session works before | ok 5Zn7T1zBSuEe1rbX7wS7S91tQmxHJum5gGEV5bGSCpFMb7d9tRx7XeqCoRcktbg7esB1LvQe277Axuxs2JWFrTc4
PASS R1. MetaMask + Phantom update the policy: members MetaMask and Phantom PDAs only:a. MetaMask proposes and approves | ok 2ZkEGXGXonUNU4uLYNb93FKMFWMbRMHa9xP3JsgFRsEkKAidDdR6WiQthykbeAyH7wVtWfg2XEiQZqcReozWNqod
PASS R1. MetaMask + Phantom update the policy: members MetaMask and Phantom PDAs only:b. Phantom approves and executes | ok 3haVwSHgDwpGgD87AXJUSR31VWVjpAVygtB1zdyyRuQegm4nXht2oyZCjVFM56549pMQQhay2FPtrvRcXWN34XJ1
PASS R2. the live Freighter session after removal | refused: Error Code: NotASigner
PASS R3. MetaMask session still works | ok 4HTXEcdzrgYrYXJkTz9MewUEfFV2dBN7vpZZhbarEif3yAJZVpQ4ZuQoSqUHDFgQiRxWftj2RuKurskT8FB7DE4B
METRIC relayerSpend {"net":"localnet","spentLamports":4092309680,"vaultFundingLamports":4000000000,"sessionKeysFunded":41,"sessionKeyFundingDevnetLamports":82000000,"devnetEstimateLamports":454309680}
NEAR MPC signatures: 35, average 0.0s
128/128 passed
