{
  MetaMask: "4TXiTPLxe5PrpwiY15tj9nP3wF5F8JPKUsYQyfHCCcod",
  Freighter: "9BcBicoPrGtPJnVynJoj2g1p6zrvaFBkJccorLwGTMZo",
  Phantom: "G5H71U2pASYLeei9MYvWVmCZzjHp2VscWTjpdLYa6LT4",
  sessionMetaMask: "3YomJ7dnhtqFnnPAzRUGmhC8EevR2R4F6Sdx7YN6Pppc",
  sessionFreighter: "Cn2bjH8kGkjioVoB9MY86TDsJ6kKjvaiu9ZCmMsJVW74",
  program: "FTNMFWiECbRp7D5MwJUiNQfee6NuJPjE7S11J9yc2B9G",
  programB: "J38gUL2YFo91GDBnDXwVDaGpk6XWSJUhs7RuditRdiVo",
  net: "localnet",
}
PASS P0. seats are exactly MetaMask(NEAR MPC), Freighter(NEAR MPC), Phantom(own key); threshold 2; vault funded | ok 3r2RCTe1zBBMWTUKteLAvAXGgdctm85rgTMpYWKoxnAKEfmX8ceHvEpxwsPE3d3RUD8rCpkumE9NivbNw2fjjoiP
PASS K1-MetaMask. MetaMask alone:a. MetaMask proposes and approves | ok tGJ7V6CxUTSimruigN11X8sLaj2aHRYs7pUcVVErQEvUiet4j8TCjDKZDb43sh2HKUVz6DpmkntKQFR5FP1zSFm
PASS K1-MetaMask. MetaMask alone:b. MetaMask executes with only its own approval | refused: Error Code: InvalidProposalStatus
PASS K1-Freighter. Freighter alone:a. Freighter proposes and approves | ok 4S6XUnYDYAzdA1di8Zrp8N6F1A9LzBau37H6JodJgxBK4a3nbfkJtxdTP1UfPJZhrBPUTZAUN7SZ3FdwtXmDG4Jn
PASS K1-Freighter. Freighter alone:b. Freighter executes with only its own approval | refused: Error Code: InvalidProposalStatus
PASS K1-Phantom. Phantom alone:a. Phantom proposes and approves | ok 5eii8RgELyjnu65PW4o7fpBB7kU6iNMoQevsGCbYzt1goH6naxwuzi6UDiVjAmFKWY9EzhRiPcJZvVVJU9zVGhUF
PASS K1-Phantom. Phantom alone:b. Phantom executes with only its own approval | refused: Error Code: InvalidProposalStatus
PASS K2. MetaMask + Freighter:a. MetaMask proposes and approves | ok 5MQUXqC5FfbpAFFaYqLFtyZayzmikznatYtLkrozbiaP8a88ZNh9JnySf6fn76BetDZNfy9sKP9NgyMU3E9svtF3
METRIC seat-propose-K2-MetaMask {"totalCu":78014,"ownCu":0,"bytes":579,"fee":10000}
PASS K2. MetaMask + Freighter:b. Freighter approves and executes | ok 2SkE5yy8tB7JnMYw8LAXBoonrXnzHuPaWXirz1QbvhJaVEpdDCzZYSJDApTfLtJogHS43NjeREV4nTEU1yRDzuvH
METRIC seat-exec-K2-Freighter {"totalCu":67701,"ownCu":0,"bytes":490,"fee":10000}
PASS K3. Freighter + Phantom:a. Freighter proposes and approves | ok 54Dkzue1wSeqJPVnH4q6cevrqFdzL44nDnC2iNftjLuycc89HJMg1VY8bua9u9ZNpnqQ82wR4B9xzK15dyfTiXXy
METRIC seat-propose-K3-Freighter {"totalCu":83828,"ownCu":0,"bytes":579,"fee":10000}
PASS K3. Freighter + Phantom:b. Phantom approves and executes | ok 5WMfChShuNono7shXMQbuDKDr47QZ7kkSx1Pd48qQRf7whmmkfvezbk46yEjEwqkrXEKRkf1EjpgVrvqQ9abitQ2
METRIC seat-exec-K3-Phantom {"totalCu":70829,"ownCu":0,"bytes":490,"fee":10000}
PASS K4. Phantom + MetaMask:a. Phantom proposes and approves | ok 3BqGfA56zF3nDpFJWw35283gGuw8J7sX5Pn883brHwATvcdNB1vtN3dBuiDCrAEZq4vMZWcESEkDK43trzX9YD35
METRIC seat-propose-K4-Phantom {"totalCu":79520,"ownCu":0,"bytes":579,"fee":10000}
PASS K4. Phantom + MetaMask:b. MetaMask approves and executes | ok 63YWTsrnih64tbwky4ZxL5mU1Be6gPYySzBsTWtCHBQGp9jEc9hpGLMcjgWgZtB8WJT8et3sCTyXyvcv7ZGkmtJR
METRIC seat-exec-K4-MetaMask {"totalCu":67876,"ownCu":0,"bytes":490,"fee":10000}
PASS K5. DEST received exactly 0.03 SOL | ok 0.03
PASS K6. MetaMask alone (open proposal):a. MetaMask proposes and approves | ok 5TjfyXv8u5DK9cwF8h4x7kMk72wd3tzA5WqXRyXvUxPCutaWTMCisU2aKjHxTvkSEezoEFWkApiFpP1ibtDBKUoS
PASS K6. MetaMask alone (open proposal):b. MetaMask executes with only its own approval | refused: Error Code: InvalidProposalStatus
PASS K6c. an outsider approves it | refused: Error Code: NotASigner
PASS K6d. Freighter's seat signed by MetaMask's MPC key | refused: Transaction did not pass signature verification
PASS K6e. Freighter's seat signed by its MPC key under another path | refused: Transaction did not pass signature verification
PASS K6f-MetaMask. MetaMask's seat vote signed by its session-path key | refused: Transaction did not pass signature verification
PASS K6g-MetaMask. MetaMask's session-path key approves as itself | refused: Error Code: NotASigner
PASS K6f-Freighter. Freighter's seat vote signed by its session-path key | refused: Transaction did not pass signature verification
PASS K6g-Freighter. Freighter's session-path key approves as itself | refused: Error Code: NotASigner
PASS K7. install the movers policy (members: the three session PDAs):a. MetaMask proposes and approves | ok 3Ddkg7mSwi4skXmjpR3QgHRX8UTC7yytkbker7Lz42wXz3B8AfS4AXwazmCiEytdmneAwoaYYPBD4FgapiW9n9a6
PASS K7. install the movers policy (members: the three session PDAs):b. Phantom approves and executes | ok 5C8BARDAuLsmjUBJtS9DCDHDWiznjiJgkwTjS85Q8EmhtkN5qmEfH5FSFHYL4zbeDeKxVtWRKGyEDAsgmj4xM3u5
PASS N0. MetaMask alone (open proposal):a. MetaMask proposes and approves | ok qokKYaFo5mr3dWESyQDNgwh8mgphW68ZSu6cRVRN6HU7WD2yV1HX5ENZ6vrNokJWRmVP93mpGFwGHdiaa3pH9a1
PASS N0. MetaMask alone (open proposal):b. MetaMask executes with only its own approval | refused: Error Code: InvalidProposalStatus
PASS N1. Phantom session approves that proposal as its PDA | refused: Error Code: NotASigner
PASS N2. Phantom session key approves it as itself | refused: Error Code: NotASigner
PASS N3. Phantom session proposes a vault transaction as its PDA | refused: Error Code: NotASigner
PASS N4. Phantom session adds its key as a seat (settings sync, as its PDA) | refused: Error Code: InvalidSignerCount
PASS N5. Phantom session calls a program other than the Smart Account (System transfer from its PDA) | refused: Program FTNMFWiECbRp7D5MwJUiNQfee6NuJPjE7S11J9yc2B9G invoke [1] Unknown program SMRTzfY6DfH5ik3TKiyLFfXexV8uSG3d2UksSCYdunG Program FTNMFWiECbRp7D5MwJUiNQfee6Nu
PASS G-MetaMask1. one MetaMask signature (through NEAR) -> session; relayer pays: 0.01 SOL to VENUE | ok 21GB9Ra4q2KCsnBHs2UjFhLUpR7xC2zbbKrv7V1Py9nUzPSYTRpzBYH6nP7roXB4Vfo5Z7n5unL6ouH8Wcv6V24m
METRIC move-MetaMask-relayed {"totalCu":56365,"primeSessionCu":56365,"ownCu":21663,"bytes":975,"fee":15000}
PASS G-MetaMask2. relayer down: session key pays the fee itself: 0.005 SOL to VENUE | ok 53kvHXAeJBXCmSc158ZPFTthG85taEtJHXqa7bEeg4AGgopMBS85iXkhxTa4nWSi1HDBWcATL7LyY2e2wev9dkC4
PASS G-MetaMask3. VENUE received exactly 0.015 SOL | ok 0.015
PASS G-MetaMask4. relayer down and the session key has no SOL | refused: Attempt to debit an account but found no record of a prior credit
PASS G-MetaMask5. same session: 0.01 SOL elsewhere (policy) | refused: Error Code: ProgramInteractionAccountConstraintViolated
PASS G-MetaMask6. same session: 0.06 SOL to VENUE (over the 0.05 per-move limit) | refused: Error Code: ProgramInteractionInvalidNumericValue
PASS G-MetaMask7. stretched valid-until | refused: custom program error: 0x7
PASS G-MetaMask8. someone else replays the grant with their own key | refused: custom program error: 0x7
PASS G-Freighter1. one Freighter signature (through NEAR) -> session; relayer pays: 0.01 SOL to VENUE | ok 2pktVah3c7MSqSumzffiYRzPU6DqHAY7nPZwm2niytD9aKkMiBNNWLmhH3z6pGL45cwY556aLuamXr4DgZnieNS
METRIC move-Freighter-relayed {"totalCu":57834,"primeSessionCu":57834,"ownCu":23163,"bytes":975,"fee":15000}
PASS G-Freighter2. relayer down: session key pays the fee itself: 0.005 SOL to VENUE | ok 4a347BNdTjTCRsTEbAH1iAMxfhUPwX2AJLxjf5KkooVW5SMCT1MFnJMVREYyt1H6w5VbS3tiBaaXsS2igg1zjkjU
PASS G-Freighter3. VENUE received exactly 0.015 SOL | ok 0.015
PASS G-Freighter4. relayer down and the session key has no SOL | refused: Attempt to debit an account but found no record of a prior credit
PASS G-Freighter5. same session: 0.01 SOL elsewhere (policy) | refused: Error Code: ProgramInteractionAccountConstraintViolated
PASS G-Freighter6. same session: 0.06 SOL to VENUE (over the 0.05 per-move limit) | refused: Error Code: ProgramInteractionInvalidNumericValue
PASS G-Freighter7. stretched valid-until | refused: custom program error: 0x7
PASS G-Freighter8. someone else replays the grant with their own key | refused: custom program error: 0x7
PASS G-Phantom1. one Phantom signature -> session; relayer pays: 0.01 SOL to VENUE | ok 2uK7xByCo6oANrjPzSWxFkWdgKxfd8qdv4rN7wS5WGhjCchFX49rmVY9YjEqTAAaPRaf3hsz6foMkmb7tbjNVh7Y
METRIC move-Phantom-relayed {"totalCu":56366,"primeSessionCu":56366,"ownCu":21663,"bytes":975,"fee":15000}
PASS G-Phantom2. relayer down: session key pays the fee itself: 0.005 SOL to VENUE | ok EAKFCjXDJw7wijyB7mihTSyusKSVZjYLSgNbef5Nq4NtBUg9zsvrBE3E5b4c1eA2qxTpbbqKjqb94vpRqDMLJ9S
PASS G-Phantom3. VENUE received exactly 0.015 SOL | ok 0.015
PASS G-Phantom4. relayer down and the session key has no SOL | refused: Attempt to debit an account but found no record of a prior credit
PASS G-Phantom5. same session: 0.01 SOL elsewhere (policy) | refused: Error Code: ProgramInteractionAccountConstraintViolated
PASS G-Phantom6. same session: 0.06 SOL to VENUE (over the 0.05 per-move limit) | refused: Error Code: ProgramInteractionInvalidNumericValue
PASS G-Phantom7. stretched valid-until | refused: custom program error: 0x7
PASS G-Phantom8. someone else replays the grant with their own key | refused: custom program error: 0x7
PASS G9. grant longer than 7 days | refused: custom program error: 0x4
PASS G10. expired grant | refused: custom program error: 0x4
PASS G11. MetaMask grant with the ed25519 program instruction missing | refused: custom program error: 0x7
PASS G12. ed25519 instruction reading its public key from another instruction | refused: custom program error: 0x0
PASS G13. daily cap shared by all: 0.045 used + 0.05 = 0.095 <= 0.1 | ok 4t4NDvmPEpAjGqs23hqhpVXga5BQCs6bjFKNpt7Eey9veMUpyveC5ToKfnkUFbxVwhCtZyzzWEru5sfqDYib6quz
PASS G13b. + 0.01 = 0.105 > 0.1 | refused: Error Code: ProgramInteractionInsufficientLamportAllowance
PASS X1. Freighter's PDA with a grant signed by MetaMask (NEAR) | refused: custom program error: 0x7
PASS X2. Phantom's PDA with a grant signed by Freighter (NEAR) | refused: custom program error: 0x7
PASS X3. MetaMask's PDA with a grant signed by Phantom | refused: custom program error: 0x7
PASS X4. Freighter's PDA with its MPC key under another path | refused: custom program error: 0x7
PASS X4b. Freighter's session PDA with a grant signed by its seat key (prime:solana) | refused: custom program error: 0x7
PASS X5. Phantom grant presented for MetaMask's PDA | refused: custom program error: 0x7
PASS X6. grant signed for cluster mainnet, used on localnet | refused: custom program error: 0x7
PASS X7a. a grant naming program A's PDA, presented to program B with A's PDA | refused: custom program error: 0x2
PASS X7b. the same grant presented to program B with B's PDA (text mismatch) | refused: custom program error: 0x7
PASS X7c. a grant naming program B's PDA, presented to program A with B's PDA | refused: custom program error: 0x2
PASS X7d. the same grant presented to program A with A's PDA (text mismatch) | refused: custom program error: 0x7
PASS X8. Phantom's own signed grant naming MetaMask's PDA | refused: custom program error: 0x2
PASS X9a. valid Phantom grant, data names another settings address | refused: custom program error: 0x2
PASS X10. the session key does not sign (relayer only) | refused: Program FTNMFWiECbRp7D5MwJUiNQfee6NuJPjE7S11J9yc2B9G invoke [1] Program FTNMFWiECbRp7D5MwJUiNQfee6NuJPjE7S11J9yc2B9G consumed 2483 of 203000 compute units Progr
PASS X11a. account 3 set to the System program instead of the Smart Account program: the move still runs | ok 3QppSMQGRdnMem5JYtN1UMhwuX3hDZMKeqAEDTfFHxnhgBqt7nb5cYfPS99ueB8tdTozBakavCQAmncavda8zR1j
PASS X11b. ...and prime-session called only the Smart Account program | ok 3QppSMQGRdnM… Program SMRTzfY6DfH5ik3TKiyLFfXexV8uSG3d2UksSCYdunG invoke [2]
PASS A0. account B created with the same three seats | ok 42FVaBmt5fvZW7dLCBCsPw7Ec1iPXYhFrnQudWvv5qqcdDKPnzpRky4DqTEiyXBQ9s6VsprrqmkiYe72PmP4UtfM
PASS A1. account B installs its movers policy (members: each wallet's PDA for account B):a. MetaMask proposes and approves | ok 2ybrpqMARFvso9e9z2oNigCbmawMRdqF9tHBf9RtjVz4ggjFzWHXduzZn4rAz9D5cJgrbmKq1qT6TafvQmQkKVpG
PASS A1. account B installs its movers policy (members: each wallet's PDA for account B):b. Phantom approves and executes | ok 3e85zrXH8BfQd2bVJ8NKZhg763dWkjURWeQErJsjuKFPn4vj9gmyA8wVo63r6KagnSWWsG7fbeD6CEh9do9jzK38
PASS A2. each wallet's PDA differs between account A and account B | ok 7qriG5,J5qGs8,CxMTvv
PASS A3. account A's Phantom grant presented to account B (as Phantom's account-B PDA) | refused: custom program error: 0x7
PASS A4. account A's Phantom PDA calling account B's policy | refused: Error Code: NotASigner
PASS A5. a Phantom grant made for account B works in account B | ok 495tE9aHSoDRPG1rBG74xpri5hjaLgQ22t5pdjyrwwuBv1P5u9vYLQeQ9p7yCgU32sX29anomp5YiVjKjo1C1Qf7
PASS A5-M0. Phantom session: one move through the Smart Account (compute units recorded) | ok 29MxphyhEgsaGMwQAiA3a5bZFeUVVeBms5iAZsqbTSp72fMWgiDnn1zTiK74g8e4LBzaa8tknVVBhCnnW7aArvMw
METRIC move-sample-0 {"totalCu":53334,"primeSessionCu":53334,"ownCu":21663,"bytes":975,"fee":15000}
PASS A5-M1. Phantom session: one move through the Smart Account (compute units recorded) | ok 5exVhpQiY6iCySGSxAbxYtCZ3KJgpKBzDTtxzqKWSB7JvuyXsis9pMR8Ym7nDZHNQhQ1WhWQhjQnij2ejSpkQAuS
METRIC move-sample-1 {"totalCu":53334,"primeSessionCu":53334,"ownCu":21663,"bytes":975,"fee":15000}
PASS A5-M2. Phantom session: one move through the Smart Account (compute units recorded) | ok 2F6ry2f1LhEYFdm4n9tB9G8kozd3Dig5QYwJYWomSm198ephHXwK1dUJKwr5DKXYHWsniEfdaxMt4ApvbR6Upeao
METRIC move-sample-2 {"totalCu":53334,"primeSessionCu":53334,"ownCu":21663,"bytes":975,"fee":15000}
PASS A5-M3. Phantom session: one move through the Smart Account (compute units recorded) | ok ngUqBvzWzFx4znHzCyCSNFGVuqT68W3X6yN7pqa1tq4PHSwPN9QL3DrUa1cahr1mjU6gTzhQkE8bbdt56UMMC5P
METRIC move-sample-3 {"totalCu":56334,"primeSessionCu":56334,"ownCu":24663,"bytes":975,"fee":15000}
PASS A5-M4. Phantom session: one move through the Smart Account (compute units recorded) | ok 4NPKgB28KfLhBLkfEEyEV71MdTTAGtwaSvDxCr8xyihk2iQrpba76xogqyeEqjZp51yWq7xVrVF7zWcM3tQPdjcG
METRIC move-sample-4 {"totalCu":53334,"primeSessionCu":53334,"ownCu":21663,"bytes":975,"fee":15000}
PASS A5-M5. Phantom session: one move through the Smart Account (compute units recorded) | ok 5viUcEJyeoujbc7yn5CwtrhKD15JtQfTBNSaaTauze6zREADYWAT7BQmytHceMziZnFQp1ZCdKtiw7WF3dy95zki
METRIC move-sample-5 {"totalCu":57834,"primeSessionCu":57834,"ownCu":26163,"bytes":975,"fee":15000}
PASS A5-M6. Phantom session: one move through the Smart Account (compute units recorded) | ok 25wBJMncQRMYDdyBEKjqx6EUq7FY8GXz284RFb75Q4ycrT7fcxKaKkGMGUrwJ8kJm2pnDnKVaPM4idgMnFMFpiRb
METRIC move-sample-6 {"totalCu":53334,"primeSessionCu":53334,"ownCu":21663,"bytes":975,"fee":15000}
PASS A5-M7. Phantom session: one move through the Smart Account (compute units recorded) | ok 2gtbwQFbnNEmaJLA4Qw2MuewMXW6AWWsJFjYQD8Prx8GLnBi4m2erLrJrFDGQMyaSCrUVg1SqxEhxBfL7BD5N8aJ
METRIC move-sample-7 {"totalCu":53334,"primeSessionCu":53334,"ownCu":21663,"bytes":975,"fee":15000}
PASS A5-M8. Phantom session: one move through the Smart Account (compute units recorded) | ok 3vDrRiJiJv8dK6n6nSXHyVQn89PDcuxoeZuSS5cUBkSXkWwBJ1Vb6XbYRihoUJkw8KKwLqk7eaxAjcZCnkXydgsU
METRIC move-sample-8 {"totalCu":53334,"primeSessionCu":53334,"ownCu":21663,"bytes":975,"fee":15000}
PASS A5-M9. Phantom session: one move through the Smart Account (compute units recorded) | ok 4GfwQC3C5xmmhCgva5gXwUuEiozvDpxo5AEuRrW2688k2udQgDF1mKWdqPvCXpn7rQGU9h5qfQPPM4wSf7GtsWYJ
METRIC move-sample-9 {"totalCu":54834,"primeSessionCu":54834,"ownCu":23163,"bytes":975,"fee":15000}
PASS A6. account B's grant presented to account A | refused: custom program error: 0x7
PASS V0a. Phantom session 1 works | ok 5GXmGaJ1W6uQBbCUmwdKyerPFszibcsgpmJsjKgn2FAntbzabpj1naVbzGyqWGGHrLR2FqkRowdiVpBLxKEeeSE
PASS V0b. Phantom session 2 works | ok AxaALzmN6DvJCn3VBtrAWNkZhWLSx65J4iZMCcmCz8SsSnYXZC7pkFoBp1oZqBcyzVip5UTqf9nAf2JcKjG92GJ
PASS V0c. no marker exists for session 1 yet | ok BCNh1EZS4PZixVLTKH33AfeCQh8khvPZhJWLVM3j5n4A
PASS V1. Phantom revokes session 1 (one signature, relayed, session key does not sign) | ok 24EG5vddASVW33si5ithJ6twQiNzWAkMQS8ZzVeLic975GwvHbTyZnCYHvnwWyVP1p95uo8RQxxmzABNQPrgxTtq
METRIC revoke {"totalCu":22229,"primeSessionCu":22229,"ownCu":22229,"bytes":726,"fee":10000}
PASS V1b. the marker is empty, owned by prime-session and rent exempt | ok {"lamports":890880,"dataBytes":0,"owner":"FTNMFWiECbRp7D5MwJUiNQfee6NuJPjE7S11J9yc2B9G"}
PASS V2. the revoked session 1 is refused | refused: custom program error: 0x2
PASS V3. the same wallet's session 2 keeps working | ok 5R13u49bFjHAxTLhjwoART8pJyXuyvF6d4HKt5R3huEVQHDYeuSDKts23N38cHF3rZ473UHThB4WpiavewaRjAca
PASS V3b. revoking session 1 again is refused | refused: custom program error: 0x2
PASS V4a. MetaMask's session-owner key signs a revoke of Phantom's session 2 (data names Phantom as owner) | refused: custom program error: 0x7
PASS V4b. MetaMask signs a revoke naming Phantom's PDA under its own owner field | refused: custom program error: 0x2
PASS V4c. Phantom session 2 still works | ok 3FcwMFaj9BeoB9kkQtDdNbpBwdqWEgB1jG3x8hVPLk8ddaw7WQfGNjGznjhwNxhfvuAsn8HKKHb5oCiZGgxPKM2n
PASS V4d. MetaMask revokes the same key under its own PDA (a marker in MetaMask's namespace) | ok 43Y1ERA51iasWF8oM6a6paAMoTs6MooeUdRHpKZEeEt1b5enBZezjcqCBHy9gkvowvKsEFqFRCDmWrU4f1XhZChk
PASS V4e. ...and Phantom's session 2 still works (the marker is per owner) | ok 661mPpJXYDGfxZiDwEGNniiGYpTbFWuSSmzQRXvMrxoEL9uuffAJonyfFZPgGuNo2weB9aoyFLG2nVdN8zZwef4L
PASS V5a. Phantom revokes a key it never granted | ok 3DwZE64iDDCRMrobK15XTiU1Ks8DQSbsjim7fzRCH2asoHYJ1FzrKY836xaimCjWTCphwAx3N9EzsXXmSgTeUt4b
PASS V5b. a grant signed for that key afterwards is refused | refused: custom program error: 0x2
PASS V6a. a revoke signed for account A's PDA, sent with account B's settings and B's marker | refused: custom program error: 0x2
PASS V6b. no marker was created in account B | ok 
PASS V6c. session 3 still works in account A | ok 3JSKSJw4DKJ5RdbyVD9TxWPQ1ANByTq2PXBDiXX9Tcy62nYmPnUkTh4Gz1RES4hFkT9wggR2V4SEr8boZcHigCzf
PASS V7a. a pre-fund below the rent minimum is refused by the runtime | refused: {"InsufficientFundsForRent":{"account_index":1}}
PASS V7b. a stranger pre-funds the marker address with 0.001 SOL | ok 4VYyBErFi1m2kWTJ4mepkXobAWQQz2mbdp7r9BXbiQVar7vwSqFtE36twJ16FwVnuzEHSa9dgQKJJY7FeCt2zq1v
PASS V7c. the revoke still works | ok 3C6PeyBe6uU5m5qACKteJm55pCiZqAeBVyCxKdh8Fmv3KT8Cphj8DJypRH7U7c6LB8CCcM6UEPghcU2KByGYMyy3
PASS V7d. the revoked session 4 is refused | refused: custom program error: 0x2
PASS V8a. a move that passes another marker address | refused: custom program error: 0x2
PASS V8b. a move with non-canonical bump 254 (canonical 255) and the canonical PDA account | refused: custom program error: 0x2
PASS V8c. the same session with the canonical bump works | ok 3NqnX6HqFEziua3BmFk8noY3JKtHAS4Zrbwg9qMgLDdKxUJqgqRjDnWb4XDgvGBHdudqpi4QgmnvzZ2vFEVMSLo2
PASS V9. a 72-byte instruction (the old length check) | refused: Program FTNMFWiECbRp7D5MwJUiNQfee6NuJPjE7S11J9yc2B9G invoke [1] Program log: panicked at src/lib.rs:37:110:
index out of bounds: the len is 8 but the index is 8
PASS V9b. a 10-byte instruction | refused: Program FTNMFWiECbRp7D5MwJUiNQfee6NuJPjE7S11J9yc2B9G invoke [1] Program log: panicked at src/lib.rs:35:41:
range end index 32 out of range for slice of length 1
PASS R0. Freighter session works before | ok 55NKCGHBMzDuPmakekg9vRQDqBuj9qpp53vU12MXP7wTCQuhpUgJBhsLrcEGVMkzFMVWvE6ZcdxsbS6VdFoXH3Tx
PASS R1. MetaMask + Phantom update the policy: members MetaMask and Phantom PDAs only:a. MetaMask proposes and approves | ok 2uTBw2eWcPNN7AyuoWukGUf9y7rjG6YKsdpQx9xbKakm6Hb5soYTcx1YcYGY9qxKKgdqGsJv6B96NV5oaz2aQhG2
PASS R1. MetaMask + Phantom update the policy: members MetaMask and Phantom PDAs only:b. Phantom approves and executes | ok 5DFPYYRBZyXxo7Pred1hot281xZcD9nyT2Sn1KtnXTw3GTGqutQj5BMp3XtTVct1pj9MGCU6SxiCTboXnnm1LP8d
PASS R2. the live Freighter session after removal | refused: Error Code: NotASigner
PASS R3. MetaMask session still works | ok 513pMd8xtb6eWdNMrzNRUaG4x6a2HCyrbEaH1iRVhd3GRS7Fg8wGPm9cnAQbMhyRqkftnN6gaWgdzhqHgpDoaVFe
METRIC relayerSpend {"net":"localnet","spentLamports":4092309680,"vaultFundingLamports":4000000000,"sessionKeysFunded":41,"sessionKeyFundingDevnetLamports":82000000,"devnetEstimateLamports":454309680}
NEAR MPC signatures: 35, average 0.0s
128/128 passed
