{
  MetaMask: "2mgK6QSMmExM2CDzKZK3dFHpaUYb5NkiS2spdL6yvGMZ",
  Freighter: "BU4B8vczr3Xqzo1sq5fTUE9HG9VxvXcbUKv4Yv4q9AuU",
  Phantom: "G5H71U2pASYLeei9MYvWVmCZzjHp2VscWTjpdLYa6LT4",
  sessionMetaMask: "FGaZkHnnqWdGtGHwYBNg3XFJW9euiqWa9ParoHMfRWPX",
  sessionFreighter: "GgnRgm9eVt6TNUNQUm13Nr9Zo7Mkv2Lvdm7nma6uzLZj",
  program: "FTNMFWiECbRp7D5MwJUiNQfee6NuJPjE7S11J9yc2B9G",
  programB: "J38gUL2YFo91GDBnDXwVDaGpk6XWSJUhs7RuditRdiVo",
  net: "localnet",
}
PASS P0. seats are exactly MetaMask(NEAR MPC), Freighter(NEAR MPC), Phantom(own key); threshold 2; vault funded | ok 33wAxFHEfgeXqRu9ZYZ3janqhNn2BgSBmDuEANF5o5z6QxVk7sp2kJkd5ykn7Mf4utj49GJJaiwH8nPukVtNpDwM
PASS K1-MetaMask. MetaMask alone:a. MetaMask proposes and approves | ok qcpbFbmPSCX8TjxMTzydC9Gw2CLRdzhUDyYN7hf3HvvDUDmujxH8odoqPTF6Wx5xfL3DYarGTykY6AVPgkDeSwZ
PASS K1-MetaMask. MetaMask alone:b. MetaMask executes with only its own approval | refused: Error Code: InvalidProposalStatus
PASS K1-Freighter. Freighter alone:a. Freighter proposes and approves | ok eyq19AxjrVsrcAjYnmvi7PhUBb3jxDXrLEipvkd7kSUyA4RzDTY51SSoYKQ1QC5mcpYzwDVafVqj6MdoDCtchXP
PASS K1-Freighter. Freighter alone:b. Freighter executes with only its own approval | refused: Error Code: InvalidProposalStatus
PASS K1-Phantom. Phantom alone:a. Phantom proposes and approves | ok 5MHDVjQq4ux66nsPmDaZ96CYV3FVeMYfbyTnTtjbBo9Ns6czxqZHvpY9H55ZQJpEPc8NDDSdHXW12ZJv86o1JdDY
PASS K1-Phantom. Phantom alone:b. Phantom executes with only its own approval | refused: Error Code: InvalidProposalStatus
PASS K2. MetaMask + Freighter:a. MetaMask proposes and approves | ok uVci1AeoKpw9zAhEVRBLEiQPLfrD9gNKsjFRJ9dhEJDqQW5EPauLyQyZeeBwy3u1YmyEaS1EcqYQy1R1NoXaU6J
METRIC seat-propose-K2-MetaMask {"totalCu":78014,"bytes":579,"fee":10000}
PASS K2. MetaMask + Freighter:b. Freighter approves and executes | ok Lni4yQ7p8zkcLYHskJJNZ5fwyhtvaTH4od2QfdnoVUiPb9zCWgBEM2J2kZ6YwBNhgUEcVhCfg9zrPgupBBcUpHW
METRIC seat-exec-K2-Freighter {"totalCu":67701,"bytes":490,"fee":10000}
PASS K3. Freighter + Phantom:a. Freighter proposes and approves | ok 2mdRBtwixLe1X7xcBzgHbPMj7CCiyWo4VF7Gg4K9RmS6tJdmSZLHvyfcia2TmkGwiWDEoj6bKi6NMJJsdMVFM8M3
METRIC seat-propose-K3-Freighter {"totalCu":83828,"bytes":579,"fee":10000}
PASS K3. Freighter + Phantom:b. Phantom approves and executes | ok 3KxL51nPJG7iJcWZbtr7ztffqhjUdLEetBxBF5wF86i1GfGS2c5PyHc2REtjt1PoF9TUooooWf6bJkusnFXxC2TV
METRIC seat-exec-K3-Phantom {"totalCu":70829,"bytes":490,"fee":10000}
PASS K4. Phantom + MetaMask:a. Phantom proposes and approves | ok 3GLjGQvdiqFhWmgxZsDXQHvcEdJZ1SJwGyPxPHmCpCPuBiN4QHT6CDigJrmqYH3Srb1dTtZsddLPZih5YfmwiJwT
METRIC seat-propose-K4-Phantom {"totalCu":79520,"bytes":579,"fee":10000}
PASS K4. Phantom + MetaMask:b. MetaMask approves and executes | ok 2oQ5YRdNTkdgger34hmfZvJjT4WsQoucKdUabsJJaguishdkvjp3ZpopF9MuZPZZZzuC35UiCEpYrq5nKNqJH6Vt
METRIC seat-exec-K4-MetaMask {"totalCu":67876,"bytes":490,"fee":10000}
PASS K5. DEST received exactly 0.03 SOL | ok 0.03
PASS K6. MetaMask alone (open proposal):a. MetaMask proposes and approves | ok oktPr3XQ52LAVQTNKeKkW1fjU1yUkquyg1GfccubyYbuCwPNN12jTCkmX4tid6AuPuXg1oTU4n1RsKjWWTCnELs
PASS K6. MetaMask alone (open proposal):b. MetaMask executes with only its own approval | refused: Error Code: InvalidProposalStatus
PASS K6c. an outsider approves it | refused: Error Code: NotASigner
PASS K6d. Freighter's seat signed by MetaMask's MPC key | refused: Transaction did not pass signature verification
PASS K6e. Freighter's seat signed by its MPC key under another path | refused: Transaction did not pass signature verification
PASS K6f-MetaMask. MetaMask's seat vote signed by its session-path key | refused: no MPC signature in J9wRzj5gLbGEY4Ve2fNdmHifXXX73UTjjqrFMWgmcEkN: {"SuccessValue":"eyJzdWNjZXNzIjpmYWxzZSwic3VjY2Vzc192YWx1ZSI6bnVsbCwiZXJyb3IiOiJGYWlsZWQgTmVhc
PASS K6g-MetaMask. MetaMask's session-path key approves as itself | refused: Error Code: NotASigner
PASS K6f-Freighter. Freighter's seat vote signed by its session-path key | refused: Transaction did not pass signature verification
PASS K6g-Freighter. Freighter's session-path key approves as itself | refused: Error Code: NotASigner
PASS K7. install the movers policy (members: the three session PDAs):a. MetaMask proposes and approves | ok 47wAW7Yajaui8Lbr3fYvSB45q5Yw3nKgVKDdvw9RdEXsGeX15XdWVHGNGxBTQyfiD35415rRASw1gRSBYixj9Yy1
PASS K7. install the movers policy (members: the three session PDAs):b. Phantom approves and executes | ok 3j1648YvbbTNahyeTGWAVgLYiU7WK88ppvzeRuMmwujaQY8o4JATXqFbmRjFJpayuvsNQrtLdXzTgk9kzEXCAak8
PASS N0. MetaMask alone (open proposal):a. MetaMask proposes and approves | ok 4w3Bb9d7f3wjmhqw7WLxCgLQEhc4KZLpYN92WfjSL5GszqSqc2BdX5ubssdyHqdnzn1KwKnip4HZ9SjhViASLvhc
PASS N0. MetaMask alone (open proposal):b. MetaMask executes with only its own approval | refused: Error Code: InvalidProposalStatus
PASS N1. Phantom session approves that proposal as its PDA | refused: Error Code: NotASigner
PASS N2. Phantom session key approves it as itself | refused: Error Code: NotASigner
PASS N3. Phantom session proposes a vault transaction as its PDA | refused: Error Code: NotASigner
PASS N4. Phantom session adds its key as a seat (settings sync, as its PDA) | refused: Error Code: InvalidSignerCount
PASS N5. Phantom session calls a program other than the Smart Account (System transfer from its PDA) | refused: Program FTNMFWiECbRp7D5MwJUiNQfee6NuJPjE7S11J9yc2B9G invoke [1] Unknown program SMRTzfY6DfH5ik3TKiyLFfXexV8uSG3d2UksSCYdunG Program FTNMFWiECbRp7D5MwJUiNQfee6Nu
PASS G-MetaMask1. one MetaMask signature (through NEAR) -> session; relayer pays: 0.01 SOL to VENUE | ok 4Wzvq2dicCtfPN6SAWu1f7eqSnitc9jSzMvRfqwU4uwNGj1r4UWQ6TSHbPrdiK6DK41JfxcUGXsivsGojogntTMv
METRIC move-MetaMask-relayed {"totalCu":56334,"primeSessionCu":56334,"bytes":975,"fee":15000}
PASS G-MetaMask2. relayer down: session key pays the fee itself: 0.005 SOL to VENUE | ok 4RJtUQK4CihoQyVqpuAgTHivE1juGdNBRqantAKdiHJChbTwzhinG4ipFJyrrdB3ATYu4hBTCnUkg5AV87Y9PaY9
PASS G-MetaMask3. VENUE received exactly 0.015 SOL | ok 0.015
PASS G-MetaMask4. relayer down and the session key has no SOL | refused: Attempt to debit an account but found no record of a prior credit
PASS G-MetaMask5. same session: 0.01 SOL elsewhere (policy) | refused: Error Code: ProgramInteractionAccountConstraintViolated
PASS G-MetaMask6. same session: 0.06 SOL to VENUE (over the 0.05 per-move limit) | refused: Error Code: ProgramInteractionInvalidNumericValue
PASS G-MetaMask7. stretched valid-until | refused: custom program error: 0x7
PASS G-MetaMask8. someone else replays the grant with their own key | refused: custom program error: 0x7
PASS G-Freighter1. one Freighter signature (through NEAR) -> session; relayer pays: 0.01 SOL to VENUE | ok kMSbM6WRECWDJjBFgmnDd8wyy8Rq5638iLdbnQbSRsqntSHBCAVEJWKLVa5uiWurQ3oV1wGjmNctWkJfCGDZcnE
METRIC move-Freighter-relayed {"totalCu":59366,"primeSessionCu":59366,"bytes":975,"fee":15000}
PASS G-Freighter2. relayer down: session key pays the fee itself: 0.005 SOL to VENUE | ok DRb1iRbqrUaiPMGqXMnxhgtttt6amkrhvmraKhnUHB8MtG3BWFUmF94TsXuhP1HJ4d78hty5v778efNV11DMRyX
PASS G-Freighter3. VENUE received exactly 0.015 SOL | ok 0.015
PASS G-Freighter4. relayer down and the session key has no SOL | refused: Attempt to debit an account but found no record of a prior credit
PASS G-Freighter5. same session: 0.01 SOL elsewhere (policy) | refused: Error Code: ProgramInteractionAccountConstraintViolated
PASS G-Freighter6. same session: 0.06 SOL to VENUE (over the 0.05 per-move limit) | refused: Error Code: ProgramInteractionInvalidNumericValue
PASS G-Freighter7. stretched valid-until | refused: custom program error: 0x7
PASS G-Freighter8. someone else replays the grant with their own key | refused: custom program error: 0x7
PASS G-Phantom1. one Phantom signature -> session; relayer pays: 0.01 SOL to VENUE | ok 5zpeEYsNeF8SE1CykuAq3twXfNTy3kjntPszs1oZA93fnaAVQSFL1h9enARdSJzBHuBcey39khwfCfrgDMR3sKev
METRIC move-Phantom-relayed {"totalCu":57852,"primeSessionCu":57852,"bytes":974,"fee":15000}
PASS G-Phantom2. relayer down: session key pays the fee itself: 0.005 SOL to VENUE | ok wzGvVZVbS3XQSGXqk7gqfXS1BvnL3VFE5bi1UeGTe8PFWic1CojpLZ2rT7fGaNbiemnHrkpkF1QnhTEAxLr7U5q
PASS G-Phantom3. VENUE received exactly 0.015 SOL | ok 0.015
PASS G-Phantom4. relayer down and the session key has no SOL | refused: Attempt to debit an account but found no record of a prior credit
PASS G-Phantom5. same session: 0.01 SOL elsewhere (policy) | refused: Error Code: ProgramInteractionAccountConstraintViolated
PASS G-Phantom6. same session: 0.06 SOL to VENUE (over the 0.05 per-move limit) | refused: Error Code: ProgramInteractionInvalidNumericValue
PASS G-Phantom7. stretched valid-until | refused: custom program error: 0x7
PASS G-Phantom8. someone else replays the grant with their own key | refused: custom program error: 0x7
PASS G9. grant longer than 7 days | refused: custom program error: 0x4
PASS G10. expired grant | refused: custom program error: 0x4
PASS G11. MetaMask grant with the ed25519 program instruction missing | refused: custom program error: 0x7
PASS G12. ed25519 instruction reading its public key from another instruction | refused: custom program error: 0x2
PASS G13. daily cap shared by all: 0.045 used + 0.05 = 0.095 <= 0.1 | ok 4moV9EZ9DZ2S8kM2dp3FeLR5ECJxgK4pVWKKFiwSzA323Bm2BhW4zr2B2mP84LUw6mSYJKuDPi1URsYot4PvmyqH
PASS G13b. + 0.01 = 0.105 > 0.1 | refused: Error Code: ProgramInteractionInsufficientLamportAllowance
PASS X1. Freighter's PDA with a grant signed by MetaMask (NEAR) | refused: custom program error: 0x7
PASS X2. Phantom's PDA with a grant signed by Freighter (NEAR) | refused: custom program error: 0x7
PASS X3. MetaMask's PDA with a grant signed by Phantom | refused: custom program error: 0x7
PASS X4. Freighter's PDA with its MPC key under another path | refused: custom program error: 0x7
PASS X4b. Freighter's session PDA with a grant signed by its seat key (prime:solana) | refused: custom program error: 0x7
PASS X5. Phantom grant presented for MetaMask's PDA | refused: custom program error: 0x7
PASS X6. grant signed for cluster mainnet, used on localnet | refused: custom program error: 0x7
PASS X7a. a grant naming program A's PDA, presented to program B with A's PDA | refused: custom program error: 0x2
PASS X7b. the same grant presented to program B with B's PDA (text mismatch) | refused: custom program error: 0x7
PASS X7c. a grant naming program B's PDA, presented to program A with B's PDA | refused: custom program error: 0x2
PASS X7d. the same grant presented to program A with A's PDA (text mismatch) | refused: custom program error: 0x7
PASS X8. Phantom's own signed grant naming MetaMask's PDA | refused: custom program error: 0x2
PASS X9a. valid Phantom grant, data names another settings address | refused: custom program error: 0x2
PASS X10. the session key does not sign (relayer only) | refused: Program FTNMFWiECbRp7D5MwJUiNQfee6NuJPjE7S11J9yc2B9G invoke [1] Program FTNMFWiECbRp7D5MwJUiNQfee6NuJPjE7S11J9yc2B9G consumed 2483 of 203000 compute units Progr
PASS X11a. account 3 set to the System program instead of the Smart Account program: the move still runs | ok Nk9rQifQ4RP9a7EqLjJd4v56kDgjvyAVJRw6NX1EHJEn9aJz83J44H9MwTWwvkFV5H5dV5qXdQfcqQY57aF9UEG
PASS X11b. ...and prime-session called only the Smart Account program | ok Nk9rQifQ4RP9… Program SMRTzfY6DfH5ik3TKiyLFfXexV8uSG3d2UksSCYdunG invoke [2]
PASS A0. account B created with the same three seats | ok 2bLLPXdfGm69UoVtv2xrUEgfGXGGEnFMXnCBXFszgRVYcVAYPZbBo2GPbFJCkiT339NJc5a5GcZGpwaRCAaLjgQr
PASS A1. account B installs its movers policy (members: each wallet's PDA for account B):a. MetaMask proposes and approves | ok wArEXYrekhk4CExKdRccbjDXLUjU86h4YawTnrobapyF2W4gXZLd62vYUqWtJoUnKe36SGKb9DBcrKVv3mzRp3a
PASS A1. account B installs its movers policy (members: each wallet's PDA for account B):b. Phantom approves and executes | ok 38MmjG4ozsQfeF11cChoxoheMPfx3ZNdowq9Ld4GepECe1TdiTF3M6rPZzF7UzBedMczuixLGBj1jMwaWGwYy3YF
PASS A2. each wallet's PDA differs between account A and account B | ok 58dWPq,9HNq9T,CxMTvv
PASS A3. account A's Phantom grant presented to account B (as Phantom's account-B PDA) | refused: custom program error: 0x7
PASS A4. account A's Phantom PDA calling account B's policy | refused: Error Code: NotASigner
PASS A5. a Phantom grant made for account B works in account B | ok 4wFD9g5ZrLf1Pzr4dEJ5oecYNpkFDzw7ugS84VCYcpDEr6QKEQw8HxsPbcFHtna9N5hHXVZ9zQupNtYVbfCptygD
PASS A5-M0. Phantom session: one move through the Smart Account (compute units recorded) | ok 1jDxF152nRZh1ShaitubuFgQG5WtkSfWSKoNnkYWoNcpnMmvSNPHCNdfQddFvoJYuWVg8t5M6jtsozcvMr8Ek76
METRIC move-sample-0 {"totalCu":56366,"primeSessionCu":56366,"bytes":975,"fee":15000}
PASS A5-M1. Phantom session: one move through the Smart Account (compute units recorded) | ok 4VrHyn76cjKGGKV5Fy9DVfhjf1vLoRmMhTKEst9U6xaKcXWdJssTEBEsnqd72iUbVs2f8zeXaYLhhzGYTsKKesZS
METRIC move-sample-1 {"totalCu":56366,"primeSessionCu":56366,"bytes":975,"fee":15000}
PASS A5-M2. Phantom session: one move through the Smart Account (compute units recorded) | ok 62qghuV8xbBE8kv9NKF1K4kjdoJBcdstn7n8x7X95Hnj1JGrV1Do9T8gya8owuc7jqg1n1Y9ZpNWCjUqVaAw3V3Q
METRIC move-sample-2 {"totalCu":59366,"primeSessionCu":59366,"bytes":975,"fee":15000}
PASS A5-M3. Phantom session: one move through the Smart Account (compute units recorded) | ok 64jRCrHmJBvraSFhSEGYeyw41XrfUed5WqBZ7Nw198Eqy9nqnrS8WmQ3qn4JXspBGWGsKXG5fcBTyaMBGhWezeqZ
METRIC move-sample-3 {"totalCu":56366,"primeSessionCu":56366,"bytes":975,"fee":15000}
PASS A5-M4. Phantom session: one move through the Smart Account (compute units recorded) | ok 3wxFo4bNBNuPvCgxZDnuW8vVbpNoUKr8uUFfLrkvLs8bzudNzdYPE5FYmD27hkPTNR29nREQEHgj6WxgAvoshHNm
METRIC move-sample-4 {"totalCu":53366,"primeSessionCu":53366,"bytes":975,"fee":15000}
PASS A5-M5. Phantom session: one move through the Smart Account (compute units recorded) | ok 2Fv7XzdTe7WzSz417StZeeKNknqYwEhmNfcmGdC2ysiUiPjRzirsQsmrfSrYhdoRZK9UsoTNpr9BtsNVZwFbwLog
METRIC move-sample-5 {"totalCu":53366,"primeSessionCu":53366,"bytes":975,"fee":15000}
PASS A5-M6. Phantom session: one move through the Smart Account (compute units recorded) | ok 5nigpiRbPW3E2hRcpywge8mD2dptdsvBZJYX2LgSjTLcSpecFukGZspqtYFWx42jEN6eqsjyB9q8t71A6AcTBRX8
METRIC move-sample-6 {"totalCu":53366,"primeSessionCu":53366,"bytes":975,"fee":15000}
PASS A5-M7. Phantom session: one move through the Smart Account (compute units recorded) | ok 2cV5pd4WWApvc87p7yfzPDMy7ftmUHCfFJcwNAubDbh8rvXMzyue9xrekWEAGgCmtiwQSV2ETdVRe6MRx5skgJr6
METRIC move-sample-7 {"totalCu":53353,"primeSessionCu":53353,"bytes":974,"fee":15000}
PASS A5-M8. Phantom session: one move through the Smart Account (compute units recorded) | ok 2zRqVM3y6EdLY5vQfcRPz2tEisBDPwJxECUCJF2UqQqUyNiZZqR5T973kweUBBU1ScxStY6VfancXGoP98GkBAsG
METRIC move-sample-8 {"totalCu":54866,"primeSessionCu":54866,"bytes":975,"fee":15000}
PASS A5-M9. Phantom session: one move through the Smart Account (compute units recorded) | ok vxTdHNzdg8dJ8Z2F5jwNmXfWk3dKeBfbXVLPZR3coM5gYmoMdicUsRAFnm5mX3LKHLdoDfZg4svhUtzQPehRx9a
METRIC move-sample-9 {"totalCu":54866,"primeSessionCu":54866,"bytes":975,"fee":15000}
PASS A6. account B's grant presented to account A | refused: custom program error: 0x7
PASS V0a. Phantom session 1 works | ok 2s5n5Q9BpZBW42hLk7ct4NBWJsSJXGfENbZUZSrCXmpZAdRY2wnR4mcYrVrYA4nh4H1P4hXkptTS7rb46TsF4gJQ
PASS V0b. Phantom session 2 works | ok 2sJ7y62gnvYUte3QMbiDkmwiar5HsxSrjfTBr28NvXjLXMNXAzWx2vMyrhN7yhP1YPbLm8ifmya9HLpmiBc6m2fs
PASS V0c. no marker exists for session 1 yet | ok 6s4ujanYjKaq83YUryHtZfhqY61TsUS2u9SSje8qyuwc
PASS V1. Phantom revokes session 1 (one signature, relayed, session key does not sign) | ok 3LxkwpRR1GzN2SRqC3KVcMvGK1S81hqQ1jv7hBKLrn9dEoDh6GzC8tuycBedSCnZ9JGu6M4ZRVxgUyuSQhz6EXiC
METRIC revoke {"totalCu":22229,"primeSessionCu":22229,"bytes":726,"fee":10000}
PASS V1b. the marker is empty, owned by prime-session and rent exempt | ok {"lamports":890880,"dataBytes":0,"owner":"FTNMFWiECbRp7D5MwJUiNQfee6NuJPjE7S11J9yc2B9G"}
PASS V2. the revoked session 1 is refused | refused: custom program error: 0x2
PASS V3. the same wallet's session 2 keeps working | ok 5hG9oapN1V9HHTR4kJw42vMX7BmfZED4FGBeDCGK3nEw1DMcuWXzjm3LUmBREjo9ruhJMuMkQxjBEPsbbU7wPJ6q
PASS V3b. revoking session 1 again is refused | refused: custom program error: 0x2
PASS V4a. MetaMask's session-owner key signs a revoke of Phantom's session 2 (data names Phantom as owner) | refused: custom program error: 0x7
PASS V4b. MetaMask signs a revoke naming Phantom's PDA under its own owner field | refused: custom program error: 0x2
PASS V4c. Phantom session 2 still works | ok rNAWWFMpvpc9KP2jrskJijHaiMwhL1vfpE9fmgvFbhEKRB9kSCy9JhDzYFNEexUoD9C9hZBeLStdpcFJi5iy8xD
PASS V4d. MetaMask revokes the same key under its own PDA (a marker in MetaMask's namespace) | ok 4PpcBgofmpZ4bxHsGjZBgzubu2smBP7x2hSyuweFbPmgKcUe78CmSec8zZAcfFfwFGG6EWSXpCV2FgoJCyuHBbMb
PASS V4e. ...and Phantom's session 2 still works (the marker is per owner) | ok MsV1HPLk2u7Nqm77x5STy5Ksg5fTD9aiC5P95yvKtdih84bRh2o7Xm7Xrdp99aDrM4mZjXE2ytxX8hZz6gnD4bS
PASS V5a. Phantom revokes a key it never granted | ok 2tpZHpWCqTmZT7ByQ9H4AbaqmAUWtzv8uPjJkLgov1tXxKmey9jQsjFz3BrQGK1vDA3SacDaq2H3ZB6i6opdXVHo
PASS V5b. a grant signed for that key afterwards is refused | refused: custom program error: 0x2
PASS V6a. a revoke signed for account A's PDA, sent with account B's settings and B's marker | refused: custom program error: 0x2
PASS V6b. no marker was created in account B | ok 
PASS V6c. session 3 still works in account A | ok 615FUySW9JtEz6znjmDvkfyFN4kNB8JfTQkqjqs1WeyF5m4jTdFj9WrBG83fzTMvg8xKvPudbBNmJKkHEXmeRoXv
PASS V7a. a pre-fund below the rent minimum is refused by the runtime | refused: {"InsufficientFundsForRent":{"account_index":1}}
PASS V7b. a stranger pre-funds the marker address with 0.001 SOL | ok 3wYiZU7inUU9SXRGQiq39Q8knriGZY4UqVjL8gHJkhewZBLT27s9E5igUqQoME4A1BbnmSyVWkc4KJeFzdGNbGe6
PASS V7c. the revoke still works | ok 4rMMLGEkZ85dfqhYL2uTtUZ6WxzYexjFvHh48pUFnVCoznkGaR8qau6Pi1M2aRBVhEkyYUTeiUiJbAE5SNHaSxW5
PASS V7d. the revoked session 4 is refused | refused: custom program error: 0x2
PASS V8a. a move that passes another marker address | refused: custom program error: 0x2
PASS V8b. a move with non-canonical bump 254 (canonical 255) and the canonical PDA account | refused: custom program error: 0x2
PASS V8c. the same session with the canonical bump works | ok 4rwVzRGmduMgNc3qSVDMk57RUArDBgNQSkVqoV17fPQsucs68172ZXAkiZU89tzhvJtAvVKgoJM8FBaoAzbQ43kK
PASS V9. a 72-byte instruction (the old length check) | refused: Program FTNMFWiECbRp7D5MwJUiNQfee6NuJPjE7S11J9yc2B9G invoke [1] Program log: panicked at src/lib.rs:37:110:
index out of bounds: the len is 8 but the index is 8
PASS V9b. a 10-byte instruction | refused: Program FTNMFWiECbRp7D5MwJUiNQfee6NuJPjE7S11J9yc2B9G invoke [1] Program log: panicked at src/lib.rs:35:41:
range end index 32 out of range for slice of length 1
PASS F0. control: the genuine signature instruction in second place, sig_ix 1 | ok 2tP1v1QH4XttmQnPWkUf6tT8XfbDt7cmBeaa1MdNGwx6D8DRAQ7raHNWWNzLQWTHQTBvJJpBjZjvH7iCRqNZnSBU
PASS F1. a key read from another instruction: the attacker's signature over the grant text, the owner's key in the data, key index 0 | refused: custom program error: 0x7
PASS F2. a message read from another instruction: a replayed owner signature stretches the grant by one second, message index 0 (the session key pays the fee: two signature instructions leave no room for a second fee signature) | refused: custom program error: 0x7
PASS F4. a signature instruction from another program (a no-op program) that carries the owner key and the exact grant text with an invalid signature | refused: custom program error: 0x7
PASS F3. a signature read from another instruction (the program also refuses it; the precompile already stops this triple) | refused: custom program error: 0x2
PASS R0. Freighter session works before | ok da1QyKqwyM2dd69zqEx38omTs1encB79rqdokZz1c9TFJSu3jTSVmJtbp4fh8AeXXktbvpCncdqY71rBJdsVpvq
PASS R1. MetaMask + Phantom update the policy: members MetaMask and Phantom PDAs only:a. MetaMask proposes and approves | ok 2WZN8j7v2f4x14fd7HKcbpepSeYWmjBzoSScihv9CNrQRTfK8zQjKH8c4ip695xFpgVw8JohtcM2oRFH8qmJanLh
PASS R1. MetaMask + Phantom update the policy: members MetaMask and Phantom PDAs only:b. Phantom approves and executes | ok 4S7htAF4aoJ29q3skTkBunjXjJy6e6UkkYn46VPWD5qi8eNy8DvBV3yAQ8FLnvS6QPXyC7YoHVozaSfMX1i7btt1
PASS R2. the live Freighter session after removal | refused: Error Code: NotASigner
PASS R3. MetaMask session still works | ok qx3Z4HpURiU8RYzAiDnQgGgGFmS8eVT6iDK4Au2KN7sZbVrrpFEmwzFznPTFY8LvMUNCeRQywyrKe3uaAP2bug2
METRIC relayerSpend {"net":"localnet","spentLamports":4092329680,"vaultFundingLamports":4000000000,"sessionKeysFunded":46,"sessionKeyFundingDevnetLamports":92000000,"devnetEstimateLamports":464329680}
NEAR MPC signatures: 34, average 13.0s
133/133 passed
