('o01', 'create: both lanes may be the same vault', 'killed', 'G13c.', 'stopped at the first failure', '18s')
('o02', 'create: agent lane 0 (where session rules sign) is accepted', 'killed', 'G13.', 'stopped at the first failure', '15s')
('o03', 'create: owners lane 0 is accepted', 'killed', 'G13b.', 'stopped at the first failure', '16s')
('o04', 'create: the destination list need not be whole 32-byte entries', 'SURVIVED', '', '329/329 checks passed', '231s')
('o05', 'create: the signer need not be a signer of the multisig', 'killed', 'G4.', 'stopped at the first failure', '8s')
('o06', 'create: a multisig with m greater than n is accepted', 'killed', 'G9.', 'stopped at the first failure', '13s')
('o07', 'create: the settings account need not be owned by Squads', 'killed', 'G12.', 'stopped at the first failure', '13s')
('o08', 'create: a Prime Account with a settings authority is accepted', 'killed', 'G11.', 'stopped at the first failure', '13s')
('o09', 'votes: the identity need not belong to a token program', 'killed', 'G6.', 'stopped at the first failure', '9s')
('o10', 'votes: a key counts although it did not sign', 'killed', 'G14.', 'stopped at the first failure', '13s')
('o11', 'create: the seed is not part of the gate address', 'killed', 'G1.', 'stopped at the first failure', '8s')
('o12', 'create: the two lane vaults are stored swapped', 'killed', 'G2.', 'stopped at the first failure', '8s')
('o13', 'transfer: the lane need not sign', 'killed', 'T6c.', 'stopped at the first failure', '34s')
('o14', 'transfer: any signer counts as a lane', 'killed', 'T6.', 'stopped at the first failure', '34s')
('o15', 'transfer: the not-after may have passed', 'killed', 'T5.', 'stopped at the first failure', '34s')
('o16', "transfer: the not-after has no upper bound (custody's window)", 'killed', 'T5b.', 'stopped at the first failure', '34s')
('o17', 'transfer: the gate end time is ignored', 'killed', 'E2.', 'stopped at the first failure', '58s')
('o18', 'transfer: the agent lane may pay any destination', 'killed', 'T2.', 'stopped at the first failure', '33s')
('o19', 'transfer: the owners lane may pay any destination', 'killed', 'T13.', 'stopped at the first failure', '36s')
('o20', 'transfer: the agent lane may pay the recovery address', 'killed', 'T3.', 'stopped at the first failure', '32s')
('o21', 'transfer: the agent path accepts a source the cap PDA owns (no limit)', 'killed', 'T8b.', 'stopped at the first failure', '33s')
('o22', 'call: any program may be named as the token program', 'killed', 'A13.', 'stopped at the first failure', '28s')
('o23', 'load: a gate account of another program is accepted', 'killed', 'A14.', 'stopped at the first failure', '28s')
('o24', 'allow: one signer may raise the cap', 'killed', 'A2.', 'stopped at the first failure', '24s')
('o25', 'allow: the same cap counts as a raise', 'killed', 'A5c.', 'stopped at the first failure', '25s')
('o26', "allow: the multisig need not be the gate's", 'killed', 'A10.', 'stopped at the first failure', '28s')
('o27', 'allow: the cap PDA account is not checked', 'killed', 'A9.', 'stopped at the first failure', '27s')
('o28', 'allow: a foreign close authority is accepted', 'killed', 'X2.', 'stopped at the first failure', '37s')
('o29', 'allow: an unset close authority is refused', 'killed', 'H4e.', 'stopped at the first failure', '19s')
('o30', 'release: one signer may release', 'killed', 'R1.', 'stopped at the first failure', '62s')
('o31', "release: the multisig need not be the gate's", 'killed', 'R5.', 'stopped at the first failure', '62s')
('o32', 'release: the owner changes before the close authority', 'killed', 'H4f.', 'stopped at the first failure', '20s')
('o33', 'release: only the owner is handed back', 'killed', 'H4g.', 'stopped at the first failure', '20s')
('o34', 'release: only the close authority is handed back', 'killed', 'H4g.', 'stopped at the first failure', '20s')
('o35', 'transfer: the destination owner is read from the mint field', 'killed', 'A1.', 'stopped at the first failure', '24s')
('o36', 'transfer: the cap PDA signs with another seed (agent path)', 'killed', 'A1.', 'stopped at the first failure', '24s')
('o37', 'create: the Allocate step is dropped', 'killed', 'G1.', 'stopped at the first failure', '8s')
('o38', 'allow: the gate approves its own address as the delegate (the cap PDA is not used)', 'killed', 'A3b.', 'stopped at the first failure', '24s')
('o39', 'transfer: the owners lane signs as the cap PDA (bounded by the cap)', 'killed', 'A7d.', 'stopped at the first failure', '26s')
('o40', 'transfer: the owners lane is stopped by the end time', 'killed', 'E3.', 'stopped at the first failure', '56s')
('t01', 'thr: the threshold is not needed to change the cap', 'killed', 'A2.', 'stopped at the first failure', '24s')
('t02', "thr: the multisig need not be the gate's on allow", 'killed', 'A10.', 'stopped at the first failure', '27s')
