extension id bpekalmkpanmhghgokemopeomefdinlg
[popup] Freighter Wallet Create new wallet I already have a wallet
bridge ready
[popup] Freighter Wallet Create new wallet I already have a wallet
[popup] Freighter Wallet Create new wallet I already have a wallet
[popup] Freighter Wallet Create new wallet I already have a wallet
[popup] Freighter Wallet Create new wallet I already have a wallet
[popup] Freighter Wallet Create new wallet I already have a wallet
[popup] Freighter Wallet Create new wallet I already have a wallet
[popup] unlocked
[popup] Freighter Wallet Create new wallet I already have a wallet
[popup] Freighter Wallet Create new wallet I already have a wallet
[popup] Freighter Wallet Create new wallet I already have a wallet
[popup] 127.0.0.1 Connection Request Allow 127.0.0.1 to view your wallet address, balance, activity and request approval for transactions Wallet GBXP…2OD2 Network Test Net Only confirm if you trust this site Cancel Connect
[popup] connect 127.0.0.1 Connection Request Allow 127.0.0.1 to view your wallet address, balance, activity and request approval for transactions Wallet GBXP…2OD2 Network Test Net Only confirm if you trust this site 
node:internal/process/promises:324
    triggerUncaughtException(err, true /* fromPromise */);
    ^

page.waitForTimeout: Target page, context or browser has been closed
    at _BrowserContext.<anonymous> (/home/ubuntu/work/freighter-ext/explore-auth.mjs:62:13) {
  log: []
}

Node.js v26.4.0
