   Compiling prime-session v0.1.0 (/home/ubuntu/work/prime-session)
error: environment variable `PRIME_CLUSTER` not defined at compile time
  --> src/lib.rs:29:23
   |
29 | const CLUSTER: &str = env!("PRIME_CLUSTER");
   |                       ^^^^^^^^^^^^^^^^^^^^^
   |
   = help: use `std::env::var("PRIME_CLUSTER")` to read the variable at run time

warning: unexpected `cfg` condition value: `custom-heap`
  --> src/lib.rs:25:1
   |
25 | entrypoint!(process);
   | ^^^^^^^^^^^^^^^^^^^^
   |
   = note: no expected values for `feature`
   = note: using a cfg inside a macro will use the cfgs from the destination crate and not the ones from the defining crate
   = help: try referring to `$crate::custom_heap_default` crate for guidance on how handle this unexpected cfg
   = help: the macro `$crate::custom_heap_default` may come from an old version of the `solana_program_entrypoint` crate, try updating your dependency with `cargo update -p solana_program_entrypoint`
   = note: see <https://doc.rust-lang.org/nightly/rustc/check-cfg/cargo-specifics.html> for more information about checking conditional configuration
   = note: `#[warn(unexpected_cfgs)]` on by default
   = note: this warning originates in the macro `$crate::custom_heap_default` which comes from the expansion of the macro `entrypoint` (in Nightly builds, run with -Z macro-backtrace for more info)

warning: unexpected `cfg` condition value: `custom-panic`
  --> src/lib.rs:25:1
   |
25 | entrypoint!(process);
   | ^^^^^^^^^^^^^^^^^^^^
   |
   = note: no expected values for `feature`
   = note: using a cfg inside a macro will use the cfgs from the destination crate and not the ones from the defining crate
   = help: try referring to `$crate::custom_panic_default` crate for guidance on how handle this unexpected cfg
   = help: the macro `$crate::custom_panic_default` may come from an old version of the `solana_program_entrypoint` crate, try updating your dependency with `cargo update -p solana_program_entrypoint`
   = note: see <https://doc.rust-lang.org/nightly/rustc/check-cfg/cargo-specifics.html> for more information about checking conditional configuration
   = note: this warning originates in the macro `$crate::custom_panic_default` which comes from the expansion of the macro `entrypoint` (in Nightly builds, run with -Z macro-backtrace for more info)

warning: `prime-session` (lib) generated 2 warnings
error: could not compile `prime-session` (lib) due to 1 previous error; 2 warnings emitted
exit 1
