info: uninstalling toolchain 1.95.0-sbpf-solana-v1.57
info: toolchain 1.95.0-sbpf-solana-v1.57 uninstalled
warning: /tmp/psw-swig-build/state/Cargo.toml: Found `feature = ...` in `target.'cfg(...)'.dependencies`. This key is not supported for selecting dependencies and will not work as expected. Use the [features] section instead: https://doc.rust-lang.org/cargo/reference/features.html
   Compiling proc-macro2 v1.0.106
   Compiling quote v1.0.45
   Compiling unicode-ident v1.0.18
   Compiling serde_core v1.0.229
   Compiling serde v1.0.229
   Compiling typenum v1.18.0
   Compiling version_check v0.9.5
   Compiling crunchy v0.2.3
   Compiling hashbrown v0.17.1
   Compiling generic-array v0.14.7
   Compiling equivalent v1.0.2
   Compiling syn v1.0.109
   Compiling anyhow v1.0.102
   Compiling winnow v0.7.6
   Compiling libc v0.2.189
   Compiling five8_core v0.1.2
   Compiling five8_const v0.1.4
   Compiling indexmap v2.14.2
   Compiling subtle v2.6.1
   Compiling syn v3.0.5
   Compiling syn v2.0.117
   Compiling digest v0.9.0
   Compiling zmij v1.0.21
   Compiling libsecp256k1-core v0.3.0
   Compiling serde_json v1.0.151
   Compiling sha2-const-stable v0.1.0
   Compiling pinocchio v0.9.0
   Compiling proc-macro2 v0.4.30
   Compiling libsecp256k1-gen-genmult v0.3.0
   Compiling libsecp256k1-gen-ecmult v0.3.0
   Compiling pinocchio-pubkey v0.3.0
   Compiling itoa v1.0.15
   Compiling unicode-xid v0.1.0
   Compiling unicode-segmentation v1.12.0
   Compiling memchr v2.7.4
   Compiling dirs-sys v0.3.7
   Compiling pinocchio-system v0.3.0
   Compiling dirs v4.0.0
   Compiling shellexpand v2.1.2
   Compiling heck v0.3.3
   Compiling libsecp256k1 v0.7.2
   Compiling syn v0.15.44
   Compiling rand_core v0.6.4
   Compiling rustversion v1.0.20
   Compiling rand v0.8.5
   Compiling quote v0.6.13
   Compiling serde_derive v1.0.229
   Compiling base64 v0.22.1
   Compiling arrayref v0.3.9
   Compiling pinocchio v0.8.1
   Compiling pinocchio-pubkey v0.2.4
   Compiling swig-assertions v3.0.0 (/tmp/psw-swig-build/assertions)
   Compiling murmur3 v0.5.2
   Compiling bs58 v0.5.1
   Compiling pinocchio-token v0.3.0
   Compiling swig-compact-instructions v3.0.0 (/tmp/psw-swig-build/instructions)
   Compiling static_assertions v1.1.0
   Compiling solana-security-txt v1.1.1
   Compiling no-padding v3.0.0 (/tmp/psw-swig-build/no-padding)
   Compiling bytemuck_derive v1.10.2
   Compiling default-env v0.1.1
   Compiling swig-state v3.0.0 (/tmp/psw-swig-build/state)
   Compiling bytemuck v1.25.0
   Compiling toml_datetime v0.6.8
   Compiling serde_spanned v0.6.9
   Compiling shank_macro_impl v0.4.2 (https://github.com/anagrambuild/shank.git#d4f046b2)
warning: unused import: `no_padding::NoPadding`
 --> state/src/action/program_all.rs:7:5
  |
7 | use no_padding::NoPadding;
  |     ^^^^^^^^^^^^^^^^^^^^^
  |
  = note: `#[warn(unused_imports)]` on by default

warning: unexpected `cfg` condition value: `client`
 --> state/src/authority/ed25519.rs:9:7
  |
9 | #[cfg(feature = "client")]
  |       ^^^^^^^^^^^^^^^^^^ help: remove the condition
  |
  = note: no expected values for `feature`
  = help: consider adding `client` as a feature in `Cargo.toml`
  = note: see <https://doc.rust-lang.org/nightly/rustc/check-cfg/cargo-specifics.html> for more information about checking conditional configuration
  = note: `#[warn(unexpected_cfgs)]` on by default

   Compiling toml_edit v0.22.24
   Compiling shank_render v0.4.2 (https://github.com/anagrambuild/shank.git#d4f046b2)
warning: function `generate_client_data_json` is never used
   --> state/src/authority/secp256r1.rs:669:4
    |
669 | fn generate_client_data_json(
    |    ^^^^^^^^^^^^^^^^^^^^^^^^^
    |
    = note: `#[warn(dead_code)]` on by default

   Compiling shank_macro v0.4.2 (https://github.com/anagrambuild/shank.git#d4f046b2)
   Compiling shank v0.4.2 (https://github.com/anagrambuild/shank.git#d4f046b2)
warning: `swig-state` (lib) generated 3 warnings (run `cargo fix --lib -p swig-state` to apply 1 suggestion)
   Compiling toml v0.8.20
   Compiling proc-macro-crate v3.3.0
   Compiling cargo_toml v0.17.2
   Compiling num_enum_derive v0.7.6
   Compiling num_enum v0.7.6
   Compiling shank_idl v0.4.2 (https://github.com/anagrambuild/shank.git#d4f046b2)
   Compiling swig v3.0.0 (/tmp/psw-swig-build/program)
warning: swig@3.0.0: IDL written to: /tmp/psw-swig-build/program/idl.json
warning: use of deprecated macro `lazy_entrypoint`: Use the `lazy_program_entrypoint!` macro instead
  --> program/src/lib.rs:54:1
   |
54 | lazy_entrypoint!(process_instruction);
   | ^^^^^^^^^^^^^^^
   |
   = note: `#[warn(deprecated)]` on by default

warning: unused doc comment
  --> program/src/lib.rs:37:1
   |
37 | /// Program ID for the Swig wallet program
   | ^^^^^^^^^^^^^^^^^^^^^^^^^^^^^^^^^^^^^^^^^^ rustdoc does not generate documentation for macro invocations
   |
   = help: to document an item produced by a macro, the macro must produce the documentation as part of its expansion
   = note: `#[warn(unused_doc_comments)]` on by default

warning: use of deprecated macro `pinocchio::lazy_entrypoint`: Use the `lazy_program_entrypoint!` macro instead
  --> program/src/lib.rs:19:16
   |
19 | use pinocchio::lazy_entrypoint;
   |                ^^^^^^^^^^^^^^^

warning: use of deprecated method `pinocchio::account_info::AccountInfo::realloc`: Use AccountInfo::resize() instead
   --> program/src/actions/add_authority_v1.rs:244:23
    |
244 |     ctx.accounts.swig.realloc(account_size, false)?;
    |                       ^^^^^^^

warning: use of deprecated method `pinocchio::account_info::AccountInfo::realloc`: Use AccountInfo::resize() instead
   --> program/src/actions/remove_authority_v1.rs:243:23
    |
243 |     ctx.accounts.swig.realloc(new_size, false)?;
    |                       ^^^^^^^

warning: use of deprecated method `pinocchio::account_info::AccountInfo::realloc`: Use AccountInfo::resize() instead
   --> program/src/actions/update_authority_v1.rs:528:22
    |
528 |         swig_account.realloc(aligned_size, false)?;
    |                      ^^^^^^^

warning: use of deprecated method `pinocchio::account_info::AccountInfo::realloc`: Use AccountInfo::resize() instead
   --> program/src/actions/update_authority_v1.rs:886:27
    |
886 |         ctx.accounts.swig.realloc(aligned_size, false)?;
    |                           ^^^^^^^

warning: value assigned to `segment_count` is never read
   --> program/src/util/mod.rs:292:13
    |
292 |     let mut segment_count = 0;
    |             ^^^^^^^^^^^^^
    |
    = help: maybe it is overwritten before being read?
    = note: `#[warn(unused_assignments)]` on by default

warning: `swig` (lib) generated 8 warnings
    Finished `release` profile [optimized] target(s) in 1m 04s
