
== mainnet
Server responded with 429 Too Many Requests.  Retrying after 500ms delay...
Server responded with 429 Too Many Requests.  Retrying after 1000ms delay...
Server responded with 429 Too Many Requests.  Retrying after 2000ms delay...
Server responded with 429 Too Many Requests.  Retrying after 4000ms delay...
Swig swigypWHEksbC64pWKwah1WTeh9JXwx8H1rJHLdbQMB: programdata Bb6gN8CtkMXf7cfXKnWysmdBg5B8EZfP5kus5TsyH5Es, last deployed slot 452757218 (?), upgrade authority 8o2ZThbZ5Bky4RcPVBYjyWuzVtqfwfqPMbsboTkFf3aQ, data 296888 B (ELF 283561 B), sha256(ELF) 4473731acf5bfb3bff854181c3a9e7d255abd4b77ec8dc94d63254978d88d6f6
  authority account: owner 11111111111111111111111111111111, data 0 B, 1.339576866 SOL
  authority is the vault of Squads v4 multisig B8pnb8oLAwJoxL2z1DGLV4qrgpX8SGVsygd21Zbfda21: threshold 3 of 4, time lock 0 s, config authority 11111111111111111111111111111111, vault 0 matches: true
  members: 8MjgP7L5kHfv52s15ekpewSJiCkismhwYLFJmuFjh6CP 9TpUstQHa2XrWyzZ3bqDGUew8LJxj5xha3YnBAshxr7U Gsv13oph2i6nkJvNkVfuzkcbHWchz6viUtEg2vsxQMtM HAm5d1PrGvwEc6NxSHoqLbGDYyYPJMt7FqdcczxycWtG
  ProgramData account activity: 51 newest signatures (oldest 2025-07-01T17:11:11Z), 38 succeeded, 13 failed; newest 452757218@2026-10-02T23:24:43Z, 452020847@2026-09-30T16:39:16Z, 451394126@2026-09-28T18:04:07Z, 451362735@2026-09-28T15:43:43Z, 451172440@2026-09-28T01:33:45Z, 451169633@2026-09-28T01:21:08Z(failed)
Server responded with 429 Too Many Requests.  Retrying after 500ms delay...
Server responded with 429 Too Many Requests.  Retrying after 1000ms delay...
Server responded with 429 Too Many Requests.  Retrying after 2000ms delay...
Server responded with 429 Too Many Requests.  Retrying after 4000ms delay...
Squads Smart Account SMRTzfY6DfH5ik3TKiyLFfXexV8uSG3d2UksSCYdunG: programdata 2g3u9qgz4adKQVN1TUoh7bbBKqaSsjXtz1yX2ptagW5T, last deployed slot 443245754 (2026-08-31T20:47:26Z), upgrade authority HT3JknwuufXdtVJggz5Z9JcnYtanPpLzTCqLWsVX1Vu2, data 1651997 B (ELF 1648665 B), sha256(ELF) 1cacfe2080faabf33a02ea285b6f8c8182358d3c6e40e3e7375ad0d7baa58cd4
  authority account: owner 11111111111111111111111111111111, data 0 B, 0.101 SOL
  authority is the vault of Squads v4 multisig DtgsedPQi8DdsgGLZiFii3ShwhrQN8v14EYsWAjmroxC: threshold 3 of 5, time lock 0 s, config authority 11111111111111111111111111111111, vault 0 matches: true
  members: ZsGaxkUnULynp4jX5AkYfQGtvacoKf9Axcdowc7s3cA 2upe9wp1abdTKru9Sw5of9oVaGmBvNQdKgues9sdW63F 3c6RvAmMSmxBtQc3rbtTeaKJ3oQb6BqWMiywZniLhnUR 861KMpuzefScwANqbZDS6YEV9dqKuRgYBQdjFDJqhDyK JEFEL2pZRWbXSLbuQ4VGtXbJKbqzWYvLrXrUQdyGp4LJ
  ProgramData account activity: 17 newest signatures (oldest 2025-02-16T22:50:10Z), 15 succeeded, 2 failed; newest 443245754@2026-08-31T20:47:26Z, 443240447@2026-08-31T20:19:24Z, 389262428@2025-12-26T09:48:30Z(failed), 388283254@2025-12-21T23:01:39Z(failed), 383815455@2025-12-01T19:00:40Z, 382988841@2025-11-28T01:53:31Z

== devnet
Swig swigypWHEksbC64pWKwah1WTeh9JXwx8H1rJHLdbQMB: programdata Bb6gN8CtkMXf7cfXKnWysmdBg5B8EZfP5kus5TsyH5Es, last deployed slot 505972544 (2026-09-30T16:57:26Z), upgrade authority 8MjgP7L5kHfv52s15ekpewSJiCkismhwYLFJmuFjh6CP, data 392704 B (ELF 280937 B), sha256(ELF) 38be37550a05db545c8029cad7d5c25a393576affb05ecd8b94834d72da891b3
  authority account: owner 11111111111111111111111111111111, data 0 B, 37.881091909 SOL
Server responded with 429 Too Many Requests.  Retrying after 500ms delay...
Server responded with 429 Too Many Requests.  Retrying after 1000ms delay...
Server responded with 429 Too Many Requests.  Retrying after 2000ms delay...
Server responded with 429 Too Many Requests.  Retrying after 4000ms delay...
  authority is not a Squads v4 vault in the 12 newest upgrade-history transactions (a plain key or another program)
  ProgramData account activity: 26 newest signatures (oldest 2025-07-01T17:06:40Z), 26 succeeded, 0 failed; newest 505972544@2026-09-30T16:57:26Z, 504179862@2026-09-25T21:53:03Z, 495820019@2026-09-09T21:25:25Z, 480963084@2026-08-03T17:20:23Z, 480962576@2026-08-03T17:17:16Z, 479582798@2026-07-28T20:47:33Z
Squads Smart Account SMRTzfY6DfH5ik3TKiyLFfXexV8uSG3d2UksSCYdunG: programdata 2g3u9qgz4adKQVN1TUoh7bbBKqaSsjXtz1yX2ptagW5T, last deployed slot 425429201 (2025-12-02T01:54:50Z), upgrade authority J496LGUhsKvBE6yRvet4FtMgxxox82fMiDKb3qtScUh2, data 1714227 B (ELF 1641641 B), sha256(ELF) e88ffe8d6f0a69bf94efbfd57404f54c713bf2ba744f438c9e096efe7b420ebd
  authority account: owner 11111111111111111111111111111111, data 0 B, 12.258282305 SOL
Server responded with 429 Too Many Requests.  Retrying after 500ms delay...
Server responded with 429 Too Many Requests.  Retrying after 1000ms delay...
Server responded with 429 Too Many Requests.  Retrying after 500ms delay...
Server responded with 429 Too Many Requests.  Retrying after 1000ms delay...
Server responded with 429 Too Many Requests.  Retrying after 2000ms delay...
Server responded with 429 Too Many Requests.  Retrying after 500ms delay...
Server responded with 429 Too Many Requests.  Retrying after 1000ms delay...
Server responded with 429 Too Many Requests.  Retrying after 2000ms delay...
  authority is not a Squads v4 vault in the 12 newest upgrade-history transactions (a plain key or another program)
  ProgramData account activity: 11 newest signatures (oldest 2025-02-03T23:28:13Z), 11 succeeded, 0 failed; newest 425429201@2025-12-02T01:54:50Z, 425429067@2025-12-02T01:53:59Z, 386116877@2025-06-07T18:46:36Z, 386104400@2025-06-07T17:25:17Z, 360663256@2025-02-12T22:27:44Z, 360656596@2025-02-12T21:45:27Z

verify.osec.io swigypWHEksbC64pWKwah1WTeh9JXwx8H1rJHLdbQMB: {"is_verified":false,"message":"On chain program not verified","on_chain_hash":"4473731acf5bfb3bff854181c3a9e7d255abd4b77ec8dc94d63254978d88d6f6","executable_hash":"","repo_url":"https://github.com/anagrambuild/swig-wallet/tree/8f1f1e4b91f89381dcf84e852ea99faad3369435","commit":"8f1f1e4b91f89381dcf84e852ea99faad3369435","last_verified_at":null,"is_frozen":false,"is_closed":false}

verify.osec.io SMRTzfY6DfH5ik3TKiyLFfXexV8uSG3d2UksSCYdunG: {"is_verified":false,"message":"On chain program not verified","on_chain_hash":"","executable_hash":"","repo_url":"","commit":"","last_verified_at":null,"is_frozen":false,"is_closed":false}
