29 successful transactions among the newest 40
2026-10-02T23:24:43.000Z slot 452757218 upgrade
2026-09-30T16:39:16.000Z slot 452020847 upgrade
2026-09-28T18:04:07.000Z slot 451394126 upgrade
2026-09-28T15:43:43.000Z slot 451362735 upgrade
2026-09-28T01:33:45.000Z slot 451172440 upgrade
2026-09-28T01:18:48.000Z slot 451169113 extendProgram
2026-09-28T01:18:32.000Z slot 451169055 extendProgram
2026-09-28T01:17:42.000Z slot 451168867 extendProgram
2026-09-28T00:08:34.000Z slot 451153514 upgrade
2026-09-10T00:29:03.000Z slot 445747246 upgrade
2026-08-13T22:33:58.000Z slot 439105367 upgrade
2026-08-13T22:33:51.000Z slot 439105350 setAuthority
2026-08-13T22:33:36.000Z slot 439105315 extendProgram
2026-08-13T22:33:04.000Z slot 439105234 setAuthority
2026-07-28T21:06:36.000Z slot 435816486 upgrade
2026-07-16T16:47:22.000Z slot 433310338 upgrade
2026-07-14T22:53:02.000Z slot 432944484 upgrade
2026-05-28T16:02:12.000Z slot 422752618 upgrade
2026-03-30T22:14:27.000Z slot 409959191 upgrade
2026-01-06T17:12:57.000Z slot 391739728 upgrade
2025-12-23T22:36:33.000Z slot 388719624 upgrade
2025-12-19T16:07:02.000Z slot 387778340 upgrade
2025-12-10T21:52:30.000Z slot 385838162 upgrade
2025-11-24T21:19:14.000Z slot 382281186 upgrade
2025-11-13T15:58:32.000Z slot 379839168 upgrade
2025-10-07T16:43:14.000Z slot 371827956 upgrade
2025-10-01T16:46:20.000Z slot 370517675 upgrade
2025-08-13T15:54:33.000Z slot 359811322 upgrade
2025-08-13T04:51:48.000Z slot 359710383 upgrade
{"upgrade":23,"extendProgram":4,"setAuthority":2}
