{
  MetaMask: "F1cHwv19DfiWG9Bcr1Bn5LtukwGM1RfFrqtJuqaD5Uvu",
  Freighter: "BU4B8vczr3Xqzo1sq5fTUE9HG9VxvXcbUKv4Yv4q9AuU",
  Phantom: "G5H71U2pASYLeei9MYvWVmCZzjHp2VscWTjpdLYa6LT4",
  sessionMetaMask: "F1cHwv19DfiWG9Bcr1Bn5LtukwGM1RfFrqtJuqaD5Uvu",
  sessionFreighter: "GgnRgm9eVt6TNUNQUm13Nr9Zo7Mkv2Lvdm7nma6uzLZj",
  program: "FTNMFWiECbRp7D5MwJUiNQfee6NuJPjE7S11J9yc2B9G",
  programB: "J38gUL2YFo91GDBnDXwVDaGpk6XWSJUhs7RuditRdiVo",
  net: "localnet",
}
PASS P0. seats are exactly MetaMask(own key), Freighter(NEAR MPC), Phantom(own key); threshold 2; vault funded | ok 2WtbH14EbevHBKLys1HbHW6HZUjFVAoQFrgts3DWeDWV1jqKd7qZWT2iqAiqLMXLK5idhwihV1cYd2nRg7Gcc5Bj
PASS K1-MetaMask. MetaMask alone:a. MetaMask proposes and approves | ok HAwjHo48afWQzepexQYydfKrTexvtzBESQGZ9pXZvLfZQS4NXjTHFvHK18J92wQyEK2MKofxjgViMNgwZVoL1HA
PASS K1-MetaMask. MetaMask alone:b. MetaMask executes with only its own approval | refused: Error Code: InvalidProposalStatus
PASS K1-Freighter. Freighter alone:a. Freighter proposes and approves | ok 4VdotHwH4XcbCjVcwRz5JxtFjLCLKxkNpqvohDRnrttyra8RmpczTfxyM6P1yv2VQdaKZE1EvdBGHEMG1dRSRPaj
PASS K1-Freighter. Freighter alone:b. Freighter executes with only its own approval | refused: Error Code: InvalidProposalStatus
PASS K1-Phantom. Phantom alone:a. Phantom proposes and approves | ok 4Xs9VPZbKY3NBzNa1j989Yk53neps4XayxmrH8HTZwTtwhU4nnrxPmqAhrdo4dd6qAjT7z7WRUEPRnna6WPRGztd
PASS K1-Phantom. Phantom alone:b. Phantom executes with only its own approval | refused: Error Code: InvalidProposalStatus
PASS K2. MetaMask + Freighter:a. MetaMask proposes and approves | ok 2vrv8ReNhPPTtP6J41YMdQ6zES99RNCZComfrpSX7u4kZgXeHm4nmauLDWtUR22PtNhyfrRQWHDhGGKiSMwPp5oD
METRIC seat-propose-K2-MetaMask {"totalCu":64628,"bytes":631,"fee":10647}
PASS K2. MetaMask + Freighter:b. Freighter approves and executes | ok 2x52AEsDvjuL5EHSNr3XZqt8JQ7NcZ3e4PZKtZvFesvKMUjjAsmF2mLYzANviYtyt68MkBYJoUBBiBKsPiNpSueY
METRIC seat-exec-K2-Freighter {"totalCu":51366,"bytes":490,"fee":10000}
PASS K3. Freighter + Phantom:a. Freighter proposes and approves | ok 9bATcZtsvDxymFyvuEZiAqHyzFmapUccy7TsG3f18mWLS1jmLVbno79RNpnnxkxXAqriRGSNS2QfJ8T4KEjBJiE
METRIC seat-propose-K3-Freighter {"totalCu":63014,"bytes":579,"fee":10000}
PASS K3. Freighter + Phantom:b. Phantom approves and executes | ok 5rcFx7NzrwXfjeAGE8qfCJC5Gp4h2GmYWACxhsP1FS8hupurZuEPjSwhRNbuuBadP6p2DEmhrz98qwNjqNmiHiBu
METRIC seat-exec-K3-Phantom {"totalCu":52819,"bytes":490,"fee":10000}
PASS K4. Phantom + MetaMask:a. Phantom proposes and approves | ok 52omZeU2DTJgDArxdUsEUjxnKCeYLMVG2aQcbR2dTKoU1y5gRMMyTCpyNxKDMyekwXLo5Lyie4mLA2nx3G86PiD
METRIC seat-propose-K4-Phantom {"totalCu":60020,"bytes":579,"fee":10000}
PASS K4. Phantom + MetaMask:b. MetaMask approves and executes | ok 3EjE9T6Eky7GngfvnoAZWmFtckYXRqPFe9PzZ1AXMaiYMTGaA7c8t5Zb5Lrbj1fexpSHXGqRbjoyD5QfL6jvSGMr
METRIC seat-exec-K4-MetaMask {"totalCu":50042,"bytes":542,"fee":10501}
PASS K5. DEST received exactly 0.03 SOL | ok 0.03
PASS K6. MetaMask alone (open proposal):a. MetaMask proposes and approves | ok 3vpjGzCkU14oBcAGjysm94tLD4UQhGetKq3rjUZnAD1qH7CgNacFo93gHh3ZUB5ypxzWFFatVxeSD1RTtZP1Gwg9
PASS K6. MetaMask alone (open proposal):b. MetaMask executes with only its own approval | refused: Error Code: InvalidProposalStatus
PASS K6c. an outsider approves it | refused: Error Code: NotASigner
PASS K6d. Freighter's seat signed by MetaMask's MPC key | refused: Transaction did not pass signature verification
PASS K6e. Freighter's seat signed by its MPC key under another path | refused: Transaction did not pass signature verification
PASS K6f-Freighter. Freighter's seat vote signed by its session-path key | refused: Transaction did not pass signature verification
PASS K6g-Freighter. Freighter's session-path key approves as itself | refused: Error Code: NotASigner
PASS NS1. MetaMask's grant signature filed as its seat vote (transaction signature) | refused: Transaction did not pass signature verification
PASS NS2. a seat vote's own transaction message sent through signMessage, the signature filed as the vote | refused: Transaction did not pass signature verification
PASS NS3. the bytes MetaMask signs for a message differ from a transaction message (invalid UTF-8 or NUL bytes change them), so no signMessage signature can verify as a transaction signature | ok message 266 bytes, signed form 414
PASS NS4. a grant text is not a Solana transaction message | ok parse refused
PASS K7. install the movers policy (members: the three session PDAs):a. MetaMask proposes and approves | ok EjJvc7g3iSsrYf4tE8VwqkczDCxRRFHwrnVZd1NhwfY9Wmtn8m1ELCW82gzfUjNgW67xw2Y251VqoGksM5YtP7o
PASS K7. install the movers policy (members: the three session PDAs):b. Phantom approves and executes | ok 4P5yiyTBXWKFHsNRVx9ypsHrRg8E5hWGLWJ1PVWZiwrqFfggGRor5K5i7uiBwGcetzGfLDPWXcHh4Lofhf6Zx7z7
PASS N0. MetaMask alone (open proposal):a. MetaMask proposes and approves | ok k9gKdQy2dxtA3C6KrtP7LAyZKEqC8aMzEbQqxqe6hVDPM13PaAPw9mN59ZCYDExLRnCB2t7Vb3RK8TntLFsAxWm
PASS N0. MetaMask alone (open proposal):b. MetaMask executes with only its own approval | refused: Error Code: InvalidProposalStatus
PASS N1. Phantom session approves that proposal as its PDA | refused: Error Code: NotASigner
PASS N2. Phantom session key approves it as itself | refused: Error Code: NotASigner
PASS N3. Phantom session proposes a vault transaction as its PDA | refused: Error Code: NotASigner
PASS N4. Phantom session adds its key as a seat (settings sync, as its PDA) | refused: Error Code: InvalidSignerCount
PASS N5. Phantom session calls a program other than the Smart Account (System transfer from its PDA) | refused: Program FTNMFWiECbRp7D5MwJUiNQfee6NuJPjE7S11J9yc2B9G invoke [1] Unknown program SMRTzfY6DfH5ik3TKiyLFfXexV8uSG3d2UksSCYdunG Program FTNMFWiECbRp7D5MwJUiNQfee6Nu
PASS G-MetaMask1. one MetaMask signature -> session; relayer pays: 0.01 SOL to VENUE | ok 37nobAK4RPHVN7hzXoitEbfNCAqDc7N1Ee6jRL5ctGs99BZFnSEihV7NDhovQds7JY2JvcyHDtiAwxkRUs5jcRA1
METRIC move-MetaMask-relayed {"totalCu":56384,"primeSessionCu":56384,"bytes":975,"fee":15000}
PASS G-MetaMask2. relayer down: session key pays the fee itself: 0.005 SOL to VENUE | ok 5MzfwP3QZAgRdMbpP5RvJ4VjUg2uHr32VnjoUcSfMAodXDeR7dnJYyBDtDFufJsgKu1W8jNvYRQBVMYcpHpkgjV
PASS G-MetaMask3. VENUE received exactly 0.015 SOL | ok 0.015
PASS G-MetaMask4. relayer down and the session key has no SOL | refused: Attempt to debit an account but found no record of a prior credit
PASS G-MetaMask5. same session: 0.01 SOL elsewhere (policy) | refused: Error Code: ProgramInteractionAccountConstraintViolated
PASS G-MetaMask6. same session: 0.06 SOL to VENUE (over the 0.05 per-move limit) | refused: Error Code: ProgramInteractionInvalidNumericValue
PASS G-MetaMask7. stretched valid-until | refused: custom program error: 0x7
PASS G-MetaMask8. someone else replays the grant with their own key | refused: custom program error: 0x7
PASS G-Freighter1. one Freighter signature (through NEAR) -> session; relayer pays: 0.01 SOL to VENUE | ok eEZkY64K7WWddv4v8PJLydLZFAChZvmLAN8UfxyTeTJjhaxP2UnKJWYnWMFUHRToZEgS6vED2qRNg27VRzVmWS5
METRIC move-Freighter-relayed {"totalCu":56385,"primeSessionCu":56385,"bytes":975,"fee":15000}
PASS G-Freighter2. relayer down: session key pays the fee itself: 0.005 SOL to VENUE | ok 3UkY65p4SdyQtorznWkcHTrWym83BSXrfHeGYg5EiP6wsT6bUMAcpAKaLwUVrjLPgtieK5R3tJkBE99mk8MkYYLV
PASS G-Freighter3. VENUE received exactly 0.015 SOL | ok 0.015
PASS G-Freighter4. relayer down and the session key has no SOL | refused: Attempt to debit an account but found no record of a prior credit
PASS G-Freighter5. same session: 0.01 SOL elsewhere (policy) | refused: Error Code: ProgramInteractionAccountConstraintViolated
PASS G-Freighter6. same session: 0.06 SOL to VENUE (over the 0.05 per-move limit) | refused: Error Code: ProgramInteractionInvalidNumericValue
PASS G-Freighter7. stretched valid-until | refused: custom program error: 0x7
PASS G-Freighter8. someone else replays the grant with their own key | refused: custom program error: 0x7
PASS G-Phantom1. one Phantom signature -> session; relayer pays: 0.01 SOL to VENUE | ok 2iPrC5bpjA5xeZEwoUcb1jhdaiwvQiWNnhe3YnttEs2MciKzUMAdhSktQHpheyaZwpBffP7atouwyXxkK6Ydv42t
METRIC move-Phantom-relayed {"totalCu":53353,"primeSessionCu":53353,"bytes":975,"fee":15000}
PASS G-Phantom2. relayer down: session key pays the fee itself: 0.005 SOL to VENUE | ok 5F6dj6MZbZmxTje28aDM8m7J18ff8uRHygZw8h3AVMu8vodVuWLEafsb7xT6v8GY8gZWZsvSCdzgLJ8Mqmrr9T7H
PASS G-Phantom3. VENUE received exactly 0.015 SOL | ok 0.015
PASS G-Phantom4. relayer down and the session key has no SOL | refused: Attempt to debit an account but found no record of a prior credit
PASS G-Phantom5. same session: 0.01 SOL elsewhere (policy) | refused: Error Code: ProgramInteractionAccountConstraintViolated
PASS G-Phantom6. same session: 0.06 SOL to VENUE (over the 0.05 per-move limit) | refused: Error Code: ProgramInteractionInvalidNumericValue
PASS G-Phantom7. stretched valid-until | refused: custom program error: 0x7
PASS G-Phantom8. someone else replays the grant with their own key | refused: custom program error: 0x7
PASS G9. grant longer than 7 days | refused: custom program error: 0x4
PASS G10. expired grant | refused: custom program error: 0x4
PASS G11. MetaMask grant with the ed25519 program instruction missing | refused: custom program error: 0x7
PASS G12. ed25519 instruction reading its public key from another instruction | refused: custom program error: 0x0
PASS G13. daily cap shared by all: 0.045 used + 0.05 = 0.095 <= 0.1 | ok 5Xohd3E7oXudAC36pSRtP9RJWMFH47L3ktf4Vw9Rewn3qtQx4xG1iafipuzMtJHC4nu8beNmyWJBRRx27vyaLABw
PASS G13b. + 0.01 = 0.105 > 0.1 | refused: Error Code: ProgramInteractionInsufficientLamportAllowance
PASS X1. Freighter's PDA with a grant signed by MetaMask (own key) | refused: custom program error: 0x7
PASS X2. Phantom's PDA with a grant signed by Freighter (NEAR) | refused: custom program error: 0x7
PASS X3. MetaMask's PDA with a grant signed by Phantom | refused: custom program error: 0x7
PASS X4. Freighter's PDA with its MPC key under another path | refused: custom program error: 0x7
PASS X4b. Freighter's session PDA with a grant signed by its seat key (prime:solana) | refused: custom program error: 0x7
PASS X5. Phantom grant presented for MetaMask's PDA | refused: custom program error: 0x7
PASS X6. grant signed for cluster mainnet, used on localnet | refused: custom program error: 0x7
PASS X7a. a grant naming program A's PDA, presented to program B with A's PDA | refused: custom program error: 0x2
PASS X7b. the same grant presented to program B with B's PDA (text mismatch) | refused: custom program error: 0x7
PASS X7c. a grant naming program B's PDA, presented to program A with B's PDA | refused: custom program error: 0x2
PASS X7d. the same grant presented to program A with A's PDA (text mismatch) | refused: custom program error: 0x7
PASS X8. Phantom's own signed grant naming MetaMask's PDA | refused: custom program error: 0x2
PASS X9a. valid Phantom grant, data names another settings address | refused: custom program error: 0x2
PASS X10. the session key does not sign (relayer only) | refused: Program FTNMFWiECbRp7D5MwJUiNQfee6NuJPjE7S11J9yc2B9G invoke [1] Program FTNMFWiECbRp7D5MwJUiNQfee6NuJPjE7S11J9yc2B9G consumed 2483 of 203000 compute units Progr
PASS X11a. account 3 set to the System program instead of the Smart Account program: the move still runs | ok 42yqqsrb4yDdsXcKoFr2i58FLKkEfi4jEJHwiRkw28ZLy12XwHEtLSxWpu16CxuuR88KPbBxfqm9aK3kf9jc2kiT
PASS X11b. ...and prime-session called only the Smart Account program | ok 42yqqsrb4yDd… Program SMRTzfY6DfH5ik3TKiyLFfXexV8uSG3d2UksSCYdunG invoke [2]
PASS A0. account B created with the same three seats | ok 3hGoEPENoxEAfGwJrinMv3xwbgwaeaPxHVasazZucEhZ5q8hxtge4cf5MQWra4BEBbawC99ZqREDgh4hJvkLneqR
PASS A1. account B installs its movers policy (members: each wallet's PDA for account B):a. MetaMask proposes and approves | ok 6GRpzhTJuDRBMxzqe9pyqNfbVTEjVJtEcQuN1VrH2zZguf5XbN4YVQff4D9hZG46d4NmZkzbRWbzJutrHPvhHJd
PASS A1. account B installs its movers policy (members: each wallet's PDA for account B):b. Phantom approves and executes | ok 3tjmPMvVc6bRKtsuBdB3fVZCGwXyzByvP4fbhrUwKRohAVemDGNqEW6ANyrJLwVcTW52HZNFYdBidzkiPcG2jJ4y
PASS A2. each wallet's PDA differs between account A and account B | ok H3BMsb,22QA7W,3XLKnW
PASS A3. account A's Phantom grant presented to account B (as Phantom's account-B PDA) | refused: custom program error: 0x7
PASS A4. account A's Phantom PDA calling account B's policy | refused: Error Code: NotASigner
PASS A5. a Phantom grant made for account B works in account B | ok 4wowQcJNX2aWzTVtwVFXsTuvgsaJQuo2ZqiRrpmMCALJPhcjKdPxoxSRN8ysDan4DVhGtXCiqkwQoKNNzv4eimaB
PASS A5-M0. Phantom session: one move through the Smart Account (compute units recorded) | ok 4zNn99syzAFPxm1bph1obbni34LLzCHfgXjPjffbRT3RasriWCw6FVsMuifZ2S1bMCX1DY8gc6hygkFkc8h2xZoy
METRIC move-sample-0 {"totalCu":66853,"primeSessionCu":66853,"bytes":975,"fee":15000}
PASS A5-M1. Phantom session: one move through the Smart Account (compute units recorded) | ok 4nztiacVUCdhpyMwAtLyTTh1Hjyu8gep8HenADREVrJGDkcYgQoqjA2D3iNMNR2TBKqeWF1YCyA2x9w2ipGLMXkd
METRIC move-sample-1 {"totalCu":63853,"primeSessionCu":63853,"bytes":975,"fee":15000}
PASS A5-M2. Phantom session: one move through the Smart Account (compute units recorded) | ok 3nFmHUy1fW8UFegXnwfRSsUw2zrCVm22pzEnmGjBzifE7uDGe5YJzvDMCJZ5GXhGwcdpt9Y7P2sgRh9ptRynDU5e
METRIC move-sample-2 {"totalCu":66853,"primeSessionCu":66853,"bytes":975,"fee":15000}
PASS A5-M3. Phantom session: one move through the Smart Account (compute units recorded) | ok 54wBTVTCBB149eE36ZvTk7AtZvQ6nrJbgT9UHtifPH543R4cs7bnSsh5AaW2kDuMZ6LjAXTuJJe6rwS4W1gfRqQP
METRIC move-sample-3 {"totalCu":63853,"primeSessionCu":63853,"bytes":975,"fee":15000}
PASS A5-M4. Phantom session: one move through the Smart Account (compute units recorded) | ok 4Vb3ZKkweahyMMHRt5iw93oM9pgEG3m959UswocsYgyyEfz4JakphnW3zymEj3raPdz427PHZxHZXCRQAAwPyE3W
METRIC move-sample-4 {"totalCu":65353,"primeSessionCu":65353,"bytes":975,"fee":15000}
PASS A5-M5. Phantom session: one move through the Smart Account (compute units recorded) | ok 3PNSyeYpsBvSeQ35rqSUUs4sJLiMtnxi5H5C8d4nc46g1DpmgumiPRDkhkqbV9U4pRCMEMQE1aKLZxH7gAvAmKhZ
METRIC move-sample-5 {"totalCu":62353,"primeSessionCu":62353,"bytes":975,"fee":15000}
PASS A5-M6. Phantom session: one move through the Smart Account (compute units recorded) | ok 2fu4AChAgkB2JAskv9hU54uBUyTepvuYHjPGCAbzzr9JYPBLqBTzX3eRrGnei7nmXEKSJ7ogSs18VUNsLT5NgvfD
METRIC move-sample-6 {"totalCu":62353,"primeSessionCu":62353,"bytes":975,"fee":15000}
PASS A5-M7. Phantom session: one move through the Smart Account (compute units recorded) | ok EHe25nFd4T3s5D8kHCSxCgpup9o9VZsSyEwVjYQYUngbykE7bfhjZGMPS1N2daHcS41UbdMvewVtwRFdvTF3L3x
METRIC move-sample-7 {"totalCu":62353,"primeSessionCu":62353,"bytes":975,"fee":15000}
PASS A5-M8. Phantom session: one move through the Smart Account (compute units recorded) | ok 3tx4AfjhdTD7sDxq5vphTbkrxnnYXsSqStgc1ywrsf8heuwBwqrTebya4dAiyQK8istwA4MXaiXRuvSq2RY6LtyB
METRIC move-sample-8 {"totalCu":62353,"primeSessionCu":62353,"bytes":975,"fee":15000}
PASS A5-M9. Phantom session: one move through the Smart Account (compute units recorded) | ok 4jjiwzidocFxe8yHw6U5J4VF87h4iFUeQgDTagKBgmGAgP8oCqXDfDQAzC9TEqp7usskb14k2isVLeQ2vxR1szug
METRIC move-sample-9 {"totalCu":65353,"primeSessionCu":65353,"bytes":975,"fee":15000}
PASS A6. account B's grant presented to account A | refused: custom program error: 0x7
PASS V0a. Phantom session 1 works | ok 5nPq5mHkMbdxnYVmCGHbz8brWpC2ofTuLe6rAfuga2cRge7oqbmojJpuVyB6sVWh5ZV2A6wFPhx4mUKcVP56L3R2
PASS V0b. Phantom session 2 works | ok 2jVoGAh4XoVttcfCYC5BFTrf2r6pbS3BSKFfMAvVJgJiDo4qx9SdD3VyD9EVRkyfLPm4CkYxp8c8cxXDhVhQvxMC
PASS V0c. no marker exists for session 1 yet | ok 9vA5f8S4vKjPPXBR7XPFBxSUThyk9N4NsYzKEJSng27M
PASS V1. Phantom revokes session 1 (one signature, relayed, session key does not sign) | ok 2KvhUQ6iq9SihY14DnnWBdv5gANH1WN5kwmaGjAdviLrAcGCiq3onNEzR9QAZnvtP17ochtgJFqmBQ5LYyB8f6UT
METRIC revoke {"totalCu":22229,"primeSessionCu":22229,"bytes":726,"fee":10000}
PASS V1b. the marker is empty, owned by prime-session and rent exempt | ok {"lamports":890880,"dataBytes":0,"owner":"FTNMFWiECbRp7D5MwJUiNQfee6NuJPjE7S11J9yc2B9G"}
PASS V2. the revoked session 1 is refused | refused: custom program error: 0x2
PASS V3. the same wallet's session 2 keeps working | ok 2tkrWMK4nmi25D1ktPRW17ZqpXZ5vAUd9K5Wu4TJGcsm2qVzMZjSxdiqscEwYtBsNcP4YWkJrwyQYeSKwUCJ7TDG
PASS V3b. revoking session 1 again is refused | refused: custom program error: 0x2
PASS V4a. MetaMask's session-owner key signs a revoke of Phantom's session 2 (data names Phantom as owner) | refused: custom program error: 0x7
PASS V4b. MetaMask signs a revoke naming Phantom's PDA under its own owner field | refused: custom program error: 0x2
PASS V4c. Phantom session 2 still works | ok 54pQGMQCANGNsH2LEZMccWxxtCJzKRBsxRTztYuBWUKDtLcAFRCU6ZXdsjKT4nqABpZa9yUFbWCWyotfhNFriL53
PASS V4d. MetaMask revokes the same key under its own PDA (a marker in MetaMask's namespace) | ok 3afuZ4vtzeXFhTpwVTdMxj1zC9YT3U1Znec2Fss4E8vUnzHjtEYqXcDwDWhLb8ADXi31eNW7VWmka3KEUty2GePv
PASS V4e. ...and Phantom's session 2 still works (the marker is per owner) | ok 2BRy2xvwwZ2k8CNoRoDkQJ2ZNAE77V1cNzoPH5S4wsg8gTf7BMaiQeYbN7Bnqy7s1YkS96wthxCoWVgugmCm65RZ
PASS V5a. Phantom revokes a key it never granted | ok 5kS5kmv2Unv1EQYjPir9pS6iG8SmRXJy66RZByojzeRKv9LkNQtsk5hzkUEE54F2hBcueLJgCja381BxK5Yfv3WZ
PASS V5b. a grant signed for that key afterwards is refused | refused: custom program error: 0x2
PASS V6a. a revoke signed for account A's PDA, sent with account B's settings and B's marker | refused: custom program error: 0x2
PASS V6b. no marker was created in account B | ok 
PASS V6c. session 3 still works in account A | ok 3sv3vkv8mRLv731bfFadMdPd3F3A2HtRkUvHUU93kY8v3sBGPXFkNtTv6f14LHeeqYyqnetvJ5meXbBhGpEB3KhW
PASS V7a. a pre-fund below the rent minimum is refused by the runtime | refused: {"InsufficientFundsForRent":{"account_index":1}}
PASS V7b. a stranger pre-funds the marker address with 0.001 SOL | ok 49nevfuvGLeidbtcn83a5hiMhGgR9nkkBppwXX5bc4Xw1HZBNvy5hRAMWAdSZMDg8yRDFN9dTrLXKhCnEx7UPS7C
PASS V7c. the revoke still works | ok igQEHQCB9ufgMVxXqpPi5j24YcoAcbxyjYmGisw1CSTE5eqNgFRP6kCF3VJhvVsH1L15aMVdHABptdWDMzJTUoP
PASS V7d. the revoked session 4 is refused | refused: custom program error: 0x2
PASS V8a. a move that passes another marker address | refused: custom program error: 0x2
PASS V8b. a move with non-canonical bump 251 (canonical 253) and the canonical PDA account | refused: custom program error: 0x2
PASS V8c. the same session with the canonical bump works | ok 3ELhU9d4JCnUoQYjtKrEH28tffGpCFzLapGQmYv9JvP8xViCwK3BbTzoFxiS3ANPkdMEPs26oxXsvXKSF9XPiVW6
PASS V9. a 72-byte instruction (the old length check) | refused: Program FTNMFWiECbRp7D5MwJUiNQfee6NuJPjE7S11J9yc2B9G invoke [1] Program log: panicked at src/lib.rs:37:110:
index out of bounds: the len is 8 but the index is 8
PASS V9b. a 10-byte instruction | refused: Program FTNMFWiECbRp7D5MwJUiNQfee6NuJPjE7S11J9yc2B9G invoke [1] Program log: panicked at src/lib.rs:35:41:
range end index 32 out of range for slice of length 1
PASS R0. Freighter session works before | ok 4W18hJahURyFqmiTKSCm8JxmEbGvFCdPpvYTV3373rgHUChuGYMrqygdrDDYfqtTvk8MQfNRKhUnGDoTmtYZqqWH
PASS R1. MetaMask + Phantom update the policy: members MetaMask and Phantom PDAs only:a. MetaMask proposes and approves | ok tJDzoY7sUL35reTzMDopozbGacMrRKM772vZZ7zAQHRSt2z9QzqqnBRh8sPvN3K2ZfEXAFGMg7UrX9QtStFiHXE
PASS R1. MetaMask + Phantom update the policy: members MetaMask and Phantom PDAs only:b. Phantom approves and executes | ok pFHaNzpN5XC9RUjiZ8pqN5sEZYquTHA9UdJr8LZVxLfNVS3ci1m8yxsk3JrFag7FuDiNUV4wbPTW2DP76i4oLEi
PASS R2. the live Freighter session after removal | refused: Error Code: NotASigner
PASS R3. MetaMask session still works | ok WyW1EeHA2YcfLwnL8LtD2bSW4xkviVExs5CGJHfnmkpS6TAGYcZksUL1kWksEwcdmkoHbSj4GewH66MjHiBrx71
METRIC relayerSpend {"net":"localnet","spentLamports":4092314798,"vaultFundingLamports":4000000000,"sessionKeysFunded":41,"sessionKeyFundingDevnetLamports":82000000,"devnetEstimateLamports":674314798}
NEAR MPC signatures: 13, average 8.2s
MetaMask own-account: 10 signMessage (real extension, average 4.72s), 12 transaction signatures (stand-in with the wallet's rewrite), 4 of them for transactions whose simulation reverts (the real wallet would refuse): K1-MetaMask, K6, NS1, N0
130/130 passed
