{
  MetaMask: "F1cHwv19DfiWG9Bcr1Bn5LtukwGM1RfFrqtJuqaD5Uvu",
  Freighter: "BU4B8vczr3Xqzo1sq5fTUE9HG9VxvXcbUKv4Yv4q9AuU",
  Phantom: "G5H71U2pASYLeei9MYvWVmCZzjHp2VscWTjpdLYa6LT4",
  sessionMetaMask: "F1cHwv19DfiWG9Bcr1Bn5LtukwGM1RfFrqtJuqaD5Uvu",
  sessionFreighter: "GgnRgm9eVt6TNUNQUm13Nr9Zo7Mkv2Lvdm7nma6uzLZj",
  program: "FTNMFWiECbRp7D5MwJUiNQfee6NuJPjE7S11J9yc2B9G",
  programB: "J38gUL2YFo91GDBnDXwVDaGpk6XWSJUhs7RuditRdiVo",
  net: "localnet",
}
PASS P0. seats are exactly MetaMask(own key), Freighter(NEAR MPC), Phantom(own key); threshold 2; vault funded | ok 5y9oPytnEQ8xbyMFx84r2SPDycV848dEAJ4G2ULZTcEzp7bEQXYmidE74WBGCAMmBDPfdwUVyMMyjThhmzHdS55h
PASS K1-MetaMask. MetaMask alone:a. MetaMask proposes and approves | ok 4JERhSJ665g8F2CnA15aezsDdEbuzYH8KNua2tFyy2p2tFmW5Zrdz7numzkz8NcqhU9TvPysTX6urD8GFFtR2PXQ
PASS K1-MetaMask. MetaMask alone:b. MetaMask executes with only its own approval | refused: Error Code: InvalidProposalStatus
PASS K1-Freighter. Freighter alone:a. Freighter proposes and approves | ok 2NThVCFnvocU6XNkpSBoGsxBYnBfQr2NYu9y2YdRYnkKXAze9i838U3BYatL74mUpfndse5rXryRx6WENC1xwTw3
PASS K1-Freighter. Freighter alone:b. Freighter executes with only its own approval | refused: Error Code: InvalidProposalStatus
PASS K1-Phantom. Phantom alone:a. Phantom proposes and approves | ok 4NRecS7bFvfWh3gkfwSgjXCAi8rmEQttDXrMHwE73ZTKGmSkvuTadayZgenoKDA5cEBospWm6sqW41eW67BQYnd5
PASS K1-Phantom. Phantom alone:b. Phantom executes with only its own approval | refused: Error Code: InvalidProposalStatus
PASS K2. MetaMask + Freighter:a. MetaMask proposes and approves | ok 2J9RTqS2vToUrG8KzZ5CKBiWLsPw93y3rCixgTDWNQ65YTCUfDdKRQ1yGWiufPBYwUjkBPqVNbUvfDg4NeFQ3uGR
METRIC seat-propose-K2-MetaMask {"totalCu":64628,"bytes":631,"fee":10647}
PASS K2. MetaMask + Freighter:b. Freighter approves and executes | ok 2ku2cF2LTN7qkZAEeYMWE55Qtw6a9p3Zh6x9a5hpKr7xE26VKVypuwa6D4npXEDLjtfxiTVdKhQfV4sUfRzWdzqP
METRIC seat-exec-K2-Freighter {"totalCu":51366,"bytes":490,"fee":10000}
PASS K3. Freighter + Phantom:a. Freighter proposes and approves | ok 4qySYj5C7dLknqWQwZifRBWTdM3eboWkrGWFysc6WH6u2jryNnLc9xMbnSAN9h79U6yqs4NYsAJruKH4izTJgzpo
METRIC seat-propose-K3-Freighter {"totalCu":63014,"bytes":579,"fee":10000}
PASS K3. Freighter + Phantom:b. Phantom approves and executes | ok 5W3PmNzjfYtUiQ2dUwPxNxrysGwGx4qEgnx3Zz5yUBS7vrYwubq8eui6h1W3EsyiSAhwGxQzhT4Fbm1R6eVEPnPr
METRIC seat-exec-K3-Phantom {"totalCu":52819,"bytes":490,"fee":10000}
PASS K4. Phantom + MetaMask:a. Phantom proposes and approves | ok 4tCKcFrCqRh27KQX8fTiBve2eNztBxXr7gLd49oZUobSNxTqT54M7356iC6GoFfW3j1XQmYNYyQSVLxEzVTkR6Pi
METRIC seat-propose-K4-Phantom {"totalCu":60020,"bytes":579,"fee":10000}
PASS K4. Phantom + MetaMask:b. MetaMask approves and executes | ok 4LyBzGGTpYBTdL8zAFQjERTN9bEzmCst6nECf4dAqFKsZvEbSKM3SDuzfVszdHiFbjA2yqGdpdH6Q798qhZAqHpS
METRIC seat-exec-K4-MetaMask {"totalCu":50042,"bytes":542,"fee":10501}
PASS K5. DEST received exactly 0.03 SOL | ok 0.03
PASS K6. MetaMask alone (open proposal):a. MetaMask proposes and approves | ok 5X4ayswjMoFyRvhe1VgHdJDWzDX4dXi1eQNrZ98fKMbpahFPwMjN4khMEcuK5bNV2aHZUA14yfHGfuZbnwtKrBqY
PASS K6. MetaMask alone (open proposal):b. MetaMask executes with only its own approval | refused: Error Code: InvalidProposalStatus
PASS K6c. an outsider approves it | refused: Error Code: NotASigner
PASS K6d. Freighter's seat signed by MetaMask's MPC key | refused: Transaction did not pass signature verification
PASS K6e. Freighter's seat signed by its MPC key under another path | refused: Transaction did not pass signature verification
PASS K6f-Freighter. Freighter's seat vote signed by its session-path key | refused: Transaction did not pass signature verification
PASS K6g-Freighter. Freighter's session-path key approves as itself | refused: Error Code: NotASigner
PASS NS1. MetaMask's grant signature filed as its seat vote (transaction signature) | refused: Transaction did not pass signature verification
PASS NS2. a seat vote's own transaction message sent through signMessage, the signature filed as the vote | refused: Transaction did not pass signature verification
PASS NS3. the bytes MetaMask signs for a message differ from a transaction message (invalid UTF-8 or NUL bytes change them), so no signMessage signature can verify as a transaction signature | ok message 266 bytes, signed form 415
PASS NS4. a grant text is not a Solana transaction message | ok parse refused
PASS K7. install the movers policy (members: the three session PDAs):a. MetaMask proposes and approves | ok 3yWzYXr1g3eYUtMb9ynEo4mNozcqnrc8Wqaitr2Dsw8vjBW56F8biEFRGpod8Rde2SswgwnyXsERxWonBZuAkzvu
PASS K7. install the movers policy (members: the three session PDAs):b. Phantom approves and executes | ok 5P8xNr7kH42YWi4f8DggT1U9bHm3tAsqFmUgzzB5cYMibNtqsyFHAoMwa3oWoqVp2kVpjfjiA7WKUPz9vQNpW5ox
PASS N0. MetaMask alone (open proposal):a. MetaMask proposes and approves | ok 326upWVE2vqo6DLBJLDVcmNJhLQCr4yhEnn9DLJrmZXDRyDQaczd6PHgM4wjjDhrDoe72s542Z9Vj2aabKLXjZ47
PASS N0. MetaMask alone (open proposal):b. MetaMask executes with only its own approval | refused: Error Code: InvalidProposalStatus
PASS N1. Phantom session approves that proposal as its PDA | refused: Error Code: NotASigner
PASS N2. Phantom session key approves it as itself | refused: Error Code: NotASigner
PASS N3. Phantom session proposes a vault transaction as its PDA | refused: Error Code: NotASigner
PASS N4. Phantom session adds its key as a seat (settings sync, as its PDA) | refused: Error Code: InvalidSignerCount
PASS N5. Phantom session calls a program other than the Smart Account (System transfer from its PDA) | refused: Program FTNMFWiECbRp7D5MwJUiNQfee6NuJPjE7S11J9yc2B9G invoke [1] Unknown program SMRTzfY6DfH5ik3TKiyLFfXexV8uSG3d2UksSCYdunG Program FTNMFWiECbRp7D5MwJUiNQfee6Nu
PASS G-MetaMask1. one MetaMask signature (through NEAR) -> session; relayer pays: 0.01 SOL to VENUE | ok 26whZ8eQFczunoWmYEoTftq39R9ebe9Pt5DvpQ1D2PvtknDJ6f44TbZPgJdeMzbKmDiE2x3KgZgHHhCu8iRwyr2F
METRIC move-MetaMask-relayed {"totalCu":51884,"primeSessionCu":51884,"bytes":975,"fee":15000}
PASS G-MetaMask2. relayer down: session key pays the fee itself: 0.005 SOL to VENUE | ok 5dYaF1viYDHAkWav2HCKZBeYriKhGUVn7M6XZFLZNggej1bkvbcNtnGRbxZnwTMuYDuQnF3vXXMQ81j3Tuv3cdrk
PASS G-MetaMask3. VENUE received exactly 0.015 SOL | ok 0.015
PASS G-MetaMask4. relayer down and the session key has no SOL | refused: Attempt to debit an account but found no record of a prior credit
PASS G-MetaMask5. same session: 0.01 SOL elsewhere (policy) | refused: Error Code: ProgramInteractionAccountConstraintViolated
PASS G-MetaMask6. same session: 0.06 SOL to VENUE (over the 0.05 per-move limit) | refused: Error Code: ProgramInteractionInvalidNumericValue
PASS G-MetaMask7. stretched valid-until | refused: custom program error: 0x7
PASS G-MetaMask8. someone else replays the grant with their own key | refused: custom program error: 0x7
PASS G-Freighter1. one Freighter signature (through NEAR) -> session; relayer pays: 0.01 SOL to VENUE | ok 4BiupcYYbSKhDueKRPx5pSubETdBU88kCFEFc5nksp2FncrbRm9sBdQi1rmhgAUSoLH62XBCjbNMmQ8nU97AmWFM
METRIC move-Freighter-relayed {"totalCu":51885,"primeSessionCu":51885,"bytes":975,"fee":15000}
PASS G-Freighter2. relayer down: session key pays the fee itself: 0.005 SOL to VENUE | ok 3grQTCaHwssFLVMZ2scd1PwmgTv3insVRqoKxudHefW2PyyYta9gMJhBWfUKxPYaEafmh3chs8bxPhBnJo3JjMwY
PASS G-Freighter3. VENUE received exactly 0.015 SOL | ok 0.015
PASS G-Freighter4. relayer down and the session key has no SOL | refused: Attempt to debit an account but found no record of a prior credit
PASS G-Freighter5. same session: 0.01 SOL elsewhere (policy) | refused: Error Code: ProgramInteractionAccountConstraintViolated
PASS G-Freighter6. same session: 0.06 SOL to VENUE (over the 0.05 per-move limit) | refused: Error Code: ProgramInteractionInvalidNumericValue
PASS G-Freighter7. stretched valid-until | refused: custom program error: 0x7
PASS G-Freighter8. someone else replays the grant with their own key | refused: custom program error: 0x7
PASS G-Phantom1. one Phantom signature -> session; relayer pays: 0.01 SOL to VENUE | ok 55u2R9vLyJR9PkoSbAcu9BZpXa9WkTAhhuXcJDZG5etrEQSPAhYVd52V6yzWWiSHkgCfkJRooPvjgrw5kwBdKFbG
METRIC move-Phantom-relayed {"totalCu":53353,"primeSessionCu":53353,"bytes":975,"fee":15000}
PASS G-Phantom2. relayer down: session key pays the fee itself: 0.005 SOL to VENUE | ok 3PiHLW4jHG98rG4HtcubFkdGEWSAWvxJ8pVDbgC8QhqN31bag8DvakxUm6rBz132FtBaLspETKS4yNtQc5NEgeZC
PASS G-Phantom3. VENUE received exactly 0.015 SOL | ok 0.015
PASS G-Phantom4. relayer down and the session key has no SOL | refused: Attempt to debit an account but found no record of a prior credit
PASS G-Phantom5. same session: 0.01 SOL elsewhere (policy) | refused: Error Code: ProgramInteractionAccountConstraintViolated
PASS G-Phantom6. same session: 0.06 SOL to VENUE (over the 0.05 per-move limit) | refused: Error Code: ProgramInteractionInvalidNumericValue
PASS G-Phantom7. stretched valid-until | refused: custom program error: 0x7
PASS G-Phantom8. someone else replays the grant with their own key | refused: custom program error: 0x7
PASS G9. grant longer than 7 days | refused: custom program error: 0x4
PASS G10. expired grant | refused: custom program error: 0x4
PASS G11. MetaMask grant with the ed25519 program instruction missing | refused: custom program error: 0x7
PASS G12. ed25519 instruction reading its public key from another instruction | refused: custom program error: 0x0
PASS G13. daily cap shared by all: 0.045 used + 0.05 = 0.095 <= 0.1 | ok 27459JaP62BBd5LWXbT9U7HpRjPU6H59Qszzzz7Fp8TJuV4jihmEWrQR5yoJWhauqr9F6hNGt8wiG24WAz6Th9U5
PASS G13b. + 0.01 = 0.105 > 0.1 | refused: Error Code: ProgramInteractionInsufficientLamportAllowance
PASS X1. Freighter's PDA with a grant signed by MetaMask (NEAR) | refused: custom program error: 0x7
PASS X2. Phantom's PDA with a grant signed by Freighter (NEAR) | refused: custom program error: 0x7
PASS X3. MetaMask's PDA with a grant signed by Phantom | refused: custom program error: 0x7
PASS X4. Freighter's PDA with its MPC key under another path | refused: custom program error: 0x7
PASS X4b. Freighter's session PDA with a grant signed by its seat key (prime:solana) | refused: custom program error: 0x7
PASS X5. Phantom grant presented for MetaMask's PDA | refused: custom program error: 0x7
PASS X6. grant signed for cluster mainnet, used on localnet | refused: custom program error: 0x7
PASS X7a. a grant naming program A's PDA, presented to program B with A's PDA | refused: custom program error: 0x2
PASS X7b. the same grant presented to program B with B's PDA (text mismatch) | refused: custom program error: 0x7
PASS X7c. a grant naming program B's PDA, presented to program A with B's PDA | refused: custom program error: 0x2
PASS X7d. the same grant presented to program A with A's PDA (text mismatch) | refused: custom program error: 0x7
PASS X8. Phantom's own signed grant naming MetaMask's PDA | refused: custom program error: 0x2
PASS X9a. valid Phantom grant, data names another settings address | refused: custom program error: 0x2
PASS X10. the session key does not sign (relayer only) | refused: Program FTNMFWiECbRp7D5MwJUiNQfee6NuJPjE7S11J9yc2B9G invoke [1] Program FTNMFWiECbRp7D5MwJUiNQfee6NuJPjE7S11J9yc2B9G consumed 2483 of 203000 compute units Progr
PASS X11a. account 3 set to the System program instead of the Smart Account program: the move still runs | ok 3yAwdxbsrtN7xQCBn6SmCKSpzJ3FJkgcutGMLAUuSRXCoBHpAb5p1bzerN843zGNVcQ14um5SGQD5qsmro9Y4cjp
PASS X11b. ...and prime-session called only the Smart Account program | ok 3yAwdxbsrtN7… Program SMRTzfY6DfH5ik3TKiyLFfXexV8uSG3d2UksSCYdunG invoke [2]
PASS A0. account B created with the same three seats | ok 5ebWBesnCHt2eAtDaEzS8toBrdAAuNoU3EQusbtLsWnhcennmKKVVw4xQtFKEtk2JgBynjZVDBExQAs2Ew5Xz6mS
PASS A1. account B installs its movers policy (members: each wallet's PDA for account B):a. MetaMask proposes and approves | ok 5eQ9y3yTpjZ4zaBBQXnyGuTTtnDGKkhA2oNRPhFMBk7YAAeNB7U7mWVmLxiD6Xuh3zN7GjfsFwR9ZpsMcvP3k3LM
PASS A1. account B installs its movers policy (members: each wallet's PDA for account B):b. Phantom approves and executes | ok 5hTZJbFUQyaR8uUHsZzFwF8eTURTdxrfkhMoaVdig1wRYk2taSmSZip2XswYQMfeZv5nj8ja9aGyVMAcpaHYFHbz
PASS A2. each wallet's PDA differs between account A and account B | ok H3BMsb,22QA7W,3XLKnW
PASS A3. account A's Phantom grant presented to account B (as Phantom's account-B PDA) | refused: custom program error: 0x7
PASS A4. account A's Phantom PDA calling account B's policy | refused: Error Code: NotASigner
PASS A5. a Phantom grant made for account B works in account B | ok vJif3T1vZJrUmUdokFwHKH98Dgouv5KnGrBpckgGDNmb5LfB4jByRBdXgo3YizML8SQ6WHyxvSTH3DpVRH81fhj
PASS A5-M0. Phantom session: one move through the Smart Account (compute units recorded) | ok 4KpGpVnmEkzJrrRtjD5kchvvyCwKsv32nQcavpSzjH2njuTBZehdxsL4NJqsAkRd3YAhRJGfPy6dKrEmSwhV2XgB
METRIC move-sample-0 {"totalCu":63853,"primeSessionCu":63853,"bytes":975,"fee":15000}
PASS A5-M1. Phantom session: one move through the Smart Account (compute units recorded) | ok 5jBa98o8AP511U7PGpFXqaQAdGs7MtwKYk1FHALJkv8PwXA81F7BPh676rLgqjcr7rVTpgUaPHTNFhjGHrLmGV9E
METRIC move-sample-1 {"totalCu":62353,"primeSessionCu":62353,"bytes":975,"fee":15000}
PASS A5-M2. Phantom session: one move through the Smart Account (compute units recorded) | ok 5VMRQCtro7Hq5bKZccBgbGD7ErwqgocyuMx2pBN6ALWXJbxgarws1rMaJXrLgoKMmLgpxWzFZvg2Sa47kLqcAG1R
METRIC move-sample-2 {"totalCu":62353,"primeSessionCu":62353,"bytes":975,"fee":15000}
PASS A5-M3. Phantom session: one move through the Smart Account (compute units recorded) | ok 31wyVmUHFLJdiWtkhEpNi5YN9iieGx1tN8rtpZRjxRK9XF3jwSPGN9EVF3Uzw1cdrFHZ18nBTYRentJbisVN7kUV
METRIC move-sample-3 {"totalCu":62353,"primeSessionCu":62353,"bytes":975,"fee":15000}
PASS A5-M4. Phantom session: one move through the Smart Account (compute units recorded) | ok zJrRUFpckMkKXwyvYsR6Nj8zAyKcxWXcjv1sQnWVxa39nqHCmQfPT3H487X9MCRcqBkrUgzQtDVe2AGKTyJby6j
METRIC move-sample-4 {"totalCu":62353,"primeSessionCu":62353,"bytes":975,"fee":15000}
PASS A5-M5. Phantom session: one move through the Smart Account (compute units recorded) | ok 5tn6hxgTbvZ3N1aNyyZvrq2b5zfHbCw3FQRowryQmtFHGXXdQBVxyN6tfqf1PAigMX2Cg3zkKtCvNysUFsY3Uu3E
METRIC move-sample-5 {"totalCu":62353,"primeSessionCu":62353,"bytes":975,"fee":15000}
PASS A5-M6. Phantom session: one move through the Smart Account (compute units recorded) | ok 3Qnv1YWrCM9N5nTwB5QWN6HwEQhQHKZJ5qqur4LzvpKpeU5o3uVqjAcvaYWUEFVb2kAAfQhuqAXeu6JAmeW39tAG
METRIC move-sample-6 {"totalCu":62353,"primeSessionCu":62353,"bytes":975,"fee":15000}
PASS A5-M7. Phantom session: one move through the Smart Account (compute units recorded) | ok 1aRcrmGDPXquFgQvdNEG2RqM2PAkfAH28G48na6EDJaastMJPBFX9A9XEveZeHpQGAtK3EjgNeFLBZuhKpDCEg7
METRIC move-sample-7 {"totalCu":62353,"primeSessionCu":62353,"bytes":975,"fee":15000}
PASS A5-M8. Phantom session: one move through the Smart Account (compute units recorded) | ok 2R3PxgQVgZnrDhUCAGuKvXVyjocaSHKpsMbKEArtiPLWtF81J56iUvvwxuzqDaDdSfMKVP4piFUgUYfS9szsL1ND
METRIC move-sample-8 {"totalCu":63853,"primeSessionCu":63853,"bytes":975,"fee":15000}
PASS A5-M9. Phantom session: one move through the Smart Account (compute units recorded) | ok 3j7tygLk4fpUrvUHsBbLifMpC5y3aRuuucfXEPQch5mdCiwKypviEQYFBruXSNugRuqLR5zdg9abxErrd7FKSy9M
METRIC move-sample-9 {"totalCu":63853,"primeSessionCu":63853,"bytes":975,"fee":15000}
PASS A6. account B's grant presented to account A | refused: custom program error: 0x7
PASS V0a. Phantom session 1 works | ok 5Raaw91nJt2uEYXQgBNG6dVJHYgw44zE1g9XLo8mRQnVCYXd9GaAZwbWQ7hVqmhgoiQ7W6urjQZj5KLLDFicLbTS
PASS V0b. Phantom session 2 works | ok brqCet6JjtZVpeGUhbMpiGv1nfncQKxTm2M97PqyFmE54P6WjQCLs3huXF1MwP9ZQd8tDmR89WYnFxENrxLKMzq
PASS V0c. no marker exists for session 1 yet | ok 35rv9PkyeiNZRD8dLFo2nRmAEiN17ENTiTRJQF3b1hej
PASS V1. Phantom revokes session 1 (one signature, relayed, session key does not sign) | ok 3bLhhXJbXehdZjRk7w8J6Nn4PimFEKHs4S4Y3UtFGB8RU1AxP2tg5noR2MtSsWCowKpxYJ7vysjA1B2JoEY2shgF
METRIC revoke {"totalCu":22229,"primeSessionCu":22229,"bytes":726,"fee":10000}
PASS V1b. the marker is empty, owned by prime-session and rent exempt | ok {"lamports":890880,"dataBytes":0,"owner":"FTNMFWiECbRp7D5MwJUiNQfee6NuJPjE7S11J9yc2B9G"}
PASS V2. the revoked session 1 is refused | refused: custom program error: 0x2
PASS V3. the same wallet's session 2 keeps working | ok 4dpdabpiskwj1XVKp2ecsS8q6nWH56EV6XG3by5oFRkQTmxLSE95RrRXB3Wc5akTd5XLV25NSzi4YG8zeH8q12v8
PASS V3b. revoking session 1 again is refused | refused: custom program error: 0x2
PASS V4a. MetaMask's session-owner key signs a revoke of Phantom's session 2 (data names Phantom as owner) | refused: custom program error: 0x7
PASS V4b. MetaMask signs a revoke naming Phantom's PDA under its own owner field | refused: custom program error: 0x2
PASS V4c. Phantom session 2 still works | ok 3VgexBd1Cbftj3Qua4fJ2ugQv7shg3q7ijGTzeAmnmozwodj3BBnMN2B6RXiDDFH4CC4V4T164Si9QMVRqUvpxMy
PASS V4d. MetaMask revokes the same key under its own PDA (a marker in MetaMask's namespace) | ok 5canhvs7WWVxUnaM8iP9KQanGg2G34WMHEtUvqU4iVmRaakLHZ37s9qeCBi6YSqVz7xgfFLRZxXAptrL6NWYXJms
PASS V4e. ...and Phantom's session 2 still works (the marker is per owner) | ok eby7M8ugeRn8K8nK7JkzZcNZo4HPe58UeVuYzGdKJaTw6cjw9gPdHQ1ZvXr5wiDRPh77BGw8wEPZ7xot5Ws9S3H
PASS V5a. Phantom revokes a key it never granted | ok 5bo1DzHSsU5VKsW4x9sqtjxn2kaE7MJaXXotTpDtnvgM2XywRM3ib83RkpYJQTGR9fWwCHk5qWjLmQ9dkPf934cY
PASS V5b. a grant signed for that key afterwards is refused | refused: custom program error: 0x2
PASS V6a. a revoke signed for account A's PDA, sent with account B's settings and B's marker | refused: custom program error: 0x2
PASS V6b. no marker was created in account B | ok 
PASS V6c. session 3 still works in account A | ok 33FdALkdeoFrGSmG8Gc5kmCpfANLVbnkv7XgUBhomza7ye1RsLy6qGXx3mB4oAPssSdXkjvSzcRWjrQTpD5uXF1d
PASS V7a. a pre-fund below the rent minimum is refused by the runtime | refused: {"InsufficientFundsForRent":{"account_index":1}}
PASS V7b. a stranger pre-funds the marker address with 0.001 SOL | ok SUzzALNmu2pTS6eGm8AbpQUtSGNaSn9hmWdk7fn6EzsxwwBs8YZeW9gjTj8d57EaqW3YvSG9gQxiG7HCFbSeYEa
PASS V7c. the revoke still works | ok 55S2fayGkD2MGExYHsNCPC4BVAgdvT2Dvq7SgAJGuDFF5jWG2yCuso4kAfJf5UfRMoAn9S3cCt3p4BxK8cpiz8z4
PASS V7d. the revoked session 4 is refused | refused: custom program error: 0x2
PASS V8a. a move that passes another marker address | refused: custom program error: 0x2
PASS V8b. a move with non-canonical bump 251 (canonical 253) and the canonical PDA account | refused: custom program error: 0x2
PASS V8c. the same session with the canonical bump works | ok 4wq7RqvqBujGRsDbdCpiALCjQoZqCYeTsfNyC8xC7ig5Uwa7Y1A45d8tXd8au2bkyJTnXMP9uSNngYaA8QtEt397
PASS V9. a 72-byte instruction (the old length check) | refused: Program FTNMFWiECbRp7D5MwJUiNQfee6NuJPjE7S11J9yc2B9G invoke [1] Program log: panicked at src/lib.rs:37:110:
index out of bounds: the len is 8 but the index is 8
PASS V9b. a 10-byte instruction | refused: Program FTNMFWiECbRp7D5MwJUiNQfee6NuJPjE7S11J9yc2B9G invoke [1] Program log: panicked at src/lib.rs:35:41:
range end index 32 out of range for slice of length 1
PASS R0. Freighter session works before | ok 3zXJLaCKZ5rzBEXfoHRQvCdUFgqsscVSnL2rDBAcCBeRqFbQBN8bmHyANC67YYvUKhi2ZvkeKV5QM2Y3LVYdchkJ
PASS R1. MetaMask + Phantom update the policy: members MetaMask and Phantom PDAs only:a. MetaMask proposes and approves | ok 3hZndsATRYj4QcF1VmwvFiWQ8nngguGmhXwEes9QU8QtFLrRZLdv23MKQjEKWuVHWGD9ojeUPN2ega8wRPgALbbe
PASS R1. MetaMask + Phantom update the policy: members MetaMask and Phantom PDAs only:b. Phantom approves and executes | ok 1oGSKm57upfcjhj8MYTc5uAYcCTRgKXNdMm44hgyG8kY7i8oDNjSw6VwX5sJh2q8fNySWp96dMGT3MT1z2iwp7w
PASS R2. the live Freighter session after removal | refused: Error Code: NotASigner
PASS R3. MetaMask session still works | ok LgbGnCWiM7PsqqDGhDuqy361Tuhh7SqgHVCfwY6kNBgMWfqmpWngaDeN9VfvZreD82E5X4MAm55E8YKHZ4Hh3Rt
METRIC relayerSpend {"net":"localnet","spentLamports":4092314798,"vaultFundingLamports":4000000000,"sessionKeysFunded":41,"sessionKeyFundingDevnetLamports":82000000,"devnetEstimateLamports":674314798}
NEAR MPC signatures: 13, average 8.4s
MetaMask own-account: 10 signMessage (real extension, average 4.63s), 12 transaction signatures (stand-in with the wallet's rewrite), 4 of them for transactions whose simulation reverts (the real wallet would refuse): K1-MetaMask, K6, NS1, N0
130/130 passed
