{
  MetaMask: "F1cHwv19DfiWG9Bcr1Bn5LtukwGM1RfFrqtJuqaD5Uvu",
  Freighter: "9BcBicoPrGtPJnVynJoj2g1p6zrvaFBkJccorLwGTMZo",
  Phantom: "G5H71U2pASYLeei9MYvWVmCZzjHp2VscWTjpdLYa6LT4",
  sessionMetaMask: "F1cHwv19DfiWG9Bcr1Bn5LtukwGM1RfFrqtJuqaD5Uvu",
  sessionFreighter: "Cn2bjH8kGkjioVoB9MY86TDsJ6kKjvaiu9ZCmMsJVW74",
  program: "FTNMFWiECbRp7D5MwJUiNQfee6NuJPjE7S11J9yc2B9G",
  programB: "J38gUL2YFo91GDBnDXwVDaGpk6XWSJUhs7RuditRdiVo",
  net: "localnet",
}
PASS P0. seats are exactly MetaMask(own key), Freighter(NEAR MPC), Phantom(own key); threshold 2; vault funded | ok 2TN6XfLoMZjTmeKJvtXoUucdG22rGFte9g4VU9ZME6efto4ZyZEGkiFG5K2gemH9xGgo9HWCT7kVc2k6tpmd2AtE
PASS K1-MetaMask. MetaMask alone:a. MetaMask proposes and approves | ok 4WHbMwr2YUgHt9FxkUbAv2imGaDtycYMGunE5HkwxnwRyjCmnLEufBxvxFmqE7ifFWFbJSDqz3JKRwehhi8dMyAb
PASS K1-MetaMask. MetaMask alone:b. MetaMask executes with only its own approval | refused: Error Code: InvalidProposalStatus
PASS K1-Freighter. Freighter alone:a. Freighter proposes and approves | ok 2DD3t21J58bn3HQ26x4uQ5mDVeDLegwzrFa25j7y6J6iEd33zxkCqirZ8hj872muFYKFR5UxY65gAhsjPLbNyPuY
PASS K1-Freighter. Freighter alone:b. Freighter executes with only its own approval | refused: Error Code: InvalidProposalStatus
PASS K1-Phantom. Phantom alone:a. Phantom proposes and approves | ok 2JdcpxL66yBYqmuYPcVL3uhCCHXvUs2JndjihnwY6VrM2Q5SYZd1PEv9HSrXPQ3udvScF6AbnwZabswbda4fYVyE
PASS K1-Phantom. Phantom alone:b. Phantom executes with only its own approval | refused: Error Code: InvalidProposalStatus
PASS K2. MetaMask + Freighter:a. MetaMask proposes and approves | ok 3EVWAocg3VadsKdwKzuPSSH9ZyMMHkoME6o6Q1S2fGf2MEFeKziX9cNHSTue6R74SfxqxYbxcg6rYHnAhBwqRVAK
METRIC seat-propose-K2-MetaMask {"totalCu":78128,"bytes":631,"fee":10782}
PASS K2. MetaMask + Freighter:b. Freighter approves and executes | ok 5KmEaKEmdTJgoBTyikqGPFhfDhChEgfCo4Dk1og9jDyAqKw9sLbqCC3Ge1s2drPdWe1wRag7oYodnDRPaS1nkuwx
METRIC seat-exec-K2-Freighter {"totalCu":63366,"bytes":490,"fee":10000}
PASS K3. Freighter + Phantom:a. Freighter proposes and approves | ok E8zYKiHLL2So8zwU1kaLwtpZa6yXMx7knyERaSkuH2hNBEutmdK2rLWYt7j7HRZKwCuyYJLgWzAB1N3CgXemWk8
METRIC seat-propose-K3-Freighter {"totalCu":70514,"bytes":579,"fee":10000}
PASS K3. Freighter + Phantom:b. Phantom approves and executes | ok 7oH1oCHdrJc1GjJxRJ4ydXBDnERixECFDnw3dD44r3F9Upg9KRrtSYx4V4BDkSeztbDip2ncPWpJ3hFzUmytZFk
METRIC seat-exec-K3-Phantom {"totalCu":55819,"bytes":490,"fee":10000}
PASS K4. Phantom + MetaMask:a. Phantom proposes and approves | ok 5SwHh1dmDKNSjmMPSjH3JviETYohwdNBX9ooQWzvJ6dFobDVDZys1QBhMBQtzH3riYUGkDoigXFwAhh91CQb1DAA
METRIC seat-propose-K4-Phantom {"totalCu":72020,"bytes":579,"fee":10000}
PASS K4. Phantom + MetaMask:b. MetaMask approves and executes | ok 42LjLvBVZ92KHv4KdZUzu3mRwwJdWpxhD2XbZ1Q3vtNxSdAe34qKBxWm5VmDCbuKHKza2uGtQPqCvvFQZq2qMshi
METRIC seat-exec-K4-MetaMask {"totalCu":59042,"bytes":542,"fee":10591}
PASS K5. DEST received exactly 0.03 SOL | ok 0.03
PASS K6. MetaMask alone (open proposal):a. MetaMask proposes and approves | ok 3end6yStSMqNfwz3s19fSHPhTGc1fbzsRD4iUWLS6aYQKn4jnLzLkKq6nSk3CgBXg9VAGHagZSiLvn6guRKsLTcT
PASS K6. MetaMask alone (open proposal):b. MetaMask executes with only its own approval | refused: Error Code: InvalidProposalStatus
PASS K6c. an outsider approves it | refused: Error Code: NotASigner
PASS K6d. Freighter's seat signed by MetaMask's MPC key | refused: Transaction did not pass signature verification
PASS K6e. Freighter's seat signed by its MPC key under another path | refused: Transaction did not pass signature verification
PASS K6f-Freighter. Freighter's seat vote signed by its session-path key | refused: Transaction did not pass signature verification
PASS K6g-Freighter. Freighter's session-path key approves as itself | refused: Error Code: NotASigner
PASS NS1. MetaMask's grant signature filed as its seat vote (transaction signature) | refused: Transaction did not pass signature verification
PASS NS2. a seat vote's own transaction message sent through signMessage, the signature filed as the vote | refused: Transaction did not pass signature verification
PASS NS3. the bytes MetaMask signs for a message differ from a transaction message (invalid UTF-8 or NUL bytes change them), so no signMessage signature can verify as a transaction signature | ok message 266 bytes, signed form 410
PASS NS4. a grant text is not a Solana transaction message | ok parse refused
PASS K7. install the movers policy (members: the three session PDAs):a. MetaMask proposes and approves | ok 3y8PRhcRtQyMtgfi9rWPjRCDjfaivW1AFEb2oM6cjW7PR6MW7YfQWYL7EULkM3XtU83rdLzGqcJbERWvQvND9kK5
PASS K7. install the movers policy (members: the three session PDAs):b. Phantom approves and executes | ok 5N2Tj9ucP4PH6kocDjmZVrEbJFBy8hFQhBhHKfvQ7XPdK3tZrRCxx1FjjrnvZC6byN5intaJA24CQpXqEWajD1hX
PASS N0. MetaMask alone (open proposal):a. MetaMask proposes and approves | ok 4P7MZRgx7Zwj8nFBTXdNZ2HjbWk4bC4A5z2HfwnWb8sGyJpuydSw6bbCDVj1WbP2DUzAWuerEzJY57Z5QMfaDVv
PASS N0. MetaMask alone (open proposal):b. MetaMask executes with only its own approval | refused: Error Code: InvalidProposalStatus
PASS N1. Phantom session approves that proposal as its PDA | refused: Error Code: NotASigner
PASS N2. Phantom session key approves it as itself | refused: Error Code: NotASigner
PASS N3. Phantom session proposes a vault transaction as its PDA | refused: Error Code: NotASigner
PASS N4. Phantom session adds its key as a seat (settings sync, as its PDA) | refused: Error Code: InvalidSignerCount
PASS N5. Phantom session calls a program other than the Smart Account (System transfer from its PDA) | refused: Program FTNMFWiECbRp7D5MwJUiNQfee6NuJPjE7S11J9yc2B9G invoke [1] Unknown program SMRTzfY6DfH5ik3TKiyLFfXexV8uSG3d2UksSCYdunG Program FTNMFWiECbRp7D5MwJUiNQfee6Nu
PASS G-MetaMask1. one MetaMask signature (through NEAR) -> session; relayer pays: 0.01 SOL to VENUE | ok 2FdbXSAc8mRD5dYQ9NUVMP6kuBUsw4WyQo1ghURoaxEohEfDAPRF4tRVpcMwzN91vjXK6KYgnVJXk7gWBJdMMfCD
METRIC move-MetaMask-relayed {"totalCu":51884,"primeSessionCu":51884,"bytes":975,"fee":15000}
PASS G-MetaMask2. relayer down: session key pays the fee itself: 0.005 SOL to VENUE | ok 5L6jQhkwAFhpfPMBfJZwVQH3HGLwsRL11H3BRTmqzVXkwoB9QXA1ptTFDeFX4wxsqEGZKHWCqRSaLTBt7nmMZNcg
PASS G-MetaMask3. VENUE received exactly 0.015 SOL | ok 0.015
PASS G-MetaMask4. relayer down and the session key has no SOL | refused: Attempt to debit an account but found no record of a prior credit
PASS G-MetaMask5. same session: 0.01 SOL elsewhere (policy) | refused: Error Code: ProgramInteractionAccountConstraintViolated
PASS G-MetaMask6. same session: 0.06 SOL to VENUE (over the 0.05 per-move limit) | refused: Error Code: ProgramInteractionInvalidNumericValue
PASS G-MetaMask7. stretched valid-until | refused: custom program error: 0x7
PASS G-MetaMask8. someone else replays the grant with their own key | refused: custom program error: 0x7
PASS G-Freighter1. one Freighter signature (through NEAR) -> session; relayer pays: 0.01 SOL to VENUE | ok 5zggG7UsUakJ2G4ZfRCwTMBSsjMhgYiKycW9WLzm86KaFY9j1i4393NbVPhixixQej7f2ML2ssQwhTMiRaQdeJuu
METRIC move-Freighter-relayed {"totalCu":51885,"primeSessionCu":51885,"bytes":975,"fee":15000}
PASS G-Freighter2. relayer down: session key pays the fee itself: 0.005 SOL to VENUE | ok 4t8f9P65dRTHU69vUJe3otuhZV3akYC4bwVWKKH1LNr2nsrLz34RAqjWtSPpo5ZM17FAhFNyNDNTJQJ1MzHq75i3
PASS G-Freighter3. VENUE received exactly 0.015 SOL | ok 0.015
PASS G-Freighter4. relayer down and the session key has no SOL | refused: Attempt to debit an account but found no record of a prior credit
PASS G-Freighter5. same session: 0.01 SOL elsewhere (policy) | refused: Error Code: ProgramInteractionAccountConstraintViolated
PASS G-Freighter6. same session: 0.06 SOL to VENUE (over the 0.05 per-move limit) | refused: Error Code: ProgramInteractionInvalidNumericValue
PASS G-Freighter7. stretched valid-until | refused: custom program error: 0x7
PASS G-Freighter8. someone else replays the grant with their own key | refused: custom program error: 0x7
PASS G-Phantom1. one Phantom signature -> session; relayer pays: 0.01 SOL to VENUE | ok 2FVzJ5j7vp35z29CUQ4xC2hwgVMWG1k3zUxtLx1pTuqyYdWbU18Mv5WPdrMDGmr7KSPSzwXovpW1ujYVMyfY38qg
METRIC move-Phantom-relayed {"totalCu":50353,"primeSessionCu":50353,"bytes":975,"fee":15000}
PASS G-Phantom2. relayer down: session key pays the fee itself: 0.005 SOL to VENUE | ok 352yQbC9rZFRot1uALx9JV9DBua1uNwGJxJCj9j39vArP5GimrVg9FNWcAGriDcbpoSRG6dc6ajFhUiYbRMdeNCN
PASS G-Phantom3. VENUE received exactly 0.015 SOL | ok 0.015
PASS G-Phantom4. relayer down and the session key has no SOL | refused: Attempt to debit an account but found no record of a prior credit
PASS G-Phantom5. same session: 0.01 SOL elsewhere (policy) | refused: Error Code: ProgramInteractionAccountConstraintViolated
PASS G-Phantom6. same session: 0.06 SOL to VENUE (over the 0.05 per-move limit) | refused: Error Code: ProgramInteractionInvalidNumericValue
PASS G-Phantom7. stretched valid-until | refused: custom program error: 0x7
PASS G-Phantom8. someone else replays the grant with their own key | refused: custom program error: 0x7
PASS G9. grant longer than 7 days | refused: custom program error: 0x4
PASS G10. expired grant | refused: custom program error: 0x4
PASS G11. MetaMask grant with the ed25519 program instruction missing | refused: custom program error: 0x7
PASS G12. ed25519 instruction reading its public key from another instruction | refused: custom program error: 0x0
PASS G13. daily cap shared by all: 0.045 used + 0.05 = 0.095 <= 0.1 | ok o3286q2B4PjBrFXw4wrTeKsymPx2p44fmN8pfnEzS1QCCfxUJqinP61LpoKuYRPanbgcqb4X5WnA3cK79yVBQBr
PASS G13b. + 0.01 = 0.105 > 0.1 | refused: Error Code: ProgramInteractionInsufficientLamportAllowance
PASS X1. Freighter's PDA with a grant signed by MetaMask (NEAR) | refused: custom program error: 0x7
PASS X2. Phantom's PDA with a grant signed by Freighter (NEAR) | refused: custom program error: 0x7
PASS X3. MetaMask's PDA with a grant signed by Phantom | refused: custom program error: 0x7
PASS X4. Freighter's PDA with its MPC key under another path | refused: custom program error: 0x7
PASS X4b. Freighter's session PDA with a grant signed by its seat key (prime:solana) | refused: custom program error: 0x7
PASS X5. Phantom grant presented for MetaMask's PDA | refused: custom program error: 0x7
PASS X6. grant signed for cluster mainnet, used on localnet | refused: custom program error: 0x7
PASS X7a. a grant naming program A's PDA, presented to program B with A's PDA | refused: custom program error: 0x2
PASS X7b. the same grant presented to program B with B's PDA (text mismatch) | refused: custom program error: 0x7
PASS X7c. a grant naming program B's PDA, presented to program A with B's PDA | refused: custom program error: 0x2
PASS X7d. the same grant presented to program A with A's PDA (text mismatch) | refused: custom program error: 0x7
PASS X8. Phantom's own signed grant naming MetaMask's PDA | refused: custom program error: 0x2
PASS X9a. valid Phantom grant, data names another settings address | refused: custom program error: 0x2
PASS X10. the session key does not sign (relayer only) | refused: Program FTNMFWiECbRp7D5MwJUiNQfee6NuJPjE7S11J9yc2B9G invoke [1] Program FTNMFWiECbRp7D5MwJUiNQfee6NuJPjE7S11J9yc2B9G consumed 2483 of 203000 compute units Progr
PASS X11a. account 3 set to the System program instead of the Smart Account program: the move still runs | ok 2H1onz1hBk1xZnJE1U1ZeSTA7RprEL87VvVPRhTseT9bgj8NpBDBDy4h7bF3itWnrfDrt3k7rU7JWuGaJkAmTUGi
PASS X11b. ...and prime-session called only the Smart Account program | ok 2H1onz1hBk1x… Program SMRTzfY6DfH5ik3TKiyLFfXexV8uSG3d2UksSCYdunG invoke [2]
PASS A0. account B created with the same three seats | ok 63w3J3DvehxemdMxhmB5iLALE7QzCKpECS5Hh5B1qTJwMyjdbePDGchoYotx7S3xPegMp9SkbRZkMrLASpvVRYSi
PASS A1. account B installs its movers policy (members: each wallet's PDA for account B):a. MetaMask proposes and approves | ok 63bBS3DdQgYjKRxfKdK1ezrFaYRfAjFzK2Z6SM6EGBLFUbnmQwxtr7YnGy86geL96X6Q8GAbZDNZqgEfHKRD1aKP
PASS A1. account B installs its movers policy (members: each wallet's PDA for account B):b. Phantom approves and executes | ok fxkE8RDP2tzSqGqWHjTLVXNwkZvzzQWiLiGj5BSBBM4ttgkYyzmoL9qG9L7pwPnj9ULmiXn6urM1S4jQqJjjMq7
PASS A2. each wallet's PDA differs between account A and account B | ok 62XrEX,LZhxcN,EcQo8R
PASS A3. account A's Phantom grant presented to account B (as Phantom's account-B PDA) | refused: custom program error: 0x7
PASS A4. account A's Phantom PDA calling account B's policy | refused: Error Code: NotASigner
PASS A5. a Phantom grant made for account B works in account B | ok 2SkJjeRTboGeoAPn6rQLdNMKuQp99ggh1H6j4CVYJpFaZBoEMpvn6GS4b3vuynbfqKwHAKJj7SSvPdFNQSETvMwt
PASS A5-M0. Phantom session: one move through the Smart Account (compute units recorded) | ok ZCFdyFBm1s7RsApS16WNyhFig9HERKGzwLwbnsMCSRygXFE1DK7oaEKyXUExpdGvoJQwfMCythiPGhqNeq7mbYy
METRIC move-sample-0 {"totalCu":51885,"primeSessionCu":51885,"bytes":975,"fee":15000}
PASS A5-M1. Phantom session: one move through the Smart Account (compute units recorded) | ok 3DwoqPHkufwUh1TwzqwiDVBSTuF5kmpoRvBQBAohB2kXJUE6QoBickiwbzhL1DrxQ6wUexRug6rLLFjGAeZuhfsb
METRIC move-sample-1 {"totalCu":60885,"primeSessionCu":60885,"bytes":975,"fee":15000}
PASS A5-M2. Phantom session: one move through the Smart Account (compute units recorded) | ok 3itG1vstoqu4ugYQLZFuU7tFuo2qXUpWqhtk489FKujoA11rh3gsdVWjJsYZsb4NY1P21GmSHm3ByvHu6Up46cxB
METRIC move-sample-2 {"totalCu":51885,"primeSessionCu":51885,"bytes":975,"fee":15000}
PASS A5-M3. Phantom session: one move through the Smart Account (compute units recorded) | ok 5ryQoQ1FTYFpYLHuKcAwx9xUWVf1ENrbbNMN9fn8Cn8KjHTrwydjeZr8C3b4vZiP41WTA7W68YLxgviXoaNaPszy
METRIC move-sample-3 {"totalCu":51885,"primeSessionCu":51885,"bytes":975,"fee":15000}
PASS A5-M4. Phantom session: one move through the Smart Account (compute units recorded) | ok XeHZDJNd6ei9LvqYtAoGZevXhmw3d7hxsoPkK8mHjCMb76DSeqHTG8Cbe8hgKEPAsFMFXKqoGtD5y7jvsBdmns8
METRIC move-sample-4 {"totalCu":54885,"primeSessionCu":54885,"bytes":975,"fee":15000}
PASS A5-M5. Phantom session: one move through the Smart Account (compute units recorded) | ok 2sGMAdMGsuuWaxxE22PVvA36DNyVEZqSksV786CB8arAoZr1SMJmqa3QgDfyZtPuRKk1QL9u5LJfYr3QrxRigjYz
METRIC move-sample-5 {"totalCu":51885,"primeSessionCu":51885,"bytes":975,"fee":15000}
PASS A5-M6. Phantom session: one move through the Smart Account (compute units recorded) | ok 28cP8BwqfVs76gRVT68FE1y94YNRrrq5xsvtGNSK4FWdmBseCQ74ncu5ueQYKjUNjNjyrijxhhLtmjtqoB5Zd4E8
METRIC move-sample-6 {"totalCu":51885,"primeSessionCu":51885,"bytes":975,"fee":15000}
PASS A5-M7. Phantom session: one move through the Smart Account (compute units recorded) | ok 5W88msE4r9GTca1ran7FnY7bWDWqdZpBqjkP5Cny2eppPWkXopn5r7ZgDW5y3MUXCUS8gK3q9QNurky7p4JNJNAo
METRIC move-sample-7 {"totalCu":53385,"primeSessionCu":53385,"bytes":975,"fee":15000}
PASS A5-M8. Phantom session: one move through the Smart Account (compute units recorded) | ok HS5ZLrhX8jzHWyZUakwS5cyrQXvK4zp8kmkywcxqPVPqqcdAa7dS3ZC8J1P2gZjiqoQgSnTx6E2RYTKHrSAhjeF
METRIC move-sample-8 {"totalCu":53385,"primeSessionCu":53385,"bytes":975,"fee":15000}
PASS A5-M9. Phantom session: one move through the Smart Account (compute units recorded) | ok 5KVtW9n6ypHNKvjwL2Er5RAZmr7GbBTzd3vVkNtngPqHD2tX824g91exB6GNMUSWEH7haEuauFjko2DzCCUMDkff
METRIC move-sample-9 {"totalCu":53385,"primeSessionCu":53385,"bytes":975,"fee":15000}
PASS A6. account B's grant presented to account A | refused: custom program error: 0x7
PASS V0a. Phantom session 1 works | ok 4SP9yRwupXS3tvhNHbNjEVdhzX35FrcMd5kduAtQLND6LJaRqeRACxvCkWXAS8tHvVds5BsG2sv7Pq8oUmU813ga
PASS V0b. Phantom session 2 works | ok 5gf4SeT7VdokEeRnvoJ5mwNiMBpo8owzZncc5NkVe97hJXHN7W6uwWjJCpbdS4tkqD7tBiRChfaoKRdqzWMsMJ1i
PASS V0c. no marker exists for session 1 yet | ok EwcuNxj13tgYRJSt42SauqYsDyowwAJyaEgdum339jvV
PASS V1. Phantom revokes session 1 (one signature, relayed, session key does not sign) | ok 3y5YTLDPco4QKDSNFZ6JiqqQbTr6sox3GeuB9HXafut4cRq5YMAh9V3tGWrDje6RSckErAznLQJzqXBH4Cc1wK56
METRIC revoke {"totalCu":23729,"primeSessionCu":23729,"bytes":726,"fee":10000}
PASS V1b. the marker is empty, owned by prime-session and rent exempt | ok {"lamports":890880,"dataBytes":0,"owner":"FTNMFWiECbRp7D5MwJUiNQfee6NuJPjE7S11J9yc2B9G"}
PASS V2. the revoked session 1 is refused | refused: custom program error: 0x2
PASS V3. the same wallet's session 2 keeps working | ok sPGdTLsbcUDqXnre1nn6w1Y78eGgwBs6yLqv7YNskkM9sZsDU5mA4sL9EEFKacPEfPt6KfbShANgHMKvW1NMpYz
PASS V3b. revoking session 1 again is refused | refused: custom program error: 0x2
PASS V4a. MetaMask's session-owner key signs a revoke of Phantom's session 2 (data names Phantom as owner) | refused: custom program error: 0x7
PASS V4b. MetaMask signs a revoke naming Phantom's PDA under its own owner field | refused: custom program error: 0x2
PASS V4c. Phantom session 2 still works | ok 2MJ9w2nT3HM17FqvqV4WrQsAonUmPz8sHNtTnjubt5V2VpYA23uPGjCzQHZaaeJkcqLjqZ79aSeKrumpBMfJRUtd
PASS V4d. MetaMask revokes the same key under its own PDA (a marker in MetaMask's namespace) | ok bu1GfuDZ54H3QLBzedfVgxe4G2TbXY1qNhinFy2QR2QjtoHfUhri6V2aKH4pRKaXqH35QvMLPZvhdkuTnngDn9q
PASS V4e. ...and Phantom's session 2 still works (the marker is per owner) | ok 3QVB84AtAxoibzRc7oBcJsTk9AdFMeHDTs2gMrkFEpxcBtem9oFYcggdcGLgrgHYFPGgpd9g6qSRatDhgUpyChxa
PASS V5a. Phantom revokes a key it never granted | ok 41TLMYfdQRVbKk3xU8b91Ed7iceiieGbFs8CeVGhwq4wmax8KxDz1zBi5d2Ryitq9CUyPinhkUeZvWqbshVLWdSS
PASS V5b. a grant signed for that key afterwards is refused | refused: custom program error: 0x2
PASS V6a. a revoke signed for account A's PDA, sent with account B's settings and B's marker | refused: custom program error: 0x2
PASS V6b. no marker was created in account B | ok 
PASS V6c. session 3 still works in account A | ok 2NquEVze22TXK3XnsXYCPe8TyccyNvcLH8rx3BGbxkhKuMgBJvA7qHRjHaJZpVGChvVZpbmYRM32qs36A8hqE1ts
PASS V7a. a pre-fund below the rent minimum is refused by the runtime | refused: {"InsufficientFundsForRent":{"account_index":1}}
PASS V7b. a stranger pre-funds the marker address with 0.001 SOL | ok LiH5otDTZYRBukBtZMsweYgNUqcBxEgrXatwGVXoWsnQay1nyAsC981jPPCcxw2xRqjztiWBNgcH9WYMvnuRB1y
PASS V7c. the revoke still works | ok 5pjotR2789VaWG46JUJFTPiixnTFR3cqAx15qs6nyBvW7fL3xqjTv9iKhSpUE23qSa3AaJZ44xJp8yRYNnoxVqNo
PASS V7d. the revoked session 4 is refused | refused: custom program error: 0x2
PASS V8a. a move that passes another marker address | refused: custom program error: 0x2
PASS V8b. a move with non-canonical bump 254 (canonical 255) and the canonical PDA account | refused: custom program error: 0x2
PASS V8c. the same session with the canonical bump works | ok 5KS14EurPGLXUWUBVHrfWi2o7g5hwWDsxxtfKP9mmBKyGgWoWn3LMFBgEccV7kyDsAKWi65zP3x9GnHrU7mXhdsC
PASS V9. a 72-byte instruction (the old length check) | refused: Program FTNMFWiECbRp7D5MwJUiNQfee6NuJPjE7S11J9yc2B9G invoke [1] Program log: panicked at src/lib.rs:37:110:
index out of bounds: the len is 8 but the index is 8
PASS V9b. a 10-byte instruction | refused: Program FTNMFWiECbRp7D5MwJUiNQfee6NuJPjE7S11J9yc2B9G invoke [1] Program log: panicked at src/lib.rs:35:41:
range end index 32 out of range for slice of length 1
PASS R0. Freighter session works before | ok 3pLDSH5JdTGa9K2Gn9MYa2FshtVjA1BtoD7498234VwiiqCF6igAPsn7RxhNMeC7DLtEspjzySQ1ThyFtc48Y1f7
PASS R1. MetaMask + Phantom update the policy: members MetaMask and Phantom PDAs only:a. MetaMask proposes and approves | ok 4eZVQuexsvHo6cNjgrVUUaoMahCKRKHb4DjRj9roAqZe32wnYuqK1FUDfh9VoXWs518XPEzRbuPuv5vSUzCxsb2Z
PASS R1. MetaMask + Phantom update the policy: members MetaMask and Phantom PDAs only:b. Phantom approves and executes | ok 4EA9BFRqnYZUpd91Yx9JA3V45wPi3JcEHChv69fYLbBynr8fvdCGT37DGq8Fodr3nF3Wz6y86thbanSA1ZPmKpYF
PASS R2. the live Freighter session after removal | refused: Error Code: NotASigner
PASS R3. MetaMask session still works | ok 2WRErRARsYN9mck5a5aCMwdeejyg8tU5ez9rn3pg5a39GLFdj7LbVcRUM1hybxrV3XWTh1FPz6i2iiT6LCUWaVEB
METRIC relayerSpend {"net":"localnet","spentLamports":4092315398,"vaultFundingLamports":4000000000,"sessionKeysFunded":41,"sessionKeyFundingDevnetLamports":82000000,"devnetEstimateLamports":674315398}
NEAR MPC signatures: 13, average 0.0s
MetaMask own-account: 10 signMessage (real extension, average 5.14s), 12 transaction signatures (stand-in with the wallet's rewrite), 4 of them for transactions whose simulation reverts (the real wallet would refuse)
130/130 passed
