== r01
create scenarios 200000 seed 31: mismatches 0; successful runs whose raw CPI log
transfer scenarios 200000 seed 31: mismatches 0; successful runs whose raw CPI l
allow scenarios 200000 seed 31: mismatches 0; successful runs whose raw CPI log 
release scenarios 200000 seed 31: mismatches 0; successful runs whose raw CPI lo
== r02
create scenarios 200000 seed 31: mismatches 0; successful runs whose raw CPI log
transfer scenarios 200000 seed 31: mismatches 0; successful runs whose raw CPI l
allow scenarios 200000 seed 31: mismatches 0; successful runs whose raw CPI log 
release scenarios 200000 seed 31: mismatches 0; successful runs whose raw CPI lo
== r03
create scenarios 200000 seed 31: mismatches 0; successful runs whose raw CPI log
transfer scenarios 200000 seed 31: mismatches 0; successful runs whose raw CPI l
allow scenarios 200000 seed 31: mismatches 0; successful runs whose raw CPI log 
release scenarios 200000 seed 31: mismatches 0; successful runs whose raw CPI lo
== r04
create scenarios 200000 seed 31: mismatches 0; successful runs whose raw CPI log
transfer scenarios 200000 seed 31: mismatches 0; successful runs whose raw CPI l
allow scenarios 200000 seed 31: mismatches 0; successful runs whose raw CPI log 
release scenarios 200000 seed 31: mismatches 0; successful runs whose raw CPI lo
== r05
create scenarios 200000 seed 31: mismatches 0; successful runs whose raw CPI log
transfer scenarios 200000 seed 31: mismatches 0; successful runs whose raw CPI l
allow scenarios 200000 seed 31: mismatches 0; successful runs whose raw CPI log 
release scenarios 200000 seed 31: mismatches 0; successful runs whose raw CPI lo
== r06
create scenarios 200000 seed 31: mismatches 0; successful runs whose raw CPI log
transfer scenarios 200000 seed 31: mismatches 0; successful runs whose raw CPI l
allow scenarios 200000 seed 31: mismatches 0; successful runs whose raw CPI log 
release scenarios 200000 seed 31: mismatches 0; successful runs whose raw CPI lo
== r07
create scenarios 200000 seed 31: mismatches 0; successful runs whose raw CPI log
transfer scenarios 200000 seed 31: mismatches 0; successful runs whose raw CPI l
allow scenarios 200000 seed 31: mismatches 0; successful runs whose raw CPI log 
release scenarios 200000 seed 31: mismatches 0; successful runs whose raw CPI lo
== r08
create scenarios 200000 seed 31: mismatches 0; successful runs whose raw CPI log
transfer scenarios 200000 seed 31: mismatches 0; successful runs whose raw CPI l
allow scenarios 200000 seed 31: mismatches 0; successful runs whose raw CPI log 
release scenarios 200000 seed 31: mismatches 0; successful runs whose raw CPI lo
== r09
create scenarios 200000 seed 31: mismatches 0; successful runs whose raw CPI log
transfer scenarios 200000 seed 31: mismatches 0; successful runs whose raw CPI l
allow scenarios 200000 seed 31: mismatches 0; successful runs whose raw CPI log 
release scenarios 200000 seed 31: mismatches 0; successful runs whose raw CPI lo
== r10
create scenarios 200000 seed 31: mismatches 0; successful runs whose raw CPI log
transfer scenarios 200000 seed 31: mismatches 0; successful runs whose raw CPI l
allow scenarios 200000 seed 31: mismatches 0; successful runs whose raw CPI log 
release scenarios 200000 seed 31: mismatches 0; successful runs whose raw CPI lo
== r11
create scenarios 200000 seed 31: mismatches 0; successful runs whose raw CPI log
transfer scenarios 200000 seed 31: mismatches 0; successful runs whose raw CPI l
allow scenarios 200000 seed 31: mismatches 0; successful runs whose raw CPI log 
release scenarios 200000 seed 31: mismatches 0; successful runs whose raw CPI lo
== r12
create scenarios 200000 seed 31: mismatches 0; successful runs whose raw CPI log
transfer scenarios 200000 seed 31: mismatches 0; successful runs whose raw CPI l
allow scenarios 200000 seed 31: mismatches 0; successful runs whose raw CPI log 
release scenarios 200000 seed 31: mismatches 0; successful runs whose raw CPI lo
== r13
create scenarios 200000 seed 31: mismatches 0; successful runs whose raw CPI log
transfer scenarios 200000 seed 31: mismatches 0; successful runs whose raw CPI l
allow scenarios 200000 seed 31: mismatches 0; successful runs whose raw CPI log 
release scenarios 200000 seed 31: mismatches 0; successful runs whose raw CPI lo
== r14
create scenarios 200000 seed 31: mismatches 0; successful runs whose raw CPI log
transfer scenarios 200000 seed 31: mismatches 0; successful runs whose raw CPI l
allow scenarios 200000 seed 31: mismatches 0; successful runs whose raw CPI log 
release scenarios 200000 seed 31: mismatches 0; successful runs whose raw CPI lo
== r15
create scenarios 200000 seed 31: mismatches 0; successful runs whose raw CPI log
transfer scenarios 200000 seed 31: mismatches 0; successful runs whose raw CPI l
allow scenarios 200000 seed 31: mismatches 0; successful runs whose raw CPI log 
release scenarios 200000 seed 31: mismatches 0; successful runs whose raw CPI lo
== r16
create scenarios 200000 seed 31: mismatches 0; successful runs whose raw CPI log
transfer scenarios 200000 seed 31: mismatches 0; successful runs whose raw CPI l
allow scenarios 200000 seed 31: mismatches 0; successful runs whose raw CPI log 
release scenarios 200000 seed 31: mismatches 0; successful runs whose raw CPI lo
