{
  MetaMask: "4TXiTPLxe5PrpwiY15tj9nP3wF5F8JPKUsYQyfHCCcod",
  Freighter: "9BcBicoPrGtPJnVynJoj2g1p6zrvaFBkJccorLwGTMZo",
  Phantom: "G5H71U2pASYLeei9MYvWVmCZzjHp2VscWTjpdLYa6LT4",
  sessionMetaMask: "3YomJ7dnhtqFnnPAzRUGmhC8EevR2R4F6Sdx7YN6Pppc",
  sessionFreighter: "Cn2bjH8kGkjioVoB9MY86TDsJ6kKjvaiu9ZCmMsJVW74",
  program: "FTNMFWiECbRp7D5MwJUiNQfee6NuJPjE7S11J9yc2B9G",
  programB: "J38gUL2YFo91GDBnDXwVDaGpk6XWSJUhs7RuditRdiVo",
  net: "localnet",
}
PASS P0. seats are exactly MetaMask(NEAR MPC), Freighter(NEAR MPC), Phantom(own key); threshold 2; vault funded | ok 3VjaawifnDw1CpUvsiyV3SmyqHGMq9fFKBE1CKXKUGaWnbj2GtY2GJVbFEmqhPCTZ215ojQUnFjTQHyemWZu4hBq
PASS K1-MetaMask. MetaMask alone:a. MetaMask proposes and approves | ok 5FDFg1QgxRmodfTPS8ZNtiD1sMUyMwVvS3zYBphkVrPJjtG4m7naLFnXyu8VDfzVDtvQTFPzx5SnakKTvkohPao2
PASS K1-MetaMask. MetaMask alone:b. MetaMask executes with only its own approval | refused: Error Code: InvalidProposalStatus
PASS K1-Freighter. Freighter alone:a. Freighter proposes and approves | ok 61FJyu3oJ1cvpv9ZEJrPRB3L5FPSLFEXdKdeS7h9RkLepzsry9shLcvtx9GvqrXuTZVH2CLMsotYQjdiW745Um3E
PASS K1-Freighter. Freighter alone:b. Freighter executes with only its own approval | refused: Error Code: InvalidProposalStatus
PASS K1-Phantom. Phantom alone:a. Phantom proposes and approves | ok 2Tk3oyzBdzL5dr3qrC8bJHDxunbMt5YMDppH34rxtu9hnim5pbJw5ZBNCHsVCVDySRUTYnVbCvsjnWZw1xbPKaV
PASS K1-Phantom. Phantom alone:b. Phantom executes with only its own approval | refused: Error Code: InvalidProposalStatus
PASS K2. MetaMask + Freighter:a. MetaMask proposes and approves | ok 2WpMvmZjDRZGtsJX97vVJy4AKhxPEx9CFLaf9vxSUXW8XG1xEEYZMiAPwAewcoUTDeoUVds71No4ziqHY57oAjtE
METRIC seat-propose-K2-MetaMask {"totalCu":78014,"ownCu":0,"bytes":579,"fee":10000}
PASS K2. MetaMask + Freighter:b. Freighter approves and executes | ok vVnTTXn3cnBXpJwA4KxpqPjNiwhk4GRLd3rh4xVT5rxtG787oBUzou7ZfoAfktkEN96RHB6Mj5UN2TuZjrpjGhw
METRIC seat-exec-K2-Freighter {"totalCu":67701,"ownCu":0,"bytes":490,"fee":10000}
PASS K3. Freighter + Phantom:a. Freighter proposes and approves | ok 5a45HC9GNyN9tiq7gHtkcAfFtPusk2DyopsGqFr1zzWpfTcMEFRQG64SjfTgSHCC2TThyBfwJn4RgRLUYwjYvzsv
METRIC seat-propose-K3-Freighter {"totalCu":83828,"ownCu":0,"bytes":579,"fee":10000}
PASS K3. Freighter + Phantom:b. Phantom approves and executes | ok 3be7NPiqdG5RAhT5JCnPg9zuj9974vBcThuaNeaY3ypAyoMNPH4vGAV7EbunKx8dhxMBK7dq6UndxqgDy3c5wx6L
METRIC seat-exec-K3-Phantom {"totalCu":70829,"ownCu":0,"bytes":490,"fee":10000}
PASS K4. Phantom + MetaMask:a. Phantom proposes and approves | ok Av8wrwHiQUZbRGmagFFvmf32psM2ckkqbn5sL8Wvj1RhFANVnFbabH7fPeGcRu45hw5rLdNsjNxmBzi8ocmSYvX
METRIC seat-propose-K4-Phantom {"totalCu":79520,"ownCu":0,"bytes":579,"fee":10000}
PASS K4. Phantom + MetaMask:b. MetaMask approves and executes | ok 1gfwZaoCLXhD8yeJAnL39hFpN9xDdPhr1eNvBzVGhGQzG4VSomVUcpyzy5LdhEPNKYZFMvRAc2CS98KuDpABWBu
METRIC seat-exec-K4-MetaMask {"totalCu":67876,"ownCu":0,"bytes":490,"fee":10000}
PASS K5. DEST received exactly 0.03 SOL | ok 0.03
PASS K6. MetaMask alone (open proposal):a. MetaMask proposes and approves | ok 43yvGUpscEMXvBtJmCQQLjiyv6DhvhgDLDMQ5yaC1YWJArEguyQuD5jC779MJwxogrHVGVH8cVDNnMG3MKxEUU2M
PASS K6. MetaMask alone (open proposal):b. MetaMask executes with only its own approval | refused: Error Code: InvalidProposalStatus
PASS K6c. an outsider approves it | refused: Error Code: NotASigner
PASS K6d. Freighter's seat signed by MetaMask's MPC key | refused: Transaction did not pass signature verification
PASS K6e. Freighter's seat signed by its MPC key under another path | refused: Transaction did not pass signature verification
PASS K6f-MetaMask. MetaMask's seat vote signed by its session-path key | refused: Transaction did not pass signature verification
PASS K6g-MetaMask. MetaMask's session-path key approves as itself | refused: Error Code: NotASigner
PASS K6f-Freighter. Freighter's seat vote signed by its session-path key | refused: Transaction did not pass signature verification
PASS K6g-Freighter. Freighter's session-path key approves as itself | refused: Error Code: NotASigner
PASS K7. install the movers policy (members: the three session PDAs):a. MetaMask proposes and approves | ok 26iMg66TgjKq566za1c2s9Nspzf9hQxfqcbYw4N6anAsEKKzdLhBhwkii9YpFRnMW5mXdvbkPPewiJwNUPUUNLxB
PASS K7. install the movers policy (members: the three session PDAs):b. Phantom approves and executes | ok 2DAmXiYPmaX3jZLABqTFWbvPqXVWPWTjGnc4gBRt4a984JUkFAHhkxViaxSWfgCg7tbtwqwT8bWhwJFNyPHgWUD9
PASS N0. MetaMask alone (open proposal):a. MetaMask proposes and approves | ok oB3hLnWyj1GvtBn8VRGASG1UTM2QrdfYC3Jz2q5kQBcKyiMvWQV15cFXFyyNLHEDHBhosZc6oTQ3KowCbktunaF
PASS N0. MetaMask alone (open proposal):b. MetaMask executes with only its own approval | refused: Error Code: InvalidProposalStatus
PASS N1. Phantom session approves that proposal as its PDA | refused: Error Code: NotASigner
PASS N2. Phantom session key approves it as itself | refused: Error Code: NotASigner
PASS N3. Phantom session proposes a vault transaction as its PDA | refused: Error Code: NotASigner
PASS N4. Phantom session adds its key as a seat (settings sync, as its PDA) | refused: Error Code: InvalidSignerCount
PASS N5. Phantom session calls a program other than the Smart Account (System transfer from its PDA) | refused: Program FTNMFWiECbRp7D5MwJUiNQfee6NuJPjE7S11J9yc2B9G invoke [1] Unknown program SMRTzfY6DfH5ik3TKiyLFfXexV8uSG3d2UksSCYdunG Program FTNMFWiECbRp7D5MwJUiNQfee6Nu
PASS G-MetaMask1. one MetaMask signature (through NEAR) -> session; relayer pays: 0.01 SOL to VENUE | ok 3jbucFPTbdVho4vUudUUZ9bTvRpKfYrx6xpiKnQnPGT6Ux88dqJYqfjt2wctt59Yo73ZSd74UViGWiu4wadh1XCS
METRIC move-MetaMask-relayed {"totalCu":56365,"primeSessionCu":56365,"ownCu":21663,"bytes":975,"fee":15000}
PASS G-MetaMask2. relayer down: session key pays the fee itself: 0.005 SOL to VENUE | ok 38xhte7tKx5CU9rZtt4UbPWsPrBRTa4VdmcCTYX2F9B6w2RXGz82u2Nuj5oymaJ3LzKmvRSTeGbRC1wRucZWkRiH
PASS G-MetaMask3. VENUE received exactly 0.015 SOL | ok 0.015
PASS G-MetaMask4. relayer down and the session key has no SOL | refused: Attempt to debit an account but found no record of a prior credit
PASS G-MetaMask5. same session: 0.01 SOL elsewhere (policy) | refused: Error Code: ProgramInteractionAccountConstraintViolated
PASS G-MetaMask6. same session: 0.06 SOL to VENUE (over the 0.05 per-move limit) | refused: Error Code: ProgramInteractionInvalidNumericValue
PASS G-MetaMask7. stretched valid-until | refused: custom program error: 0x7
PASS G-MetaMask8. someone else replays the grant with their own key | refused: custom program error: 0x7
PASS G-Freighter1. one Freighter signature (through NEAR) -> session; relayer pays: 0.01 SOL to VENUE | ok 2B4HNQFBP3AoqsnhcVmL67PxYTEHXafenQtQ394oS2xGYggLxJYUyxbozesVWUQxbEZLtcKX8JBzvbF2e1FdAV1k
METRIC move-Freighter-relayed {"totalCu":57834,"primeSessionCu":57834,"ownCu":23163,"bytes":975,"fee":15000}
PASS G-Freighter2. relayer down: session key pays the fee itself: 0.005 SOL to VENUE | ok 3EsDGmsaNdNek7UL7x9ptFexYd14LXq9eC6cQ9M6wfGwFq2XLzZxBUPytwjG9eUovoTsHtEyyD7kJ1q6bgKUEijF
PASS G-Freighter3. VENUE received exactly 0.015 SOL | ok 0.015
PASS G-Freighter4. relayer down and the session key has no SOL | refused: Attempt to debit an account but found no record of a prior credit
PASS G-Freighter5. same session: 0.01 SOL elsewhere (policy) | refused: Error Code: ProgramInteractionAccountConstraintViolated
PASS G-Freighter6. same session: 0.06 SOL to VENUE (over the 0.05 per-move limit) | refused: Error Code: ProgramInteractionInvalidNumericValue
PASS G-Freighter7. stretched valid-until | refused: custom program error: 0x7
PASS G-Freighter8. someone else replays the grant with their own key | refused: custom program error: 0x7
PASS G-Phantom1. one Phantom signature -> session; relayer pays: 0.01 SOL to VENUE | ok 4yAi2JNthMCpTkq2kh8MEC8vj1MqDA29gSoifLAjxzaD7MowksH2S8sUtvstTuivEb1i8FRwi9PsycHYfjFCS1Yn
METRIC move-Phantom-relayed {"totalCu":56366,"primeSessionCu":56366,"ownCu":21663,"bytes":975,"fee":15000}
PASS G-Phantom2. relayer down: session key pays the fee itself: 0.005 SOL to VENUE | ok 4MdgvM73k4Zs432tpfoinZ1GCbuWKTyHYYeyGRnpcF3XWJ6gPLsVGzu1iF1NSJvzVqMR4yZnXCyAVtMNDQLX9zdZ
PASS G-Phantom3. VENUE received exactly 0.015 SOL | ok 0.015
PASS G-Phantom4. relayer down and the session key has no SOL | refused: Attempt to debit an account but found no record of a prior credit
PASS G-Phantom5. same session: 0.01 SOL elsewhere (policy) | refused: Error Code: ProgramInteractionAccountConstraintViolated
PASS G-Phantom6. same session: 0.06 SOL to VENUE (over the 0.05 per-move limit) | refused: Error Code: ProgramInteractionInvalidNumericValue
PASS G-Phantom7. stretched valid-until | refused: custom program error: 0x7
PASS G-Phantom8. someone else replays the grant with their own key | refused: custom program error: 0x7
PASS G9. grant longer than 7 days | refused: custom program error: 0x4
PASS G10. expired grant | refused: custom program error: 0x4
PASS G11. MetaMask grant with the ed25519 program instruction missing | refused: custom program error: 0x7
PASS G12. ed25519 instruction reading its public key from another instruction | refused: custom program error: 0x0
PASS G13. daily cap shared by all: 0.045 used + 0.05 = 0.095 <= 0.1 | ok 429Dnu4WRuinDMXESUJfFyu5ezG5cHEjsFKddXBae9hQofbbm4MxiZcDQSSiqZC7bQFqqdxfLkP44iP791PbTUi9
PASS G13b. + 0.01 = 0.105 > 0.1 | refused: Error Code: ProgramInteractionInsufficientLamportAllowance
PASS X1. Freighter's PDA with a grant signed by MetaMask (NEAR) | refused: custom program error: 0x7
PASS X2. Phantom's PDA with a grant signed by Freighter (NEAR) | refused: custom program error: 0x7
PASS X3. MetaMask's PDA with a grant signed by Phantom | refused: custom program error: 0x7
PASS X4. Freighter's PDA with its MPC key under another path | refused: custom program error: 0x7
PASS X4b. Freighter's session PDA with a grant signed by its seat key (prime:solana) | refused: custom program error: 0x7
PASS X5. Phantom grant presented for MetaMask's PDA | refused: custom program error: 0x7
PASS X6. grant signed for cluster mainnet, used on localnet | refused: custom program error: 0x7
PASS X7a. a grant naming program A's PDA, presented to program B with A's PDA | refused: custom program error: 0x2
PASS X7b. the same grant presented to program B with B's PDA (text mismatch) | refused: custom program error: 0x7
PASS X7c. a grant naming program B's PDA, presented to program A with B's PDA | refused: custom program error: 0x2
PASS X7d. the same grant presented to program A with A's PDA (text mismatch) | refused: custom program error: 0x7
PASS X8. Phantom's own signed grant naming MetaMask's PDA | refused: custom program error: 0x2
PASS X9a. valid Phantom grant, data names another settings address | refused: custom program error: 0x2
PASS X10. the session key does not sign (relayer only) | refused: Program FTNMFWiECbRp7D5MwJUiNQfee6NuJPjE7S11J9yc2B9G invoke [1] Program FTNMFWiECbRp7D5MwJUiNQfee6NuJPjE7S11J9yc2B9G consumed 2483 of 203000 compute units Progr
PASS X11a. account 3 set to the System program instead of the Smart Account program: the move still runs | ok 2SuKTaheoXPCAuhoMuzqMsApjbTPVaHqFKUbvn2SYXbLUd1KhXFqKzHXNeGrjDkrrcMooG7iRNkYkctto5NoC1BL
PASS X11b. ...and prime-session called only the Smart Account program | ok 2SuKTaheoXPC… Program SMRTzfY6DfH5ik3TKiyLFfXexV8uSG3d2UksSCYdunG invoke [2]
PASS A0. account B created with the same three seats | ok TkQRZ6vmE5H9aoQyj4rnhhQpgzp6zjQ3Dz42wkLNGfgV1FVELaW6Qg78WEkXZhY4jSAszxf1NX3LMaaiGBwPcHp
PASS A1. account B installs its movers policy (members: each wallet's PDA for account B):a. MetaMask proposes and approves | ok 35jfLU1vnoqr56K8zmXAk5ui9n2E8QvDvA2SnRC3of1HfXeyaeySgGQk74mia8xzNzkxpeduzzz9KWAZs9uq7UpY
PASS A1. account B installs its movers policy (members: each wallet's PDA for account B):b. Phantom approves and executes | ok pfqiMVePQZMCzWv7uPDnLKmTNdi4iD6akqBWSM6euAQ8tnjDdbHhQhFPofr8HJAbityUu4tYq9dpgUzWKaDkNcG
PASS A2. each wallet's PDA differs between account A and account B | ok 7qriG5,J5qGs8,CxMTvv
PASS A3. account A's Phantom grant presented to account B (as Phantom's account-B PDA) | refused: custom program error: 0x7
PASS A4. account A's Phantom PDA calling account B's policy | refused: Error Code: NotASigner
PASS A5. a Phantom grant made for account B works in account B | ok 5VvNX6k4kTABsgu8cRGUx9GtPiLj8BLeGTK8sYWcpbwUMV2Gy7dAXztHFKVocEs1qeon3AmTqAStXvUokWKiF8ZG
PASS A5-M0. Phantom session: one move through the Smart Account (compute units recorded) | ok 5qEBuTpXd83iLsNjrPYcCXCVPqjiLqpApkjuubwP9F15JrGGbzuXvp3qa5NcMkqjqRdRkJH88CGgJ624nUcm7P1U
METRIC move-sample-0 {"totalCu":53334,"primeSessionCu":53334,"ownCu":21663,"bytes":975,"fee":15000}
PASS A5-M1. Phantom session: one move through the Smart Account (compute units recorded) | ok 5kfy4GBFm6KEq9U5D635oZoAp1qayS8KHHPueVaYLD71BfsMhzsJR2fRLsAUG3GnVqbr2GeuKfvpY6DjyZxqun1r
METRIC move-sample-1 {"totalCu":53334,"primeSessionCu":53334,"ownCu":21663,"bytes":975,"fee":15000}
PASS A5-M2. Phantom session: one move through the Smart Account (compute units recorded) | ok 4CT9m12Sr7FQE9rxzSFVAHMHCP6d3YUJU8XPXfhGVwtxxMaiyaoi3A4vjprLe5UuurZtVASgrHm4D9YeTF4ZEFoz
METRIC move-sample-2 {"totalCu":53334,"primeSessionCu":53334,"ownCu":21663,"bytes":975,"fee":15000}
PASS A5-M3. Phantom session: one move through the Smart Account (compute units recorded) | ok mWMQ6veuGtMH3DV2kDQs2y6S2rkoP9fVsZYSUCrWNq4x773ezgQ6hYxRgmu3cu1mkbN7AN8ta3qQed182k2CFRv
METRIC move-sample-3 {"totalCu":56334,"primeSessionCu":56334,"ownCu":24663,"bytes":975,"fee":15000}
PASS A5-M4. Phantom session: one move through the Smart Account (compute units recorded) | ok 36fwFmyxSdxD7TZ9hk3yjQMi4h1rkr5jYDTpytY3sbJmhpo6sWjrtKeCwoVY8YaQToULZMF9dEWZXumDTumEWL3F
METRIC move-sample-4 {"totalCu":53334,"primeSessionCu":53334,"ownCu":21663,"bytes":975,"fee":15000}
PASS A5-M5. Phantom session: one move through the Smart Account (compute units recorded) | ok MoCXJqe93ABXfe1XqoU8LLtrKuaf2kdapLLirQcLv9vL1sEqccDdfsoqM6yXPRVgo4J7uAWrjUUQV7V6dVhLndS
METRIC move-sample-5 {"totalCu":57834,"primeSessionCu":57834,"ownCu":26163,"bytes":975,"fee":15000}
PASS A5-M6. Phantom session: one move through the Smart Account (compute units recorded) | ok 5qQeQV3et7B3K2zKiWtgXm9bjbmWjrDQnJHSfFzpJmHPMvCtovcWu3RymYd5jRFq3cwRjrtjrUKZfH6qoVUK3G81
METRIC move-sample-6 {"totalCu":53334,"primeSessionCu":53334,"ownCu":21663,"bytes":975,"fee":15000}
PASS A5-M7. Phantom session: one move through the Smart Account (compute units recorded) | ok ztCivd47KbEcZGxVUash2j99bcXMJyEsCdFdpNz1bNn2BJAPUjawH9F9Xiw2R9hf1txDXMJpNH8xPVghwUA5ZTP
METRIC move-sample-7 {"totalCu":53334,"primeSessionCu":53334,"ownCu":21663,"bytes":975,"fee":15000}
PASS A5-M8. Phantom session: one move through the Smart Account (compute units recorded) | ok 3hiUqTu4jQ3aJckqQ5GFFQxTmHsjSSZAwgRNfcq4FedpNYYN4e1PtgXBWNTHddrZJnzADA3iPoTz1umBw3KSskbg
METRIC move-sample-8 {"totalCu":53334,"primeSessionCu":53334,"ownCu":21663,"bytes":975,"fee":15000}
PASS A5-M9. Phantom session: one move through the Smart Account (compute units recorded) | ok 5VvdTB6ZeTDLscp33e772aJF2g1SLAjQLiVte4bh89AUQZGqBKCvxPDGEm6tXrYrU7Bof8gRf57gT721k98JTUw3
METRIC move-sample-9 {"totalCu":54834,"primeSessionCu":54834,"ownCu":23163,"bytes":975,"fee":15000}
PASS A6. account B's grant presented to account A | refused: custom program error: 0x7
PASS V0a. Phantom session 1 works | ok 4zfAnGna2TSRCLzN6FJgugCz1omhbd8wosi5YqMRFJGQPQSRRuWhNZuVKNjPWMUGrQZHs8hNuddP9WYq6NDaFvK5
PASS V0b. Phantom session 2 works | ok 3LFy5NaASVSCsvSdfje6gVxzqx7i63qeDtuNCUVZiWe96z4izXnUBZ3QPirJH73C3fAx59CWiztpze921DwKpL69
PASS V0c. no marker exists for session 1 yet | ok BCNh1EZS4PZixVLTKH33AfeCQh8khvPZhJWLVM3j5n4A
PASS V1. Phantom revokes session 1 (one signature, relayed, session key does not sign) | ok 3CAC2siLywfgK5YiZ8eGXeiTzCMSitQ2FkxJvgz1wStZtV8ZN7jqCMGg5norKctUHAqZ1rXcfN5Vq4XSiSGugSPG
METRIC revoke {"totalCu":22229,"primeSessionCu":22229,"ownCu":22229,"bytes":726,"fee":10000}
PASS V1b. the marker is empty, owned by prime-session and rent exempt | ok {"lamports":890880,"dataBytes":0,"owner":"FTNMFWiECbRp7D5MwJUiNQfee6NuJPjE7S11J9yc2B9G"}
PASS V2. the revoked session 1 is refused | refused: custom program error: 0x2
PASS V3. the same wallet's session 2 keeps working | ok 5enhRQbUs9FiWuCgqguDVoDnChvKShufMYgtkod2Pqrorey1ZC6pv7KSti1QBuUewEUk2uaWL9uP3khqreYSJDPA
PASS V3b. revoking session 1 again is refused | refused: custom program error: 0x2
PASS V4a. MetaMask's session-owner key signs a revoke of Phantom's session 2 (data names Phantom as owner) | refused: custom program error: 0x7
PASS V4b. MetaMask signs a revoke naming Phantom's PDA under its own owner field | refused: custom program error: 0x2
PASS V4c. Phantom session 2 still works | ok 3TTDJaf7GcUQGBR4w1yHdLBzqjyRUNSLDBmPyoykg9XSpv1YWGLEeXe6Kp4JQQtTCttsUFBGpiRfTeyUqfY1t8vr
PASS V4d. MetaMask revokes the same key under its own PDA (a marker in MetaMask's namespace) | ok 4hvD5882LoH7d1zQwTc2SALa8yDnwk4e8YQARroSTu12ujuwnEqSzkKn2vTNGSu9g7ThrwTghySMD8VtxcsDiS4t
PASS V4e. ...and Phantom's session 2 still works (the marker is per owner) | ok 2aBZKYLA3n9KhTcRmzqWXHzjsaqkr4L7sDHw6Pbu73Gt9c5gp51yFKQn3J6HmBJPBiNYaL1mkPTsc1dgpR7TVt3o
PASS V5a. Phantom revokes a key it never granted | ok 5KxjDukEf4ji1KCCDzBKhkbqnege5L68AFuPoyVbAYnsCJQT9gooZiJEU5zNyzu9trTxSB7veBzECHDQPc9FnAci
PASS V5b. a grant signed for that key afterwards is refused | refused: custom program error: 0x2
PASS V6a. a revoke signed for account A's PDA, sent with account B's settings and B's marker | refused: custom program error: 0x2
PASS V6b. no marker was created in account B | ok 
PASS V6c. session 3 still works in account A | ok 2NkV4fZKDLcXzjQmX444Hst9T1SSX7YRzGbJrowux7tCheTjLWFPXCaXUqwXib1tZhFEVN1rYqL2UV4anvU7dR9x
PASS V7a. a pre-fund below the rent minimum is refused by the runtime | refused: {"InsufficientFundsForRent":{"account_index":1}}
PASS V7b. a stranger pre-funds the marker address with 0.001 SOL | ok 2G8W68MMBoL7oSCyLFYyvVhWkQZgsqViEqw2vtuykXUrz4ykp9rVj4XBivyCCGXn5VQFCxsrSHMt9rV2Sab1QRgt
PASS V7c. the revoke still works | ok 4fj3fyY6QGJYQXB2A3ftMWJCZ8fheUayaGxmNtWzhGw1154WMDNMznEEUEpJKoRM7jsP3T4wM4apUGuMiFsQmFLo
PASS V7d. the revoked session 4 is refused | refused: custom program error: 0x2
PASS V8a. a move that passes another marker address | refused: custom program error: 0x2
PASS V8b. a move with non-canonical bump 254 (canonical 255) and the canonical PDA account | refused: custom program error: 0x2
PASS V8c. the same session with the canonical bump works | ok 3WRKfPgaLS7ZZ2cn2FW5T1N53Hd8iS3dVLEkPsoocqgip7SZzmd6Huxu7LWsFuQnjbjWPzuoqy5j9Vwzvnzb3GPT
PASS V9. a 72-byte instruction (the old length check) | refused: Program FTNMFWiECbRp7D5MwJUiNQfee6NuJPjE7S11J9yc2B9G invoke [1] Program log: panicked at src/lib.rs:37:110:
index out of bounds: the len is 8 but the index is 8
PASS V9b. a 10-byte instruction | refused: Program FTNMFWiECbRp7D5MwJUiNQfee6NuJPjE7S11J9yc2B9G invoke [1] Program log: panicked at src/lib.rs:35:41:
range end index 32 out of range for slice of length 1
PASS R0. Freighter session works before | ok DJK8i5RkZveBDwkTsB3VUE37q7QUKuWZ9m9bWugXYYGuFWTeVR2r5hTzZ5ZjCRiMpXXSSMhR1kiRrh9HajeGwi6
PASS R1. MetaMask + Phantom update the policy: members MetaMask and Phantom PDAs only:a. MetaMask proposes and approves | ok 5k3TGZkC3GKquFTD8kfYLFj6uGo6xCC6DMG3wi6QEDCyGQHdr6drqoxwPc5ngLbSZWBzAuCaPi4d3HGKaf183jwk
PASS R1. MetaMask + Phantom update the policy: members MetaMask and Phantom PDAs only:b. Phantom approves and executes | ok 2rXuJgcnSy1Bt8cVNmhCXEMv6dSzDRtiMPSHuyNRGYwUrqCSuHyaRg4izbRBhjG7EBazP7KHAzsuGLq8H1ZsGjp4
PASS R2. the live Freighter session after removal | refused: Error Code: NotASigner
PASS R3. MetaMask session still works | ok AVBEeX9wWicHn8e9ieRm8SDBh4WoMDL9iFSayNZFy1M7XJsQ3dh4HicrzSb5hiFWdQ5EK6af5S9356fk1t4Aufh
METRIC relayerSpend {"net":"localnet","spentLamports":4092309680,"vaultFundingLamports":4000000000,"sessionKeysFunded":41,"sessionKeyFundingDevnetLamports":82000000,"devnetEstimateLamports":454309680}
NEAR MPC signatures: 35, average 0.0s
128/128 passed
