{
  MetaMask: "2mgK6QSMmExM2CDzKZK3dFHpaUYb5NkiS2spdL6yvGMZ",
  Freighter: "BU4B8vczr3Xqzo1sq5fTUE9HG9VxvXcbUKv4Yv4q9AuU",
  Phantom: "G5H71U2pASYLeei9MYvWVmCZzjHp2VscWTjpdLYa6LT4",
  sessionMetaMask: "FGaZkHnnqWdGtGHwYBNg3XFJW9euiqWa9ParoHMfRWPX",
  sessionFreighter: "GgnRgm9eVt6TNUNQUm13Nr9Zo7Mkv2Lvdm7nma6uzLZj",
  program: "FTNMFWiECbRp7D5MwJUiNQfee6NuJPjE7S11J9yc2B9G",
  programB: "J38gUL2YFo91GDBnDXwVDaGpk6XWSJUhs7RuditRdiVo",
  net: "localnet",
}
PASS P0. seats are exactly MetaMask(NEAR MPC), Freighter(NEAR MPC), Phantom(own key); threshold 2; vault funded | ok 5iUdCGDwBXX2awsFoA2vUJoyrUwjGkv8FW18kLmMdpUfWnJS1KNwXK4jRdzgjQUiseYL2R12H5HWvUw96J6gjMs4
PASS K1-MetaMask. MetaMask alone:a. MetaMask proposes and approves | ok 4yNVA2AmPPsNxcx2T3jT9ZCvJCEFEAHB9YgX34dgusJC4XhBG6Kat2TYaHnf3bbjRjxg1byjX3CS6hvkvuMuLGjo
PASS K1-MetaMask. MetaMask alone:b. MetaMask executes with only its own approval | refused: Error Code: InvalidProposalStatus
PASS K1-Freighter. Freighter alone:a. Freighter proposes and approves | ok 3qecTjLU5LbwnZuxtXfzivJNSgAeHZcmdT9qNpFviJFEeMtjPjDzcrXMNEsrSDN2Kb4fG9C59KogURQgt5iPi5CD
PASS K1-Freighter. Freighter alone:b. Freighter executes with only its own approval | refused: Error Code: InvalidProposalStatus
PASS K1-Phantom. Phantom alone:a. Phantom proposes and approves | ok 3NdRzB4YKmSspc8qyY41MuWchboFBMC8Cm4o9BPRamnQ1tTBMPfbbCU2EQxmJeXkxtcpWBQmRxCa3JJT874oAMvC
PASS K1-Phantom. Phantom alone:b. Phantom executes with only its own approval | refused: Error Code: InvalidProposalStatus
PASS K2. MetaMask + Freighter:a. MetaMask proposes and approves | ok 3ARXmrSC7ixedcyP5ViBnyXBzxLkcfCosXDvixQ8n9DdFaCQw2DY15M5AmPLDDkCYTYDv5GitDnEKQXtnZycK8M1
METRIC seat-propose-K2-MetaMask {"totalCu":78014,"bytes":579,"fee":10000}
PASS K2. MetaMask + Freighter:b. Freighter approves and executes | ok 3cWH2ns8fQCDexAJQ5L6YMbT3i32xYydE61SLdzeUUBFkd8eVQPXMao2HVSWmUGfFey2BK2whNccHgVgckxnqvxj
METRIC seat-exec-K2-Freighter {"totalCu":67701,"bytes":490,"fee":10000}
PASS K3. Freighter + Phantom:a. Freighter proposes and approves | ok 4XS9SKBonMrJvUVR8YHMPSXrHLekge8MpyHbpZcNW4tN5HtyzYhSLw7Kkf1WJfAD42kxqCvZa6szQxLuWQwPL84B
METRIC seat-propose-K3-Freighter {"totalCu":83828,"bytes":579,"fee":10000}
PASS K3. Freighter + Phantom:b. Phantom approves and executes | ok 32poudUWFE4zsxoSLiCH9jq5QcRN98BQYuqL1bT6hSn1JC5LR9JshSaEWuerD9zYyEBKCnn6H1iKDMuQ1A8me7gm
METRIC seat-exec-K3-Phantom {"totalCu":70829,"bytes":490,"fee":10000}
PASS K4. Phantom + MetaMask:a. Phantom proposes and approves | ok 55CLzFSNtudfEXkd9msSPJ1eLDD5jctQit8a3v4sYqpTJTvVDsjJ2bw1tyJxEaUjdEmGVyU2dKjCoSWXQotexDVw
METRIC seat-propose-K4-Phantom {"totalCu":79520,"bytes":579,"fee":10000}
PASS K4. Phantom + MetaMask:b. MetaMask approves and executes | ok 3iTw9GagF47rSr6DQfcvCqoEsPLyU12WFB5rzJCovJdxCRoQNa8zmtuCEBBhcKxn26dU1XEzxWYSeP31PaHFTbJp
METRIC seat-exec-K4-MetaMask {"totalCu":67876,"bytes":490,"fee":10000}
PASS K5. DEST received exactly 0.03 SOL | ok 0.03
PASS K6. MetaMask alone (open proposal):a. MetaMask proposes and approves | ok 4khu7Q8h1fkg9FoiPVCfwoLWjxcuLRPkAgWTniVREaHzgyvTiSWKWHZUVmhtVpkaoU78zvyGhCSvRjMnbpeDTrZr
PASS K6. MetaMask alone (open proposal):b. MetaMask executes with only its own approval | refused: Error Code: InvalidProposalStatus
PASS K6c. an outsider approves it | refused: Error Code: NotASigner
PASS K6d. Freighter's seat signed by MetaMask's MPC key | refused: Transaction did not pass signature verification
PASS K6e. Freighter's seat signed by its MPC key under another path | refused: Transaction did not pass signature verification
PASS K6f-MetaMask. MetaMask's seat vote signed by its session-path key | refused: Transaction did not pass signature verification
PASS K6g-MetaMask. MetaMask's session-path key approves as itself | refused: Error Code: NotASigner
PASS K6f-Freighter. Freighter's seat vote signed by its session-path key | refused: Transaction did not pass signature verification
PASS K6g-Freighter. Freighter's session-path key approves as itself | refused: Error Code: NotASigner
PASS K7. install the movers policy (members: the three session PDAs):a. MetaMask proposes and approves | ok 3m72AoZNbxpNryVbwifHKfUaN1ZdnJJzWXRW8oCz8NZvt1kzHZWyyMv6X6E3H5bbsGV5xx36fuuddDsWkTfqeyCe
PASS K7. install the movers policy (members: the three session PDAs):b. Phantom approves and executes | ok Qs213hzmBsUcr1hSPYwXaYXkkZQ1FKMibZH4fjFU5xwGXsVuYZyE1Pd92WDH544RaseEPSi9hXGNxUBrJcKDmFL
PASS N0. MetaMask alone (open proposal):a. MetaMask proposes and approves | ok 3HZDteyj9EH84F4BEa4QH6ikrCXnipx3KpQZuHHdmzEEAXrnHrcch3DNaazSWCu7GZhYCT2ex4bUnKMDw9vxND7e
PASS N0. MetaMask alone (open proposal):b. MetaMask executes with only its own approval | refused: Error Code: InvalidProposalStatus
PASS N1. Phantom session approves that proposal as its PDA | refused: Error Code: NotASigner
PASS N2. Phantom session key approves it as itself | refused: Error Code: NotASigner
PASS N3. Phantom session proposes a vault transaction as its PDA | refused: Error Code: NotASigner
PASS N4. Phantom session adds its key as a seat (settings sync, as its PDA) | refused: Error Code: InvalidSignerCount
PASS N5. Phantom session calls a program other than the Smart Account (System transfer from its PDA) | refused: Program FTNMFWiECbRp7D5MwJUiNQfee6NuJPjE7S11J9yc2B9G invoke [1] Unknown program SMRTzfY6DfH5ik3TKiyLFfXexV8uSG3d2UksSCYdunG Program FTNMFWiECbRp7D5MwJUiNQfee6Nu
PASS G-MetaMask1. one MetaMask signature (through NEAR) -> session; relayer pays: 0.01 SOL to VENUE | ok 4Xz9AKFnmK2WpyzyHRUAErCKezoeL1QXP6U8nkdBEY6aqiswJDJ5cuFPVG4h9AQEgVWwY5jrXmZ6Gth28PJ65xHN
METRIC move-MetaMask-relayed {"totalCu":57923,"primeSessionCu":57923,"bytes":975,"fee":15000}
PASS G-MetaMask2. relayer down: session key pays the fee itself: 0.005 SOL to VENUE | ok 5qeGE1nMaaCeUyfsUz5jgZPpgBrmZoxAuCdQRKncXH83X8hWVYrsCFQiwwvaEh4WuFLrQVkFB7Ay2N6fue1DiQwj
PASS G-MetaMask3. VENUE received exactly 0.015 SOL | ok 0.015
PASS G-MetaMask4. relayer down and the session key has no SOL | refused: Attempt to debit an account but found no record of a prior credit
PASS G-MetaMask5. same session: 0.01 SOL elsewhere (policy) | refused: Error Code: ProgramInteractionAccountConstraintViolated
PASS G-MetaMask6. same session: 0.06 SOL to VENUE (over the 0.05 per-move limit) | refused: Error Code: ProgramInteractionInvalidNumericValue
PASS G-MetaMask7. stretched valid-until | refused: custom program error: 0x7
PASS G-MetaMask8. someone else replays the grant with their own key | refused: custom program error: 0x7
PASS G-Freighter1. one Freighter signature (through NEAR) -> session; relayer pays: 0.01 SOL to VENUE | ok 5mbuCnMFewMnixEnSiVrttQh3LZZk2YMdNfmzbqasjAymTfKcDHFBFkWgm2htPRk6yzSML2TLq4UorbdP8Sc1nEo
METRIC move-Freighter-relayed {"totalCu":56455,"primeSessionCu":56455,"bytes":975,"fee":15000}
PASS G-Freighter2. relayer down: session key pays the fee itself: 0.005 SOL to VENUE | ok cjwoavN9XMrCmBFysVQhUdLbV3PEqbDj2sX4VcdAs9oggngDSjemGEoXQiYYhbMrm2PZcYvhmeZAjP11YDLFyGZ
PASS G-Freighter3. VENUE received exactly 0.015 SOL | ok 0.015
PASS G-Freighter4. relayer down and the session key has no SOL | refused: Attempt to debit an account but found no record of a prior credit
PASS G-Freighter5. same session: 0.01 SOL elsewhere (policy) | refused: Error Code: ProgramInteractionAccountConstraintViolated
PASS G-Freighter6. same session: 0.06 SOL to VENUE (over the 0.05 per-move limit) | refused: Error Code: ProgramInteractionInvalidNumericValue
PASS G-Freighter7. stretched valid-until | refused: custom program error: 0x7
PASS G-Freighter8. someone else replays the grant with their own key | refused: custom program error: 0x7
PASS G-Phantom1. one Phantom signature -> session; relayer pays: 0.01 SOL to VENUE | ok 65aKQs4BTGw3QsW6pJE642DNHYrNdyFy2qQPJpiMsjqPKixn6YEqZmM8HeinZRMhqrmYQT72ukyPxUEPQb5PqWRd
METRIC move-Phantom-relayed {"totalCu":56454,"primeSessionCu":56454,"bytes":975,"fee":15000}
PASS G-Phantom2. relayer down: session key pays the fee itself: 0.005 SOL to VENUE | ok 4yiH6WHG9LrmKA4mH19qVp2btv5qxGFZZzqRmXXW1b9LZuR4R1kmSC12ogmeU4fthcA35D3g6taAPngY4bJA4kL2
PASS G-Phantom3. VENUE received exactly 0.015 SOL | ok 0.015
PASS G-Phantom4. relayer down and the session key has no SOL | refused: Attempt to debit an account but found no record of a prior credit
PASS G-Phantom5. same session: 0.01 SOL elsewhere (policy) | refused: Error Code: ProgramInteractionAccountConstraintViolated
PASS G-Phantom6. same session: 0.06 SOL to VENUE (over the 0.05 per-move limit) | refused: Error Code: ProgramInteractionInvalidNumericValue
PASS G-Phantom7. stretched valid-until | refused: custom program error: 0x7
PASS G-Phantom8. someone else replays the grant with their own key | refused: custom program error: 0x7
PASS G9. grant longer than 7 days | refused: custom program error: 0x4
PASS G10. expired grant | refused: custom program error: 0x4
PASS G11. MetaMask grant with the ed25519 program instruction missing | refused: custom program error: 0x7
PASS G12. ed25519 instruction reading its public key from another instruction | refused: custom program error: 0x2
PASS G13. daily cap shared by all: 0.045 used + 0.05 = 0.095 <= 0.1 | ok 3Tsf3bijDhkUXytBWUmVTpPg41YfRLxYVg2CgpjXhBesP9y3ha92NZybF6yNhirnogFgjoLk51CmrKJaGEznEYsY
PASS G13b. + 0.01 = 0.105 > 0.1 | refused: Error Code: ProgramInteractionInsufficientLamportAllowance
PASS X1. Freighter's PDA with a grant signed by MetaMask (NEAR) | refused: custom program error: 0x7
PASS X2. Phantom's PDA with a grant signed by Freighter (NEAR) | refused: custom program error: 0x7
PASS X3. MetaMask's PDA with a grant signed by Phantom | refused: custom program error: 0x7
PASS X4. Freighter's PDA with its MPC key under another path | refused: custom program error: 0x7
PASS X4b. Freighter's session PDA with a grant signed by its seat key (prime:solana) | refused: custom program error: 0x7
PASS X5. Phantom grant presented for MetaMask's PDA | refused: custom program error: 0x7
PASS X6. grant signed for cluster mainnet, used on localnet | refused: custom program error: 0x7
PASS X7a. a grant naming program A's PDA, presented to program B with A's PDA | refused: custom program error: 0x2
PASS X7b. the same grant presented to program B with B's PDA (text mismatch) | refused: custom program error: 0x7
PASS X7c. a grant naming program B's PDA, presented to program A with B's PDA | refused: custom program error: 0x2
PASS X7d. the same grant presented to program A with A's PDA (text mismatch) | refused: custom program error: 0x7
PASS X8. Phantom's own signed grant naming MetaMask's PDA | refused: custom program error: 0x2
PASS X9a. valid Phantom grant, data names another settings address | refused: custom program error: 0x2
PASS X10. the session key does not sign (relayer only) | refused: Program FTNMFWiECbRp7D5MwJUiNQfee6NuJPjE7S11J9yc2B9G invoke [1] Program FTNMFWiECbRp7D5MwJUiNQfee6NuJPjE7S11J9yc2B9G consumed 2461 of 203000 compute units Progr
PASS X11a. account 3 set to the System program instead of the Smart Account program: the move still runs | ok 3eD1k2qCV8bMFTs5uK2CLXQy4UPoMYf8uqgc3b1zqsYMhMeNehtJ1huDpz53rXfArkxbzAJHJZDewar8LEN97i9k
PASS X11b. ...and prime-session called only the Smart Account program | ok 3eD1k2qCV8bM… Program SMRTzfY6DfH5ik3TKiyLFfXexV8uSG3d2UksSCYdunG invoke [2]
PASS A0. account B created with the same three seats | ok 3ds6nFYvQXoWaWmozedvrV51iCu2v825E9xf3NgT94PqFm9HY5xsU8hSsdMN1YyyfbA1aruXXvyiKWqTGbejoRyB
PASS A1. account B installs its movers policy (members: each wallet's PDA for account B):a. MetaMask proposes and approves | ok 4NYR4e6Xq9bZqgxmizkQZUojM5qoemraKbekKsaQdkxUnFWdeugqNiuvYHMS8DfkK2uRvR7mKyHfkuT9SXZcFdev
PASS A1. account B installs its movers policy (members: each wallet's PDA for account B):b. Phantom approves and executes | ok 5EgMXiwkCe78LbS9FYZ56HbzrRti4RDsHk1L32x7NbVjeeDrJMBRW1zntP1p3AWEpwkAfWVX31AieePvzHEtiVJ6
PASS A2. each wallet's PDA differs between account A and account B | ok 58dWPq,9HNq9T,CxMTvv
PASS A3. account A's Phantom grant presented to account B (as Phantom's account-B PDA) | refused: custom program error: 0x7
PASS A4. account A's Phantom PDA calling account B's policy | refused: Error Code: NotASigner
PASS A5. a Phantom grant made for account B works in account B | ok 62dzgGEexFQyH3YeH1rHJHe2VrLq4GdMEYcNn3KPBJBPuRtrVbJBZNEvJP3yorM9m8t4EXx8sk7NFtQdqdRTakra
PASS A5-M0. Phantom session: one move through the Smart Account (compute units recorded) | ok 4iP69ivT4VDHnUTnPmLeKDnhMLNjCmfZMTKjD19jW7EzmYzgyERpGSwa9FVUJLLVADttvbP4httAhWy8GcNgv5LC
METRIC move-sample-0 {"totalCu":53455,"primeSessionCu":53455,"bytes":975,"fee":15000}
PASS A5-M1. Phantom session: one move through the Smart Account (compute units recorded) | ok 3ZUZXTvTcoKkt7QkgQWd8btz5SWjioBydf3ApNYHXUwCLxo2dcmWfhNCxDnY1QvJqTN7koAeSodmSkWVJPLTv3P1
METRIC move-sample-1 {"totalCu":56455,"primeSessionCu":56455,"bytes":975,"fee":15000}
PASS A5-M2. Phantom session: one move through the Smart Account (compute units recorded) | ok 4FMT9hho6URX18Q7FUC4658s2BYEiS2jrTuYpE7fx5yVbzfBuntZ7XVBkay2EYBSFB2DdoCG5ut2GcvkcJAtoB4m
METRIC move-sample-2 {"totalCu":56455,"primeSessionCu":56455,"bytes":975,"fee":15000}
PASS A5-M3. Phantom session: one move through the Smart Account (compute units recorded) | ok 3yMnoqfdyCAzS3hpkLVgbQYg61YMdA2RPhQwyEYnWK5CMxJ1w3or3HM2bYMA2zq4ruy21wPVuGo3C3nsWvEgP2KQ
METRIC move-sample-3 {"totalCu":53455,"primeSessionCu":53455,"bytes":975,"fee":15000}
PASS A5-M4. Phantom session: one move through the Smart Account (compute units recorded) | ok T471EXmxqpk98YVMJ8kdkbZbEwcnZGMZvAZg7wNJXHr2rDkGf6po3gEejf9R9vAjkx9XcdfcjQBwKKheUzJtvCg
METRIC move-sample-4 {"totalCu":56455,"primeSessionCu":56455,"bytes":975,"fee":15000}
PASS A5-M5. Phantom session: one move through the Smart Account (compute units recorded) | ok JMLd92qi7V67oH7rSRfXkoWa4CYM9trZR82QV1KnG7YueGSFgSssWLrZym8QT2nj5e4Lm2QmamXCJGjm7qorhQo
METRIC move-sample-5 {"totalCu":57955,"primeSessionCu":57955,"bytes":975,"fee":15000}
PASS A5-M6. Phantom session: one move through the Smart Account (compute units recorded) | ok 2pL5XvMJxRZ4LUh7446XT5dcPn9pJ1hZGzBPWCLSDuQMgsVnK7NvvGP5GQKd7G2jJRCdHg3hBXxHgec2F14524QW
METRIC move-sample-6 {"totalCu":53455,"primeSessionCu":53455,"bytes":975,"fee":15000}
PASS A5-M7. Phantom session: one move through the Smart Account (compute units recorded) | ok 53HPEq9YXeJYva9AVjRKsobvkxpTGXWoEVss5ot5SwnBHCzyx6YaK2BQ8dmSS39nhm6UGje6FFu3jUj9gendsvtG
METRIC move-sample-7 {"totalCu":54955,"primeSessionCu":54955,"bytes":975,"fee":15000}
PASS A5-M8. Phantom session: one move through the Smart Account (compute units recorded) | ok 2E7EkrFwiDLMEPPeLjsaVkMf1m8Mimk4A63wS1xgFReNgDGGy6qh29LoHs9CwGxLw8u42ZdyNjnrDsLEyV41Fp6s
METRIC move-sample-8 {"totalCu":53455,"primeSessionCu":53455,"bytes":975,"fee":15000}
PASS A5-M9. Phantom session: one move through the Smart Account (compute units recorded) | ok divSjPYyAZ5Db7MMNR9crdtoaKx7fiv2EU8RYBAtUak8RR72RYAJcePx8cXgEVKVbrTXNVW3ffTHrD7LTwLnEPy
METRIC move-sample-9 {"totalCu":54955,"primeSessionCu":54955,"bytes":975,"fee":15000}
PASS A6. account B's grant presented to account A | refused: custom program error: 0x7
PASS V0a. Phantom session 1 works | ok 64dkj4h3b9h4UNseCm8tHuqsHvjprir9it8wcSqPDFxxZCWc7jcjfmUpfL4mBiyGXVf5iS3NZ6vLPK3HyQf7LSMd
PASS V0b. Phantom session 2 works | ok 4nrSdgSD2fv6jMjpEn9YUJoTLvsA8mPkjpR7H1KSdS6zQd7cLMADXWpFRo8fMMxo1VTHhz3K4Hqjndhb39YAsJkc
PASS V0c. no marker exists for session 1 yet | ok 6EgEXk8STKSdgXo9ZEgqpnwNJwezGkutQAYz67cz9aq6
PASS V1. Phantom revokes session 1 (one signature, relayed, session key does not sign) | ok 38wbXaWyhxVHos61rNshahMZGAgqUTErX4LvtviR6d3BWKybSdYTauSyddaETQor1gQesvWT6dVM7pMv8ZiWbAsq
METRIC revoke {"totalCu":25261,"primeSessionCu":25261,"bytes":726,"fee":10000}
PASS V1b. the marker is empty, owned by prime-session and rent exempt | ok {"lamports":890880,"dataBytes":0,"owner":"FTNMFWiECbRp7D5MwJUiNQfee6NuJPjE7S11J9yc2B9G"}
PASS V2. the revoked session 1 is refused | refused: custom program error: 0x2
PASS V3. the same wallet's session 2 keeps working | ok 4jK21PfWKyUzGQd8bWMrN6np7HMkvV3cRjmvQ5LM3y7siS2i1qyMrfJ5B8XCBHkiQ5f4TY39YXAj1V1WKV4ocReM
PASS V3b. revoking session 1 again is refused | refused: custom program error: 0x2
PASS V4a. MetaMask's session-owner key signs a revoke of Phantom's session 2 (data names Phantom as owner) | refused: custom program error: 0x7
PASS V4b. MetaMask signs a revoke naming Phantom's PDA under its own owner field | refused: custom program error: 0x2
PASS V4c. Phantom session 2 still works | ok sH5kQzwGvBUD1AaHMD4w1GLoeGkLTstdGgEqAbnReEz1htYb384t7a4dvdXGbLwYdfjRqVQzP56Ea1puKjPi6fi
PASS V4d. MetaMask revokes the same key under its own PDA (a marker in MetaMask's namespace) | ok 5kbjnWsxPZ5WMbXTZyGDqSdPE7FJvqH3NZ8kcyGB12jMiXsBmPXj6GFVCnsMdcDBMZhirnRWkp1EmgPALFz7csM2
PASS V4e. ...and Phantom's session 2 still works (the marker is per owner) | ok 2u5riHYQUVh5wt1k59xPBQ6gG515bpnEozpkNekhd4Z1sX1SGB76QumWfL9zhDd36S7BpZUdSGaBEVYjnvZuvsjr
PASS V5a. Phantom revokes a key it never granted | ok 5mPsmowuW7v9zmifSG6FFj78QaTqhLtf8DWMnRDSf8e8NtjBFJeLzz2815scdNEpCeuU8hvfhwzsTKpUobnzwxxr
PASS V5b. a grant signed for that key afterwards is refused | refused: custom program error: 0x2
PASS V6a. a revoke signed for account A's PDA, sent with account B's settings and B's marker | refused: custom program error: 0x2
PASS V6b. no marker was created in account B | ok 
PASS V6c. session 3 still works in account A | ok 4VqrckdauCiu3Yrez7vsKZzyhhR3AqbRxtDz6QfGpZMqpZSgP9qmotV3yG5f2TfSdLJH4LnaDKh5AcE12jeWEJMV
PASS V7a. a pre-fund below the rent minimum is refused by the runtime | refused: {"InsufficientFundsForRent":{"account_index":1}}
PASS V7b. a stranger pre-funds the marker address with 0.001 SOL | ok 5Nhm2uLxrJw8yu5VNB9nQF8QQQMkLRb1ggCNsHVEZZmBmMfoMB7aKhHV1VveDMgBco7vLRiFQRKFDvYr7xwTPzo9
PASS V7c. the revoke still works | ok 5YtAt8pVnopuFC6HBhkbTTYRnmPm24waPtLDYfHJ5X8W5QrHHLrU2HEr2kLNPATmEtmyrUZieDzHc37CXAyGUPLu
PASS V7d. the revoked session 4 is refused | refused: custom program error: 0x2
PASS V8a. a move that passes another marker address | refused: custom program error: 0x2
PASS V8b. a move with non-canonical bump 254 (canonical 255) and the canonical PDA account | refused: custom program error: 0x2
PASS V8c. the same session with the canonical bump works | ok 5V22S2EM5Tkv7UfMDZ1Wws27tDi459dpWBsqKBou4ovKx8WFNv4pWmSGdW5miLSmKzsv22fA5mymZJiEmqTEt1m7
PASS V9. a 72-byte instruction (the old length check) | refused: Program FTNMFWiECbRp7D5MwJUiNQfee6NuJPjE7S11J9yc2B9G invoke [1] Program log: panicked at src/lib.rs:39:34:
index out of bounds: the len is 8 but the index is 8 
PASS V9b. a 10-byte instruction | refused: Program FTNMFWiECbRp7D5MwJUiNQfee6NuJPjE7S11J9yc2B9G invoke [1] Program log: panicked at src/lib.rs:35:38:
range end index 32 out of range for slice of length 1
PASS F0. control: the genuine signature instruction in second place, sig_ix 1 | ok 3fk5ywb4KYDTdz6jUe4Qtgq6PSyNLvifXBWGGrrVS5YSzo7P7NkMGfby9VF4auUqZxCmLy7HXr1CUcbN6PsbagEC
PASS F1. a key read from another instruction: the attacker's signature over the grant text, the owner's key in the data, key index 0 | refused: custom program error: 0x7
PASS F2. a message read from another instruction: a replayed owner signature stretches the grant by one second, message index 0 (the session key pays the fee: two signature instructions leave no room for a second fee signature) | refused: custom program error: 0x7
PASS F4. a signature instruction from another program (a no-op program) that carries the owner key and the exact grant text with an invalid signature | refused: custom program error: 0x7
PASS F3. a signature read from another instruction (the program also refuses it; the precompile already stops this triple) | refused: custom program error: 0x2
PASS R0. Freighter session works before | ok 5pzMUthsBSRZK2w7767MueJcBkpW5AwgaaBixnE36aqG6w6N25KBnNTwVYa8HfbmQaPM2dx1Psn2AvaQYU2w7vBU
PASS R1. MetaMask + Phantom update the policy: members MetaMask and Phantom PDAs only:a. MetaMask proposes and approves | ok 5sxgBV3vCC1cRVDn2zzS5yXLAydYUs48vLg79npKvL84GoCPWGq9m7VgGHmtorothLsXjoXvAePjRjx1pRketGQA
PASS R1. MetaMask + Phantom update the policy: members MetaMask and Phantom PDAs only:b. Phantom approves and executes | ok 5X6utkuBRHsRJAWfsajkxFANupCTRcxPBHT9hfmiNTYo8AWUk7hxF77oZEPDdaCHTLKLBCGd9RaD4nvwPKk3CmfC
PASS R2. the live Freighter session after removal | refused: Error Code: NotASigner
PASS R3. MetaMask session still works | ok uvcMZm2sFiNQcA8rZuMd6rdizHcyCpCS412oDiJe8cAaBnsEtmfjBdgFtwpgTj41jM1tK7YgmNLbdCP7vdUgYPa
METRIC relayerSpend {"net":"localnet","spentLamports":4092329680,"vaultFundingLamports":4000000000,"sessionKeysFunded":46,"sessionKeyFundingDevnetLamports":92000000,"devnetEstimateLamports":464329680}
NEAR MPC signatures: 35, average 8.0s
133/133 passed
