{
  MetaMask: "4TXiTPLxe5PrpwiY15tj9nP3wF5F8JPKUsYQyfHCCcod",
  Freighter: "9BcBicoPrGtPJnVynJoj2g1p6zrvaFBkJccorLwGTMZo",
  Phantom: "G5H71U2pASYLeei9MYvWVmCZzjHp2VscWTjpdLYa6LT4",
  sessionMetaMask: "3YomJ7dnhtqFnnPAzRUGmhC8EevR2R4F6Sdx7YN6Pppc",
  sessionFreighter: "Cn2bjH8kGkjioVoB9MY86TDsJ6kKjvaiu9ZCmMsJVW74",
  program: "FTNMFWiECbRp7D5MwJUiNQfee6NuJPjE7S11J9yc2B9G",
  programB: "J38gUL2YFo91GDBnDXwVDaGpk6XWSJUhs7RuditRdiVo",
  net: "localnet",
}
PASS P0. seats are exactly MetaMask(NEAR MPC), Freighter(NEAR MPC), Phantom(own key); threshold 2; vault funded | ok 3zJLmwV6U2dk2n7KMMbrCt6VJmSWgPcSzWySWyDLcppWiqwH5wL9SobjC6c7R33Xj9qvmR9krqN9B4FU7siR1jC8
PASS K1-MetaMask. MetaMask alone:a. MetaMask proposes and approves | ok 4vD5xm5VtfQiQaJa3FK2sqjjA7RjgCGzQLFKq9ygCm1WrWGz219zsEHDJxznZ3kF62Drir6B7SPGHLjyR8fdKfTw
PASS K1-MetaMask. MetaMask alone:b. MetaMask executes with only its own approval | refused: Error Code: InvalidProposalStatus
PASS K1-Freighter. Freighter alone:a. Freighter proposes and approves | ok 579saj3e3DRfqUFX1yNG2nK5pG1scucM7nzuuYpZxnHjvwnwhPmzZbRgzaWkou8B4rPtfhRbzwmbr7RnHaYRAsRA
PASS K1-Freighter. Freighter alone:b. Freighter executes with only its own approval | refused: Error Code: InvalidProposalStatus
PASS K1-Phantom. Phantom alone:a. Phantom proposes and approves | ok 3oGJG1udwPyjj3jUgCXyXbcJgaxuGVJaxL5nE8G2YErGLck7x87kpFEDicfa7GGxKM1LdVmHumHotcYiJCGFRjyx
PASS K1-Phantom. Phantom alone:b. Phantom executes with only its own approval | refused: Error Code: InvalidProposalStatus
PASS K2. MetaMask + Freighter:a. MetaMask proposes and approves | ok hLszpNRhqfF5nxLtDe8gfkzrgGjNppBGutuxzD1eK3nrkfZUPwoDZR3qm6cgGikUzM25RptJ5Y7HoqyjS2L4tUq
METRIC seat-propose-K2-MetaMask {"totalCu":78014,"ownCu":0,"bytes":579,"fee":10000}
PASS K2. MetaMask + Freighter:b. Freighter approves and executes | ok k8G38kkmVGZwwBpiSdB21A176C9d5Ssh8oLfa4uMpfSykaUygNsQXFaSEPtGoR9BRZRzwfmobHRB2vUa7rGjYCC
METRIC seat-exec-K2-Freighter {"totalCu":67701,"ownCu":0,"bytes":490,"fee":10000}
PASS K3. Freighter + Phantom:a. Freighter proposes and approves | ok 5dSofU57wANNVPCi38tTGbYwzShWcHfMrFouPqBLHkiqMegGJJX63g7vpMzKdbiBaeQd64oyiz9BojaeBtBiLCkr
METRIC seat-propose-K3-Freighter {"totalCu":83828,"ownCu":0,"bytes":579,"fee":10000}
PASS K3. Freighter + Phantom:b. Phantom approves and executes | ok 2Msv9gJQdrLh4Rkm3p2yJyxYwDtDVs9UmpFHUBaRczfQJtZqTw7mKZTYkrDhdyoYHFEaB2sZezoQ1g1gL5CCbtsb
METRIC seat-exec-K3-Phantom {"totalCu":70829,"ownCu":0,"bytes":490,"fee":10000}
PASS K4. Phantom + MetaMask:a. Phantom proposes and approves | ok 59SB3L3qujgckRLokjYenZkkKJNAwp9rtvDm6qkoUPGeq5qHL2gwgNnJ7ewHb64iMJyadjVTp8NbcjYw1n4fGz65
METRIC seat-propose-K4-Phantom {"totalCu":79520,"ownCu":0,"bytes":579,"fee":10000}
PASS K4. Phantom + MetaMask:b. MetaMask approves and executes | ok 4jRvyZwsbJSzih6WrBoSAo9wUeajiPBCnuPHYgYczN8rVeLSjR64A6PHBseVzHjAduogTUo8kuhVFiz2NkFKULqg
METRIC seat-exec-K4-MetaMask {"totalCu":67876,"ownCu":0,"bytes":490,"fee":10000}
PASS K5. DEST received exactly 0.03 SOL | ok 0.03
PASS K6. MetaMask alone (open proposal):a. MetaMask proposes and approves | ok 3SDfHYHGR4Pqo5ETRodkU9Sxdcs2144N3aS3A1SF2dQxTaKpbZ1tWEfNNJX1kAyHQTmJs6i7Zy6KQ218cy7DkCbA
PASS K6. MetaMask alone (open proposal):b. MetaMask executes with only its own approval | refused: Error Code: InvalidProposalStatus
PASS K6c. an outsider approves it | refused: Error Code: NotASigner
PASS K6d. Freighter's seat signed by MetaMask's MPC key | refused: Transaction did not pass signature verification
PASS K6e. Freighter's seat signed by its MPC key under another path | refused: Transaction did not pass signature verification
PASS K6f-MetaMask. MetaMask's seat vote signed by its session-path key | refused: Transaction did not pass signature verification
PASS K6g-MetaMask. MetaMask's session-path key approves as itself | refused: Error Code: NotASigner
PASS K6f-Freighter. Freighter's seat vote signed by its session-path key | refused: Transaction did not pass signature verification
PASS K6g-Freighter. Freighter's session-path key approves as itself | refused: Error Code: NotASigner
PASS K7. install the movers policy (members: the three session PDAs):a. MetaMask proposes and approves | ok 39Tk5dgAAjmhzfdgBtTYiDwLrYnb2n3n24C2dNBwvBzsDN74WzpziLGRyBTCMnMff9ECkqdCo4DiLJKmfiJwrAyh
PASS K7. install the movers policy (members: the three session PDAs):b. Phantom approves and executes | ok 3nTxFvvyVTanf8wSNbPyVwiVhhyj97yRATcc59keijML9WF2cPdr3iaduutVdnSjJ2qpSizkKrrXyj6CMJUu3aCr
PASS N0. MetaMask alone (open proposal):a. MetaMask proposes and approves | ok 3wxK51mqujrbFtWCrYD9NwukBrKuv7YchXuRU1hqg4XpkaiNu34TNrEbxuyKMEmJMgEidVoVZGPQs4m9ZUU3yd7V
PASS N0. MetaMask alone (open proposal):b. MetaMask executes with only its own approval | refused: Error Code: InvalidProposalStatus
PASS N1. Phantom session approves that proposal as its PDA | refused: Error Code: NotASigner
PASS N2. Phantom session key approves it as itself | refused: Error Code: NotASigner
PASS N3. Phantom session proposes a vault transaction as its PDA | refused: Error Code: NotASigner
PASS N4. Phantom session adds its key as a seat (settings sync, as its PDA) | refused: Error Code: InvalidSignerCount
PASS N5. Phantom session calls a program other than the Smart Account (System transfer from its PDA) | refused: Program FTNMFWiECbRp7D5MwJUiNQfee6NuJPjE7S11J9yc2B9G invoke [1] Unknown program SMRTzfY6DfH5ik3TKiyLFfXexV8uSG3d2UksSCYdunG Program FTNMFWiECbRp7D5MwJUiNQfee6Nu
PASS G-MetaMask1. one MetaMask signature (through NEAR) -> session; relayer pays: 0.01 SOL to VENUE | ok 5Kpknd2Ba8e4kY6oxaDJsN6iMKvsbkzvz7SG5n4WgiSXAcH7bVnGXvaaqDmLjR2bUbZ7pcQbsWaQHiu6W1PjdR69
METRIC move-MetaMask-relayed {"totalCu":56454,"primeSessionCu":56454,"ownCu":21752,"bytes":975,"fee":15000}
PASS G-MetaMask2. relayer down: session key pays the fee itself: 0.005 SOL to VENUE | ok rVyHCfkJtnY3UD4pPJNoANbagkRhZKjVqfJwCnUZw125sauVLmnchkyc2hba5yV6U2nbYatJyR5NAC8ATR5dtky
PASS G-MetaMask3. VENUE received exactly 0.015 SOL | ok 0.015
PASS G-MetaMask4. relayer down and the session key has no SOL | refused: Attempt to debit an account but found no record of a prior credit
PASS G-MetaMask5. same session: 0.01 SOL elsewhere (policy) | refused: Error Code: ProgramInteractionAccountConstraintViolated
PASS G-MetaMask6. same session: 0.06 SOL to VENUE (over the 0.05 per-move limit) | refused: Error Code: ProgramInteractionInvalidNumericValue
PASS G-MetaMask7. stretched valid-until | refused: custom program error: 0x7
PASS G-MetaMask8. someone else replays the grant with their own key | refused: custom program error: 0x7
PASS G-Freighter1. one Freighter signature (through NEAR) -> session; relayer pays: 0.01 SOL to VENUE | ok 2Hucwfa39sAixFoa7oHVebyDvzTefSkhJ1UUNKe7GG7qkNgigszCYL8GQuStieTPaBhY2qJRTTbGSpjzafD2xNXf
METRIC move-Freighter-relayed {"totalCu":57923,"primeSessionCu":57923,"ownCu":23252,"bytes":975,"fee":15000}
PASS G-Freighter2. relayer down: session key pays the fee itself: 0.005 SOL to VENUE | ok 4U4CxVQULaWqtxD3m7MZLWLVKqk2xFopsEiPc2dvwQ5oUVXNB66LsfkF9BfCdz9X4xTCPWNumidasghXXnJLHehz
PASS G-Freighter3. VENUE received exactly 0.015 SOL | ok 0.015
PASS G-Freighter4. relayer down and the session key has no SOL | refused: Attempt to debit an account but found no record of a prior credit
PASS G-Freighter5. same session: 0.01 SOL elsewhere (policy) | refused: Error Code: ProgramInteractionAccountConstraintViolated
PASS G-Freighter6. same session: 0.06 SOL to VENUE (over the 0.05 per-move limit) | refused: Error Code: ProgramInteractionInvalidNumericValue
PASS G-Freighter7. stretched valid-until | refused: custom program error: 0x7
PASS G-Freighter8. someone else replays the grant with their own key | refused: custom program error: 0x7
PASS G-Phantom1. one Phantom signature -> session; relayer pays: 0.01 SOL to VENUE | ok 5ixzK5swpyG42PLzwF2XZFZex6trFmLGFzoWGpbT97NmVepVYW7aff79e9WAwvfxPbxAsrpWb2L3KXo2Qnemd9p9
METRIC move-Phantom-relayed {"totalCu":56455,"primeSessionCu":56455,"ownCu":21752,"bytes":975,"fee":15000}
PASS G-Phantom2. relayer down: session key pays the fee itself: 0.005 SOL to VENUE | ok 3L2fqJHky6cMvXZgfzi9LxR3v7oqYi5q1gh8zrNigowjPrAgjnKtEmsz9Zjc4xvGVdNSBJ6x6xfoDeyvpwH6hmdS
PASS G-Phantom3. VENUE received exactly 0.015 SOL | ok 0.015
PASS G-Phantom4. relayer down and the session key has no SOL | refused: Attempt to debit an account but found no record of a prior credit
PASS G-Phantom5. same session: 0.01 SOL elsewhere (policy) | refused: Error Code: ProgramInteractionAccountConstraintViolated
PASS G-Phantom6. same session: 0.06 SOL to VENUE (over the 0.05 per-move limit) | refused: Error Code: ProgramInteractionInvalidNumericValue
PASS G-Phantom7. stretched valid-until | refused: custom program error: 0x7
PASS G-Phantom8. someone else replays the grant with their own key | refused: custom program error: 0x7
PASS G9. grant longer than 7 days | refused: custom program error: 0x4
PASS G10. expired grant | refused: custom program error: 0x4
PASS G11. MetaMask grant with the ed25519 program instruction missing | refused: custom program error: 0x7
PASS G12. ed25519 instruction reading its public key from another instruction | refused: custom program error: 0x0
PASS G13. daily cap shared by all: 0.045 used + 0.05 = 0.095 <= 0.1 | ok 56uVG14aqTRVm9D3w9hpGT4og7b6VGbSfvSNfAmNm95PWGsKU8r6Y5e7UaNomCTXcuTM4ZpmK5wJbB8HjNKe4tt7
PASS G13b. + 0.01 = 0.105 > 0.1 | refused: Error Code: ProgramInteractionInsufficientLamportAllowance
PASS X1. Freighter's PDA with a grant signed by MetaMask (NEAR) | refused: custom program error: 0x7
PASS X2. Phantom's PDA with a grant signed by Freighter (NEAR) | refused: custom program error: 0x7
PASS X3. MetaMask's PDA with a grant signed by Phantom | refused: custom program error: 0x7
PASS X4. Freighter's PDA with its MPC key under another path | refused: custom program error: 0x7
PASS X4b. Freighter's session PDA with a grant signed by its seat key (prime:solana) | refused: custom program error: 0x7
PASS X5. Phantom grant presented for MetaMask's PDA | refused: custom program error: 0x7
PASS X6. grant signed for cluster mainnet, used on localnet | refused: custom program error: 0x7
PASS X7a. a grant naming program A's PDA, presented to program B with A's PDA | refused: custom program error: 0x2
PASS X7b. the same grant presented to program B with B's PDA (text mismatch) | refused: custom program error: 0x7
PASS X7c. a grant naming program B's PDA, presented to program A with B's PDA | refused: custom program error: 0x2
PASS X7d. the same grant presented to program A with A's PDA (text mismatch) | refused: custom program error: 0x7
PASS X8. Phantom's own signed grant naming MetaMask's PDA | refused: custom program error: 0x2
PASS X9a. valid Phantom grant, data names another settings address | refused: custom program error: 0x2
PASS X10. the session key does not sign (relayer only) | refused: Program FTNMFWiECbRp7D5MwJUiNQfee6NuJPjE7S11J9yc2B9G invoke [1] Program FTNMFWiECbRp7D5MwJUiNQfee6NuJPjE7S11J9yc2B9G consumed 2461 of 203000 compute units Progr
PASS X11a. account 3 set to the System program instead of the Smart Account program: the move still runs | ok 3sXMzbgRbNWYoMzEBJYxBH2vRAka1JTFwnXuvMH1KmMmZSP52uL8iwtRvRRw5Mut8avMnQC1kLLfxV7yEBsqFQQm
PASS X11b. ...and prime-session called only the Smart Account program | ok 3sXMzbgRbNWY… Program SMRTzfY6DfH5ik3TKiyLFfXexV8uSG3d2UksSCYdunG invoke [2]
PASS A0. account B created with the same three seats | ok 2eweTPjYkP1atkZ7aAsCaJEpz2MpZ5FYZhUH9hWnHxMWBDUH6euVXeaiS1giFAnY3GNSyZqspKcbpksMxi4YNSjk
PASS A1. account B installs its movers policy (members: each wallet's PDA for account B):a. MetaMask proposes and approves | ok 215dv85yoNY8HPT6nhFnZ8EGn439ihBm9i8XdMLqAStckHdFdraXU4wnWmSCCfSFiLmKW9qLugYJDuwfHWcgrbA5
PASS A1. account B installs its movers policy (members: each wallet's PDA for account B):b. Phantom approves and executes | ok 5VeeSDts51DncXhMaTpDo2MZ5oKocWd1oz6Gvj1FXyccb2Hr3KrWbbfEfRz5f3WJ4mA8y9ga2XQTHNaJGZ6PzWv4
PASS A2. each wallet's PDA differs between account A and account B | ok 7qriG5,J5qGs8,CxMTvv
PASS A3. account A's Phantom grant presented to account B (as Phantom's account-B PDA) | refused: custom program error: 0x7
PASS A4. account A's Phantom PDA calling account B's policy | refused: Error Code: NotASigner
PASS A5. a Phantom grant made for account B works in account B | ok 2QP6fW6A3tivXEMVWQZ31Fb6R3uwCopFqDNnERroKNFjSqTBnCp35n6PNd7bQ63VrTMCKcco4jpN7tKv6GCKiUaW
PASS A5-M0. Phantom session: one move through the Smart Account (compute units recorded) | ok 5nULv3DAqLNVkRCFHYN1gLmrxE3HWjZoYq2Uxvxyaoyw3VrphJ7MQjs96jkP1TXE5No7zCfofj537U2SspYnx13H
METRIC move-sample-0 {"totalCu":53423,"primeSessionCu":53423,"ownCu":21752,"bytes":975,"fee":15000}
PASS A5-M1. Phantom session: one move through the Smart Account (compute units recorded) | ok 5vd8MNEdvHQCRcfUvPvxa4X7nnpoYn28KqgNAnasHjgG2XyFSPgt9Y12Tdij2hwv4iaEEBTwrf1Qdm562dHgkm1h
METRIC move-sample-1 {"totalCu":53423,"primeSessionCu":53423,"ownCu":21752,"bytes":975,"fee":15000}
PASS A5-M2. Phantom session: one move through the Smart Account (compute units recorded) | ok 2BUY9iwgYNCKXjEKxpbN8mesjAbQacWeA8YDtuRcbyvtLMjzSWgBdL49k47HxW9NtUMphbNSTm5d1VLnoYiJYTzj
METRIC move-sample-2 {"totalCu":53423,"primeSessionCu":53423,"ownCu":21752,"bytes":975,"fee":15000}
PASS A5-M3. Phantom session: one move through the Smart Account (compute units recorded) | ok 4WGgkCnmgTEK7d3yfFoUUedoKhCKUWh7Tk9EJGpQSnUKu6x98csq8HPtRYD74jdN1FiaBxkSBac3KPGyCLQcgxZi
METRIC move-sample-3 {"totalCu":56423,"primeSessionCu":56423,"ownCu":24752,"bytes":975,"fee":15000}
PASS A5-M4. Phantom session: one move through the Smart Account (compute units recorded) | ok 56qNj82butudYyJEuSKXdL3SKM7e3xASRhmmcbUBSbmoGh1RJnzR5AfWqLDNJcV7HNnsfy5gyrgNqqU5sSXvNhkJ
METRIC move-sample-4 {"totalCu":53423,"primeSessionCu":53423,"ownCu":21752,"bytes":975,"fee":15000}
PASS A5-M5. Phantom session: one move through the Smart Account (compute units recorded) | ok 2h54mkp4b1DhSHhG942zVJVrnoZAgFc56JYq2FNmJWBNprds5WJ3HcxMNj3jtLN4AAruNKDthH6Jhok3B2Aq48S3
METRIC move-sample-5 {"totalCu":57923,"primeSessionCu":57923,"ownCu":26252,"bytes":975,"fee":15000}
PASS A5-M6. Phantom session: one move through the Smart Account (compute units recorded) | ok 5HEzR5NEjeSe4fojFxxSidMB71w3KthT3LPzMohJMJqq3bqA8AS5FokaXw3Vnc4BketkoMLJcxmKwPMKZCj8yTUP
METRIC move-sample-6 {"totalCu":53423,"primeSessionCu":53423,"ownCu":21752,"bytes":975,"fee":15000}
PASS A5-M7. Phantom session: one move through the Smart Account (compute units recorded) | ok 5R773fSRRxe81vP42usqvbRKpgVf41wZf8biW2nsx1a4xkhF9TnE3pUEn4BWcueHMiRRMseQLN5GAGCHsgc5bcJQ
METRIC move-sample-7 {"totalCu":53423,"primeSessionCu":53423,"ownCu":21752,"bytes":975,"fee":15000}
PASS A5-M8. Phantom session: one move through the Smart Account (compute units recorded) | ok 5jsDZiRyHcb86nXfXSui5LK1WtBCeCN3iqW8JnaQz1zL4a9WygXP9xbi6h5CNhYcYvBn8wFhQxfmvdCUVjjP5isv
METRIC move-sample-8 {"totalCu":53423,"primeSessionCu":53423,"ownCu":21752,"bytes":975,"fee":15000}
PASS A5-M9. Phantom session: one move through the Smart Account (compute units recorded) | ok 5BJGr4KUXBw2etF3q3mEw56UihmR6ceocvR37rQ7dbAswuNSHwsVqVUq6dEhwtjAKhD5SLzpbcQG54AaVrPCE86v
METRIC move-sample-9 {"totalCu":54923,"primeSessionCu":54923,"ownCu":23252,"bytes":975,"fee":15000}
PASS A6. account B's grant presented to account A | refused: custom program error: 0x7
PASS V0a. Phantom session 1 works | ok 3bRiEPJqeG66WKwnLCwQemoPx9e1Lv22YEgseKreWsGn6LGH8SvV3qu51gDZJen7cMMLXh9rYAGyWFnHpU3cm5yr
PASS V0b. Phantom session 2 works | ok 2Gsz3tBvUvQ2G4YL5tgMN57dPySetVgTQGXTfEvjN9h5ctyE4uYzTJDj1DQ2gJknKs39QceyJjtU7MTgeMhv9hry
PASS V0c. no marker exists for session 1 yet | ok BCNh1EZS4PZixVLTKH33AfeCQh8khvPZhJWLVM3j5n4A
PASS V1. Phantom revokes session 1 (one signature, relayed, session key does not sign) | ok 5UaRmYQNmsWmrfLV1a6LCRK7h75jGNAVRyBWgYv39E516F8LbmxyxRe2MDVjoQNdb6xgyYZNcWBzZqKATNEpb1wn
METRIC revoke {"totalCu":22261,"primeSessionCu":22261,"ownCu":22261,"bytes":726,"fee":10000}
PASS V1b. the marker is empty, owned by prime-session and rent exempt | ok {"lamports":890880,"dataBytes":0,"owner":"FTNMFWiECbRp7D5MwJUiNQfee6NuJPjE7S11J9yc2B9G"}
PASS V2. the revoked session 1 is refused | refused: custom program error: 0x2
PASS V3. the same wallet's session 2 keeps working | ok 3hCw6FLuR7YnNfCixjiwfLtBjrWEcTFKZ6QDFBefU2mJooQDHnMQWNcrCs33bjkaW4CTTLaQggBJtsgge6AscdJd
PASS V3b. revoking session 1 again is refused | refused: custom program error: 0x2
PASS V4a. MetaMask's session-owner key signs a revoke of Phantom's session 2 (data names Phantom as owner) | refused: custom program error: 0x7
PASS V4b. MetaMask signs a revoke naming Phantom's PDA under its own owner field | refused: custom program error: 0x2
PASS V4c. Phantom session 2 still works | ok 38AuM65qFMeh5FvwkjYXT5QaaA5tuhUqKJcxKXfHXRBgoPzU4V6KuioRy8VZqucxAiRWq8iP3BUJyAjRMUTXnMQX
PASS V4d. MetaMask revokes the same key under its own PDA (a marker in MetaMask's namespace) | ok WVcAgZE7mbR8jtqDeM75ncLp1gzWf26o9DDA59yoJVK3wxY66YJXxn9j1pRQVmbyov3eK18ybFdBfZ7K2cNdCeJ
PASS V4e. ...and Phantom's session 2 still works (the marker is per owner) | ok 2Pvz1LGWt8kyQWGscpea7Q1UU8Nrh71FnLE9TaP2NKmJxUnaGhmqsrcsyypqKW1g6obfZmfq8AjHxqoA672DLCAY
PASS V5a. Phantom revokes a key it never granted | ok 5mRCp3nWyAPpbMPH9j3QfC8nUdVHKva1tWZ7UWyrBD1FwG4yThTtqvdpVPSCbxTsuHBavPSsYBbMK2gwJQ3McRsY
PASS V5b. a grant signed for that key afterwards is refused | refused: custom program error: 0x2
PASS V6a. a revoke signed for account A's PDA, sent with account B's settings and B's marker | refused: custom program error: 0x2
PASS V6b. no marker was created in account B | ok 
PASS V6c. session 3 still works in account A | ok 4QUJMZBPjJ4Fb8BnWy5mAE84oVkfSnwY65icn4ZqKdRtzvBGsdehefVNN279F5vNin4KNJmqd9jafXnTFrx4wVSq
PASS V7a. a pre-fund below the rent minimum is refused by the runtime | refused: {"InsufficientFundsForRent":{"account_index":1}}
PASS V7b. a stranger pre-funds the marker address with 0.001 SOL | ok 5PrRfErH1n7bSiwQPYsYgc1U6Hmxg9wKvwewUFXhqCvHZUDsC3aFGtorYUg2uKeug4je5o2Cwt56AZVo6LkK7K6v
PASS V7c. the revoke still works | ok 3sEcPZ1Uk7jrGdSisF3qVxhy2WncrHqgWwyG4M3dNV4nkaaRsAGCGg1fSUWZQpECfVugvrkroyzBAna5JK2bDTWr
PASS V7d. the revoked session 4 is refused | refused: custom program error: 0x2
PASS V8a. a move that passes another marker address | refused: custom program error: 0x2
PASS V8b. a move with non-canonical bump 254 (canonical 255) and the canonical PDA account | refused: custom program error: 0x2
PASS V8c. the same session with the canonical bump works | ok 2uh6fzJCg5BRiB26Hhv378A32Fs5KFwcbDniHkiVWc8rJti2aiAP33MQS4Kfeh7aGCkYT1EfB44CqrahUvDCtKey
PASS V9. a 72-byte instruction (the old length check) | refused: Program FTNMFWiECbRp7D5MwJUiNQfee6NuJPjE7S11J9yc2B9G invoke [1] Program log: panicked at src/lib.rs:39:34:
index out of bounds: the len is 8 but the index is 8 
PASS V9b. a 10-byte instruction | refused: Program FTNMFWiECbRp7D5MwJUiNQfee6NuJPjE7S11J9yc2B9G invoke [1] Program log: panicked at src/lib.rs:35:38:
range end index 32 out of range for slice of length 1
PASS R0. Freighter session works before | ok 52yYiXKwhXkyqvTqNBUS4FhqBCv5MJM5EUMx6Dv1KWq28k4kT5fSZS6MAZKY74dbGLkXBSAux9GGj4DP9F6Tq9KS
PASS R1. MetaMask + Phantom update the policy: members MetaMask and Phantom PDAs only:a. MetaMask proposes and approves | ok EB4XNct9wXiEPBqwafXw5JhXA1PTFCzBg9N3bDffWmQK4bm5Tf456xmAV3qX443ohBiUKvwBgkDtwtYNKBVMiEr
PASS R1. MetaMask + Phantom update the policy: members MetaMask and Phantom PDAs only:b. Phantom approves and executes | ok 4EdTJiYA7aetB4KrmDE8zLQFhZiL51yFTeA7Skc1SnvjPUbM3AkorSsuwjr9WWN5VSi6TC5uWimPKY3vKTWSnXCN
PASS R2. the live Freighter session after removal | refused: Error Code: NotASigner
PASS R3. MetaMask session still works | ok 2AJ3Kp3D5YC7imMSP9KaW77LyS1vFotphGWVgkojDDnBjBKAzQsSqxGNNASD2bMKG7NeqpYX8Nk3PR6bHdnxwzmE
METRIC relayerSpend {"net":"localnet","spentLamports":4092309680,"vaultFundingLamports":4000000000,"sessionKeysFunded":41,"sessionKeyFundingDevnetLamports":82000000,"devnetEstimateLamports":454309680}
NEAR MPC signatures: 35, average 0.0s
128/128 passed
