{
  MetaMask: "2mgK6QSMmExM2CDzKZK3dFHpaUYb5NkiS2spdL6yvGMZ",
  Freighter: "BU4B8vczr3Xqzo1sq5fTUE9HG9VxvXcbUKv4Yv4q9AuU",
  Phantom: "G5H71U2pASYLeei9MYvWVmCZzjHp2VscWTjpdLYa6LT4",
  sessionMetaMask: "FGaZkHnnqWdGtGHwYBNg3XFJW9euiqWa9ParoHMfRWPX",
  sessionFreighter: "GgnRgm9eVt6TNUNQUm13Nr9Zo7Mkv2Lvdm7nma6uzLZj",
  program: "FTNMFWiECbRp7D5MwJUiNQfee6NuJPjE7S11J9yc2B9G",
  programB: "J38gUL2YFo91GDBnDXwVDaGpk6XWSJUhs7RuditRdiVo",
  net: "localnet",
}
PASS P0. seats are exactly MetaMask(NEAR MPC), Freighter(NEAR MPC), Phantom(own key); threshold 2; vault funded | ok 2qQepnM1bdx2Tw4ykUpVu4d5wtKi8pZsfK4DdRktbD26Wi3pp8hnkZACZCiuRhBkrUebwM3Ufy4snZjUVGfjTJZz
PASS K1-MetaMask. MetaMask alone:a. MetaMask proposes and approves | ok 5SdiSQujVum11N7PQExJ6z1DFWQWHxVBsdUUfudFBSfm8ptKyapV5hADouFmaYk71ett6gwkGzaQbieWm7UTjsGF
PASS K1-MetaMask. MetaMask alone:b. MetaMask executes with only its own approval | refused: Error Code: InvalidProposalStatus
PASS K1-Freighter. Freighter alone:a. Freighter proposes and approves | ok 4fYp3doijPtAneUZPHvNWA5cFGCFynaETzHs5iSNHyB8ycbCpib5SjhHpipxwrwnABU7goZDugeBSSZVbQYev2Ew
PASS K1-Freighter. Freighter alone:b. Freighter executes with only its own approval | refused: Error Code: InvalidProposalStatus
PASS K1-Phantom. Phantom alone:a. Phantom proposes and approves | ok 5GgCy3sMKkX13hmphHbTEqPwa83b6zicT1gY663hzrxCrSEAyaEPBkmW3obHLFpaH9Sag8sGJcpm9XyiV73eEMcp
PASS K1-Phantom. Phantom alone:b. Phantom executes with only its own approval | refused: Error Code: InvalidProposalStatus
PASS K2. MetaMask + Freighter:a. MetaMask proposes and approves | ok Qqa6PszvUdgmidM8BcMXP1tz5UXmzoAUcp1dfh31uUWihpFoEvvuwKKWm6G68ws157NR86zf71jojp4uEQmj9z7
METRIC seat-propose-K2-MetaMask {"totalCu":61514,"bytes":579,"fee":10000}
PASS K2. MetaMask + Freighter:b. Freighter approves and executes | ok 5tTMFg61M3CBkXKRBBAvd29vaapsbFnKvTefMLckETQzEbhoVfs9LWuNGBF8wuou3whGTk3waoxoYh86kwN43cGQ
METRIC seat-exec-K2-Freighter {"totalCu":49691,"bytes":490,"fee":10000}
PASS K3. Freighter + Phantom:a. Freighter proposes and approves | ok 5b7VUAn2YVEZfizSieNeQBR6B2DYDZpUCMNQTZJwNnqDD2kAB4z3vFSAahbJTnec8nFZiRwePhmY9tanxzyYhGc8
METRIC seat-propose-K3-Freighter {"totalCu":61328,"bytes":579,"fee":10000}
PASS K3. Freighter + Phantom:b. Phantom approves and executes | ok 5p7AGfrDzekTwNjRts1zqK9NucXG4m6rUy5GP97NHx3viAHT21grrkpPHSQ3H4iF2otgLbXE9QQDQkuvr7oKu5Lc
METRIC seat-exec-K3-Phantom {"totalCu":49819,"bytes":490,"fee":10000}
PASS K4. Phantom + MetaMask:a. Phantom proposes and approves | ok 2AazbyUzYmNM2vFaZtTNPLGagsQLPDgqssnxhr7ThmnmPzM4SztKnWx63u2qTLtMS8QhNqi8w3zgAD3nVaCKEp66
METRIC seat-propose-K4-Phantom {"totalCu":64520,"bytes":579,"fee":10000}
PASS K4. Phantom + MetaMask:b. MetaMask approves and executes | ok 5DWJcscqjFJwdWQLJow2ZCPCzwbodUX1rH3yKvKLAgRmbVwcpzYNudqJS6R5CzyXt5dmwcUuNPp9aDqqShL5cFNx
METRIC seat-exec-K4-MetaMask {"totalCu":49866,"bytes":490,"fee":10000}
PASS K5. DEST received exactly 0.03 SOL | ok 0.03
PASS K6. MetaMask alone (open proposal):a. MetaMask proposes and approves | ok 3rwULkHs9rneaXLk23obQ3y1Kyu8LSSHBm4qku3DbJbuHRevLZAYniA5oKvXZx5wiL4TVuQ3fuZRNvSMs1oqVge4
PASS K6. MetaMask alone (open proposal):b. MetaMask executes with only its own approval | refused: Error Code: InvalidProposalStatus
PASS K6c. an outsider approves it | refused: Error Code: NotASigner
PASS K6d. Freighter's seat signed by MetaMask's MPC key | refused: Transaction did not pass signature verification
PASS K6e. Freighter's seat signed by its MPC key under another path | refused: Transaction did not pass signature verification
PASS K6f-MetaMask. MetaMask's seat vote signed by its session-path key | refused: Transaction did not pass signature verification
PASS K6g-MetaMask. MetaMask's session-path key approves as itself | refused: Error Code: NotASigner
PASS K6f-Freighter. Freighter's seat vote signed by its session-path key | refused: Transaction did not pass signature verification
PASS K6g-Freighter. Freighter's session-path key approves as itself | refused: Error Code: NotASigner
PASS K7. install the movers policy (members: the three session PDAs):a. MetaMask proposes and approves | ok 4wrWXYyh5Uopn5rHULCQ1Xd9UL6sdZU27jWpestvaPqMsVxTBk2mxS4k2EUpR3F7LgV8XttWZb3DeLhFM9vXiKzi
PASS K7. install the movers policy (members: the three session PDAs):b. Phantom approves and executes | ok 5x8ZmL3Yw3VtRbJfYvYbRENkuUzWf9SPemAu488Es63fdzUXKrnnJpkvbc7dbDZPQt5xxpyG5tWZzpyfz6ZZ2hVe
PASS N0. MetaMask alone (open proposal):a. MetaMask proposes and approves | ok FxjneguYKgNdJ9QSBfbFgXiA8MVbBNLggGEPMJZKhd5hcjg3jAeRVHhKUcdHMGfAedjiGdCrhxacHgd7xUyPYTv
PASS N0. MetaMask alone (open proposal):b. MetaMask executes with only its own approval | refused: Error Code: InvalidProposalStatus
PASS N1. Phantom session approves that proposal as its PDA | refused: Error Code: NotASigner
PASS N2. Phantom session key approves it as itself | refused: Error Code: NotASigner
PASS N3. Phantom session proposes a vault transaction as its PDA | refused: Error Code: NotASigner
PASS N4. Phantom session adds its key as a seat (settings sync, as its PDA) | refused: Error Code: InvalidSignerCount
PASS N5. Phantom session calls a program other than the Smart Account (System transfer from its PDA) | refused: Program FTNMFWiECbRp7D5MwJUiNQfee6NuJPjE7S11J9yc2B9G invoke [1] Unknown program SMRTzfY6DfH5ik3TKiyLFfXexV8uSG3d2UksSCYdunG Program FTNMFWiECbRp7D5MwJUiNQfee6Nu
PASS G-MetaMask1. one MetaMask signature (through NEAR) -> session; relayer pays: 0.01 SOL to VENUE | ok 41zbGSa43j2JoA3fCeH8kLcMHDrck3KiLUKRSkx5REnNZAByCQxof5nDhngsRpx4R6WcD6z7SC2D2xbdofsGZPdT
METRIC move-MetaMask-relayed {"totalCu":51853,"primeSessionCu":51853,"bytes":975,"fee":15000}
PASS G-MetaMask2. relayer down: session key pays the fee itself: 0.005 SOL to VENUE | ok 3ibBpyEwQs4NqFfHK2Dm9D7Hh8qzzb9oPKmNRKBGyTByDduyFr2nLiRMJYb3uy8233Sv6jkHY6EsreE8ZiuPqTWr
PASS G-MetaMask3. VENUE received exactly 0.015 SOL | ok 0.015
PASS G-MetaMask4. relayer down and the session key has no SOL | refused: Attempt to debit an account but found no record of a prior credit
PASS G-MetaMask5. same session: 0.01 SOL elsewhere (policy) | refused: Error Code: ProgramInteractionAccountConstraintViolated
PASS G-MetaMask6. same session: 0.06 SOL to VENUE (over the 0.05 per-move limit) | refused: Error Code: ProgramInteractionInvalidNumericValue
PASS G-MetaMask7. stretched valid-until | refused: custom program error: 0x7
PASS G-MetaMask8. someone else replays the grant with their own key | refused: custom program error: 0x7
PASS G-Freighter1. one Freighter signature (through NEAR) -> session; relayer pays: 0.01 SOL to VENUE | ok 2vL9bsETDHPjwLDX5hFgh2xzAhk2A1uYcDXzDhogJZZ6P2mnP2u189ZYTEwtv1YaEcNSwY8rimbz81CucsxHik6D
METRIC move-Freighter-relayed {"totalCu":50385,"primeSessionCu":50385,"bytes":975,"fee":15000}
PASS G-Freighter2. relayer down: session key pays the fee itself: 0.005 SOL to VENUE | ok 3zARFUVvZXJrVKoQ8i8Qpbf9t9UV9eEy2wyrXgHt2mixKqCsvxYkBuwUjU6Zd91w8vNzQdeSnvzSkdXsk7hiP1v2
PASS G-Freighter3. VENUE received exactly 0.015 SOL | ok 0.015
PASS G-Freighter4. relayer down and the session key has no SOL | refused: Attempt to debit an account but found no record of a prior credit
PASS G-Freighter5. same session: 0.01 SOL elsewhere (policy) | refused: Error Code: ProgramInteractionAccountConstraintViolated
PASS G-Freighter6. same session: 0.06 SOL to VENUE (over the 0.05 per-move limit) | refused: Error Code: ProgramInteractionInvalidNumericValue
PASS G-Freighter7. stretched valid-until | refused: custom program error: 0x7
PASS G-Freighter8. someone else replays the grant with their own key | refused: custom program error: 0x7
PASS G-Phantom1. one Phantom signature -> session; relayer pays: 0.01 SOL to VENUE | ok 2tv1uEMNmLkVzE8csbxbKx5rJzq4o2mQZEs5wsFRK1f4t36VdxZWX4WJ8NS1C9m7ipNwpLchcrQGtr6Vk16cUqB2
METRIC move-Phantom-relayed {"totalCu":50384,"primeSessionCu":50384,"bytes":975,"fee":15000}
PASS G-Phantom2. relayer down: session key pays the fee itself: 0.005 SOL to VENUE | ok 3Z64bjrcuqwfJdWgwnveWMBTKxKpMv21U9p1GVyp52zCqzspPRuq8N1CeCuKqT83amiMKh5c6dKrXdVQTFaVop71
PASS G-Phantom3. VENUE received exactly 0.015 SOL | ok 0.015
PASS G-Phantom4. relayer down and the session key has no SOL | refused: Attempt to debit an account but found no record of a prior credit
PASS G-Phantom5. same session: 0.01 SOL elsewhere (policy) | refused: Error Code: ProgramInteractionAccountConstraintViolated
PASS G-Phantom6. same session: 0.06 SOL to VENUE (over the 0.05 per-move limit) | refused: Error Code: ProgramInteractionInvalidNumericValue
PASS G-Phantom7. stretched valid-until | refused: custom program error: 0x7
PASS G-Phantom8. someone else replays the grant with their own key | refused: custom program error: 0x7
PASS G9. grant longer than 7 days | refused: custom program error: 0x4
PASS G10. expired grant | refused: custom program error: 0x4
PASS G11. MetaMask grant with the ed25519 program instruction missing | refused: custom program error: 0x7
PASS G12. ed25519 instruction reading its public key from another instruction | refused: custom program error: 0x2
PASS G13. daily cap shared by all: 0.045 used + 0.05 = 0.095 <= 0.1 | ok 4NZZN5mXV8RYmpxM1v1nFPph7waZnhNxhQ1eC9pDT8umJVbHLg5FWC5jXRh8fzK1iL1GKMdZw4GZnedJChER2qzH
PASS G13b. + 0.01 = 0.105 > 0.1 | refused: Error Code: ProgramInteractionInsufficientLamportAllowance
PASS X1. Freighter's PDA with a grant signed by MetaMask (NEAR) | refused: custom program error: 0x7
PASS X2. Phantom's PDA with a grant signed by Freighter (NEAR) | refused: custom program error: 0x7
PASS X3. MetaMask's PDA with a grant signed by Phantom | refused: custom program error: 0x7
PASS X4. Freighter's PDA with its MPC key under another path | refused: custom program error: 0x7
PASS X4b. Freighter's session PDA with a grant signed by its seat key (prime:solana) | refused: custom program error: 0x7
PASS X5. Phantom grant presented for MetaMask's PDA | refused: custom program error: 0x7
PASS X6. grant signed for cluster mainnet, used on localnet | refused: custom program error: 0x7
PASS X7a. a grant naming program A's PDA, presented to program B with A's PDA | refused: custom program error: 0x2
PASS X7b. the same grant presented to program B with B's PDA (text mismatch) | refused: custom program error: 0x7
PASS X7c. a grant naming program B's PDA, presented to program A with B's PDA | refused: custom program error: 0x2
PASS X7d. the same grant presented to program A with A's PDA (text mismatch) | refused: custom program error: 0x7
PASS X8. Phantom's own signed grant naming MetaMask's PDA | refused: custom program error: 0x2
PASS X9a. valid Phantom grant, data names another settings address | refused: custom program error: 0x2
PASS X10. the session key does not sign (relayer only) | refused: Program FTNMFWiECbRp7D5MwJUiNQfee6NuJPjE7S11J9yc2B9G invoke [1] Program FTNMFWiECbRp7D5MwJUiNQfee6NuJPjE7S11J9yc2B9G consumed 2483 of 203000 compute units Progr
PASS X11a. account 3 set to the System program instead of the Smart Account program: the move still runs | ok 2RsUnMxWwasUsptA2t7GNwddTxcpbwQorXQFe6B9s1c7WSa218Y4gStEKC5e69AJXPKAA3zfaRUsiH2WMhB3YbmK
PASS X11b. ...and prime-session called only the Smart Account program | ok 2RsUnMxWwasU… Program SMRTzfY6DfH5ik3TKiyLFfXexV8uSG3d2UksSCYdunG invoke [2]
PASS A0. account B created with the same three seats | ok 3Y8En2q8Y2EMcSQc3Gc99pc1v31trM6strGhCSCAL7ayfEGUBw5HRhSwftTUA6XMDtyS6DGo6rqcMf2iKU25ZZqA
PASS A1. account B installs its movers policy (members: each wallet's PDA for account B):a. MetaMask proposes and approves | ok ASzULq2RqiTD5DpCZnUSchPMFoCK2eeTQCLeW3sTVPaQfBARZoZYhiESLc1GJYuR9G2aSLGdVbw9c9aps5YGcZQ
PASS A1. account B installs its movers policy (members: each wallet's PDA for account B):b. Phantom approves and executes | ok 4JS1U857RmLEmkypgMaKFYB4UjpcErF97Yu5V7YG8qqWtaLBrzXQpFmwKqkBfxWximqe4Hq3BUaQVpuBNEJgALKN
PASS A2. each wallet's PDA differs between account A and account B | ok 8JtHLM,Ash1U3,4LxhPT
PASS A3. account A's Phantom grant presented to account B (as Phantom's account-B PDA) | refused: custom program error: 0x7
PASS A4. account A's Phantom PDA calling account B's policy | refused: Error Code: NotASigner
PASS A5. a Phantom grant made for account B works in account B | ok 2Nu6xU74DBdzjug8uCdQmHSvsYyzEmaFpWhtW7R3F8gNpJD9ByLdTVMdficTAgv1UMmr6bcMFb8NSHg2qk5Xf1qT
PASS A5-M0. Phantom session: one move through the Smart Account (compute units recorded) | ok 9LZgcR3VyD3bwwXVCDN92WJS5ej6s1s5nknpzw5eydmnuXcFEkrfHaYkhHsjTYnPo9YvQxnYT946LC3yvx8gXWM
METRIC move-sample-0 {"totalCu":57884,"primeSessionCu":57884,"bytes":975,"fee":15000}
PASS A5-M1. Phantom session: one move through the Smart Account (compute units recorded) | ok 2ZmvLG1RPatQGbztDVNbpp8iH9GsSD1up1ReMc8rTBSJfSvJQkhgVGJtzSFhuju7NyyMpZhLPVuHXPaE2359qqWq
METRIC move-sample-1 {"totalCu":57884,"primeSessionCu":57884,"bytes":975,"fee":15000}
PASS A5-M2. Phantom session: one move through the Smart Account (compute units recorded) | ok 3pxGjAcPFVu685Y7kZq1sDTawmKuR6X88pT2K8Fx9cNKgFBLo8ewQTajjo6VwYEdn98uJn6nssKC8aEsD9JJUAyh
METRIC move-sample-2 {"totalCu":57884,"primeSessionCu":57884,"bytes":975,"fee":15000}
PASS A5-M3. Phantom session: one move through the Smart Account (compute units recorded) | ok GvNcN8HCofZexwdbg9H8yamJyYEdMzYFzYCWuvixo63YbZbJEGH4836qd87NWwPUSgS3Rh3kJH5dGKPPPsU5h6o
METRIC move-sample-3 {"totalCu":57884,"primeSessionCu":57884,"bytes":975,"fee":15000}
PASS A5-M4. Phantom session: one move through the Smart Account (compute units recorded) | ok 45zsrdeeAuVfN7pxMqh3Bn7kM6S8ynGhNREHgULp2c2oqdcMbJnPyS14ho1a6CF6Svtr372bgZwYYYYTjnuBiZfj
METRIC move-sample-4 {"totalCu":57884,"primeSessionCu":57884,"bytes":975,"fee":15000}
PASS A5-M5. Phantom session: one move through the Smart Account (compute units recorded) | ok 66WczBsw8mtUobFGKjGi8xLW9iPDLoGVwAGu77xkgbb5Espvu5QTb4PqKpm9yxT84rGzBwZVQz8w3v3pqFJwE31r
METRIC move-sample-5 {"totalCu":60884,"primeSessionCu":60884,"bytes":975,"fee":15000}
PASS A5-M6. Phantom session: one move through the Smart Account (compute units recorded) | ok 4M6rJRzCWP3Vrw341okVuAsqpYLEhGx5nmfr4GD1MJeyFMBtK5vMPAWodiVjk9twwqTBAVX3oELjZDrdnWCm8KzP
METRIC move-sample-6 {"totalCu":57884,"primeSessionCu":57884,"bytes":975,"fee":15000}
PASS A5-M7. Phantom session: one move through the Smart Account (compute units recorded) | ok 5fiqnR9arXG6GtM1YqpCqertRTmD21YvfvcJTU8CwP2AWERo9WwUPZWxZjxmr4BwKYNUsCLwo3pDpdHmKPA9qNqG
METRIC move-sample-7 {"totalCu":68384,"primeSessionCu":68384,"bytes":975,"fee":15000}
PASS A5-M8. Phantom session: one move through the Smart Account (compute units recorded) | ok 4tqkd4NN3tvgE5ebixYfQ7XYWXoZoNkkqJU3DQCc9sxSTr6rqVxQ28UqnY7sw6bYz8GdNnVwQo3niPruBQ1pCsGn
METRIC move-sample-8 {"totalCu":57884,"primeSessionCu":57884,"bytes":975,"fee":15000}
PASS A5-M9. Phantom session: one move through the Smart Account (compute units recorded) | ok 4vWKkaN2sTEs3iXJqFhwr1KxgL52H2HKdtbgmWJcEBn6BjW4NafezKVRXkyR3MCW7VN2BWbvGAS8VbQGNs26yPhj
METRIC move-sample-9 {"totalCu":62384,"primeSessionCu":62384,"bytes":975,"fee":15000}
PASS A6. account B's grant presented to account A | refused: custom program error: 0x7
PASS V0a. Phantom session 1 works | ok 2xikzxhCrvV7imopGcQQwF1LkdxLZTZBS7wAqd4YroY9bVDT6uaYVBr8mB2RaE8ZvJtcRfKCStW7jD7B7CRZpYsz
PASS V0b. Phantom session 2 works | ok 2rcBosA1JXZXfz1NBcYZLYGxLtucnDUXUq5ywiuicgprckBKsLN8b7rPSdi7ewYMNSk4PEmRsG8RkEPGnHs91zyQ
PASS V0c. no marker exists for session 1 yet | ok itzqdokHupQpWQ6LhjbXZEn7Nf783DN9N9md6BP4E7m
PASS V1. Phantom revokes session 1 (one signature, relayed, session key does not sign) | ok 3hQzNbfjiYPZnFiaZFU3Z3TyQVN6mQjtQUK9sGgMh5ZaPo1UdGpm3dHBNSZ3fRigrEWXnBQ78n4NEz2WRiygBLTr
METRIC revoke {"totalCu":23716,"primeSessionCu":23716,"bytes":725,"fee":10000}
PASS V1b. the marker is empty, owned by prime-session and rent exempt | ok {"lamports":890880,"dataBytes":0,"owner":"FTNMFWiECbRp7D5MwJUiNQfee6NuJPjE7S11J9yc2B9G"}
PASS V2. the revoked session 1 is refused | refused: custom program error: 0x2
PASS V3. the same wallet's session 2 keeps working | ok 4im1rbL84sgLKJAcWaWZVvANsogZn1e1A9tNcGFLu363eV6HGZJ6gjbTxib5mum6CwWBjRmmkBNZ47aQNbbQRzRe
PASS V3b. revoking session 1 again is refused | refused: custom program error: 0x2
PASS V4a. MetaMask's session-owner key signs a revoke of Phantom's session 2 (data names Phantom as owner) | refused: custom program error: 0x7
PASS V4b. MetaMask signs a revoke naming Phantom's PDA under its own owner field | refused: custom program error: 0x2
PASS V4c. Phantom session 2 still works | ok 2N9vVkyhuj8oZq74EVLr3yhgabgcMRyqtfitWYcTLVecCm7W6aNpEfVQWnCCpcWtZ2QUqDVj5ti86RBhfg4PYh7y
PASS V4d. MetaMask revokes the same key under its own PDA (a marker in MetaMask's namespace) | ok 2dGA4ovR4Q1u4Uv8JpY6JEmSuyDzNJ4vNNoiVvg7Ds91xwkRYpSk8KL4wbhxZcc8pvzJWmcU1oiUW7fKEihBn1MN
PASS V4e. ...and Phantom's session 2 still works (the marker is per owner) | ok 2qm278K8Q8NwrGFFMUhpeuR9q16CJvBr4C2beBYNQoC6rvpU94ao4RFUG9qDunQEuLpCN4ZQd6dLJRfWVVubQhAf
PASS V5a. Phantom revokes a key it never granted | ok 3jE4dAvfAjj5kkMMNncU83D1GM4W6vDNkQGVz1VmXEbKCWur8GSpSDqqBSTXmoFJmjyjUJLBfNYWtSSBS8e7KhDT
PASS V5b. a grant signed for that key afterwards is refused | refused: custom program error: 0x2
PASS V6a. a revoke signed for account A's PDA, sent with account B's settings and B's marker | refused: custom program error: 0x2
PASS V6b. no marker was created in account B | ok 
PASS V6c. session 3 still works in account A | ok 3eXJNqawhZYXXPDqCoshTyZEchrrbyAEWoua9X9CY2nbZLgUMyHsgTiqqXXqd6Nmr5DNUn6zS6MphMm3rzYBZecg
PASS V7a. a pre-fund below the rent minimum is refused by the runtime | refused: {"InsufficientFundsForRent":{"account_index":1}}
PASS V7b. a stranger pre-funds the marker address with 0.001 SOL | ok 5c5PbJ1NA98t45EoRkNDqeh94UPrA9BigSg7gDsCABmYiwN1Q41BSHJfHA518MAARAd4vjDbL6DnZzTSABsVkobV
PASS V7c. the revoke still works | ok 3vRcQCGZTMmV24UVFMwfpXE6q5fekT1JLkmH74y7ArjbfdjMRNnvbANsjXhq9tJC9szVvMzQ56brh3LdUNZqemwP
PASS V7d. the revoked session 4 is refused | refused: custom program error: 0x2
PASS V8a. a move that passes another marker address | refused: custom program error: 0x2
PASS V8b. a move with non-canonical bump 252 (canonical 254) and the canonical PDA account | refused: custom program error: 0x2
PASS V8c. the same session with the canonical bump works | ok 4C2vB6onEJ9GRf5Xnh9tEqhLxaH1noRSAqUEDvAg6TuJ1LUaHdcf4q18HPeCD8bM7KyysYfrZqmKgkGDsm3b2GsK
PASS V9. a 72-byte instruction (the old length check) | refused: Program FTNMFWiECbRp7D5MwJUiNQfee6NuJPjE7S11J9yc2B9G invoke [1] Program log: panicked at src/lib.rs:37:110:
index out of bounds: the len is 8 but the index is 8
PASS V9b. a 10-byte instruction | refused: Program FTNMFWiECbRp7D5MwJUiNQfee6NuJPjE7S11J9yc2B9G invoke [1] Program log: panicked at src/lib.rs:35:41:
range end index 32 out of range for slice of length 1
PASS R0. Freighter session works before | ok 5zNquETPtqDAfHXSXFK4h1JSLXnK9LBbgmEn27tafYHaCZjYfpCfnAqPMQm7PVafUMSgQUNdBrS45FuUDq7omiHh
PASS R1. MetaMask + Phantom update the policy: members MetaMask and Phantom PDAs only:a. MetaMask proposes and approves | ok 3D5HLhnsKDoHcth6adkgesW39CtQbppDwaAZvYYJsdkKsBb7oikSZA2T7PfocPonbp6YVvWbaaerSkti5edyS1gF
PASS R1. MetaMask + Phantom update the policy: members MetaMask and Phantom PDAs only:b. Phantom approves and executes | ok 2gsVdWkpCZ5gmuSNH4oTCuitp3RCdE7zrrm622um3DLkPGhKmSmDeCQAJPH3jFn84ZgmRTq9Jugja1Wo1cCmEHh
PASS R2. the live Freighter session after removal | refused: Error Code: NotASigner
PASS R3. MetaMask session still works | ok 2BeijJpi5MdrPB83qjx8vr8CTKMUpHz6ndw5L6BT45of2WBhYRD9bV7ixbXJGgLoYcAKzPdPqKM9bfU8BYtJKLys
METRIC relayerSpend {"net":"localnet","spentLamports":4092309680,"vaultFundingLamports":4000000000,"sessionKeysFunded":41,"sessionKeyFundingDevnetLamports":82000000,"devnetEstimateLamports":674309680}
NEAR MPC signatures: 35, average 8.5s
128/128 passed
