{
  MetaMask: "2mgK6QSMmExM2CDzKZK3dFHpaUYb5NkiS2spdL6yvGMZ",
  Freighter: "BU4B8vczr3Xqzo1sq5fTUE9HG9VxvXcbUKv4Yv4q9AuU",
  Phantom: "G5H71U2pASYLeei9MYvWVmCZzjHp2VscWTjpdLYa6LT4",
  sessionMetaMask: "FGaZkHnnqWdGtGHwYBNg3XFJW9euiqWa9ParoHMfRWPX",
  sessionFreighter: "GgnRgm9eVt6TNUNQUm13Nr9Zo7Mkv2Lvdm7nma6uzLZj",
  program: "FTNMFWiECbRp7D5MwJUiNQfee6NuJPjE7S11J9yc2B9G",
  programB: "J38gUL2YFo91GDBnDXwVDaGpk6XWSJUhs7RuditRdiVo",
  net: "localnet",
}
7-of-12: Phantom seat G5H71U owner G5H71U; MetaMask seat 2mgK6Q owner FGaZkH; Freighter seat BU4B8v owner GgnRgm; Owner4 seat GLNSJj owner GLNSJj; Owner5 seat BKdRk5 owner BKdRk5; Owner6 seat 97Yy5H owner 97Yy5H; Owner7 seat DZhCzU owner DZhCzU; Owner8 seat AUTHrg owner AUTHrg; Owner9 seat D9XJ9f owner D9XJ9f; Owner10 seat A6GdsK owner A6GdsK; Owner11 seat 4rsPEs owner 4rsPEs; Owner12 seat BMsWK8 owner BMsWK8 program FTNMFWiECbRp7D5MwJUiNQfee6NuJPjE7S11J9yc2B9G
PASS O0. seats are exactly the 12 owner keys, threshold 7 | ok 5wy2EkKtw8iyF6t8vBLJ1WjezDfgHBZ9EdbVRZNP54hYsVdY3yEgAW7mYQW7FLRxsfi4f1edTmehDvViSnjSCybh
PASS O0b. the 12 session owners and 12 session PDAs are all different, and no session PDA is a seat | ok 8Bq7Ls,23F4UR,BKqNZC,ArvqA2,Aa29W8,BYYu5u,6hj84h,Gsj38G,D1Svsw,5JvCsW,C5UhV6,7E5JpB
PASS K1.a Phantom proposes and approves | ok 5jRwJLxyVn4L93UFzwEFuu2HA52MM4LXThjV6Q5oR2sLbxGXpu4bkxk1hR51jEK64tHc15jYVjLyWmgGEPhFffpw
PASS K1.MetaMask approves | ok 5cULsDcZ5S9JzPSnRh1M1u3PjuLxZssPMDrCsKF9c2CesVtESSE8JJbJb9Tdt5DNYqw6je73EZSybb2LDdKn9TY8
PASS K1.Freighter approves | ok 4BCg3Ko1s3Sy1kPW7NJSqQbHiAD62JHdTBDfoQ3xUCmyv1LEhBhGswzGCoiyvncVqbBcz4kDKQhphPU6NdZYUS4p
PASS K1.Owner4 approves | ok 3mWT5wPcgtQAccPLfFkoRZ3dY1QrUTmHyUNcdBEp7mNJNotL1z96VzfeJGkojmUed975cZ92Xm2aSDfSAKwtyuXv
PASS K1.Owner5 approves | ok 5PrGuXBGDEA1xvtRzMgEsi8jis6bbdLS5JW8V3BvYtD6WFAMU3s19VUf7DVHre2cg3kCXBj4t4uCfqqaNaAwcfVU
PASS K1.Owner6 approves | ok Ttua6ZuHPrqFAwsK5oBXYFuTbfkbofydBpr9FYrV6p7FvPyugNwXezd9gfZGaRcz7Pm3e6QRJS4y9zbY9EnU7Vr
PASS K1.x Owner6 executes | refused: Error Code: InvalidProposalStatus
PASS K1c. an outsider approves it | refused: Error Code: NotASigner
PASS K1d. Phantom approves it a second time | refused: Error Code: AlreadyApproved
PASS K2.x Owner7 approves and executes | ok YycewbHndBZwupTryt1WVJRjPNLx7W4DrgXyygBVwP61nmTWTaYNQZj2wn8EZy89y91mkr2aifoZA1TrktjHVkR
PASS K3. a different 7 owners (Owner6 + Owner7 + Owner8 + Owner9 + Owner10 + Owner11 + Owner12):.a Owner6 proposes and approves | ok 52KQYkBPHrvZeFsQYFMfj71pZR29hXyhsWW24BBh8d3UFJkjcAiPdt9i9cVf4Tk9YoVhFxDJDBcshPo4xQ3qngES
PASS K3. a different 7 owners (Owner6 + Owner7 + Owner8 + Owner9 + Owner10 + Owner11 + Owner12):.Owner7 approves | ok 3cWFHUsJNPXGJzmaBNVPnSoiK2z9maJSm8Vc11okSRttb3GF7GpUdFHSZE16UZ3rFN1dDR5zvuLZXUNJxv7XoNiu
PASS K3. a different 7 owners (Owner6 + Owner7 + Owner8 + Owner9 + Owner10 + Owner11 + Owner12):.Owner8 approves | ok 2rn2kn4TBXVzNomU1K1VR4TRBthZEjkFQiXajQQ4AYahKGyjBLxmgnZPRRnSH3me8EhLXYh8XMAcDtjHKiZinjnK
PASS K3. a different 7 owners (Owner6 + Owner7 + Owner8 + Owner9 + Owner10 + Owner11 + Owner12):.Owner9 approves | ok 3mBM3V68MmGYhBmmvy4HJNVjsBGFrQZFEWQ9gHaudZMJboPuSkrYqvsrmrPCXvAD1pSKeWNtx3UGKBfeRPC7fNnv
PASS K3. a different 7 owners (Owner6 + Owner7 + Owner8 + Owner9 + Owner10 + Owner11 + Owner12):.Owner10 approves | ok E4hpvuv3jeH8PpAF7kon3rguV7JTxbt9o3kfCduQiGh8LL5Y5tsxEHrwSzS51gBxxGYceQwge4p8zptmhsoqBEF
PASS K3. a different 7 owners (Owner6 + Owner7 + Owner8 + Owner9 + Owner10 + Owner11 + Owner12):.Owner11 approves | ok 34tqv3aots7sLpme9FpoaYdTWCnNVvPSRFFNq1rDWpSanpxCJdkEx1HcRJ9UyqtbGESi571SzgXfkhzg4PoLG74z
PASS K3. a different 7 owners (Owner6 + Owner7 + Owner8 + Owner9 + Owner10 + Owner11 + Owner12):.x Owner12 approves and executes | ok 5WDUc76v3EyBnm4T3LHsJwvNq2vxM2CBBRFEV9fTzxc3PNFpJXpaWTXCTguLfemQcUWxtLBXMcHN3s2L3UqRYfCR
PASS K4. DEST received exactly 0.02 SOL (the accepted transactions only) | ok 0.02
PASS K5. 7 owners install the movers policy (members: the 12 session PDAs, Phantom + MetaMask + Freighter + Owner4 + Owner5 + Owner6 + Owner7):.a Phantom proposes and approves | ok 5Qtrdew1L8z3W9stUK5m7jVQziEELUDwpD6uN3bGD542DrfoWdDEBvWYmS5nEYdMQYNffV1C3jJTGbfQmpc15YGC
PASS K5. 7 owners install the movers policy (members: the 12 session PDAs, Phantom + MetaMask + Freighter + Owner4 + Owner5 + Owner6 + Owner7):.MetaMask approves | ok 48wJFd6zvMwJ23zNkxHVAwUb2fzR8pNoin1ffTxP3zcieQhKdR7zBBKmxcrwDrUct2Up4quWUu9gUHHqKnmEFwS7
PASS K5. 7 owners install the movers policy (members: the 12 session PDAs, Phantom + MetaMask + Freighter + Owner4 + Owner5 + Owner6 + Owner7):.Freighter approves | ok 3i9L6qGDbNcQ5nPkqBeap8HwVik1q6y8h6Hmw6Di3wQ1NAuxUYHsP6Rp83dYoPt29BGsUbFggbs8Wrx5FF4kdVZk
PASS K5. 7 owners install the movers policy (members: the 12 session PDAs, Phantom + MetaMask + Freighter + Owner4 + Owner5 + Owner6 + Owner7):.Owner4 approves | ok 3u6uViyebYcxCVEFqB1HnUrwbbzwqKZeMEuxDe4AS9ktBxbnPWc56n8Mo62T1iHFJeiSp3JSqFV6QjBn5HZvxeuk
PASS K5. 7 owners install the movers policy (members: the 12 session PDAs, Phantom + MetaMask + Freighter + Owner4 + Owner5 + Owner6 + Owner7):.Owner5 approves | ok 34SstRfUfVBsFirfcpi8QSTh9K4teqCRe42wGJBqdSvUHw5AZzfxg85pGf7Rcv8h1iPvLKzMndL4YurPdzWTrpyJ
PASS K5. 7 owners install the movers policy (members: the 12 session PDAs, Phantom + MetaMask + Freighter + Owner4 + Owner5 + Owner6 + Owner7):.Owner6 approves | ok 5oLrRMCANaYahKdv6Nhnq5esjZpXhptNNdrstfhT5r8krNpDq5w9DdQfTU3Mr6iC8tTzKAo7nWf9aKQRb4ticif3
PASS K5. 7 owners install the movers policy (members: the 12 session PDAs, Phantom + MetaMask + Freighter + Owner4 + Owner5 + Owner6 + Owner7):.x Owner7 approves and executes | ok 4nfstCXeEEYCb8G9G68NvtQnqhDjFrKzduCYJARYBZEtBTATjGxZ29CLWovwZhEZyJqDNCzysCqf9VdMQtpNR96S
PASS N0.a Phantom proposes and approves | ok 2ibdAFYfK4b8A8VBwz5o4L3uhfWC6uTQqu6fH1CkBVNNu2Tv6BtBpX2TCg1Vr61coeZgM751vtG9VNP7j88WrHAX
PASS N0.MetaMask approves | ok 2u54xJV7sTG9uWJpVvkizNnxnwj7BaD8X4NDZkewQjSuYYhfTnZ5zYBMG4yyZLyaeEgcp6uh1h5197ArUfTi7jV1
PASS N0.Freighter approves | ok 2SkysthSsQZohPznLHxQ8PcA7E63ojJLwCRyHGBP1SZw8oeeYicnpjt7svvjaRYTEeuth8hMdcuiA67rKLg3t477
PASS N0.Owner4 approves | ok 3HuMS2s3gWixNUHZMcKwzfWq6fTD1RKnr7wuizWDFRDqbRyYPjSTHvi2RYjvBromStPZRu9GuGRWG2VeknbQMsoC
PASS N0.Owner5 approves | ok 5UMgjzxmVmwVTofnCTRcV3Quu9PYgefaCqnj7MQ8vJXmiJobAkNSmnx4Lbbv8ib8pM5G9DAp9ggX4EC9DpaNXPVu
PASS N0.Owner6 approves | ok 4D86Bzz2zHyitCGgsMS6C9Eh1o1xmT93Z3wxocw88kfpqtxnYumy7wFejZ57EmEpn3XjnLiwezac8oCohz2Kknuy
PASS P0-Phantom.1 one Phantom signature -> session; relayer pays: 0.002 SOL to VENUE | ok zBVPadDaxa2iEStpKhqNbkHqpdhA6pGBK4wShyGJpxk4biXyvAnd7Kj1r7yB7HxjmC9eQP375NcCezVoUxd2wXM
METRIC move-Phantom-relayed {"totalCu":60348,"primeSessionCu":60348,"bytes":974,"fee":15000}
PASS P0-Phantom.2 relayer down: the session key pays the fee itself: 0.001 SOL to VENUE | ok 3FZ1T6kkv24dhjT6ay55TQi1rLs6gd4gLT5S3WVrbzKHAH6mmj9nnutZ2xziqxHCBEJyEB33XYpN958ZbDwGr8jm
PASS P0-Phantom.3 VENUE received exactly 0.003 SOL | ok 0.003
PASS P0-Phantom.4 0.002 SOL elsewhere (policy) | refused: Error Code: ProgramInteractionAccountConstraintViolated
PASS P0-Phantom.5 the session approves an open seat proposal as its PDA | refused: Error Code: NotASigner
PASS P0-Phantom.6 the session key approves it as itself | refused: Error Code: NotASigner
PASS P0-Phantom.7 the session adds its key as a seat (settings sync, its PDA as the only signer; it is short of the threshold, so .5 is the check that names the PDA) | refused: Error Code: InvalidSignerCount
PASS P0-Phantom.8 a second session works | ok 3W7hDZXcabNQza12ynpuNiXDn6muC6q5wGKWdZx4KjUutaKT1zf7xrRwgx3ttDpJT1SSZgwm6gqZT4HD4aU5H8MZ
PASS P0-Phantom.9 Phantom revokes it (one signature, relayed) | ok 5TNRGnutQcq6VZbXPn8ZgTSFRL3XPP3g1xV96eYAgQcpf4zYAT1cYXZ2ocdFMMwj9eTRa9q4P7AhyD7nxWxgEgJT
PASS P0-Phantom.10 the revoked session | refused: custom program error: 0x2
PASS P0-Phantom.11 the first session still works | ok jnqDGn9sMvWtiM2wZz1J3XHjA1nYP9zYDH1fhH5HNPbxa1K5apCE67toaHtDaSAvaSjidbobWbdgRGry9hGYvu7
PASS P0-Phantom.12 a grant for Phantom's PDA signed by MetaMask's owner key | refused: custom program error: 0x7
PASS P1-MetaMask.1 one MetaMask signature -> session; relayer pays: 0.002 SOL to VENUE | ok 4hrGz2QFQX3xWTyracCrMdbx3FF55gdFjsD2LHPr8aPBLkux8zsYEYN7PwBAzcu3fBJ8NJjcT1Soa5FaJ1wPcHas
METRIC move-MetaMask-relayed {"totalCu":61860,"primeSessionCu":61860,"bytes":975,"fee":15000}
PASS P1-MetaMask.2 relayer down: the session key pays the fee itself: 0.001 SOL to VENUE | ok b2RucoX3TKESpmq5t6cQps8qPZrW5Y4D1iHYXaNi4g7sSZg3NVjJ1187Kr7pS2FTu4Pyz6Tn7N2xDkBCwktGNoy
PASS P1-MetaMask.3 VENUE received exactly 0.003 SOL | ok 0.003
PASS P1-MetaMask.4 0.002 SOL elsewhere (policy) | refused: Error Code: ProgramInteractionAccountConstraintViolated
PASS P1-MetaMask.5 the session approves an open seat proposal as its PDA | refused: Error Code: NotASigner
PASS P1-MetaMask.6 the session key approves it as itself | refused: Error Code: NotASigner
PASS P1-MetaMask.7 the session adds its key as a seat (settings sync, its PDA as the only signer; it is short of the threshold, so .5 is the check that names the PDA) | refused: Error Code: InvalidSignerCount
PASS P1-MetaMask.8 a second session works | ok 2DBjs75F6gHbFVJxXwxv1uNJP4YFUtfEPzEp7e8J5XuXVfvEZtDwywqgmyA1SESA1gqxAVjy2s8otCX1kmaod1wh
PASS P1-MetaMask.9 MetaMask revokes it (one signature, relayed) | ok 3q1XodkXUs9nZzLqidGZJh2ds3Mq6FLPnbekfCUDTLSgLF1g4mSKfkjidDn5wGB6qFUtDzpPVXQWqHxce5LLdBo4
PASS P1-MetaMask.10 the revoked session | refused: custom program error: 0x2
PASS P1-MetaMask.11 the first session still works | ok 2hqsUqKByFdsqbBdyh792AZUiGYnLgUs5DFd7SHgT3D7GcxUq6M5a3zZ6oHZAReHw2X49zSkEEnzjEzq9jXjnMnX
PASS P1-MetaMask.12 a grant for MetaMask's PDA signed by Freighter's owner key | refused: custom program error: 0x7
PASS P2-Freighter.1 one Freighter signature -> session; relayer pays: 0.002 SOL to VENUE | ok 3tkstFgJBpwoMwb1BjPRPY3gqPnctJq3RVG2RCTmv1VkpXmPq87iQ8mdhShXEuHUAftH4a6DWLkkH7tYLxPjmAYx
METRIC move-Freighter-relayed {"totalCu":60361,"primeSessionCu":60361,"bytes":975,"fee":15000}
PASS P2-Freighter.2 relayer down: the session key pays the fee itself: 0.001 SOL to VENUE | ok 4HVqBEcGp49zwtiogMsfzrXfPZEUCbxxZWxvXjQvibHXxkMgrNcd8LMoAzcvf3duNYk7jzXcggLkGBCTDRJC917P
PASS P2-Freighter.3 VENUE received exactly 0.003 SOL | ok 0.003
PASS P2-Freighter.4 0.002 SOL elsewhere (policy) | refused: Error Code: ProgramInteractionAccountConstraintViolated
PASS P2-Freighter.5 the session approves an open seat proposal as its PDA | refused: Error Code: NotASigner
PASS P2-Freighter.6 the session key approves it as itself | refused: Error Code: NotASigner
PASS P2-Freighter.7 the session adds its key as a seat (settings sync, its PDA as the only signer; it is short of the threshold, so .5 is the check that names the PDA) | refused: Error Code: InvalidSignerCount
PASS P2-Freighter.8 a second session works | ok g7XMtdoJdm9jSvNGHCauqR1CSEGakdcnVUe6eujjTdiVAcjXEu6uG7YYw6Nap2YwwZpnTnE6eKULM12VEm7HDfT
PASS P2-Freighter.9 Freighter revokes it (one signature, relayed) | ok 2eQR5y5GsNgbFtSj8cBJwoPv2L3QkZjCaDLA76sAggu9pjRZ2Xbt18ZHE34gHcJzkt4QJnV3K76vdaxjK7b9QAW
PASS P2-Freighter.10 the revoked session | refused: custom program error: 0x2
PASS P2-Freighter.11 the first session still works | ok 3pHoxYz1m57FbR3TbVnkEWzwAaiJdCWRGwAVsswW6sr4CyFqx3Q5BiR7X3DPSRhfJLj38qQb3NahHXmDSQFyWP9R
PASS P2-Freighter.12 a grant for Freighter's PDA signed by Owner4's owner key | refused: custom program error: 0x7
PASS P3-Owner4.1 one Owner4 signature -> session; relayer pays: 0.002 SOL to VENUE | ok 2ZD7TZTDdwFEUMtzUfJobuQ8fgj5uhgfxJFq1SzStGqTCBXH5dzrkgSLumVH2m1vXq2mQBGqMXnnC5UNVKuiK8HJ
METRIC move-Owner4-relayed {"totalCu":60267,"primeSessionCu":60267,"bytes":975,"fee":15000}
PASS P3-Owner4.2 relayer down: the session key pays the fee itself: 0.001 SOL to VENUE | ok 4uz3NQ6WA7m8N18i9XJtkdNSkpZjCc68HyspZ77VirQduAEDfqXcHn36VR7YRhtZmyF4RmEgbjcPfNj1zunsdtLj
PASS P3-Owner4.3 VENUE received exactly 0.003 SOL | ok 0.003
PASS P3-Owner4.4 0.002 SOL elsewhere (policy) | refused: Error Code: ProgramInteractionAccountConstraintViolated
PASS P3-Owner4.5 the session approves an open seat proposal as its PDA | refused: Error Code: NotASigner
PASS P3-Owner4.6 the session key approves it as itself | refused: Error Code: NotASigner
PASS P3-Owner4.7 the session adds its key as a seat (settings sync, its PDA as the only signer; it is short of the threshold, so .5 is the check that names the PDA) | refused: Error Code: InvalidSignerCount
PASS P3-Owner4.8 a second session works | ok 3ZukdGyYFBeotsAS8McWv11Qmwwbc2n15LgaSeTZgWSrf8NB19N2PS1L4choGegKVe82mKE1HpopiHPVLTwxB9KR
PASS P3-Owner4.9 Owner4 revokes it (one signature, relayed) | ok 5PegHUN8HiWvxudQPjHKSwbRvMuMUDRBeDkA2wfd5tzkp5G5y85ejMQLF5YMtuFy6JTbf1uTc6AoGCd9o6JQWecF
PASS P3-Owner4.10 the revoked session | refused: custom program error: 0x2
PASS P3-Owner4.11 the first session still works | ok 2aQ8iixZ7uThs77AeEx7C2mPgokPpyMhsSjYqt9gJ6a579NVurarTCVURY64fSzqFKTa8YTDT4QnzkEZdqU89g9t
PASS P3-Owner4.12 a grant for Owner4's PDA signed by Owner5's owner key | refused: custom program error: 0x7
PASS P4-Owner5.1 one Owner5 signature -> session; relayer pays: 0.002 SOL to VENUE | ok xPNoo97JWEkQxmqWw1hCacMJZHcgVGpZCWjceoVskWtj6f9kZNxwqhF8DTHNs7HaRk5dn23LrfWaMhygxxtB7NL
METRIC move-Owner5-relayed {"totalCu":61830,"primeSessionCu":61830,"bytes":975,"fee":15000}
PASS P4-Owner5.2 relayer down: the session key pays the fee itself: 0.001 SOL to VENUE | ok 62bur9PFbY3X5T67CRHBZ3Vs5E1xDTsJcZ8Q9kAvcjGbdpibGLcSMQhF5cQHqDJY6fYVMZZn1FTgASu7ZA2i4CW1
PASS P4-Owner5.3 VENUE received exactly 0.003 SOL | ok 0.003
PASS P4-Owner5.4 0.002 SOL elsewhere (policy) | refused: Error Code: ProgramInteractionAccountConstraintViolated
PASS P4-Owner5.5 the session approves an open seat proposal as its PDA | refused: Error Code: NotASigner
PASS P4-Owner5.6 the session key approves it as itself | refused: Error Code: NotASigner
PASS P4-Owner5.7 the session adds its key as a seat (settings sync, its PDA as the only signer; it is short of the threshold, so .5 is the check that names the PDA) | refused: Error Code: InvalidSignerCount
PASS P4-Owner5.8 a second session works | ok 2J356zurJjS2tD6KsqgD8PMW6BGhjVJu8ACwGDCBcEvy2ryQFxhQneaBcpJM6oMdcKHmUGJSmo14WAuW2iY7u8G2
PASS P4-Owner5.9 Owner5 revokes it (one signature, relayed) | ok X4mg4FSgV83Y1FWjR88HLPH7B4gxhmbhiJz8Vm6yFhAmgwtAdjPWXCdqysjtKS8Hj7svz5dPYdY8nznts7VttV7
PASS P4-Owner5.10 the revoked session | refused: custom program error: 0x2
PASS P4-Owner5.11 the first session still works | ok 5GLymf82dePp7zSLLHGwPaiRSim5zC2Aoh8pY6guZAgw7aYf1pDuLeCmXH8j3f8TTcUi695AJCg65x1J8if2uboY
PASS P4-Owner5.12 a grant for Owner5's PDA signed by Owner6's owner key | refused: custom program error: 0x7
PASS P5-Owner6.1 one Owner6 signature -> session; relayer pays: 0.002 SOL to VENUE | ok 5KpJWcbTFd6boMRxMeMqAWhrDHYgBdHyQBAx474gpWeQSeCGUKqvCCeVRhYGhtF7W4nBvAFj564m2epEMNd4n5Bx
METRIC move-Owner6-relayed {"totalCu":61830,"primeSessionCu":61830,"bytes":975,"fee":15000}
PASS P5-Owner6.2 relayer down: the session key pays the fee itself: 0.001 SOL to VENUE | ok 3zP8rq43VXf8CHLFmvrYUrZsr4LBk7UQjjkGpJji4ccVBQAdTVowPQdj6apH2NFzvKwuxgxA5DUFx5sCfU8ZW2FB
PASS P5-Owner6.3 VENUE received exactly 0.003 SOL | ok 0.003
PASS P5-Owner6.4 0.002 SOL elsewhere (policy) | refused: Error Code: ProgramInteractionAccountConstraintViolated
PASS P5-Owner6.5 the session approves an open seat proposal as its PDA | refused: Error Code: NotASigner
PASS P5-Owner6.6 the session key approves it as itself | refused: Error Code: NotASigner
PASS P5-Owner6.7 the session adds its key as a seat (settings sync, its PDA as the only signer; it is short of the threshold, so .5 is the check that names the PDA) | refused: Error Code: InvalidSignerCount
PASS P5-Owner6.8 a second session works | ok 3oC1KkLbwaTtiMJf1sMWHdtyNCab2XGWHtPPurwzYtvSf6jL3p13ebaKKQ18hW2Arg5Yx1PKo6Y3vJqRxtRT9kq3
PASS P5-Owner6.9 Owner6 revokes it (one signature, relayed) | ok 4APbNNH44UHtUfiPWxzgzRzJzhXohSUToz9A6T1rHDREVC7pH91CAHMm2BAmuLYXmpdhmc5NoP39ksxwFYZqHTr2
PASS P5-Owner6.10 the revoked session | refused: custom program error: 0x2
PASS P5-Owner6.11 the first session still works | ok 4N2m44FpihF6qToYRrMZ18xujczvEudC4pnKC5RiN2Q2N9p3QMR1MUqeV4UK8m3V5pTSxXK5osGqchQnW7C5wA1y
PASS P5-Owner6.12 a grant for Owner6's PDA signed by Owner7's owner key | refused: custom program error: 0x7
PASS P6-Owner7.1 one Owner7 signature -> session; relayer pays: 0.002 SOL to VENUE | ok 55n2otxPaKqhvg18vA3F9DYiwyqSQx63VpxqjchWbfDGJ7uPzJ34pdqzLTtzrPnDxH6ELUR71FoE7W9fsLYvqVhK
METRIC move-Owner7-relayed {"totalCu":60361,"primeSessionCu":60361,"bytes":975,"fee":15000}
PASS P6-Owner7.2 relayer down: the session key pays the fee itself: 0.001 SOL to VENUE | ok 3VZ2v8Za4VPHkPs6vuTeGXDjaiuubGnwnQKguR5A5UKArapnzsphEdJcCPigy8mSxeSTieFhmbuGHvVSMebyRXce
PASS P6-Owner7.3 VENUE received exactly 0.003 SOL | ok 0.003
PASS P6-Owner7.4 0.002 SOL elsewhere (policy) | refused: Error Code: ProgramInteractionAccountConstraintViolated
PASS P6-Owner7.5 the session approves an open seat proposal as its PDA | refused: Error Code: NotASigner
PASS P6-Owner7.6 the session key approves it as itself | refused: Error Code: NotASigner
PASS P6-Owner7.7 the session adds its key as a seat (settings sync, its PDA as the only signer; it is short of the threshold, so .5 is the check that names the PDA) | refused: Error Code: InvalidSignerCount
PASS P6-Owner7.8 a second session works | ok 5uWc6xL1MuHGXwuWzSD1wAGYcUs5DjWEyNT2M2TuszH3DJTEerLpc5ebj69WEfDF3avHL7EbGCqWEM7zWUstoGza
PASS P6-Owner7.9 Owner7 revokes it (one signature, relayed) | ok 27AbmXGtsDtX2N9nJXQdX2YpmwACXqRhY1NtHHadYMfEfgxtURPJusVzvmjvjMkW3EqviqjfnpXZGpxpcyDemaYm
PASS P6-Owner7.10 the revoked session | refused: custom program error: 0x2
PASS P6-Owner7.11 the first session still works | ok 5K2RfwSCuqng15e48S86zpbMP8uRwfS7SeZrTtPhCswwSqKuH8G8sz1tXQzEAzvTBdHPPRdVhrpKMopGLLsos1Dg
PASS P6-Owner7.12 a grant for Owner7's PDA signed by Owner8's owner key | refused: custom program error: 0x7
PASS P7-Owner8.1 one Owner8 signature -> session; relayer pays: 0.002 SOL to VENUE | ok 2yXbxMqQZprFWGtA8Xjgm1w26X6tAvs3XKhCBuPHS39w7nzzWxke5t4j66j3CsxDZZmxNzrh7UdtpKsBw5EJxqRA
METRIC move-Owner8-relayed {"totalCu":61831,"primeSessionCu":61831,"bytes":975,"fee":15000}
PASS P7-Owner8.2 relayer down: the session key pays the fee itself: 0.001 SOL to VENUE | ok LNDtdphjukJ4691Rx7fMB2F6d32piX8UcN6rF3P338kr5LrfFGneHe62ZQFQMVUL6PUPccf5NTtFKhiCeF1TCDp
PASS P7-Owner8.3 VENUE received exactly 0.003 SOL | ok 0.003
PASS P7-Owner8.4 0.002 SOL elsewhere (policy) | refused: Error Code: ProgramInteractionAccountConstraintViolated
PASS P7-Owner8.5 the session approves an open seat proposal as its PDA | refused: Error Code: NotASigner
PASS P7-Owner8.6 the session key approves it as itself | refused: Error Code: NotASigner
PASS P7-Owner8.7 the session adds its key as a seat (settings sync, its PDA as the only signer; it is short of the threshold, so .5 is the check that names the PDA) | refused: Error Code: InvalidSignerCount
PASS P7-Owner8.8 a second session works | ok 4b24Yrhq5ZmJW4TYqf4khdXYbNciAcYuPo76nbLyrZrpSifxGp4E4X939m2pDxNPMHFU5fSWQZUm1S1cVGdG6xi3
PASS P7-Owner8.9 Owner8 revokes it (one signature, relayed) | ok 2nPkbqEpqQcc6HPugCj2MNtYCh1NXkKzewy1crJpMsu5awmw1vwijytxygo76HwQrmM38c6jPWwdRzQ47ouCkbuE
PASS P7-Owner8.10 the revoked session | refused: custom program error: 0x2
PASS P7-Owner8.11 the first session still works | ok 3MnFvmxC4A3aqWXsoDMLZZtS5u8BxBMCoM1rhMFsEjLbCgQ9u3BPdq8H4T2FQeXvnxKRjQaZucjrgipmwbN2vXpj
PASS P7-Owner8.12 a grant for Owner8's PDA signed by Owner9's owner key | refused: custom program error: 0x7
PASS P8-Owner9.1 one Owner9 signature -> session; relayer pays: 0.002 SOL to VENUE | ok 4invGywXKhibroCK2bnY5CEKJ3XoNtmKkhbGhrEvG56UgxqpNMwN8wf2GrjRsPYGsEF9PaMdEqQJYsZLkEyQyPgn
METRIC move-Owner9-relayed {"totalCu":60362,"primeSessionCu":60362,"bytes":975,"fee":15000}
PASS P8-Owner9.2 relayer down: the session key pays the fee itself: 0.001 SOL to VENUE | ok 3GrzDwJa2U9iFTxmDURE1A82qxB3tc86xL6Gu8DJc6z8NQvXYLdwPVZs8oESrAVFbtZX4QgNpjvWG2269FUzSAXZ
PASS P8-Owner9.3 VENUE received exactly 0.003 SOL | ok 0.003
PASS P8-Owner9.4 0.002 SOL elsewhere (policy) | refused: Error Code: ProgramInteractionAccountConstraintViolated
PASS P8-Owner9.5 the session approves an open seat proposal as its PDA | refused: Error Code: NotASigner
PASS P8-Owner9.6 the session key approves it as itself | refused: Error Code: NotASigner
PASS P8-Owner9.7 the session adds its key as a seat (settings sync, its PDA as the only signer; it is short of the threshold, so .5 is the check that names the PDA) | refused: Error Code: InvalidSignerCount
PASS P8-Owner9.8 a second session works | ok 62jQCj48R4vatBGZPyhMwRfvCygmHsa1FNCvna1rZPyVkEnvdrnMjF7C9nmZnRWfKyt6KHvoziuTYJmWQjCZBaz4
PASS P8-Owner9.9 Owner9 revokes it (one signature, relayed) | ok 2xci4PHrKyck6ENCQTkPpCVGsHxFfaN3hZzPv7PwQ9LBXbXLw3A4CxCxkm6yqtmKrqtWiEmxKjwLMCNK9jLAbsSU
PASS P8-Owner9.10 the revoked session | refused: custom program error: 0x2
PASS P8-Owner9.11 the first session still works | ok 5kXb8HEsUUZgzZNghSVsey1oKxZDoNqMQiqq5otgwrLrqkLF27xoBzRSkrphgbgFhnGRd3kw1fc6GV3ppKbN3Sxr
PASS P8-Owner9.12 a grant for Owner9's PDA signed by Owner10's owner key | refused: custom program error: 0x7
PASS P9-Owner10.1 one Owner10 signature -> session; relayer pays: 0.002 SOL to VENUE | ok 3GMUqN1fpte92gBf6tXp73LECw2af8k7ocVHmYTGkrLSiExev3xYy1Z1GVwbq6hCFvony72kepAiqgENQcjqfWLs
METRIC move-Owner10-relayed {"totalCu":66329,"primeSessionCu":66329,"bytes":975,"fee":15000}
PASS P9-Owner10.2 relayer down: the session key pays the fee itself: 0.001 SOL to VENUE | ok 3Jrq4CtiGdiT2TaZzDeCPFMfh3PHGv3Ygsbpt83Pf2sLsm6vzmfiA66XRvkHVQvkuoKPQLoKuyqFeEvtGjErC4HS
PASS P9-Owner10.3 VENUE received exactly 0.003 SOL | ok 0.003
PASS P9-Owner10.4 0.002 SOL elsewhere (policy) | refused: Error Code: ProgramInteractionAccountConstraintViolated
PASS P9-Owner10.5 the session approves an open seat proposal as its PDA | refused: Error Code: NotASigner
PASS P9-Owner10.6 the session key approves it as itself | refused: Error Code: NotASigner
PASS P9-Owner10.7 the session adds its key as a seat (settings sync, its PDA as the only signer; it is short of the threshold, so .5 is the check that names the PDA) | refused: Error Code: InvalidSignerCount
PASS P9-Owner10.8 a second session works | ok 2NkFmdFbhuwDogvQPU9KjYKVmChFjkWzEzuqrkJM4k5DcH6d7CF7gS4XA9Krv3niwQ1TcDGGYoPdtjt1Hy7v8Gfi
PASS P9-Owner10.9 Owner10 revokes it (one signature, relayed) | ok 658d7ZbnSyAaL8rc3bxhvEA4GYBRK8G7A2xgKP4QhqU5CjCLGCbq8g5sYz8dRGyxNzJyHEfxM91FsHq9W9ogah3a
PASS P9-Owner10.10 the revoked session | refused: custom program error: 0x2
PASS P9-Owner10.11 the first session still works | ok 4hNPFYrTYFS1UZ1meBAByUZoHyD5s8fL6BGJn5QjMJK7X9mumdws7omX6Dpn8o9fEV6XhYHd3Qw7br5KTd3ZrBti
PASS P9-Owner10.12 a grant for Owner10's PDA signed by Owner11's owner key | refused: custom program error: 0x7
PASS P10-Owner11.1 one Owner11 signature -> session; relayer pays: 0.002 SOL to VENUE | ok 4dr2KjkNcet8dwEHUapNK7KePoCLcr5MvYTy62LTDciavcGgDsKtLkEoK8HYAaQBc3bFDVF9Q9R8bPiWNFfDaGhv
METRIC move-Owner11-relayed {"totalCu":61799,"primeSessionCu":61799,"bytes":975,"fee":15000}
PASS P10-Owner11.2 relayer down: the session key pays the fee itself: 0.001 SOL to VENUE | ok 55UvZc4b8Mop9BBdLZgThkPTCj8X7zqT8hLi2r3tyoMjWMPX4Hx4nnpwzaZbUvxyZq5ToUf4hfae77bJgqkNVeDF
PASS P10-Owner11.3 VENUE received exactly 0.003 SOL | ok 0.003
PASS P10-Owner11.4 0.002 SOL elsewhere (policy) | refused: Error Code: ProgramInteractionAccountConstraintViolated
PASS P10-Owner11.5 the session approves an open seat proposal as its PDA | refused: Error Code: NotASigner
PASS P10-Owner11.6 the session key approves it as itself | refused: Error Code: NotASigner
PASS P10-Owner11.7 the session adds its key as a seat (settings sync, its PDA as the only signer; it is short of the threshold, so .5 is the check that names the PDA) | refused: Error Code: InvalidSignerCount
PASS P10-Owner11.8 a second session works | ok 2zgc2fMp4crf9qfByys9U479oaEGrAnpgXffBouxbBJBvrHQzweYztwA4ECNvZFwJsKUaTTQjvaFEnNGjLr7PAj9
PASS P10-Owner11.9 Owner11 revokes it (one signature, relayed) | ok 3eFbUgUxy7Ctnc5xqw6Fc5hetVKWx6nvDsn5gEwsGP2QhETsM3gTh13UqixrKHqE9HVH4DqSz5qfYPgEPJRhvmSc
PASS P10-Owner11.10 the revoked session | refused: custom program error: 0x2
PASS P10-Owner11.11 the first session still works | ok 5xqyGXgdu1rBqJc9FpShUiqyC8KuoBTg8despq3s9T7isymDFmaoTyXXLMjSvTuMwr46SzkfJ5rdtFNzFcdFNstD
PASS P10-Owner11.12 a grant for Owner11's PDA signed by Owner12's owner key | refused: custom program error: 0x7
PASS P11-Owner12.1 one Owner12 signature -> session; relayer pays: 0.002 SOL to VENUE | ok 4wBuqv8zjwptUrAd7YaKLeGXRVuEfBYb6bvj8GRv15i7EN5ysx9PkRZngtLr1aadEW2UpZqBgYGpmHJ8Qj1q4XBU
METRIC move-Owner12-relayed {"totalCu":61798,"primeSessionCu":61798,"bytes":975,"fee":15000}
PASS P11-Owner12.2 relayer down: the session key pays the fee itself: 0.001 SOL to VENUE | ok 61gf5jVqHuksQsHAXq8ACmeJmTDv3BvWvE7YzHhuZAP1mesuunK1s1Cr5GgG6ZHi6uYJL8pVbyXm1zJWxKFkcPqh
PASS P11-Owner12.3 VENUE received exactly 0.003 SOL | ok 0.003
PASS P11-Owner12.4 0.002 SOL elsewhere (policy) | refused: Error Code: ProgramInteractionAccountConstraintViolated
PASS P11-Owner12.5 the session approves an open seat proposal as its PDA | refused: Error Code: NotASigner
PASS P11-Owner12.6 the session key approves it as itself | refused: Error Code: NotASigner
PASS P11-Owner12.7 the session adds its key as a seat (settings sync, its PDA as the only signer; it is short of the threshold, so .5 is the check that names the PDA) | refused: Error Code: InvalidSignerCount
PASS P11-Owner12.8 a second session works | ok 2k99Jj8kYQ9RfXZizi5inLAMKTyBDyH2qtcMU9faTasmHQziDLV3bSdeHnPVqECvbM9ScyR5ZtRZnJ3XcAtXs9xh
PASS P11-Owner12.9 Owner12 revokes it (one signature, relayed) | ok 4pqEtcJPr4t7qj45PVNVDw45BShGVjGNdGvvH92ofVZPZqvcvLbUFBq5m2m779QG5Mt9uK9iYn58aSHAWhcfzAYM
PASS P11-Owner12.10 the revoked session | refused: custom program error: 0x2
PASS P11-Owner12.11 the first session still works | ok 3CBw4YvtqgAreD3xKfmXazAuY5BLuY5djJ8apgBpskwdXr9DKuZqzEeKdRDVroteDxzHEE9QvzQYCGzmBS6PQh1N
PASS P11-Owner12.12 a grant for Owner12's PDA signed by Phantom's owner key | refused: custom program error: 0x7
PASS R0. Owner12's live session works before removal | ok 2M62e9s7L7xxrMGz649mrUwvpufiVYuX23RcgWsykxAFG6bVjX4f1zutcbsgsMF3PzDZsjhAv4tbkfewMQDCdwkh
PASS R1. 6 owners try to remove Owner12's PDA from the policy:.a Phantom proposes and approves | ok 429X1geeTunR4ApAD4nhwKVvPCdrLybdQezavXj2q8qHAMzfs716ddG6coRLP9wQWD6w2UBBUrpXCuPzqfvYf8ef
PASS R1. 6 owners try to remove Owner12's PDA from the policy:.MetaMask approves | ok 5opkyjA68NagtKAyWt7BCXdkVVMjSCG44ruyhresNWkzRtYpVqaEtDjJhb75nz5YiDfznxyau8QRDFKesafmYh4g
PASS R1. 6 owners try to remove Owner12's PDA from the policy:.Freighter approves | ok 3NCderLPFQPL5C4Du6T7mqtnbq9o2LdYfNdBTKpDryKAqkUgfvmEWWwSy15NtbicnnsyD4hgMiHWcNVxspDekghz
PASS R1. 6 owners try to remove Owner12's PDA from the policy:.Owner4 approves | ok 2b9nb6cHqKuajuZturee6MzwUN247uznsPLURZJTFfHpWYXaxj3HStzr7LnPzhMNma3SZeUbeENUwES3mDqXrDu4
PASS R1. 6 owners try to remove Owner12's PDA from the policy:.Owner5 approves | ok 5bRjmvzAyt4Etw78VufBkYDgpgRyr6WZvkxCrW8itqewXgkxCEhBzLxZgSN2QkHvf7N1gnSWjwQnX9tagELADV15
PASS R1. 6 owners try to remove Owner12's PDA from the policy:.x Owner6 approves and executes | refused: Error Code: InvalidProposalStatus
PASS R2. 7 owners remove Owner12's PDA from the policy (Phantom + MetaMask + Freighter + Owner4 + Owner5 + Owner6 + Owner7):.a Phantom proposes and approves | ok 3CsSMrh5aTXZNeiTWfDLA2jLVEzKX668kYDsoQ1oEpQYLdu4hSSegDs3i75TedfdmwCYWFpN5ERF6Ccfo6nkZj1N
PASS R2. 7 owners remove Owner12's PDA from the policy (Phantom + MetaMask + Freighter + Owner4 + Owner5 + Owner6 + Owner7):.MetaMask approves | ok 2qV476Sjr9YhNTqXPwJUJwgjpwLGG1SvsSTkrhnTwVpZKEq1WPjx1far2RFvQBn4ZBmzf16kg6oEVUS31jDGgM6H
PASS R2. 7 owners remove Owner12's PDA from the policy (Phantom + MetaMask + Freighter + Owner4 + Owner5 + Owner6 + Owner7):.Freighter approves | ok 2fGgLW4eSgdvsR4FhHi9JXoUKjjK4D8aC1QP39aRvRMTsw6aCMUzWhr9b6hkVB1zeby1nKVhMngigik8USYBEWAg
PASS R2. 7 owners remove Owner12's PDA from the policy (Phantom + MetaMask + Freighter + Owner4 + Owner5 + Owner6 + Owner7):.Owner4 approves | ok 4pBvFDHfPbDBxbKbcqva82Eizg4VLxuGhPKvM4unqdruvdTxnFp5Bqyq8y1f6A33baZ2VsUUbfwY4QzwJNymkDAP
PASS R2. 7 owners remove Owner12's PDA from the policy (Phantom + MetaMask + Freighter + Owner4 + Owner5 + Owner6 + Owner7):.Owner5 approves | ok 2TzX3pmp4z9mFD3LnE37KATHZf7nNuBQhpB6sifuHJ4meYWRSf4aSb4rQzx5xdpTsarUB7BYTt2yirqfQEpGfwsM
PASS R2. 7 owners remove Owner12's PDA from the policy (Phantom + MetaMask + Freighter + Owner4 + Owner5 + Owner6 + Owner7):.Owner6 approves | ok 24pS1c7Hze1KfAMXxqmub3U2R8vjK8voEsdBijW1aGSTyzxn9CuoCkG5CAtJaGFcmbJsqGL5rA229ZHeq5CvGhuK
PASS R2. 7 owners remove Owner12's PDA from the policy (Phantom + MetaMask + Freighter + Owner4 + Owner5 + Owner6 + Owner7):.x Owner7 approves and executes | ok 5zXZ1cezSujVQEtsPKGHeaQVmG8NLYsczcnctiYib3QxZXvhGrvmoyGWsDRfSkRhCCaqH8qsmWDZjeqB5m2nN9Kc
PASS R3. Owner12's live session after removal | refused: Error Code: NotASigner
PASS R4. Owner12 signs a new grant: the session is still refused | refused: Error Code: NotASigner
PASS R5. Phantom's session still works | ok 51Ae42yaKa2tdSMA4MB1bP4sb6kkMXGNDmG4QA9vwucgVzi2VDjqQip18eJg45T2vogAnqDXTCooa6hRJ4xgD1AB
PASS R6. 7 owners remove Owner12 from the seats (threshold 7):.a Phantom proposes and approves | ok 3wZiq7KwMPQXWkwsEBoi95wG4M5PPR7v9Tj2XNEm8QfAobFWXxA7ic8AYLUYUjSougA6ewUNkxutbYxwPJw2ZcA6
PASS R6. 7 owners remove Owner12 from the seats (threshold 7):.MetaMask approves | ok qypuRxK53kw1F2qeZZezY1e2hF2fR8yfiGYJCLZBY6zW9aDajKxKV9ftXaQfeav1Heu7DN7ZtwEQx5dnvXJgQr6
PASS R6. 7 owners remove Owner12 from the seats (threshold 7):.Freighter approves | ok 3ARvD3dNfQZEauyfHjVAow3vZYcBmPceqW6PPyHzmwSuwxj71Gq82TBbZBhd3gvkhLoUR9tJrjPtCy711tamQUj5
PASS R6. 7 owners remove Owner12 from the seats (threshold 7):.Owner4 approves | ok 33BBh2PNG1Z1dwjCdbDFEp9FwjhpezGdZmwxTjEuLy12PFCgJqAFLLD9hZKoE47nVpk4KgkZ1GmHpY9me33J9Ltx
PASS R6. 7 owners remove Owner12 from the seats (threshold 7):.Owner5 approves | ok 5uSbRf18wMh9jop5cn6ZZe1KnvAP2Z1hH5kComVUiQYYJAUN3jF75nYg3QqKuGHNRQ6JbF6iuwgoZzEQNKvR6bka
PASS R6. 7 owners remove Owner12 from the seats (threshold 7):.Owner6 approves | ok 5CeHCBm2bTmvsbfQddUiNakpEVcb1NZYTngsskeCDTrwY3ePMKG7fHQzz4qCVhaNDRSiuKdYTVj16oV5z11oEvF6
PASS R6. 7 owners remove Owner12 from the seats (threshold 7):.x Owner7 approves and executes | ok 4Kp6stxWTzJKyjVKBbvvMaHsz6tDQXDRteRowgHt6LdiCU8endxM8HDvH5qn28wmN9N6RGSVSJcL6SFdTwy1DYi8
PASS R7. the account now has 11 seats without Owner12, threshold 7 | ok 11 / 7
PASS R8.a Phantom proposes and approves | ok 3EHTMASTS8Qs7aRNaS88GCMTdpSApohjeks3j7iyyj5zKfcTLDzYz8VQMHrHarsfctZMMtakV3jz3XeQ85G6bLg8
PASS R8.MetaMask approves | ok 2fZDJC9BKW4qY9xiqch1kE9zefhmA8LDx98DAneBp2gkTRadAs9CPiuURhvLHpWY2p2aSnARSiAhMgsfBevMB8XE
FAIL R8.Freighter approves | refused: TypeError: The socket connection was closed unexpectedly. For more in
PASS R8.Owner4 approves | ok 5H262K4qTyVaeU2u8DYsKJWTYsTBJBPwTHBWLPGHxyKhWZCqYJMWi7egoG7HG2ac12MqUjP6NUfn2B3XbUPhkNQg
PASS R8.Owner5 approves | ok 3ZZdJ9BSqaSrV23KeAqRiWoxAQiGwPTQ9PJKdsZhXHkKps1tfPLHBVfRxDyy6pSEqmGfKPnEtgii3hshZYPy4Wio
PASS R8.Owner6 approves | ok ecpDwiKyQA2zQoceG6q8nTXMfR14KuvKdUmxgEDtWyJCiaXR3XLU3DYPNFzycifrnftT7twRnbY2j1bjxj4dGcg
PASS R8c. Owner12 approves a proposal after removal | refused: Error Code: NotASigner
FAIL R9.x Owner7 approves and executes | refused: Error Code: InvalidProposalStatus
NEAR MPC signatures: 21, average 8.2s
7-of-12: 208/210 passed
FAIL R8.Freighter approves TypeError: The socket connection was closed unexpectedly. For more in
FAIL R9.x Owner7 approves and executes Error Code: InvalidProposalStatus
