10:58:48 2.0487221225861463
10:59:11 1.7467882532225039
10:59:34 2.0456848283763938
10:59:57 1.7437556471118805
11:00:21 1.741730889320617
11:00:44 2.040387658300062
11:01:07 1.9834746401485683
11:01:30 2.037116040610115
11:01:53 2.035102346746988
11:02:16 2.0320725594055817
11:02:39 2.0215033585211146
11:03:02 1.7250938138525134
11:03:26 2.014443762872923
11:03:49 2.011413311561698
11:04:12 2.016934851530199
11:04:35 2.013904925311265
11:04:58 2.003332605866952
11:05:21 2.0002982439852914
11:05:45 1.7065915333818145
11:06:08 1.7035679223596751
11:06:31 1.9912144917777825
11:06:54 1.9881860109642764
11:07:17 1.9851579287550103
11:07:40 1.992695579246029
11:08:03 1.990672639315331
11:08:26 1.9876483131123381
11:08:50 1.9770784349707444
11:09:13 1.92669247678944
11:09:36 1.9813458270797573
11:09:59 1.9241939615524113
11:10:22 1.9775968421881578
11:10:46 1.9775968421881578
11:11:09 1.9775968421881578
11:11:32 1.976584474346657
11:11:55 1.968037132140122
11:12:18 1.9745597616393573
11:12:42 1.9735473945611146
11:13:05 1.671610246987421
11:13:28 1.970032075146832
11:13:51 1.667855753717862
11:14:14 1.9675294185063772
11:14:37 1.6666080525193137
11:15:00 1.957969757919011
11:15:24 1.9655045881839808
11:15:47 1.9655045881839808
11:16:12 1.9655045881839808
11:16:35 1.9655045881839808
11:16:58 1.9655045881839808
11:17:21 1.963479548422989
11:17:44 1.96246721147065
11:18:08 1.9614594528972311
11:18:31 1.9614594528972311
11:18:54 1.904253836334668
11:19:17 1.956466153861653
11:19:40 1.945301623354103
11:20:03 1.9032065831162384
11:20:27 1.9387969695852736
11:20:50 1.6427795907138238
11:21:13 1.9401149363225652
11:21:36 1.8814999996630133
11:21:59 1.9261683214623329
11:22:22 1.876783453108
11:22:45 1.6280652393042627
11:23:08 1.62593232340252
11:23:32 1.9254213120711816
11:23:55 1.8744902980010285
11:24:18 1.8646034282484085
11:24:41 1.9167104099680141
11:25:04 1.9071506433984131
11:25:27 1.9048870785330891
11:25:50 1.9111711156873072
11:26:14 1.9111711156873072
11:26:37 1.9111711156873072
11:27:00 1.9111711156873072
11:27:23 1.9111711156873072
11:27:46 1.9111711156873072
11:28:10 1.9111711156873072
11:28:33 1.9111711156873072
11:28:56 1.9099198354957516
11:29:19 1.6084344437904432
11:29:42 1.6057194927555838
11:30:05 1.8484845538355685
11:30:29 1.9008801875640402
11:30:52 1.8986168599394488
11:31:15 1.896353562314157
11:31:38 1.8865557349944624
11:32:01 1.8842971170897889
11:32:24 1.882034337302745
11:32:47 1.888317827271194
11:33:11 1.831404593374999
11:33:34 1.8850469805792651
11:33:57 1.8827838593462396
11:34:20 1.8805207895649372
11:34:43 1.8792693481066332
11:35:06 1.8770059635966894
11:35:30 1.8759936354497682
11:35:53 1.8737307084622399
11:36:16 1.8714720451788853
11:36:39 1.8616738780319975
11:37:02 1.869208743209113
11:37:25 1.8669450402714003
11:37:49 1.8669450402714003
11:38:12 1.8656940853404769
11:38:35 1.8646819225926647
11:38:58 1.5625054285478517
11:39:21 1.8621787453553997
11:39:44 1.8609273636190877
11:40:07 1.8586637159423538
11:40:31 1.8574171127007404
11:40:54 1.8553968506225518
11:41:17 1.846849599509237
11:41:40 1.8543844145407349
11:42:03 1.8521206630978728
11:42:26 1.851108331787287
11:42:49 1.851108331787287
11:43:13 1.851108331787287
11:43:36 1.848850101342894
11:43:59 1.848850101342894
11:44:22 1.848850101342894
11:44:45 1.848850101342894
11:45:08 1.846586655372146
11:45:31 1.846586655372146
11:45:55 1.846586655372146
11:46:18 1.790681027260185
11:46:41 1.8443237824474268
11:47:04 1.8443237824474268
11:47:27 1.8443237824474268
11:47:50 1.8420652600680156
11:48:13 1.8420652600680156
11:48:36 1.8420652600680156
11:49:00 1.8420652600680156
11:49:23 1.8398016702012239
11:49:46 1.8398016702012239
11:50:09 1.8398016702012239
11:50:32 1.837538467158381
11:50:56 1.837538467158381
11:51:19 1.837538467158381
11:51:42 1.5366136060228728
11:52:05 1.8352750638512876
11:52:28 1.8352750638512876
11:52:51 1.8352750638512876
11:53:14 1.833016719229653
11:53:37 1.833016719229653
11:54:01 1.833016719229653
11:54:24 1.8317659040507874
11:54:47 1.83075390008985
11:55:10 1.83075390008985
11:55:33 1.83075390008985
11:55:56 1.8284954794128834
11:56:19 1.8284954794128834
11:56:43 1.8284954794128834
11:57:06 1.8186974333945205
11:57:29 1.8262322483460625
11:57:52 1.8262322483460625
11:58:15 1.8262322483460625
11:58:39 1.8164386266566304
11:59:02 1.823973589351141
11:59:25 1.8141752355664413
11:59:49 1.8194459397825635
12:00:12 1.5209741783599073
12:00:35 1.817187345313785
12:00:58 1.7590186331407303
12:01:21 1.8028678669573108
12:01:45 1.7545023634180912
12:02:08 1.8091563554261838
12:02:31 1.8091563554261838
12:02:54 1.8091563554261838
12:03:17 1.807904856584362
12:03:40 1.8066533042454898
12:04:03 1.8066533042454898
12:04:27 1.505728443109982
12:04:50 1.503231192735793
12:05:13 1.7933453861811586
12:05:36 1.7986165342248697
12:05:59 1.4951911470279915
12:06:22 1.7930749877218688
12:06:45 1.7920674237083845
12:07:09 1.790816072171928
12:07:32 1.788552670181231
12:07:55 1.780005351757055
12:08:18 1.7865277932282824
12:08:42 1.775955155916123
12:09:05 1.7814702867943286
12:09:28 1.7792072458377082
12:09:52 1.76940876222193
12:10:15 1.7746798908422625
12:10:38 1.7724161676777428
12:11:01 1.7714042277491284
12:11:25 1.7605933224003683
12:11:48 1.7658685089897646
12:12:11 1.4639346754207183
12:12:34 1.7628362321073061
12:12:57 1.761823688673899
12:13:20 1.7522640391120117
12:13:44 1.7587866569342419
12:14:07 1.458553310637146
12:14:30 1.748219229308447
12:14:53 1.754746347261296
12:15:16 1.452812638957332
12:15:39 1.751713801675698
12:16:02 1.7507014718341354
12:16:25 1.7486768924082745
12:16:49 1.7476645268109925
12:17:12 1.690750908846526
12:17:35 1.7441536564629885
12:17:58 1.742906928853429
12:18:21 1.7416555436508765
12:18:44 1.733108266122384
12:19:07 1.7393918263760872
12:19:31 1.7393918263760872
12:19:54 1.6822396194052844
12:20:17 1.6797363321853391
12:20:40 1.7318876302203432
12:21:03 1.7306413392702247
12:21:27 1.7281381281518973
12:21:50 1.4259666013702716
12:22:13 1.4234634360537568
12:22:36 1.72188591102261
12:22:59 1.7206342373083865
12:23:22 1.7193827852556844
12:23:45 1.7193827852556844
12:24:09 1.7193827852556844
12:24:32 1.4191540570684884
12:24:55 1.716350181556624
12:25:18 1.6594326236760735
12:25:41 1.4119106366850294
12:26:04 1.6556829526199643
12:26:27 1.710336842323666
12:26:50 1.710336842323666
12:27:14 1.7093244061798347
12:27:37 1.7083121602896143
12:28:00 1.7083121602896143
12:28:23 1.7083121602896143
12:28:46 1.7083121602896143
12:29:09 1.7083121602896143
12:29:32 1.4063833854574601
12:29:55 1.6977448686086742
12:30:19 1.7042675189469623
12:30:42 1.7042675189469623
12:31:05 1.6483621784767892
12:31:28 1.6458593928730134
12:31:51 1.698010730599746
12:32:14 1.6955076012154573
12:32:38 1.694256292395772
12:33:01 1.6930045576151433
12:33:24 1.6905062025050455
12:33:47 1.6333506113730978
12:34:10 1.6869921971349058
12:34:33 1.3840425220718788
12:34:56 1.682704281969133
12:35:20 1.682704281969133
