12:02:39 PASS H1. Horizon: all 129 landed grants, revokes and moves have the payer as source account; the 30 self-paid ones have the session key's own account ok
fees (stroops, Horizon fee_charged) {
 "tx relayed": {
  "n": 21,
  "min": 110489,
  "median": 1087890,
  "max": 10418899
 },
 "grant relayed": {
  "n": 31,
  "min": 18109,
  "median": 18110,
  "max": 18116
 },
 "move relayed": {
  "n": 32,
  "min": 32894,
  "median": 32897,
  "max": 1403346
 },
 "grant self-paid": {
  "n": 15,
  "min": 18110,
  "median": 18110,
  "max": 18116
 },
 "move self-paid": {
  "n": 15,
  "min": 32894,
  "median": 32895,
  "max": 32897
 },
 "revoke relayed": {
  "n": 15,
  "min": 755132,
  "median": 755782,
  "max": 756302
 }
}
12:02:39 275/275 passed; NEAR MPC signatures this part: 0
