08:33:45 2-of-2 Freighter seat GDHZ2J owner GDHZ2J; MetaMask seat GDVVSX owner GBDUSR
08:34:07 S_Freighter CA6MYAXN2EXJG24LSEBPBLUYOZOIYSJHHOSO2CX4FD4DLXQ26K4Q4DC3 c428d513ecf7631bb3497a603954f6b2afcffacd711bcf48e039e4d20f882890
08:34:12 S_MetaMask CCQ4B24YJYO57VCD7RKSUDZ74YMGM4C2IUQ5K7LP3H3SKTAEZJQYWX56 936505aa2a42fdb0e7932f9f37c604333fd3bd973fc65221b199e349160cd0eb
08:34:18 Prime Account CAIZPIKOQPUN5L5KQZCYELBJAKX7WEJGGHSCWJEP6LMNJTKWUA7EOURS 4b080c957b44c5ab2d339f558c3e8f060fa12422e1be64c51095a6d63e8d9e53
08:34:23 funded 30 XLM e5bde8365a575bf59deb9d45b7bc3659655ff9230ea844a28bfe851e01b05980
08:34:24 PASS P0. rule 0 signers are exactly the 2 seat keys (no prime-session), weighted threshold 2 2 signers, threshold 2
08:34:24 PASS P1. the 2 prime-session contracts and the 2 session-owner accounts are all different CA6MYA,CCQ4B2
08:34:28 PASS Y1. 1 of 2 owners vote (threshold minus one) to add a rule refused: Error(Auth, InvalidAction) Error(Contract, #3213)
08:34:42 PASS Y2. 2 owners vote (Freighter + MetaMask) to add a rule ok 13830 ms a4b88e1925a62e3e91dbd205edf4931bab1c2d6c5d853737acfac8341fbac2f2
08:34:58 PASS Y3. a different 2 owners vote (Freighter + MetaMask) to remove it ok 14585 ms a0b2a27941dbb3535a7fab0adc15edb0f3a77e449952fe7aca3a498f0b0822b2
08:35:00 PASS Y4. 1 owners and an outsider vote refused: Error(Auth, InvalidAction) Error(Contract, #3016)
08:35:18 PASS Y5. Freighter's seat signed by another key, plus 1 real owners refused: Error(Auth, InvalidAction) Error(Contract, #5)
08:35:33 PASS R-xlm_Freighter. 2 owners install xlm_Freighter: XLM to VENUE only, signer: Freighter's prime-session ok 14369 ms 2b0dccee59fea63b407faef2e9daead82684655017f9875010301b16139d0c1e
08:35:53 PASS R-xlm_MetaMask. 2 owners install xlm_MetaMask: XLM to VENUE only, signer: MetaMask's prime-session ok 18249 ms 66e0ea20640c09f1edc971d53f580ff8dda16090f67c1166087363b124395984
08:36:03 PASS P0-Freighter.1 Freighter grant: one authorization (own key), relayer pays ok 4916 ms aa74926d55a66ec9e38ff61ac03f0e13303524bdaafb37123b14b507954a54bd
08:36:07 PASS P0-Freighter.2 relayer pays: 1 XLM to VENUE ok 3795 ms a8573f33be84c8f419513e240bd7317599b5b9fad5fe94be563e9d79cc504e45
08:36:23 PASS P0-Freighter.3 Freighter grant, relayer down: the session key's own account is the transaction source ok 8271 ms 7d9fbdf0e0f1e0aaeb68b8237174fec7ae8dace4194daeccce85bf3c4523bcf1 (fee paid by the session key)
08:36:28 PASS P0-Freighter.4 relayer down: the session key's own account pays the fee, 1 XLM to VENUE ok 5426 ms 078a9db6fcef6cf9d5916ba257f5f1d50d4ea26c0819115f9adfbd87e9b77be4 (fee paid by the session key)
08:36:29 PASS P0-Freighter.5 VENUE received exactly 2 XLM 20000000 stroops
08:36:32 PASS P0-Freighter.6 1 XLM elsewhere refused: Error(Auth, InvalidAction) Error(Contract, #100)
08:36:35 PASS P0-Freighter.7 on MetaMask's session rule refused: Error(Auth, InvalidAction) Error(Contract, #3016)
08:36:45 PASS P0-Freighter.8 the session and 1 real owners vote on rule 0 refused: Error(Auth, InvalidAction) Error(Contract, #3016)
08:36:47 PASS P0-Freighter.9 the session claims its own rule for an account-admin call refused: Error(Auth, InvalidAction) Error(Contract, #3002)
08:36:49 PASS P0-Freighter.10 the session removes rule 0 through its own rule refused: Error(Auth, InvalidAction) Error(Contract, #3002)
08:36:57 PASS P0-Freighter.11 Freighter grant (second session) ok 7154 ms cfbe840344fb166dfa1a1b02db40fed83d1323b11f3d7e989f0ceee69927adc4
08:37:03 PASS P0-Freighter.12 Freighter revokes it: grant(key, 0), one authorization, relayer pays ok 5364 ms 6ee2f08d89ddf442113acd3f7b515c8fbf5ee9c558ee78bf03a0f8e87ff36f06
08:37:04 PASS P0-Freighter.13 the revoked session refused: Error(Auth, InvalidAction) Error(Contract, #1)
08:37:12 PASS P0-Freighter.14 the first session still works ok 7698 ms ccecb44012422ad702044972b01522ab675da5c8587c35d0892220c53c63cae1
08:37:21 PASS P0-Freighter.15 a grant for Freighter's prime-session signed by MetaMask's owner key refused: Error(Auth, InvalidAction) Error(Contract, #5)
08:37:23 PASS P0-Freighter.16 the key from P0-Freighter.15 cannot move refused: Error(Auth, InvalidAction) Error(Contract, #1)
08:37:37 PASS P1-MetaMask.1 MetaMask grant: one authorization (NEAR MPC), relayer pays ok 3973 ms 7fff5c6baacd9e5c99c0bab6cac57f387054e68a1b01106c8468fe48cccb6b47
08:37:42 PASS P1-MetaMask.2 relayer pays: 1 XLM to VENUE ok 4824 ms 8642b80044628a4ee0e5d440ee7f44885ee8fb3c1d286fa05132373f05c1890b
08:38:03 PASS P1-MetaMask.3 MetaMask grant, relayer down: the session key's own account is the transaction source ok 6192 ms e17218daa6118f70b0baba6dee164bd33ba5be73d2324b59cfcff0f8e0872f02 (fee paid by the session key)
08:38:07 PASS P1-MetaMask.4 relayer down: the session key's own account pays the fee, 1 XLM to VENUE ok 4613 ms 4c8c53e05955186aaf38efd0f32185c5e813802cec655c95c19c1790ccf17f2f (fee paid by the session key)
08:38:08 PASS P1-MetaMask.5 VENUE received exactly 2 XLM 20000000 stroops
08:38:11 PASS P1-MetaMask.6 1 XLM elsewhere refused: Error(Auth, InvalidAction) Error(Contract, #100)
08:38:12 PASS P1-MetaMask.7 on Freighter's session rule refused: Error(Auth, InvalidAction) Error(Contract, #3016)
08:38:14 PASS P1-MetaMask.8 the session and 1 real owners vote on rule 0 refused: Error(Auth, InvalidAction) Error(Contract, #3016)
08:38:16 PASS P1-MetaMask.9 the session claims its own rule for an account-admin call refused: Error(Auth, InvalidAction) Error(Contract, #3002)
08:38:18 PASS P1-MetaMask.10 the session removes rule 0 through its own rule refused: Error(Auth, InvalidAction) Error(Contract, #3002)
08:38:42 PASS P1-MetaMask.11 MetaMask grant (second session) ok 4733 ms 24538686f656734c0040e535dfc5f5cb9f4f2a88bccc4b897d6f4d5d6608a47f
08:38:58 PASS P1-MetaMask.12 MetaMask revokes it: grant(key, 0), one authorization, relayer pays ok 6159 ms 9ad9ca404c2d74a9a8fadcd9f0c6e9e5c792647e1de954ae27df6e5e3b0e0a9e
08:38:59 PASS P1-MetaMask.13 the revoked session refused: Error(Auth, InvalidAction) Error(Contract, #1)
08:39:08 PASS P1-MetaMask.14 the first session still works ok 8617 ms 1f4e735bb9272c539e089faade95514da8fba5939d38a58e90bad53eebfa02a1
08:39:09 PASS P1-MetaMask.15 a grant for MetaMask's prime-session signed by Freighter's owner key refused: Error(Auth, InvalidAction) Error(Contract, #5)
08:39:12 PASS P1-MetaMask.16 the key from P1-MetaMask.15 cannot move refused: Error(Auth, InvalidAction) Error(Contract, #1)
08:39:17 PASS R0. MetaMask's live session works before removal ok 5256 ms 790c7c7bd8b4b90e4e9374adb9350fb1de5e0317ef15d4fb4a834e5bcaa42816
08:39:18 PASS R1. 1 owners try to remove MetaMask's session rule refused: Error(Auth, InvalidAction) Error(Contract, #3213)
08:39:32 PASS R2. 2 owners remove MetaMask's session rule (Freighter + MetaMask) ok 14236 ms f62ed9109489521dbf1e1306114b242b0f5fb96d8dfa84142c60a01bde471e39
08:39:34 PASS R3. MetaMask's live session after removal refused: Error(Auth, InvalidAction) Error(Contract, #3000)
08:39:47 PASS R4. MetaMask signs a new grant (the contract still takes it) ok 3486 ms 08af59e0ce5dd5f055be662e959d261d42f3dbe6994e646958090e0dc015b1a5
08:39:48 PASS R5. the new session cannot move either (no rule) refused: Error(Auth, InvalidAction) Error(Contract, #3000)
08:39:53 PASS R6. Freighter's session still works ok 4547 ms 54840d310a670ffa4a7e03260af246edac39ff1f589306ca110af9b2b361a621
08:40:08 PASS R7. 2 owners lower the threshold to 1 (the account must not be left with fewer owners than votes) ok 14197 ms 59f438cf115d1cc0ccd5e18caa0af9515b08f5131b21fe7c152939b51d63b657
08:40:12 PASS R8. 1 owners remove MetaMask from rule 0 ok 4366 ms 4919bcf2e2bcb3a4cb512d5a23792375cf7caeaa6a03aa41e04d6bcd87e8483a
08:40:18 PASS R9. 1 owners set MetaMask's weight to 0 (cleanup) ok 4830 ms c4019972e3c43fe87c430c0d3b7b334e8a242ff7e0cb275873d4ccc55b5f0dc3
08:40:18 PASS R10. rule 0 now has 1 signers without MetaMask 1 signers
08:40:27 PASS R11. MetaMask's vote and 0 other owners no longer count refused: Error(Auth, InvalidAction) Error(Contract, #3016)
08:40:33 PASS R12. 1 remaining owners vote ok 5561 ms 7e76d093225a8684a37489b4a36a71fe1c031e2db3bfe4674582f31707e0204a
08:40:33 setup fees (stroops) {"wasmUpload":11015,"primeAccount":1151662,"sessionDeploy":[97164,97164]}
08:40:33 2-of-2: 54/54 passed; NEAR MPC signatures: 16, average 9.0s
08:40:33 NEAR MPC: 16 signatures, average 9.0s
