{
  MetaMask: "4TXiTPLxe5PrpwiY15tj9nP3wF5F8JPKUsYQyfHCCcod",
  Freighter: "9BcBicoPrGtPJnVynJoj2g1p6zrvaFBkJccorLwGTMZo",
  Phantom: "G5H71U2pASYLeei9MYvWVmCZzjHp2VscWTjpdLYa6LT4",
  sessionMetaMask: "3YomJ7dnhtqFnnPAzRUGmhC8EevR2R4F6Sdx7YN6Pppc",
  sessionFreighter: "Cn2bjH8kGkjioVoB9MY86TDsJ6kKjvaiu9ZCmMsJVW74",
  program: "FTNMFWiECbRp7D5MwJUiNQfee6NuJPjE7S11J9yc2B9G",
  programB: "J38gUL2YFo91GDBnDXwVDaGpk6XWSJUhs7RuditRdiVo",
  net: "localnet",
}
PASS P0. seats are exactly MetaMask(NEAR MPC), Freighter(NEAR MPC), Phantom(own key); threshold 2; vault funded | ok 3Vn8FHdmHhhEM7xkJZtGwLGnPmLeQFRevHMCRo56QW7KxBtYVeQe39zm2JkutR5ed1bpyef5N4T5uTQCkLnsy7qP
PASS K1-MetaMask. MetaMask alone:a. MetaMask proposes and approves | ok 4WvgyL1YKoxfvek6W1Xc2L35gLNEaP5cLGXspjX8zdFiekmEAcqhpXaL67cTMMXQBrnMjVhmSGjmjj1ZoJF2YE2D
PASS K1-MetaMask. MetaMask alone:b. MetaMask executes with only its own approval | refused: Error Code: InvalidProposalStatus
PASS K1-Freighter. Freighter alone:a. Freighter proposes and approves | ok 2jUrR4a5HFT5kXbJgy9md7LtYdxnepnQvUpW6cmbVU7FgZaxp1SKBy2LutQpnVyV1nGHAR8TBRKdJCqiLqErbMdK
PASS K1-Freighter. Freighter alone:b. Freighter executes with only its own approval | refused: Error Code: InvalidProposalStatus
PASS K1-Phantom. Phantom alone:a. Phantom proposes and approves | ok 2FqvBFktDFs4bckewfSZwc6Yg6Aetr38EhLzwnCZ9XvFZEZ81L3M1JSt6MwERL9s4HkYc59ggPdPH7uAFr6aG1FQ
PASS K1-Phantom. Phantom alone:b. Phantom executes with only its own approval | refused: Error Code: InvalidProposalStatus
PASS K2. MetaMask + Freighter:a. MetaMask proposes and approves | ok 2Kif5QAVDCiqMyHj5huxZFu6fT2SDxErRTwXSVNdLFnbMH6YkWx2aVLFxGZSMhWY8VTHryTupEwPm1r2yYT1qgv8
METRIC seat-propose-K2-MetaMask {"totalCu":78014,"bytes":579,"fee":10000}
PASS K2. MetaMask + Freighter:b. Freighter approves and executes | ok 2LJCSah6bzC24YdDU68tC79P12sNdnK3EShPeqtfy61qwEz8qZbXga3b4cpHh36Jo5WYAUS8MZ7bcRctmEaYmHzn
METRIC seat-exec-K2-Freighter {"totalCu":67701,"bytes":490,"fee":10000}
PASS K3. Freighter + Phantom:a. Freighter proposes and approves | ok 2jSegBAufz4hob36YUFXkMoXCA6qbSxoQTa2TiKJXCjKg7GaGB2CEXjLeKvJTcoqa8oxUsmip3ZFFoU74eCuqfdb
METRIC seat-propose-K3-Freighter {"totalCu":83828,"bytes":579,"fee":10000}
PASS K3. Freighter + Phantom:b. Phantom approves and executes | ok 3SpRMFQE9ZVgQxSio2qpuj6grmo2EJqTf1hjNSutE6GBx9HZwxpQyD7fU4jcxFJsD1L8xZH3BwejmboH9Dkh7e3B
METRIC seat-exec-K3-Phantom {"totalCu":70829,"bytes":490,"fee":10000}
PASS K4. Phantom + MetaMask:a. Phantom proposes and approves | ok URwcaxwvt3WCo8oWybN5ypYbhe5saGqxEWdybkHpJNZmbLBchm2tRQTqE3qJvA1Ly7APPP8wFJfMhnNEYL4bEtC
METRIC seat-propose-K4-Phantom {"totalCu":79520,"bytes":579,"fee":10000}
PASS K4. Phantom + MetaMask:b. MetaMask approves and executes | ok 3XU5tw5Gna5d4XXBDp6aMVcHAqx7hKMzLFvYsAkJQRg9NH7gq1P6YPtA6K9d6sGRd3ZXHZBtizGeJ429VDwi5NhT
METRIC seat-exec-K4-MetaMask {"totalCu":67876,"bytes":490,"fee":10000}
PASS K5. DEST received exactly 0.03 SOL | ok 0.03
PASS K6. MetaMask alone (open proposal):a. MetaMask proposes and approves | ok 5yd4UCCJinxc5MFkdGYnkhLsbSq9x2Q27GQFQYcrfk5CHUTEJrUbvKGNyRZTqSeqF4g7iDGghJsQ5v9bvbkV19dS
PASS K6. MetaMask alone (open proposal):b. MetaMask executes with only its own approval | refused: Error Code: InvalidProposalStatus
PASS K6c. an outsider approves it | refused: Error Code: NotASigner
PASS K6d. Freighter's seat signed by MetaMask's MPC key | refused: Transaction did not pass signature verification
PASS K6e. Freighter's seat signed by its MPC key under another path | refused: Transaction did not pass signature verification
PASS K6f-MetaMask. MetaMask's seat vote signed by its session-path key | refused: Transaction did not pass signature verification
PASS K6g-MetaMask. MetaMask's session-path key approves as itself | refused: Error Code: NotASigner
PASS K6f-Freighter. Freighter's seat vote signed by its session-path key | refused: Transaction did not pass signature verification
PASS K6g-Freighter. Freighter's session-path key approves as itself | refused: Error Code: NotASigner
PASS K7. install the movers policy (members: the three session PDAs):a. MetaMask proposes and approves | ok 5FatkE1BYDj9J1QMAKvqHNaxpnD5MNFJ4GQSPFxwAdh99s1uv4k15gD2X47D5BQyZipyLn6YU89Ff56Ca61RZZwG
PASS K7. install the movers policy (members: the three session PDAs):b. Phantom approves and executes | ok H3Gzyks3HpVTtp5SdVE4QPTaQeC5qTSeMEZKmA9Vd3AwenuJ5zKbh9wJv5mn8GtpeLFvoRHYnHQdY6DJzBt1vnx
PASS N0. MetaMask alone (open proposal):a. MetaMask proposes and approves | ok 5jWmCQLgjYbFuFnupcxD3CV2dn9G9FbyzN5iTZYhLYXjqfn12fGBZUFC27QYLFxFvX3YWqK17gNEq1CKqisMdSco
PASS N0. MetaMask alone (open proposal):b. MetaMask executes with only its own approval | refused: Error Code: InvalidProposalStatus
PASS N1. Phantom session approves that proposal as its PDA | refused: Error Code: NotASigner
PASS N2. Phantom session key approves it as itself | refused: Error Code: NotASigner
PASS N3. Phantom session proposes a vault transaction as its PDA | refused: Error Code: NotASigner
PASS N4. Phantom session adds its key as a seat (settings sync, as its PDA) | refused: Error Code: InvalidSignerCount
PASS N5. Phantom session calls a program other than the Smart Account (System transfer from its PDA) | refused: Program FTNMFWiECbRp7D5MwJUiNQfee6NuJPjE7S11J9yc2B9G invoke [1] Unknown program SMRTzfY6DfH5ik3TKiyLFfXexV8uSG3d2UksSCYdunG Program FTNMFWiECbRp7D5MwJUiNQfee6Nu
PASS G-MetaMask1. one MetaMask signature (through NEAR) -> session; relayer pays: 0.01 SOL to VENUE | ok 5arwLym8A4cR8YHgyvdUB1D8bmxMgpPhdy1AQJ484EyBcJ4HuSj2eKoYncH45hgZYbMdCa3m9dmaRdzfjanqdqUj
METRIC move-MetaMask-relayed {"totalCu":52266,"primeSessionCu":52266,"bytes":975,"fee":15000}
PASS G-MetaMask2. relayer down: session key pays the fee itself: 0.005 SOL to VENUE | ok 5qKhL64V7XitNpp7xgZhYUHX2Ro8qvfYzFwR6sm4P8b7zBmfBkVHGJxCS5iSbRBx1wiUXCpjGhRGLkkfHxUFBv7j
PASS G-MetaMask3. VENUE received exactly 0.015 SOL | ok 0.015
PASS G-MetaMask4. relayer down and the session key has no SOL | refused: Attempt to debit an account but found no record of a prior credit
PASS G-MetaMask5. same session: 0.01 SOL elsewhere (policy) | refused: Error Code: ProgramInteractionAccountConstraintViolated
PASS G-MetaMask6. same session: 0.06 SOL to VENUE (over the 0.05 per-move limit) | refused: Error Code: ProgramInteractionInvalidNumericValue
PASS G-MetaMask7. stretched valid-until | refused: custom program error: 0x7
PASS G-MetaMask8. someone else replays the grant with their own key | refused: custom program error: 0x7
PASS G-Freighter1. one Freighter signature (through NEAR) -> session; relayer pays: 0.01 SOL to VENUE | ok 4DP2KMFivjWMnxcYZPeXB5UKbwrBJJVTGaLeCMTgZAUAS6ppkKVoEziqgF45SNxMCvweF9rqFWCfbjyKphEX8tdQ
METRIC move-Freighter-relayed {"totalCu":53735,"primeSessionCu":53735,"bytes":975,"fee":15000}
PASS G-Freighter2. relayer down: session key pays the fee itself: 0.005 SOL to VENUE | ok 5HimZqkoud8sGq27JWRtPX73RGYxSgyhnKKn18WPxK2bw82cDV35xqwNvzPTor6FDaK2eNt6GJgdCJzsPcqiDtfP
PASS G-Freighter3. VENUE received exactly 0.015 SOL | ok 0.015
PASS G-Freighter4. relayer down and the session key has no SOL | refused: Attempt to debit an account but found no record of a prior credit
PASS G-Freighter5. same session: 0.01 SOL elsewhere (policy) | refused: Error Code: ProgramInteractionAccountConstraintViolated
PASS G-Freighter6. same session: 0.06 SOL to VENUE (over the 0.05 per-move limit) | refused: Error Code: ProgramInteractionInvalidNumericValue
PASS G-Freighter7. stretched valid-until | refused: custom program error: 0x7
PASS G-Freighter8. someone else replays the grant with their own key | refused: custom program error: 0x7
PASS G-Phantom1. one Phantom signature -> session; relayer pays: 0.01 SOL to VENUE | ok 4SEbhRvv9dC6FDRRnTvggJFUgo32CrUy4Bfib4Y1CaB2StuGmyv7iVG4g2Sz6daeJ1V2DHAvsBoKcogfKqYDB6WQ
METRIC move-Phantom-relayed {"totalCu":52267,"primeSessionCu":52267,"bytes":975,"fee":15000}
PASS G-Phantom2. relayer down: session key pays the fee itself: 0.005 SOL to VENUE | ok 52iitbEhEm7cNd8RH6ujnber3P4sws7atp1iTDgrmfd1rR6D5wowyQqCLXC6YYWywHfpdo5PfMDr3M5BJoRY9ihC
PASS G-Phantom3. VENUE received exactly 0.015 SOL | ok 0.015
PASS G-Phantom4. relayer down and the session key has no SOL | refused: Attempt to debit an account but found no record of a prior credit
PASS G-Phantom5. same session: 0.01 SOL elsewhere (policy) | refused: Error Code: ProgramInteractionAccountConstraintViolated
PASS G-Phantom6. same session: 0.06 SOL to VENUE (over the 0.05 per-move limit) | refused: Error Code: ProgramInteractionInvalidNumericValue
PASS G-Phantom7. stretched valid-until | refused: custom program error: 0x7
PASS G-Phantom8. someone else replays the grant with their own key | refused: custom program error: 0x7
PASS G9. grant longer than 7 days | refused: custom program error: 0x4
PASS G10. expired grant | refused: custom program error: 0x4
PASS G11. MetaMask grant with the ed25519 program instruction missing | refused: custom program error: 0x7
PASS G12. ed25519 instruction reading its public key from another instruction | refused: custom program error: 0x0
PASS G13. daily cap shared by all: 0.045 used + 0.05 = 0.095 <= 0.1 | ok 43Tj1X2tDBsSNLNQ2AGdCotzhHH2b49Qcpk1yW4m6S9yryFfaKonhAw8bD1ZUdeGMagFN9Xcsgx4W6HLeF3a5UnN
PASS G13b. + 0.01 = 0.105 > 0.1 | refused: Error Code: ProgramInteractionInsufficientLamportAllowance
PASS X1. Freighter's PDA with a grant signed by MetaMask (NEAR) | refused: custom program error: 0x7
PASS X2. Phantom's PDA with a grant signed by Freighter (NEAR) | refused: custom program error: 0x7
PASS X3. MetaMask's PDA with a grant signed by Phantom | refused: custom program error: 0x7
PASS X4. Freighter's PDA with its MPC key under another path | refused: custom program error: 0x7
PASS X4b. Freighter's session PDA with a grant signed by its seat key (prime:solana) | refused: custom program error: 0x7
PASS X5. Phantom grant presented for MetaMask's PDA | refused: custom program error: 0x7
PASS X6. grant signed for cluster mainnet, used on localnet | refused: custom program error: 0x7
PASS X7a. a grant naming program A's PDA, presented to program B with A's PDA | refused: custom program error: 0x2
PASS X7b. the same grant presented to program B with B's PDA (text mismatch) | refused: custom program error: 0x7
PASS X7c. a grant naming program B's PDA, presented to program A with B's PDA | refused: custom program error: 0x2
PASS X7d. the same grant presented to program A with A's PDA (text mismatch) | refused: custom program error: 0x7
PASS X8. Phantom's own signed grant naming MetaMask's PDA | refused: custom program error: 0x2
PASS X9a. valid Phantom grant, data names another settings address | refused: custom program error: 0x2
PASS X10. the session key does not sign (relayer only) | refused: Program FTNMFWiECbRp7D5MwJUiNQfee6NuJPjE7S11J9yc2B9G invoke [1] Program FTNMFWiECbRp7D5MwJUiNQfee6NuJPjE7S11J9yc2B9G consumed 165 of 203000 compute units Progra
PASS X11a. account 3 set to the System program instead of the Smart Account program: the move still runs | ok 3UNqUBi1tp7MU7yUjhZu225ZA8haeF3U6FoNhVHcAKR3CdvV6My4JegyaTjtdjiDB2y6AuSZSKDrqK6NGsFcybRb
PASS X11b. ...and prime-session called only the Smart Account program | ok 3UNqUBi1tp7M… Program SMRTzfY6DfH5ik3TKiyLFfXexV8uSG3d2UksSCYdunG invoke [2]
PASS A0. account B created with the same three seats | ok 56pH6bjsZJ9RHwveXHN8vd5eTETzUw7j6JHmtcYKcJCzj9VkwKttbEhyF49DM9e4WWKeCqk9SXqGgEdi8VGDskGg
PASS A1. account B installs its movers policy (members: each wallet's PDA for account B):a. MetaMask proposes and approves | ok 4eeY9Xhf3UP9JGnNUYQ36SNxbDFrkZXdz9WwAgQLhoVH73npTgAxFxBrSsbkZb1qssoy2nGb3KVsdtW1XdsqCmq8
PASS A1. account B installs its movers policy (members: each wallet's PDA for account B):b. Phantom approves and executes | ok 4PNJxKp7wzK14Vug35ho72Liqokn1euXTCS9kMdnGfUNAEJKG44rag5cKcLACk1oLfFNRzs6LpTaqtYYzWCUman6
PASS A2. each wallet's PDA differs between account A and account B | ok 7qriG5,J5qGs8,CxMTvv
PASS A3. account A's Phantom grant presented to account B (as Phantom's account-B PDA) | refused: custom program error: 0x7
PASS A4. account A's Phantom PDA calling account B's policy | refused: Error Code: NotASigner
PASS A5. a Phantom grant made for account B works in account B | ok 5r6A6bg5vWDzUBbwnc5BnA6hygkBF2qGovSAP58nkFQ4aYhAeh2RvX9hkHhFAV1xsQCXadFPVBCRPbfSLyWHgEeZ
PASS A5-M0. Phantom session: one move through the Smart Account (compute units recorded) | ok 5yobzrMVmzw89ajJSNTkHgNVRS2ekJeTEXswAo61pGsQMdgqw5iZro61p7nbkTHV3DkMxfXnAhfQ3dvZDEuTfRdr
METRIC move-sample-0 {"totalCu":52235,"primeSessionCu":52235,"bytes":975,"fee":15000}
PASS A5-M1. Phantom session: one move through the Smart Account (compute units recorded) | ok bgYNuvTbja5JYj1mvBfpHrxTpyM9DfoL45NqaV3xTCX9ssDcTQEi4WEjRLBWkbqkJAHGpgvBogY8sGszTghgyQ1
METRIC move-sample-1 {"totalCu":50735,"primeSessionCu":50735,"bytes":975,"fee":15000}
PASS A5-M2. Phantom session: one move through the Smart Account (compute units recorded) | ok CZoTx1ghwr5Y4XHMJ9d53dAnWDJSGGTjQJMbdtvdVu9kGEquhoh6di6F7uLuVnkp3HH2ECDpudhtBmmoqbJsmD8
METRIC move-sample-2 {"totalCu":50725,"primeSessionCu":50725,"bytes":974,"fee":15000}
PASS A5-M3. Phantom session: one move through the Smart Account (compute units recorded) | ok 5HJRdSQ57CF8BnE8cQHB2mUrY9q96aPxowabA1Mb7aromQNCtKMbz8gtvfhqFJTc2go4zeYZDRBahiSV35D7e3mV
METRIC move-sample-3 {"totalCu":49235,"primeSessionCu":49235,"bytes":975,"fee":15000}
PASS A5-M4. Phantom session: one move through the Smart Account (compute units recorded) | ok 2GVm1M1p7HMj4HFDr5YTkdmN6GSSBV4x88ckMgEBwpuHqeVtvUjKqbMucLPC7tryHasFFP9BzWq2VUZauBKwmLdx
METRIC move-sample-4 {"totalCu":52235,"primeSessionCu":52235,"bytes":975,"fee":15000}
PASS A5-M5. Phantom session: one move through the Smart Account (compute units recorded) | ok 464J8wQ6k8JSqDg4w1aV7a9n5143j9cEYap714REAbetJL9FUSbpq6CfC263tYjPzuFGvGKCKSA9XV35DEMrzZu4
METRIC move-sample-5 {"totalCu":49239,"primeSessionCu":49239,"bytes":975,"fee":15000}
PASS A5-M6. Phantom session: one move through the Smart Account (compute units recorded) | ok 22rrQ6TMxR1otKy74vpTwAgCo1meHiQ9geMfkrSontSDRCouqJNonDw1L2Ggv3rbv7snEYJ2LRDbNmH24kykyL3v
METRIC move-sample-6 {"totalCu":50735,"primeSessionCu":50735,"bytes":975,"fee":15000}
PASS A5-M7. Phantom session: one move through the Smart Account (compute units recorded) | ok 45CyK1XYkgz999Wz7AmDmf5MxysbY38U4edwr7EnrSCzZNSQsfYwzC2PrkNmeBnUfQyp35EAwzNf4uLqBZAfkcBa
METRIC move-sample-7 {"totalCu":56735,"primeSessionCu":56735,"bytes":975,"fee":15000}
PASS A5-M8. Phantom session: one move through the Smart Account (compute units recorded) | ok 2hC4LtAw3NgUmku1eq7QRrSTEhKpUWLbaSvYmz3KNin7BArWkWPFmuN3bNfm7SYiawiyHHMQaDwBMCoSCLcS5SYf
METRIC move-sample-8 {"totalCu":50735,"primeSessionCu":50735,"bytes":975,"fee":15000}
PASS A5-M9. Phantom session: one move through the Smart Account (compute units recorded) | ok 2vB95vXCvbYoEJyN2wmMvsnoMUET6NuaRTyFQUwHwejSjuSFs7zF8sAH5E8sPLs1Ye9unrUBA9k2386739xnpxN2
METRIC move-sample-9 {"totalCu":49235,"primeSessionCu":49235,"bytes":975,"fee":15000}
PASS A6. account B's grant presented to account A | refused: custom program error: 0x7
PASS V0a. Phantom session 1 works | ok 4FAh5Pu9X6CCjniyCJhiqoXCjuGG242L4Dw3USWdnuWquNvYMSBP3UXkKqQFqFEFEz2KxPjcXqFuScBCPmZrRqVg
PASS V0b. Phantom session 2 works | ok 4EoaPsyZNVW5ryjS1HtVyd5rMs5zjSz94sdyGiFmLxKQA6XnsHoAwPazNhVftQP2TfURevbkhxom7U7QVLY1T56n
PASS V0c. no marker exists for session 1 yet | ok 14qat6sWc24hz6DHkANnDkR1f42uCaPxXBhdCZZNdNbV
PASS V1. Phantom revokes session 1 (one signature, relayed, session key does not sign) | ok 4qBytx8UGz9qTEtA1xKegeV71hWMZMzBDiys2anc396u9MxGcfbVCsdotoKy3rPqzii1hEi9su3FRHucZdsGRaZq
METRIC revoke {"totalCu":18570,"primeSessionCu":18570,"bytes":726,"fee":10000}
PASS V1b. the marker is empty, owned by prime-session and rent exempt | ok {"lamports":890880,"dataBytes":0,"owner":"FTNMFWiECbRp7D5MwJUiNQfee6NuJPjE7S11J9yc2B9G"}
PASS V2. the revoked session 1 is refused | refused: custom program error: 0x2
PASS V3. the same wallet's session 2 keeps working | ok 5vwvvwVARWxk1kwSR1511626UtmaVoRuGPrYpK1ddEFijcFEtEvDgnBMNzkn3ETU7Qx9WrnUZQe8wZafmZn5LMSr
PASS V3b. revoking session 1 again is refused | refused: custom program error: 0x2
PASS V4a. MetaMask's session-owner key signs a revoke of Phantom's session 2 (data names Phantom as owner) | refused: custom program error: 0x7
PASS V4b. MetaMask signs a revoke naming Phantom's PDA under its own owner field | refused: custom program error: 0x2
PASS V4c. Phantom session 2 still works | ok 24hNRLgcmWwRg9bkACur74GPtTiDX2EZfBTQs1pnBkVMv9ji3UiRUQLcRudH9PVHHtGcXtRX5wjdL3H4dTVdPEGQ
PASS V4d. MetaMask revokes the same key under its own PDA (a marker in MetaMask's namespace) | ok 3ozior8yo1vzaFRv7YWXERrbWjXFJ5idKxtQWKBwpqpEHXhHebNz34eot4sBmsetj35Cbi2P8uirrP9YydSukrRa
PASS V4e. ...and Phantom's session 2 still works (the marker is per owner) | ok ziWHs95hijJ4SnX6p3NbKLX3oWFvtagaPZdkaGEUC449p8PmWgEkCoVXxB3JeELQQK1HcR54uhspdaebc3JR5WP
PASS V5a. Phantom revokes a key it never granted | ok 4pwGut18uYRUY3V6Q6XiGPRsWNazcEkZtdx1EAMaEnrAGA95XZtDARBEJviAkoukhhGPRjQM6xTFi96k5X1rZksU
PASS V5b. a grant signed for that key afterwards is refused | refused: custom program error: 0x2
PASS V6a. a revoke signed for account A's PDA, sent with account B's settings and B's marker | refused: custom program error: 0x2
PASS V6b. no marker was created in account B | ok 
PASS V6c. session 3 still works in account A | ok 4J6R4mTAWqu6sTYUAX4ghPS6cc6MzDaYMC2ozuTiaBYouPcpvfZtt4Fa3k4GXo9wajuDSzJgDVGfVX2vX9gJ1FWL
PASS V7a. a pre-fund below the rent minimum is refused by the runtime | refused: {"InsufficientFundsForRent":{"account_index":1}}
PASS V7b. a stranger pre-funds the marker address with 0.001 SOL | ok 5DhX8pLjuS1MrRQjZDft9CFQeeaAcqcEh1DS7SPXmPghMb3MHvf4BRJvugnCm1nnrHz6qcsMxpa9sBC5pjn4smSA
PASS V7c. the revoke still works | ok 83grhDnGAEsWZdoGzqNpUKHSJM1NEw6BukByXajwmMbJ8tMrhkEnBRJV5guvj8V8kKwpE2ojDturvgHHus1hY1q
PASS V7d. the revoked session 4 is refused | refused: custom program error: 0x2
PASS V8a. a move that passes another marker address | refused: custom program error: 0x2
PASS V8b. a move with non-canonical bump 254 (canonical 255) and the canonical PDA account | refused: custom program error: 0x2
PASS V8c. the same session with the canonical bump works | ok 2cRW9ndCpjxEFaAfY5ToKjawSVAnqHV32C6rbAHenEsXHwwcmHR5761qZL4i8C5pSJw2upxe57xQCciEEF2oYTP5
PASS V9. a 72-byte instruction (the old length check) | refused: Program FTNMFWiECbRp7D5MwJUiNQfee6NuJPjE7S11J9yc2B9G invoke [1] Program FTNMFWiECbRp7D5MwJUiNQfee6NuJPjE7S11J9yc2B9G consumed 88 of 203000 compute units Program
PASS V9b. a 10-byte instruction | refused: Program FTNMFWiECbRp7D5MwJUiNQfee6NuJPjE7S11J9yc2B9G invoke [1] Program FTNMFWiECbRp7D5MwJUiNQfee6NuJPjE7S11J9yc2B9G consumed 88 of 203000 compute units Program
PASS F0. control: the genuine signature instruction in second place, sig_ix 1 | ok 4f9C6E5c7pRcX76eq13TiMJXjaxxmM2EEPAYRuWLtP6qcKkqcNh3dyKAPGa4doMztEhSKXqeAzz3Zj6aqccJ91Tm
PASS F1. a key read from another instruction: the attacker's signature over the grant text, the owner's key in the data, key index 0 | refused: custom program error: 0x7
PASS F2. a message read from another instruction: a replayed owner signature stretches the grant by one second, message index 0 (the session key pays the fee: two signature instructions leave no room for a second fee signature) | refused: custom program error: 0x7
FAIL F4. a signature instruction from another program (a no-op program) that carries the owner key and the exact grant text with an invalid signature | ok 4o25BQZNjtif1nxYajXD3m3NidTB4xav2tNvZ9sJH71sj8n8u59R2RNNswE7jjmSVkZMvYCeYnM7n7BbXN9Db8HQ
PASS F3. a signature read from another instruction (the program also refuses it; the precompile already stops this triple) | refused: custom program error: 0x2
PASS R0. Freighter session works before | ok 3xdjn2txZFGD3TBZegqpZzeN9sEpgqgayr5AL2j2sHkSohd8SoC78SMUXdVqerT67oPycvW5HJV2GTqMQJgx4osq
PASS R1. MetaMask + Phantom update the policy: members MetaMask and Phantom PDAs only:a. MetaMask proposes and approves | ok 55MeAE9eVdHqigVqvd7ftUPvP7SMKw6rXxwTToJpvdz8UuZJQwQY1Pcr5FoH2eyqQwhMrKEacugh7TCXBbfXEMEQ
PASS R1. MetaMask + Phantom update the policy: members MetaMask and Phantom PDAs only:b. Phantom approves and executes | ok 3NbwSJSGx35gLJ5WePKD2zUXWaGsBLtjWJvMWSYKWCDDeDk9wPbhAPX1ZzLKzYoB7MHF1af2eXnqaDvPn8UZK5j7
PASS R2. the live Freighter session after removal | refused: Error Code: NotASigner
PASS R3. MetaMask session still works | ok 3drTcW7xYn8Rsx1z5QSpe7JaixTAuDgHDCSgxJCgRt4mZiRcStu7TdL9inXYbWQjgq8Mon9Lu5SyKiUCeyVdvjjK
METRIC relayerSpend {"net":"localnet","spentLamports":4092339680,"vaultFundingLamports":4000000000,"sessionKeysFunded":46,"sessionKeyFundingDevnetLamports":92000000,"devnetEstimateLamports":464339680}
NEAR MPC signatures: 35, average 0.0s
132/133 passed
FAIL F4. a signature instruction from another program (a no-op program) that carries the owner key and the exact grant text with an invalid signature 4o25BQZNjtif1nxYajXD3m3NidTB4xav2tNvZ9sJH71sj8n8u59R2RNNswE7jjmSVkZMvYCeYnM7n7BbXN9Db8HQ
