{
  MetaMask: "4TXiTPLxe5PrpwiY15tj9nP3wF5F8JPKUsYQyfHCCcod",
  Freighter: "9BcBicoPrGtPJnVynJoj2g1p6zrvaFBkJccorLwGTMZo",
  Phantom: "G5H71U2pASYLeei9MYvWVmCZzjHp2VscWTjpdLYa6LT4",
  sessionMetaMask: "3YomJ7dnhtqFnnPAzRUGmhC8EevR2R4F6Sdx7YN6Pppc",
  sessionFreighter: "Cn2bjH8kGkjioVoB9MY86TDsJ6kKjvaiu9ZCmMsJVW74",
  program: "FTNMFWiECbRp7D5MwJUiNQfee6NuJPjE7S11J9yc2B9G",
  programB: "J38gUL2YFo91GDBnDXwVDaGpk6XWSJUhs7RuditRdiVo",
  net: "localnet",
}
PASS P0. seats are exactly MetaMask(NEAR MPC), Freighter(NEAR MPC), Phantom(own key); threshold 2; vault funded | ok zkCMdM68x6si8uKkpsJeZJnE5wMLhjsLsZK18r5A7i8gnG9PdjgYiZWdkqNBPfSDEDsBh23wWW9TmLvVfkkiUSR
PASS K1-MetaMask. MetaMask alone:a. MetaMask proposes and approves | ok 3PS8b9qYvXNgHArbufJtr9cHPJSdEzxeEeNHyCCmT3zvd17addaAhdkP9zfSb9qcnG9yW2BnU8rDZNHcF497iT4k
PASS K1-MetaMask. MetaMask alone:b. MetaMask executes with only its own approval | refused: Error Code: InvalidProposalStatus
PASS K1-Freighter. Freighter alone:a. Freighter proposes and approves | ok 435TMufDa4NyZ6UKaDF1dqV6YwHJhfSAATnp7UhKcjzvcPpmEerAmZCnJjRePqPZ77WqNXrtwqJBdrpCBsYiCwri
PASS K1-Freighter. Freighter alone:b. Freighter executes with only its own approval | refused: Error Code: InvalidProposalStatus
PASS K1-Phantom. Phantom alone:a. Phantom proposes and approves | ok 2E8sraDCMppJWtC3bjSRGWUoA3LcEZzLLTZpCuXbL97jSKhwoQm6gqQwRcVywUMHKttm16hYkp6p8YZNnREZjxhG
PASS K1-Phantom. Phantom alone:b. Phantom executes with only its own approval | refused: Error Code: InvalidProposalStatus
PASS K2. MetaMask + Freighter:a. MetaMask proposes and approves | ok 5AXHUP5chJSfnbKNt55ed8bcJJ7Avyc9CdsYTsjmiAgffKNLsy6DhVVqFBmbKHt8WBhvUm3bDMk27vyG1nnTip9n
METRIC seat-propose-K2-MetaMask {"totalCu":78014,"bytes":579,"fee":10000}
PASS K2. MetaMask + Freighter:b. Freighter approves and executes | ok 4JWBB3jHKS6gA9MwXPkJ99MXSwPcxe1hURqjczoe3Rpk4VAzxQn9E99JfCbG7a4UQucs96LEomZXiuCG3TUaVjBF
METRIC seat-exec-K2-Freighter {"totalCu":67701,"bytes":490,"fee":10000}
PASS K3. Freighter + Phantom:a. Freighter proposes and approves | ok 3D6hTun1WYJZ5Hv7Zbns6PDY2eN7TG2KCopZsAz1yHYrL25JbewY2THXrFxN18GRfFn3kBUYk7T4bB7BXvWU73SR
METRIC seat-propose-K3-Freighter {"totalCu":83828,"bytes":579,"fee":10000}
PASS K3. Freighter + Phantom:b. Phantom approves and executes | ok 3g3254oDpJHb6kS45fKo6NLBPiaFpR7277oTtCxiz52HCP8zF5iLaSZ9vSmi9FDESpC8nZdPc5Avks9GXXmizTXQ
METRIC seat-exec-K3-Phantom {"totalCu":70829,"bytes":490,"fee":10000}
PASS K4. Phantom + MetaMask:a. Phantom proposes and approves | ok n2UBSNFAGWX7D13EHXUNucmNrkLfsWrBd9u2QF68Y3ss8iBzvetFFBTNFwf1AvSmPVFPAroerooLJU8pdxKrZDZ
METRIC seat-propose-K4-Phantom {"totalCu":79520,"bytes":579,"fee":10000}
PASS K4. Phantom + MetaMask:b. MetaMask approves and executes | ok 2zi1Gsg9JKmkmHy9VqqzfuhXXjj67JZruQYG2oCVXzMHPdEL51P3LeHeReCmchDkvDBhpLWtKWKwL9GmPvcAB33B
METRIC seat-exec-K4-MetaMask {"totalCu":67876,"bytes":490,"fee":10000}
PASS K5. DEST received exactly 0.03 SOL | ok 0.03
PASS K6. MetaMask alone (open proposal):a. MetaMask proposes and approves | ok 2VLTThyTy1cbH5NPNukWcg8GJgdqZzLZo9MbjAn7M4LymMD2dhMem3U9yT2vpyaoSbw2diinpuvu8pTTD76KQ4FK
PASS K6. MetaMask alone (open proposal):b. MetaMask executes with only its own approval | refused: Error Code: InvalidProposalStatus
PASS K6c. an outsider approves it | refused: Error Code: NotASigner
PASS K6d. Freighter's seat signed by MetaMask's MPC key | refused: Transaction did not pass signature verification
PASS K6e. Freighter's seat signed by its MPC key under another path | refused: Transaction did not pass signature verification
PASS K6f-MetaMask. MetaMask's seat vote signed by its session-path key | refused: Transaction did not pass signature verification
PASS K6g-MetaMask. MetaMask's session-path key approves as itself | refused: Error Code: NotASigner
PASS K6f-Freighter. Freighter's seat vote signed by its session-path key | refused: Transaction did not pass signature verification
PASS K6g-Freighter. Freighter's session-path key approves as itself | refused: Error Code: NotASigner
PASS K7. install the movers policy (members: the three session PDAs):a. MetaMask proposes and approves | ok 4BVSDUZcKW9eKTncTvwJ8CbLAAHecHKpULaBZoKJxfvZ8TcheN9bLyfWBafWBys5zwBgPEDeCAfvPSekbz9SGXCh
PASS K7. install the movers policy (members: the three session PDAs):b. Phantom approves and executes | ok 2YiFrYSz8j6RvB4F8usPL36QqCVKJA8Fb2XEWg9CceLFr5y5msD3m4ZncUPAeobb1yGuCqiAnuoTtMHRgeytyfXw
PASS N0. MetaMask alone (open proposal):a. MetaMask proposes and approves | ok rSuBQcGWYFjpY4WRXSaxxKD5ArGrpPy6L9EHQW56ZhLs8MYSWr4oRpqX6FYDNpG43uozkK6oyQ11a3i8gTs7f1d
PASS N0. MetaMask alone (open proposal):b. MetaMask executes with only its own approval | refused: Error Code: InvalidProposalStatus
PASS N1. Phantom session approves that proposal as its PDA | refused: Error Code: NotASigner
PASS N2. Phantom session key approves it as itself | refused: Error Code: NotASigner
PASS N3. Phantom session proposes a vault transaction as its PDA | refused: Error Code: NotASigner
PASS N4. Phantom session adds its key as a seat (settings sync, as its PDA) | refused: Error Code: InvalidSignerCount
PASS N5. Phantom session calls a program other than the Smart Account (System transfer from its PDA) | refused: Program FTNMFWiECbRp7D5MwJUiNQfee6NuJPjE7S11J9yc2B9G invoke [1] Unknown program SMRTzfY6DfH5ik3TKiyLFfXexV8uSG3d2UksSCYdunG Program FTNMFWiECbRp7D5MwJUiNQfee6Nu
PASS G-MetaMask1. one MetaMask signature (through NEAR) -> session; relayer pays: 0.01 SOL to VENUE | ok 3CWB2A76LPDuuat8njXAL1nhheLj4tyXUcNyqt1ayPn2TyjqEuV7ddXMzP13s3LkFu4N462AWci9hPn8mZdzkzhj
METRIC move-MetaMask-relayed {"totalCu":53778,"primeSessionCu":53778,"bytes":975,"fee":15000}
PASS G-MetaMask2. relayer down: session key pays the fee itself: 0.005 SOL to VENUE | ok 4mn3cF3DT3gRuALgY48bEx2rB6VFu8EfjCyHNETiK2aDv6WeQtpCPQ9mWUn4yDuU2QA5tBRTPWfJQhNXLX4U23PF
PASS G-MetaMask3. VENUE received exactly 0.015 SOL | ok 0.015
PASS G-MetaMask4. relayer down and the session key has no SOL | refused: Attempt to debit an account but found no record of a prior credit
PASS G-MetaMask5. same session: 0.01 SOL elsewhere (policy) | refused: Error Code: ProgramInteractionAccountConstraintViolated
PASS G-MetaMask6. same session: 0.06 SOL to VENUE (over the 0.05 per-move limit) | refused: Error Code: ProgramInteractionInvalidNumericValue
PASS G-MetaMask7. stretched valid-until | refused: custom program error: 0x7
PASS G-MetaMask8. someone else replays the grant with their own key | refused: custom program error: 0x7
PASS G-Freighter1. one Freighter signature (through NEAR) -> session; relayer pays: 0.01 SOL to VENUE | ok 5TNTjUuJ9MNfc2EouNbjkknoC2zUPP4ao6Gy1vCH31UcVgWQMDgBUiQkW3GsP8bzLBjGDdDRygPEHgwcb2HCHn2E
METRIC move-Freighter-relayed {"totalCu":52247,"primeSessionCu":52247,"bytes":975,"fee":15000}
PASS G-Freighter2. relayer down: session key pays the fee itself: 0.005 SOL to VENUE | ok 37yWcm6Jpdbg2Wpnu5RKwdeSZC8KwaBAJxnJ6WBW3sC2TdrMMXQKvdSJDB8YV5reqmNJpguNYCS5PLq6aFmGJbrJ
PASS G-Freighter3. VENUE received exactly 0.015 SOL | ok 0.015
PASS G-Freighter4. relayer down and the session key has no SOL | refused: Attempt to debit an account but found no record of a prior credit
PASS G-Freighter5. same session: 0.01 SOL elsewhere (policy) | refused: Error Code: ProgramInteractionAccountConstraintViolated
PASS G-Freighter6. same session: 0.06 SOL to VENUE (over the 0.05 per-move limit) | refused: Error Code: ProgramInteractionInvalidNumericValue
PASS G-Freighter7. stretched valid-until | refused: custom program error: 0x7
PASS G-Freighter8. someone else replays the grant with their own key | refused: custom program error: 0x7
PASS G-Phantom1. one Phantom signature -> session; relayer pays: 0.01 SOL to VENUE | ok 4WpFpKF565HRNrMrjVtqEWKVZo5HvwbQfvgMVunwothnvYgUBA5QbZQ4EN2pbvnqgH97Ct7zEzd8T6ti3HLiXQ3y
METRIC move-Phantom-relayed {"totalCu":52279,"primeSessionCu":52279,"bytes":975,"fee":15000}
PASS G-Phantom2. relayer down: session key pays the fee itself: 0.005 SOL to VENUE | ok 36FnumEXXNyfyQBQ2isVq9qnRMZSD5qaWtyjpopfiqkmnnR79bPwPHZn7VqnfTXgudFaSxyJeLr16W4hsFUSgbrS
PASS G-Phantom3. VENUE received exactly 0.015 SOL | ok 0.015
PASS G-Phantom4. relayer down and the session key has no SOL | refused: Attempt to debit an account but found no record of a prior credit
PASS G-Phantom5. same session: 0.01 SOL elsewhere (policy) | refused: Error Code: ProgramInteractionAccountConstraintViolated
PASS G-Phantom6. same session: 0.06 SOL to VENUE (over the 0.05 per-move limit) | refused: Error Code: ProgramInteractionInvalidNumericValue
PASS G-Phantom7. stretched valid-until | refused: custom program error: 0x7
PASS G-Phantom8. someone else replays the grant with their own key | refused: custom program error: 0x7
PASS G9. grant longer than 7 days | refused: custom program error: 0x4
PASS G10. expired grant | refused: custom program error: 0x4
PASS G11. MetaMask grant with the ed25519 program instruction missing | refused: custom program error: 0x7
PASS G12. ed25519 instruction reading its public key from another instruction | refused: custom program error: 0x0
PASS G13. daily cap shared by all: 0.045 used + 0.05 = 0.095 <= 0.1 | ok 3zdTnMzpJAbjkdrLzuB7EFKjyiAaF6aEhNKvBFqqMCjQxfuaoUYyHqcLdERovb8mmcwqU4PoCzEbbADbaHRwZWEW
PASS G13b. + 0.01 = 0.105 > 0.1 | refused: Error Code: ProgramInteractionInsufficientLamportAllowance
PASS X1. Freighter's PDA with a grant signed by MetaMask (NEAR) | refused: custom program error: 0x7
PASS X2. Phantom's PDA with a grant signed by Freighter (NEAR) | refused: custom program error: 0x7
PASS X3. MetaMask's PDA with a grant signed by Phantom | refused: custom program error: 0x7
PASS X4. Freighter's PDA with its MPC key under another path | refused: custom program error: 0x7
PASS X4b. Freighter's session PDA with a grant signed by its seat key (prime:solana) | refused: custom program error: 0x7
PASS X5. Phantom grant presented for MetaMask's PDA | refused: custom program error: 0x7
PASS X6. grant signed for cluster mainnet, used on localnet | refused: custom program error: 0x7
PASS X7a. a grant naming program A's PDA, presented to program B with A's PDA | refused: custom program error: 0x2
PASS X7b. the same grant presented to program B with B's PDA (text mismatch) | refused: custom program error: 0x7
PASS X7c. a grant naming program B's PDA, presented to program A with B's PDA | refused: custom program error: 0x2
PASS X7d. the same grant presented to program A with A's PDA (text mismatch) | refused: custom program error: 0x7
PASS X8. Phantom's own signed grant naming MetaMask's PDA | refused: custom program error: 0x2
PASS X9a. valid Phantom grant, data names another settings address | refused: custom program error: 0x2
PASS X10. the session key does not sign (relayer only) | refused: Program FTNMFWiECbRp7D5MwJUiNQfee6NuJPjE7S11J9yc2B9G invoke [1] Program FTNMFWiECbRp7D5MwJUiNQfee6NuJPjE7S11J9yc2B9G consumed 165 of 203000 compute units Progra
PASS X11a. account 3 set to the System program instead of the Smart Account program: the move still runs | ok 1rFAMCPPwR8y3WhpzkFfevQR1cgjWWxv45NzyQ1e4XFShYo7dffp5CiQkFkVRxyKwJJdm3KM1FKkqfgnPYSy6WJ
PASS X11b. ...and prime-session called only the Smart Account program | ok 1rFAMCPPwR8y… Program SMRTzfY6DfH5ik3TKiyLFfXexV8uSG3d2UksSCYdunG invoke [2]
PASS A0. account B created with the same three seats | ok 5yZPJNs3WjvWFmV283SGHDqE5JVz6rv8wscCAaurTU1CpsZSQ6h48uTx33ENtpzJvACPryfSCx9y8wY5k6TfAm1M
PASS A1. account B installs its movers policy (members: each wallet's PDA for account B):a. MetaMask proposes and approves | ok 5JaE8m8KcfKjxG1uh5VnrNb3KdJnpaCLZoZKoLLNd2coGRZA3Mwy7kwtagQZ78AHBj5XN5T3Sr4Gsw1ALHaoz8rE
PASS A1. account B installs its movers policy (members: each wallet's PDA for account B):b. Phantom approves and executes | ok 7dzLTYTbBAHLxmcaMnmaApE2kaZiWVWJwx4sUCw29x1e8LJaatqeoERHheDSZzLpLyYbqFS34j7paNYwPkLCf2g
PASS A2. each wallet's PDA differs between account A and account B | ok 7qriG5,J5qGs8,CxMTvv
PASS A3. account A's Phantom grant presented to account B (as Phantom's account-B PDA) | refused: custom program error: 0x7
PASS A4. account A's Phantom PDA calling account B's policy | refused: Error Code: NotASigner
PASS A5. a Phantom grant made for account B works in account B | ok 4QVNMAFd1ypc2z8i95wbywMmiY2BPvgaFxc3t7BR9crkrg9JkRJaE9efJVYBS63DHXGCKz8rSuCFVYarbYpwL4cu
PASS A5-M0. Phantom session: one move through the Smart Account (compute units recorded) | ok 4Yvp8Cb9CpjCgZHHMMfbp8SjbRjSKsor8peLfURGTfk6NJQdjRXUmdqwkTd8ius3VZRqvMY9Qmf9AgBam7c3QZZx
METRIC move-sample-0 {"totalCu":49247,"primeSessionCu":49247,"bytes":975,"fee":15000}
PASS A5-M1. Phantom session: one move through the Smart Account (compute units recorded) | ok bkvp8Gd3Az3KCkZTXnCLHLp813yUGmHB4ZdLETCTx8UazQHUqbgUHBzWUHW9LF9wxdMuUPYBDw8mFFgzH1b17CM
METRIC move-sample-1 {"totalCu":49247,"primeSessionCu":49247,"bytes":975,"fee":15000}
PASS A5-M2. Phantom session: one move through the Smart Account (compute units recorded) | ok 65aiqViEJD6W96zmy3HJonkxWnxq49MXbwE9Hc9baWCLh6wZCBZeRRFTQ9ZN25Wr4smN7uMqLrWbrHd4UAdTaSsg
METRIC move-sample-2 {"totalCu":49237,"primeSessionCu":49237,"bytes":974,"fee":15000}
PASS A5-M3. Phantom session: one move through the Smart Account (compute units recorded) | ok 2jHoHZEHyYb7vNzzdRpgJVQfa6ApRTErB2e8bK6V5xQemDEBdUfKxpiS4S2XhaNjAySUJ8Xr6yscCuEpYT81VwHQ
METRIC move-sample-3 {"totalCu":49247,"primeSessionCu":49247,"bytes":975,"fee":15000}
PASS A5-M4. Phantom session: one move through the Smart Account (compute units recorded) | ok YC9H8DEBarxMUkN5SkBuXZArJx4vVS34M49mm3svbbLWssF7wfhDg5y7aC2rioJ7959z4SRHPFDQtxVnZDyf4rE
METRIC move-sample-4 {"totalCu":53747,"primeSessionCu":53747,"bytes":975,"fee":15000}
PASS A5-M5. Phantom session: one move through the Smart Account (compute units recorded) | ok 4DRJBPyk1cMd68WHG8x6jsYCh1wa5mH67xobkYb26cgNJaeJCghGTJF1yz8Kr33jP5rjGYk6PyA33cAG8AXVe8zS
METRIC move-sample-5 {"totalCu":50747,"primeSessionCu":50747,"bytes":975,"fee":15000}
PASS A5-M6. Phantom session: one move through the Smart Account (compute units recorded) | ok 3isQcbk2rgFaL1TnQB6jJwch9aFXV34xcBPAdQu33GGywSMN8sZcFY6S2G4HZmXKSmRKjTtiH2ynDZVwB8E6ZX3n
METRIC move-sample-6 {"totalCu":53747,"primeSessionCu":53747,"bytes":975,"fee":15000}
PASS A5-M7. Phantom session: one move through the Smart Account (compute units recorded) | ok 2piJaxrFVXpFmgwpJi8qnkHrFg7qC9qp5jbyWv7Hgs5xshoy8Tt8Jy7rPHJVYUWNGheUWCFqpMD2Y2oHkdbKyMMH
METRIC move-sample-7 {"totalCu":53747,"primeSessionCu":53747,"bytes":975,"fee":15000}
PASS A5-M8. Phantom session: one move through the Smart Account (compute units recorded) | ok 5yBqT6jMrVGjNMGostgzxDKALXEfCkUnLSF1oz3MqadA8EerEQ4veN6jkwvsN9GAgoDgvG1zEecKmCrmrPTgTxk
METRIC move-sample-8 {"totalCu":50747,"primeSessionCu":50747,"bytes":975,"fee":15000}
PASS A5-M9. Phantom session: one move through the Smart Account (compute units recorded) | ok 2bJjaXn6WTZiJjMtrpGhAKAoQzs6j1u2V5oN4BFUBmDiFcMz9e9zpZ19jUQB2x4P3qNGf2KMbrXsRECgqiQDBs1M
METRIC move-sample-9 {"totalCu":49247,"primeSessionCu":49247,"bytes":975,"fee":15000}
PASS A6. account B's grant presented to account A | refused: custom program error: 0x7
PASS V0a. Phantom session 1 works | ok 54Bvv3gJBA1vXqcjTbsai1tjB3qmcwaZvnasu9Jaei8x2a3UCE4hKnyPzQPTTE2i4enG4cs9fWTDcUQ4nLVKajTx
PASS V0b. Phantom session 2 works | ok 5UhMTLSJViLd2KWpiL7jd4X3j1Fd2azoQmN2MWxeqqhJh4PcFeDTZtUV9KWKKQwnoayCBs6J7N66akQ4WddQueQH
PASS V0c. no marker exists for session 1 yet | ok BLZ5ZHqCijnYT5zkCWwKee8pEYxhHkxSJhT2wfTzGfsf
PASS V1. Phantom revokes session 1 (one signature, relayed, session key does not sign) | ok 3sFUW1U62DLA2ahfExEdGHEE7bcuyHtW6iNeurSg4Gi6WrXWKbZK75AoJqVUpJDyqXkG798taCeUvLwkUmEPfntw
METRIC revoke {"totalCu":18572,"primeSessionCu":18572,"bytes":725,"fee":10000}
PASS V1b. the marker is empty, owned by prime-session and rent exempt | ok {"lamports":890880,"dataBytes":0,"owner":"FTNMFWiECbRp7D5MwJUiNQfee6NuJPjE7S11J9yc2B9G"}
PASS V2. the revoked session 1 is refused | refused: custom program error: 0x2
PASS V3. the same wallet's session 2 keeps working | ok 5SEWND9EB44nQiTVqjuxQ3urMgyfhfbkvpHvDy8hDBuAAXaFrtSdBiEE8Grubknr1HDyVVRBQHUvzypsWk1qCZeu
PASS V3b. revoking session 1 again is refused | refused: custom program error: 0x2
PASS V4a. MetaMask's session-owner key signs a revoke of Phantom's session 2 (data names Phantom as owner) | refused: custom program error: 0x7
PASS V4b. MetaMask signs a revoke naming Phantom's PDA under its own owner field | refused: custom program error: 0x2
PASS V4c. Phantom session 2 still works | ok 5ttss5wPjjSyUVg9voRbguV6tDd6WpPPzccfZaaoFuTFTuvQaQfP9DKjT5kijnHs1Mp4tGhXVwDMhy5xCoa6yKkB
PASS V4d. MetaMask revokes the same key under its own PDA (a marker in MetaMask's namespace) | ok 3QKEcDYoheHRpHViULw2usZDEiECVPBjwiQFsSa9JnfPskfdBTk1MD5PMH9nQfZe8pvb6hFPjePom8UJ9ZiRfxnC
PASS V4e. ...and Phantom's session 2 still works (the marker is per owner) | ok 2hrAwPQQDkcxJ7F7LhZdD5enapnENFZ6skQvyFgYC6SNndPAazpVdVPLsrMTRN6W8wgWgr8RTbabBdcrNKuU64t
PASS V5a. Phantom revokes a key it never granted | ok 3nL6YoMMZxMSnQBMaT6FnduSnWxVukvVYhXm71ENpiJcwjMwzWHH9j1qtnTETu4YcMEnXbq4oicKRzcBGrboDx7s
PASS V5b. a grant signed for that key afterwards is refused | refused: custom program error: 0x2
PASS V6a. a revoke signed for account A's PDA, sent with account B's settings and B's marker | refused: custom program error: 0x2
PASS V6b. no marker was created in account B | ok 
PASS V6c. session 3 still works in account A | ok 3Kj3i4qEVam2vkemdUcNq4KJmyFPbi69BMy1foqJHBgyLBmuKgUa7Pk5rHuZ6KGoAzvk9UAZr8tydFFPyamcdzQz
PASS V7a. a pre-fund below the rent minimum is refused by the runtime | refused: {"InsufficientFundsForRent":{"account_index":1}}
PASS V7b. a stranger pre-funds the marker address with 0.001 SOL | ok 79fwNW3LB364BsqFzuBkH1K33utHtSoGGP4oxQi1nHGZGSZFYgGVoG839bckUMWx3eg9UqkEGCX5K38mq6g7Hru
PASS V7c. the revoke still works | ok 1ym6oTgucKDoB9nKD5HzqeAMBak8Q1SGzJ3CtzxJbjB29L9ui2JoXzqKnwSYQdJUR1Y12fbwFb5yFtzz3gDrfgE
PASS V7d. the revoked session 4 is refused | refused: custom program error: 0x2
PASS V8a. a move that passes another marker address | refused: custom program error: 0x2
PASS V8b. a move with non-canonical bump 254 (canonical 255) and the canonical PDA account | refused: custom program error: 0x2
PASS V8c. the same session with the canonical bump works | ok 42fCubrM7FNRQKzh6eFdQRzhTdVBUzyy8D1rdyihZMYFqdQsi7zzMMxFPw9J55dbzJg2di22EQsGyCRsNu2wZVMA
PASS V9. a 72-byte instruction (the old length check) | refused: Program FTNMFWiECbRp7D5MwJUiNQfee6NuJPjE7S11J9yc2B9G invoke [1] Program FTNMFWiECbRp7D5MwJUiNQfee6NuJPjE7S11J9yc2B9G consumed 88 of 203000 compute units Program
PASS V9b. a 10-byte instruction | refused: Program FTNMFWiECbRp7D5MwJUiNQfee6NuJPjE7S11J9yc2B9G invoke [1] Program FTNMFWiECbRp7D5MwJUiNQfee6NuJPjE7S11J9yc2B9G consumed 88 of 203000 compute units Program
PASS R0. Freighter session works before | ok 46aAYRV5d2MBbaRNbx7vPNEJBpKzEt5NnMKoQLRL1ZKu1mycz13t5Rt4PjNSEtRt91QThK2xNnMeqrm8V6pNZgov
PASS R1. MetaMask + Phantom update the policy: members MetaMask and Phantom PDAs only:a. MetaMask proposes and approves | ok 4gWGcfM3rTxhZsj8UqXNcAwJc1ej3USJid7k9bkv5BLCkjynsFdNgRHMvYVj4bs11f56teRqVrTGh2K1UGMkmcHq
PASS R1. MetaMask + Phantom update the policy: members MetaMask and Phantom PDAs only:b. Phantom approves and executes | ok 3PRwQBpnCthFzik5TV4oh5J2YDFkGk1qUaYPsLtt3BUPmxsJSD2YsgMRKApYmcwtEMrrYMRx6VzAujRjNRmky6yo
PASS R2. the live Freighter session after removal | refused: Error Code: NotASigner
PASS R3. MetaMask session still works | ok 3yc71oRes8nXuec3sCjHDhhxwDQ9zg1SCMXxYApGjaJ3U8QS5fECT5U1eDDQCAKFFAGbba9aWkaXGQ8jufXTSz26
METRIC relayerSpend {"net":"localnet","spentLamports":4092309680,"vaultFundingLamports":4000000000,"sessionKeysFunded":41,"sessionKeyFundingDevnetLamports":82000000,"devnetEstimateLamports":454309680}
NEAR MPC signatures: 35, average 0.0s
128/128 passed
