{
  MetaMask: "4TXiTPLxe5PrpwiY15tj9nP3wF5F8JPKUsYQyfHCCcod",
  Freighter: "9BcBicoPrGtPJnVynJoj2g1p6zrvaFBkJccorLwGTMZo",
  Phantom: "G5H71U2pASYLeei9MYvWVmCZzjHp2VscWTjpdLYa6LT4",
  sessionMetaMask: "3YomJ7dnhtqFnnPAzRUGmhC8EevR2R4F6Sdx7YN6Pppc",
  sessionFreighter: "Cn2bjH8kGkjioVoB9MY86TDsJ6kKjvaiu9ZCmMsJVW74",
  program: "FTNMFWiECbRp7D5MwJUiNQfee6NuJPjE7S11J9yc2B9G",
  programB: "J38gUL2YFo91GDBnDXwVDaGpk6XWSJUhs7RuditRdiVo",
  net: "localnet",
}
PASS P0. seats are exactly MetaMask(NEAR MPC), Freighter(NEAR MPC), Phantom(own key); threshold 2; vault funded | ok 5uC3E6hpf8m6N2cFvT9dWPvAYk1MG18jtXY8pVk3HXQuGTW6ZFypxsDVcyhSdS6VwcyWs7Rgea3nzoStmhcrrxjv
PASS K1-MetaMask. MetaMask alone:a. MetaMask proposes and approves | ok 47cwYVcopeaz4bRdj3bGxTgZSLtjwPLF76uWLHdSG7ABmxrmNrh1Nn9ef2TVnehvMuSktUzztYDZH1guRVLQfazz
PASS K1-MetaMask. MetaMask alone:b. MetaMask executes with only its own approval | refused: Error Code: InvalidProposalStatus
PASS K1-Freighter. Freighter alone:a. Freighter proposes and approves | ok 5JsUFZeEFGeFVLHssVb9z299dYpL8WLU5J4i2KLfwPPPdoUr4Gom6hypnHDH32uGvJ3MHUXaVPkqa41Sdmp8aQpm
PASS K1-Freighter. Freighter alone:b. Freighter executes with only its own approval | refused: Error Code: InvalidProposalStatus
PASS K1-Phantom. Phantom alone:a. Phantom proposes and approves | ok o6zLTSL3G7cPMo1UzjvmLcfspBxgAvpgJ3KBLR2J4UgGnQgYibRSz6F1xpicHcfW8ANwud9SAGFAfimT1kBTxSQ
PASS K1-Phantom. Phantom alone:b. Phantom executes with only its own approval | refused: Error Code: InvalidProposalStatus
PASS K2. MetaMask + Freighter:a. MetaMask proposes and approves | ok 5SinXLmcvMiUuY5xjJD8MhEVYnLQBE9ovSYiDubqGLNXobLAi9By8tz6xHxbwKkfaWGBnMX6GPHNQYccBjWWGXqn
METRIC seat-propose-K2-MetaMask {"totalCu":78014,"bytes":579,"fee":10000}
PASS K2. MetaMask + Freighter:b. Freighter approves and executes | ok 2azbd4itZxwMDz6rDkzMU2fmz5ZGWNPy8qpdJcGPFxoQ9DAYjD635eAkjh7NGjLSPb8S9WPHv9uhKjZSHyfPqZNk
METRIC seat-exec-K2-Freighter {"totalCu":67701,"bytes":490,"fee":10000}
PASS K3. Freighter + Phantom:a. Freighter proposes and approves | ok 5oo6X5PThsNMFGzvewY77o1NuAcqGwSSAEYVH1a46sZxuqfjxRpXmS6ySsYQH2eKMu5HdMQUkJ89zfPQuBmPzw63
METRIC seat-propose-K3-Freighter {"totalCu":83828,"bytes":579,"fee":10000}
PASS K3. Freighter + Phantom:b. Phantom approves and executes | ok 5hYW35hV5nJXeXxQ81LnyX3AM1Up8e1yp1Jg7CiETPMsa4MxpVcx8z8AsjBceDehEFmD3Jz6DFyvnnmW2jM4AA8Q
METRIC seat-exec-K3-Phantom {"totalCu":70829,"bytes":490,"fee":10000}
PASS K4. Phantom + MetaMask:a. Phantom proposes and approves | ok aGi54jNtGR9bv9ivnH9t5FYfg7gWiBfyAFegL4c2C4aRs6zEkU3pHzbh9HdfoZtVFC7jVWwTKtthMR76ayETZJK
METRIC seat-propose-K4-Phantom {"totalCu":79520,"bytes":579,"fee":10000}
PASS K4. Phantom + MetaMask:b. MetaMask approves and executes | ok 36V1aGwCa7cEAVbRSUXNM1zk73Y63Tbyr3eyEbF7zd8bKo6iK9AJjq5erivFuqszsBGLzG8XocZE3eGauEAKQExc
METRIC seat-exec-K4-MetaMask {"totalCu":67876,"bytes":490,"fee":10000}
PASS K5. DEST received exactly 0.03 SOL | ok 0.03
PASS K6. MetaMask alone (open proposal):a. MetaMask proposes and approves | ok 3uYCRwXjtbcg2PoJrK61J1FDKzESgknvMHweN1PhqjBNH7EQiPbazMCzoJ4kKfuBqTdJkGQiKQxhHY8m5NFEL9Eu
PASS K6. MetaMask alone (open proposal):b. MetaMask executes with only its own approval | refused: Error Code: InvalidProposalStatus
PASS K6c. an outsider approves it | refused: Error Code: NotASigner
PASS K6d. Freighter's seat signed by MetaMask's MPC key | refused: Transaction did not pass signature verification
PASS K6e. Freighter's seat signed by its MPC key under another path | refused: Transaction did not pass signature verification
PASS K6f-MetaMask. MetaMask's seat vote signed by its session-path key | refused: Transaction did not pass signature verification
PASS K6g-MetaMask. MetaMask's session-path key approves as itself | refused: Error Code: NotASigner
PASS K6f-Freighter. Freighter's seat vote signed by its session-path key | refused: Transaction did not pass signature verification
PASS K6g-Freighter. Freighter's session-path key approves as itself | refused: Error Code: NotASigner
PASS K7. install the movers policy (members: the three session PDAs):a. MetaMask proposes and approves | ok 5zDVWu4ChJvdu7j65PZ8AC611JwQ8vz8LTeBo18QRYR2rrk8FQn9QUvxZQfZYmYTpKu7YamVpkiCdkVjLfzChRh
PASS K7. install the movers policy (members: the three session PDAs):b. Phantom approves and executes | ok jJrvUAWpvYFjgZD8ZReKZgyons9qAsc5HWiMgBBiFakzqLnWmFxmF36XZExQMqrAYZPDtCc4sdCESFo4ANovAWj
PASS N0. MetaMask alone (open proposal):a. MetaMask proposes and approves | ok 3AxN6QCFD7YBG6vwD5H7zN87mjaeqG65mmc2J7S5F6GB8bZzmrc4h53zSbpvw6m2eVuRSpMRKhKpigLJpLzsL3kE
PASS N0. MetaMask alone (open proposal):b. MetaMask executes with only its own approval | refused: Error Code: InvalidProposalStatus
PASS N1. Phantom session approves that proposal as its PDA | refused: Error Code: NotASigner
PASS N2. Phantom session key approves it as itself | refused: Error Code: NotASigner
PASS N3. Phantom session proposes a vault transaction as its PDA | refused: Error Code: NotASigner
PASS N4. Phantom session adds its key as a seat (settings sync, as its PDA) | refused: Error Code: InvalidSignerCount
PASS N5. Phantom session calls a program other than the Smart Account (System transfer from its PDA) | refused: Program FTNMFWiECbRp7D5MwJUiNQfee6NuJPjE7S11J9yc2B9G invoke [1] Unknown program SMRTzfY6DfH5ik3TKiyLFfXexV8uSG3d2UksSCYdunG Program FTNMFWiECbRp7D5MwJUiNQfee6Nu
PASS G-MetaMask1. one MetaMask signature (through NEAR) -> session; relayer pays: 0.01 SOL to VENUE | ok 4EFm2QAFHbqCyjgKz87HuJkEbtcrUJXoem1GtHaRcgB32eK7uxFg9HPwbgkYyMtMK5ebLjgEYvpvWWjxSGy7sGoL
METRIC move-MetaMask-relayed {"totalCu":56362,"primeSessionCu":56362,"bytes":975,"fee":15000}
PASS G-MetaMask2. relayer down: session key pays the fee itself: 0.005 SOL to VENUE | ok ZKp3mjKQkvWZrx7j7JV1XvxKiMWaGtCTXq99C7Mu9izVPteebHsKPLwW8GqByMDfykxcQNbQvqwuda8Jig2wkZP
PASS G-MetaMask3. VENUE received exactly 0.015 SOL | ok 0.015
PASS G-MetaMask4. relayer down and the session key has no SOL | refused: Attempt to debit an account but found no record of a prior credit
PASS G-MetaMask5. same session: 0.01 SOL elsewhere (policy) | refused: Error Code: ProgramInteractionAccountConstraintViolated
PASS G-MetaMask6. same session: 0.06 SOL to VENUE (over the 0.05 per-move limit) | refused: Error Code: ProgramInteractionInvalidNumericValue
PASS G-MetaMask7. stretched valid-until | refused: custom program error: 0x7
PASS G-MetaMask8. someone else replays the grant with their own key | refused: custom program error: 0x7
PASS G-Freighter1. one Freighter signature (through NEAR) -> session; relayer pays: 0.01 SOL to VENUE | ok at69SkruUkm7KgZ1yRR4fjdJdVF52iWWGAfrbd1z5tsKMcMvtAPLZnV2WwhRGu7pHoU6tPpjTxXw7xCmyXUkPbF
METRIC move-Freighter-relayed {"totalCu":56318,"primeSessionCu":56318,"bytes":974,"fee":15000}
PASS G-Freighter2. relayer down: session key pays the fee itself: 0.005 SOL to VENUE | ok GRt5yUf6bCggUr7G74UtsrZGX6FFGk6u1NkN9yTV9o5KpcwVFpiRwmg1mSuGsbyfM5Com2Ay6HvBND54vwRGvdR
PASS G-Freighter3. VENUE received exactly 0.015 SOL | ok 0.015
PASS G-Freighter4. relayer down and the session key has no SOL | refused: Attempt to debit an account but found no record of a prior credit
PASS G-Freighter5. same session: 0.01 SOL elsewhere (policy) | refused: Error Code: ProgramInteractionAccountConstraintViolated
PASS G-Freighter6. same session: 0.06 SOL to VENUE (over the 0.05 per-move limit) | refused: Error Code: ProgramInteractionInvalidNumericValue
PASS G-Freighter7. stretched valid-until | refused: custom program error: 0x7
PASS G-Freighter8. someone else replays the grant with their own key | refused: custom program error: 0x7
PASS G-Phantom1. one Phantom signature -> session; relayer pays: 0.01 SOL to VENUE | ok 4PYgdRZzSv25Ap8oxNQaJWURLxTFRnLDntNcbogXthzg1MXgQaKX1H2qTZqFwe2hUcBEBt8SVMRpr2Gc7ziQNQvk
METRIC move-Phantom-relayed {"totalCu":65363,"primeSessionCu":65363,"bytes":975,"fee":15000}
PASS G-Phantom2. relayer down: session key pays the fee itself: 0.005 SOL to VENUE | ok 3fFxdu6dGTTWm9ZJqbVDtUovYT2pVbD3prAGhUBi3zbQ3biomSNzrBMSG4eFd5zdcWx8xxFYeKUuPmctXFSgDctd
PASS G-Phantom3. VENUE received exactly 0.015 SOL | ok 0.015
PASS G-Phantom4. relayer down and the session key has no SOL | refused: Attempt to debit an account but found no record of a prior credit
PASS G-Phantom5. same session: 0.01 SOL elsewhere (policy) | refused: Error Code: ProgramInteractionAccountConstraintViolated
PASS G-Phantom6. same session: 0.06 SOL to VENUE (over the 0.05 per-move limit) | refused: Error Code: ProgramInteractionInvalidNumericValue
PASS G-Phantom7. stretched valid-until | refused: custom program error: 0x7
PASS G-Phantom8. someone else replays the grant with their own key | refused: custom program error: 0x7
PASS G9. grant longer than 7 days | refused: custom program error: 0x4
PASS G10. expired grant | refused: custom program error: 0x4
PASS G11. MetaMask grant with the ed25519 program instruction missing | refused: custom program error: 0x7
PASS G12. ed25519 instruction reading its public key from another instruction | refused: custom program error: 0x0
PASS G13. daily cap shared by all: 0.045 used + 0.05 = 0.095 <= 0.1 | ok ohsTMemoh8AchXfUCts5kk5z4DxUVxugbjmgwG8ouvPuUB4jDoxS8iBAVXpMsF1bqserVJMRThPtuGtMrU9aGKL
PASS G13b. + 0.01 = 0.105 > 0.1 | refused: Error Code: ProgramInteractionInsufficientLamportAllowance
PASS X1. Freighter's PDA with a grant signed by MetaMask (NEAR) | refused: custom program error: 0x7
PASS X2. Phantom's PDA with a grant signed by Freighter (NEAR) | refused: custom program error: 0x7
PASS X3. MetaMask's PDA with a grant signed by Phantom | refused: custom program error: 0x7
PASS X4. Freighter's PDA with its MPC key under another path | refused: custom program error: 0x7
PASS X4b. Freighter's session PDA with a grant signed by its seat key (prime:solana) | refused: custom program error: 0x7
PASS X5. Phantom grant presented for MetaMask's PDA | refused: custom program error: 0x7
PASS X6. grant signed for cluster mainnet, used on localnet | refused: custom program error: 0x7
PASS X7a. a grant naming program A's PDA, presented to program B with A's PDA | refused: custom program error: 0x2
PASS X7b. the same grant presented to program B with B's PDA (text mismatch) | refused: custom program error: 0x7
PASS X7c. a grant naming program B's PDA, presented to program A with B's PDA | refused: custom program error: 0x2
PASS X7d. the same grant presented to program A with A's PDA (text mismatch) | refused: custom program error: 0x7
PASS X8. Phantom's own signed grant naming MetaMask's PDA | refused: custom program error: 0x2
PASS X9a. valid Phantom grant, data names another settings address | refused: custom program error: 0x2
PASS X10. the session key does not sign (relayer only) | refused: Program FTNMFWiECbRp7D5MwJUiNQfee6NuJPjE7S11J9yc2B9G invoke [1] Program FTNMFWiECbRp7D5MwJUiNQfee6NuJPjE7S11J9yc2B9G consumed 2483 of 203000 compute units Progr
PASS X11a. account 3 set to the System program instead of the Smart Account program: the move still runs | ok 3Ds4NUSEYH1xqQKCBeuRSK5z47NxjRStR44VCtzrpwuqMdHRa6pa9tLo5fkXQyRDjbN96iANYodAyiZaWysx4KkK
PASS X11b. ...and prime-session called only the Smart Account program | ok 3Ds4NUSEYH1x… Program SMRTzfY6DfH5ik3TKiyLFfXexV8uSG3d2UksSCYdunG invoke [2]
PASS A0. account B created with the same three seats | ok tonWNcv22svVaEdVzq3YriVGawEU5WqZkaRzDj5TMcnGifsE3KJJTCcjB5BMyDCwiGpkK8TLaaBEyPXUj4awhzY
PASS A1. account B installs its movers policy (members: each wallet's PDA for account B):a. MetaMask proposes and approves | ok 7HNb5ZRimzCzAobtAF4qqEXHrtbyzkzRBnnrsbSeFW2ArGDNZZw43wgXKedxmwtB6ZLwizsRGCQYMctVKLroE7s
PASS A1. account B installs its movers policy (members: each wallet's PDA for account B):b. Phantom approves and executes | ok 4QvEsdtdARvZZTFA1JApHaNrFd1A7TUeccSqsAzrDs4SsXVT4KNJv5fMuiHqtKGaWrwttk2emmmTSGGSaj74hiJw
PASS A2. each wallet's PDA differs between account A and account B | ok 7qriG5,J5qGs8,CxMTvv
PASS A3. account A's Phantom grant presented to account B (as Phantom's account-B PDA) | refused: custom program error: 0x7
PASS A4. account A's Phantom PDA calling account B's policy | refused: Error Code: NotASigner
PASS A5. a Phantom grant made for account B works in account B | ok dS4CGFtWXYL1t1CqTtJqf34QtA48SSZMe4LhN1C6xuyE7Bo7hWU2RwSiQgdnxMoaHjYDBHV63AFWnmFkiBYNdfd
PASS A5-M0. Phantom session: one move through the Smart Account (compute units recorded) | ok 25r5sTQpCHsw3a34ENFVtjXCSQ1JFeWjSpHNy2iNkn18zXkPdBmQhnTuf3ppLyigPaaqkh4no1jHNLSoHT3Bsh1x
METRIC move-sample-0 {"totalCu":54818,"primeSessionCu":54818,"bytes":974,"fee":15000}
PASS A5-M1. Phantom session: one move through the Smart Account (compute units recorded) | ok Hu1sd4D8urAkym7iiYFwtFX4hdq8nsSduirms3U7zUEZXzHu2QhBCZZxWBkJ3FB7yEhqVTRhjq1VUexU6YhZMtH
METRIC move-sample-1 {"totalCu":53331,"primeSessionCu":53331,"bytes":975,"fee":15000}
PASS A5-M2. Phantom session: one move through the Smart Account (compute units recorded) | ok 3cW8KerodwKohzqfUcPbu5So6F1abUapenEoTbJcV5jZYYmZEj8cs6XZbAMBvKWJScMsoYujgwpTjwriVLPWF4r3
METRIC move-sample-2 {"totalCu":53331,"primeSessionCu":53331,"bytes":975,"fee":15000}
PASS A5-M3. Phantom session: one move through the Smart Account (compute units recorded) | ok 5qg5wbMjieqm9CXJaJh14apR5UhUfe4bn6p5zCiDMz7CnjK2T6wQGqCo177bBa4Hkbsna8PanBqJDRiyYMGcovBB
METRIC move-sample-3 {"totalCu":53331,"primeSessionCu":53331,"bytes":975,"fee":15000}
PASS A5-M4. Phantom session: one move through the Smart Account (compute units recorded) | ok 5Q62xSZU8D5MRG5nMWZSFrejb8ZLShKtCZjR7ULCF8cMYrjz6yxGpV1mveKuUyrgACtmJtYdZhEwJvd7Knapow2z
METRIC move-sample-4 {"totalCu":56331,"primeSessionCu":56331,"bytes":975,"fee":15000}
PASS A5-M5. Phantom session: one move through the Smart Account (compute units recorded) | ok 2q1Fer9z2e4tCTgftgTaqnurhrPLexfKYcY4JrYevtLM8b3p77rFR2oJxSEMoM5iKzLDVD94e7eLCkoQHE6p3pN3
METRIC move-sample-5 {"totalCu":56331,"primeSessionCu":56331,"bytes":975,"fee":15000}
PASS A5-M6. Phantom session: one move through the Smart Account (compute units recorded) | ok 3KdrbVQD9aNQPyhdNMxWWW16WBrrV9gwLuZsipXo4GCbHQTQL8JXtqUChafuz14EP9Hwmh42VhKCuAJmXuvzL3mV
METRIC move-sample-6 {"totalCu":53331,"primeSessionCu":53331,"bytes":975,"fee":15000}
PASS A5-M7. Phantom session: one move through the Smart Account (compute units recorded) | ok 4U1zBwGZ34RJ9FQYZ7G2SxTbbZDij9PLm4gh7R8ozDYuE4KLf5zsQ3FdbvEpCTGD3AwvTbUh9YHAh95F77PPEsQY
METRIC move-sample-7 {"totalCu":59331,"primeSessionCu":59331,"bytes":975,"fee":15000}
PASS A5-M8. Phantom session: one move through the Smart Account (compute units recorded) | ok 5SuLhMFtGViKb6LmHyyxcnhPKoPMJVWwLtC9Ff6vkDeuGZcYKCimJNJzkX4WrpKp5JWEAzeamwLGtUnG4sa4yZE1
METRIC move-sample-8 {"totalCu":54831,"primeSessionCu":54831,"bytes":975,"fee":15000}
PASS A5-M9. Phantom session: one move through the Smart Account (compute units recorded) | ok 4UAr8gqQhgLRsW9PGHuremDjjjxuBSbMHkRjC95jZuGGuKGJ8rrFNC2ur1AJmKGHx4pzM7nLLWdUFikUSoRbYs1
METRIC move-sample-9 {"totalCu":53331,"primeSessionCu":53331,"bytes":975,"fee":15000}
PASS A6. account B's grant presented to account A | refused: custom program error: 0x7
PASS V0a. Phantom session 1 works | ok RJdV3WXjgXVPt5oHFrzSc4buQujGQ3Sisry56T6sk93ToRoswMPDnvB4EYoZ9LNS4CnjQo1tNq4TBsf3W3sFUZr
PASS V0b. Phantom session 2 works | ok 33hbCuvrLTotuf7FjEUbXSY6jPLio9TixhwDmq1QCKtuL8j5hz4yzHwCAwfpPo7bfMRMboVDyNtQQudcXK5ngVrU
PASS V0c. no marker exists for session 1 yet | ok FAoZZ9Nc2UxhM5NGBktvUPq2sgrfz1tDv5NvXPfxStp2
PASS V1. Phantom revokes session 1 (one signature, relayed, session key does not sign) | ok 59cZ3KBE1yG8dZtx9Mo9U6n3keNWZaVKem9raUjwvxUSyNUouTt77Mbp3U4aDtd8mefFP1uisGEpC2LKmsxWa7dk
METRIC revoke {"totalCu":26726,"primeSessionCu":26726,"bytes":726,"fee":10000}
PASS V1b. the marker is empty, owned by prime-session and rent exempt | ok {"lamports":890880,"dataBytes":0,"owner":"FTNMFWiECbRp7D5MwJUiNQfee6NuJPjE7S11J9yc2B9G"}
PASS V2. the revoked session 1 is refused | refused: custom program error: 0x2
PASS V3. the same wallet's session 2 keeps working | ok 4jev9nWgHtp37mZPYMpj3LjZnFQA5JgaJrmheZSMzQpAqZXzXznQWLhB2BJc2cCU7rcxRjQ1xjtuFEvu4nMgDvEF
PASS V3b. revoking session 1 again is refused | refused: custom program error: 0x2
PASS V4a. MetaMask's session-owner key signs a revoke of Phantom's session 2 (data names Phantom as owner) | refused: custom program error: 0x7
PASS V4b. MetaMask signs a revoke naming Phantom's PDA under its own owner field | refused: custom program error: 0x2
PASS V4c. Phantom session 2 still works | ok 2bs4jGopqVmL5nZ7BXZcb2vFziF712aq6qFEriY18KHjaMXBruPaFxh8CCruXpDw8zJqG9GPsaJBbWJ92JHkjzES
PASS V4d. MetaMask revokes the same key under its own PDA (a marker in MetaMask's namespace) | ok 58pj19sW1xKhwExhpoqziLuam2XiffUupQohEVNzUa2FHzdWcMUuaSGWkDpU8dHhWcV16giGWztcqFFFEZ1ypC5x
PASS V4e. ...and Phantom's session 2 still works (the marker is per owner) | ok bnyimvTyWY8XaL9Pf24WMedt5YEYPdJTXssBS9YKEkDFNbVgpVYpeAiEYgcJynqJB8eCkvbZkP8JSufRZaXPaZw
PASS V5a. Phantom revokes a key it never granted | ok 4jCYSrBa9ogLs4jennqtjfPVDzTc4vHv32pAut2XaL3zXyWdxXkuSHZyKjx2wjkKxDbgtMcybtwV5nfiXv8QYt55
PASS V5b. a grant signed for that key afterwards is refused | refused: custom program error: 0x2
PASS V6a. a revoke signed for account A's PDA, sent with account B's settings and B's marker | refused: custom program error: 0x2
PASS V6b. no marker was created in account B | ok 
PASS V6c. session 3 still works in account A | ok 4faF3D8DHSPuCqQgPtZzKeaSLnTwfHmf2miojUCUFnSyhVC8pyB2gLZ3geXwjpCehJ9zjG3UWYUWNzjBUHPTtuDk
PASS V7a. a pre-fund below the rent minimum is refused by the runtime | refused: {"InsufficientFundsForRent":{"account_index":1}}
PASS V7b. a stranger pre-funds the marker address with 0.001 SOL | ok 3hoxD2udoTdHa1683n7BaE3F9aPjPLF32SmHDX7dMpYmgpDWZdsaA5zEiT91Hek8YpKk69HhLj98bzwuJXAz8ykV
PASS V7c. the revoke still works | ok 3a17sY3KedobbdFm3RPGTf6qAs3oD3reSK2j9HUjYEZUVPcY2KjVvnv4mFyArTxfKLyKpmZsxTpRd1furn1JEF22
PASS V7d. the revoked session 4 is refused | refused: custom program error: 0x2
PASS V8a. a move that passes another marker address | refused: custom program error: 0x2
PASS V8b. a move with non-canonical bump 254 (canonical 255) and the canonical PDA account | refused: custom program error: 0x2
PASS V8c. the same session with the canonical bump works | ok 2eVzyUA9DbhhZ4Mgm8LEePm14XaT8yRiR6CA8WzHUiVCSCcTRgUGXwF2UJqPYM4qFA5RQT2JvcQ7KaAWMYv5v4mw
PASS V9. a 72-byte instruction (the old length check) | refused: Program FTNMFWiECbRp7D5MwJUiNQfee6NuJPjE7S11J9yc2B9G invoke [1] Program log: panicked at src/lib.rs:37:110:
index out of bounds: the len is 8 but the index is 8
PASS V9b. a 10-byte instruction | refused: Program FTNMFWiECbRp7D5MwJUiNQfee6NuJPjE7S11J9yc2B9G invoke [1] Program log: panicked at src/lib.rs:35:41:
range end index 32 out of range for slice of length 1
PASS F0. control: the genuine signature instruction in second place, sig_ix 1 | ok 5DrkiBBxaPMPtdfp4u7W1GVZhNxpPRvHxzGwPL5JC9r4SkmKabpGKnojVkm4URwfjYcCgPEcCVSGFSGA84F1eZtp
PASS F1. a key read from another instruction: the attacker's signature over the grant text, the owner's key in the data, key index 0 | refused: custom program error: 0x7
PASS F2. a message read from another instruction: a replayed owner signature stretches the grant by one second, message index 0 (the session key pays the fee: two signature instructions leave no room for a second fee signature) | refused: custom program error: 0x7
PASS F4. a signature instruction from another program (a no-op program) that carries the owner key and the exact grant text with an invalid signature | refused: custom program error: 0x7
PASS F3. a signature read from another instruction (the program also refuses it; the precompile already stops this triple) | refused: custom program error: 0x2
PASS R0. Freighter session works before | ok ScxpLimqrm2M6jmD7nf4k1xZTdZbdccQpARBo8H5US4bo8QZLBEXYUdxv67F9eerNAiMK597AMNYb9wvYxQEgR9
PASS R1. MetaMask + Phantom update the policy: members MetaMask and Phantom PDAs only:a. MetaMask proposes and approves | ok fEeuQ9CcPkiNnX6rXLQfHZPEf4RUSLGvckrptjCGq9dbNFAiBCkoRXpFxg9qLiFvcapdh5RsL5Ro3AsaRBCePD6
PASS R1. MetaMask + Phantom update the policy: members MetaMask and Phantom PDAs only:b. Phantom approves and executes | ok 5hXiSYmC5HL3pY72BeRLyAgdvEbAiVsMvV4sgMVkTceh6nBkg95tRQ2G1WJbz2pRqZ3qTtJbXokK17H1j1dtt8Fv
PASS R2. the live Freighter session after removal | refused: Error Code: NotASigner
PASS R3. MetaMask session still works | ok 5HHXucS65MjTByFgTqxQw2TbmkjV9f3HpapUwY5V6A63yJtK6BKLQLhZSSyuZeue6rRGLfaNyhM9o21hgDbkvr7N
METRIC relayerSpend {"net":"localnet","spentLamports":4092329680,"vaultFundingLamports":4000000000,"sessionKeysFunded":46,"sessionKeyFundingDevnetLamports":92000000,"devnetEstimateLamports":464329680}
NEAR MPC signatures: 35, average 0.0s
133/133 passed
