{
  MetaMask: "4TXiTPLxe5PrpwiY15tj9nP3wF5F8JPKUsYQyfHCCcod",
  Freighter: "9BcBicoPrGtPJnVynJoj2g1p6zrvaFBkJccorLwGTMZo",
  Phantom: "G5H71U2pASYLeei9MYvWVmCZzjHp2VscWTjpdLYa6LT4",
  sessionMetaMask: "3YomJ7dnhtqFnnPAzRUGmhC8EevR2R4F6Sdx7YN6Pppc",
  sessionFreighter: "Cn2bjH8kGkjioVoB9MY86TDsJ6kKjvaiu9ZCmMsJVW74",
  program: "FTNMFWiECbRp7D5MwJUiNQfee6NuJPjE7S11J9yc2B9G",
  programB: "J38gUL2YFo91GDBnDXwVDaGpk6XWSJUhs7RuditRdiVo",
  net: "localnet",
}
PASS P0. seats are exactly MetaMask(NEAR MPC), Freighter(NEAR MPC), Phantom(own key); threshold 2; vault funded | ok 38KztkeUdigSrPmFHoJiFDSHqgfYjuUUE2D2dTx1fMuH4VH3fovXEF7VH9YM6RcudK1TXhNz2csw7dDRwM5mXGTW
PASS K1-MetaMask. MetaMask alone:a. MetaMask proposes and approves | ok 2hjVkvWWkrigawKu12MGuo7ywzucp2wBuTQ3PTUavNGf6qKg24DFvfNPzowK3Bf3Xave2XSvV5Ccaphmyvbuh4tJ
PASS K1-MetaMask. MetaMask alone:b. MetaMask executes with only its own approval | refused: Error Code: InvalidProposalStatus
PASS K1-Freighter. Freighter alone:a. Freighter proposes and approves | ok 3GNmbZ4iD3ftd5tqySNs55qLTCkrGzMRdzQeX1t1wKTwB9wdqmdHWD97fkEpiEswieT646Pzh2UfPHtKchsTVkQ9
PASS K1-Freighter. Freighter alone:b. Freighter executes with only its own approval | refused: Error Code: InvalidProposalStatus
PASS K1-Phantom. Phantom alone:a. Phantom proposes and approves | ok 2bEaHKEEAjGbBibrQ5gGercZUrwZffmHZ7r4rw8JArkWa5gwNbDZAyowXD7nXecGVFEtAAdQ2fhp6fBvP9kt7gCL
PASS K1-Phantom. Phantom alone:b. Phantom executes with only its own approval | refused: Error Code: InvalidProposalStatus
PASS K2. MetaMask + Freighter:a. MetaMask proposes and approves | ok 3UfCmbxsdohjyzBgmM3vWNV25p7nbHxAVfks5sEQ5WPtggj3dPDLy5Emhca8VwpXyfQJnus2XxpQjUAdJxnuHc5T
METRIC seat-propose-K2-MetaMask {"totalCu":78014,"bytes":579,"fee":10000}
PASS K2. MetaMask + Freighter:b. Freighter approves and executes | ok 4FZXHAfNyhc77rsdqMsXF4t4osdSwYNKfukvajUh1NhZ2EGcNpooLPcjkDqgbkK89wPuttxD7JtqgoTVufXxiAWZ
METRIC seat-exec-K2-Freighter {"totalCu":67701,"bytes":490,"fee":10000}
PASS K3. Freighter + Phantom:a. Freighter proposes and approves | ok 4rF7WavBm3mG8Ln74FzPEuBV78W84hKFNdPMaRdXmQtxriLtEqShqzm3JkakJtCp5cMrmg3B5id4AHuR67uF5ymo
METRIC seat-propose-K3-Freighter {"totalCu":83828,"bytes":579,"fee":10000}
PASS K3. Freighter + Phantom:b. Phantom approves and executes | ok 37izAdrFmAjD4y1Nk9o1nMgpLrTesHLAdE5Ve9imXwjwjPTKfw3M53t3UCbi2xwaworKNxAbL99Zzo2UWdtCMcc3
METRIC seat-exec-K3-Phantom {"totalCu":70829,"bytes":490,"fee":10000}
PASS K4. Phantom + MetaMask:a. Phantom proposes and approves | ok 5xK4DPamRP1HpZCfiVuKDEkp7mkwjrHDVSU5QurYSgcf3ja9foptfTio4H7d4HyE8AGFHBEXbQRwJARNa5nsPMEF
METRIC seat-propose-K4-Phantom {"totalCu":79520,"bytes":579,"fee":10000}
PASS K4. Phantom + MetaMask:b. MetaMask approves and executes | ok 5jHYUaz3ZV4ditcRUULMk1Gx4tQWF9CdSUMAGtoQJxzWJRkKo4fCJqqq44sPGf9cuQSVh3RNLZp4rbkvMPSSWCZ6
METRIC seat-exec-K4-MetaMask {"totalCu":67876,"bytes":490,"fee":10000}
PASS K5. DEST received exactly 0.03 SOL | ok 0.03
PASS K6. MetaMask alone (open proposal):a. MetaMask proposes and approves | ok 2qCdNLHVDX5dMuT3y8W75UAQ9zTWZzs4PkpUbXky6NgJQR7K3Zg3VkT5ehbZSXqjt8tXoLmbCUQgoQS5WmdxyBeJ
PASS K6. MetaMask alone (open proposal):b. MetaMask executes with only its own approval | refused: Error Code: InvalidProposalStatus
PASS K6c. an outsider approves it | refused: Error Code: NotASigner
PASS K6d. Freighter's seat signed by MetaMask's MPC key | refused: Transaction did not pass signature verification
PASS K6e. Freighter's seat signed by its MPC key under another path | refused: Transaction did not pass signature verification
PASS K6f-MetaMask. MetaMask's seat vote signed by its session-path key | refused: Transaction did not pass signature verification
PASS K6g-MetaMask. MetaMask's session-path key approves as itself | refused: Error Code: NotASigner
PASS K6f-Freighter. Freighter's seat vote signed by its session-path key | refused: Transaction did not pass signature verification
PASS K6g-Freighter. Freighter's session-path key approves as itself | refused: Error Code: NotASigner
PASS K7. install the movers policy (members: the three session PDAs):a. MetaMask proposes and approves | ok 4ektM4AxgXsjU3QH79MuQvTLrUhMQ35P5fWcuRasdmthFP57XRyBhzXknyurHsaiTGwMcdEGjENLaLxvqBE7eNL3
PASS K7. install the movers policy (members: the three session PDAs):b. Phantom approves and executes | ok 5pzMHT7NMsG9rwsrQDV7RK5MPcPPmhccVQoY5YsrqHEWSxeB14suSyKTx6U56ejXoXjA9PaYmUoF2Pr4pxkUfZfh
PASS N0. MetaMask alone (open proposal):a. MetaMask proposes and approves | ok 2c8qC86ezj7hzohNPp5hioG1KSZ8EUVAzkUCigdxBdLgUshPTdu7yrmbvP5v4GTTMVfic4YATMdPgJpzy2Ygee9k
PASS N0. MetaMask alone (open proposal):b. MetaMask executes with only its own approval | refused: Error Code: InvalidProposalStatus
PASS N1. Phantom session approves that proposal as its PDA | refused: Error Code: NotASigner
PASS N2. Phantom session key approves it as itself | refused: Error Code: NotASigner
PASS N3. Phantom session proposes a vault transaction as its PDA | refused: Error Code: NotASigner
PASS N4. Phantom session adds its key as a seat (settings sync, as its PDA) | refused: Error Code: InvalidSignerCount
PASS N5. Phantom session calls a program other than the Smart Account (System transfer from its PDA) | refused: Program FTNMFWiECbRp7D5MwJUiNQfee6NuJPjE7S11J9yc2B9G invoke [1] Unknown program SMRTzfY6DfH5ik3TKiyLFfXexV8uSG3d2UksSCYdunG Program FTNMFWiECbRp7D5MwJUiNQfee6Nu
PASS G-MetaMask1. one MetaMask signature (through NEAR) -> session; relayer pays: 0.01 SOL to VENUE | ok 2dPViUzu8NYPnYcRvBAsyovapWPRhHqfRVC4nKMKiVK2EjvbHzGpa1Jm4CWrkm7XZz27vjScuAnePmL4hFQVHgwr
METRIC move-MetaMask-relayed {"totalCu":58269,"primeSessionCu":58269,"bytes":975,"fee":15000}
PASS G-MetaMask2. relayer down: session key pays the fee itself: 0.005 SOL to VENUE | ok 4DSJDAPVahjbM61s7qRSmaTgQdQ4ERDHVh3e4PjC4L12qUhJT482ScnCKzq4YVKtXntSydd8coyLCFgyg4RMLrfF
PASS G-MetaMask3. VENUE received exactly 0.015 SOL | ok 0.015
PASS G-MetaMask4. relayer down and the session key has no SOL | refused: Attempt to debit an account but found no record of a prior credit
PASS G-MetaMask5. same session: 0.01 SOL elsewhere (policy) | refused: Error Code: ProgramInteractionAccountConstraintViolated
PASS G-MetaMask6. same session: 0.06 SOL to VENUE (over the 0.05 per-move limit) | refused: Error Code: ProgramInteractionInvalidNumericValue
PASS G-MetaMask7. stretched valid-until | refused: custom program error: 0x7
PASS G-MetaMask8. someone else replays the grant with their own key | refused: custom program error: 0x7
PASS G-Freighter1. one Freighter signature (through NEAR) -> session; relayer pays: 0.01 SOL to VENUE | ok 4pttb84ybA2ekuQWbESQh2HLt3VuWz6x3mahYPuKzHkszwX6W7wetpKyar4DE4gUFLTTDLvhUE98uu3GUaxabD4h
METRIC move-Freighter-relayed {"totalCu":58238,"primeSessionCu":58238,"bytes":975,"fee":15000}
PASS G-Freighter2. relayer down: session key pays the fee itself: 0.005 SOL to VENUE | ok 3B59PCxTuJBQDB9PWVM1MpSPkxvNgno6SGhgSQgWQcrMgh6Zq2bXBgg9aJfe2kpMD1WL8CBZ7Gp1AzewGqwppei8
PASS G-Freighter3. VENUE received exactly 0.015 SOL | ok 0.015
PASS G-Freighter4. relayer down and the session key has no SOL | refused: Attempt to debit an account but found no record of a prior credit
PASS G-Freighter5. same session: 0.01 SOL elsewhere (policy) | refused: Error Code: ProgramInteractionAccountConstraintViolated
PASS G-Freighter6. same session: 0.06 SOL to VENUE (over the 0.05 per-move limit) | refused: Error Code: ProgramInteractionInvalidNumericValue
PASS G-Freighter7. stretched valid-until | refused: custom program error: 0x7
PASS G-Freighter8. someone else replays the grant with their own key | refused: custom program error: 0x7
PASS G-Phantom1. one Phantom signature -> session; relayer pays: 0.01 SOL to VENUE | ok HprShh4NztNdf5AdR6guXXweKNHyHxYFb3fY3P9215dYnwBgH4QsxR6GZxjZ7qwLJgBmUmhbiM3Nwh9xNe6rMsE
METRIC move-Phantom-relayed {"totalCu":56770,"primeSessionCu":56770,"bytes":975,"fee":15000}
PASS G-Phantom2. relayer down: session key pays the fee itself: 0.005 SOL to VENUE | ok 3w6DPsFkmkgyPsMF4ybZ2AD3DgxuMXA2TxPHEYU9zpviCAGkcbekb8E1v9GtgTNc8f55JeL2ynRip2csrALaV5VQ
PASS G-Phantom3. VENUE received exactly 0.015 SOL | ok 0.015
PASS G-Phantom4. relayer down and the session key has no SOL | refused: Attempt to debit an account but found no record of a prior credit
PASS G-Phantom5. same session: 0.01 SOL elsewhere (policy) | refused: Error Code: ProgramInteractionAccountConstraintViolated
PASS G-Phantom6. same session: 0.06 SOL to VENUE (over the 0.05 per-move limit) | refused: Error Code: ProgramInteractionInvalidNumericValue
PASS G-Phantom7. stretched valid-until | refused: custom program error: 0x7
PASS G-Phantom8. someone else replays the grant with their own key | refused: custom program error: 0x7
PASS G9. grant longer than 7 days | refused: custom program error: 0x4
PASS G10. expired grant | refused: custom program error: 0x4
PASS G11. MetaMask grant with the ed25519 program instruction missing | refused: custom program error: 0x7
PASS G12. ed25519 instruction reading its public key from another instruction | refused: custom program error: 0x0
PASS G13. daily cap shared by all: 0.045 used + 0.05 = 0.095 <= 0.1 | ok 28YxAvnqwUMkZ4xCMtCid9jdnTgs2Jyqp9GkhJZJoUhy7UgYR6q5vmDCJEVDXV2vrnK7WK7yZM2zHQoFpNAz2WSt
PASS G13b. + 0.01 = 0.105 > 0.1 | refused: Error Code: ProgramInteractionInsufficientLamportAllowance
PASS X1. Freighter's PDA with a grant signed by MetaMask (NEAR) | refused: custom program error: 0x7
PASS X2. Phantom's PDA with a grant signed by Freighter (NEAR) | refused: custom program error: 0x7
PASS X3. MetaMask's PDA with a grant signed by Phantom | refused: custom program error: 0x7
PASS X4. Freighter's PDA with its MPC key under another path | refused: custom program error: 0x7
PASS X4b. Freighter's session PDA with a grant signed by its seat key (prime:solana) | refused: custom program error: 0x7
PASS X5. Phantom grant presented for MetaMask's PDA | refused: custom program error: 0x7
PASS X6. grant signed for cluster mainnet, used on localnet | refused: custom program error: 0x7
PASS X7a. a grant naming program A's PDA, presented to program B with A's PDA | refused: custom program error: 0x2
PASS X7b. the same grant presented to program B with B's PDA (text mismatch) | refused: custom program error: 0x7
PASS X7c. a grant naming program B's PDA, presented to program A with B's PDA | refused: custom program error: 0x2
PASS X7d. the same grant presented to program A with A's PDA (text mismatch) | refused: custom program error: 0x7
PASS X8. Phantom's own signed grant naming MetaMask's PDA | refused: custom program error: 0x2
PASS X9a. valid Phantom grant, data names another settings address | refused: custom program error: 0x2
PASS X10. the session key does not sign (relayer only) | refused: Program FTNMFWiECbRp7D5MwJUiNQfee6NuJPjE7S11J9yc2B9G invoke [1] Program FTNMFWiECbRp7D5MwJUiNQfee6NuJPjE7S11J9yc2B9G consumed 165 of 203000 compute units Progra
PASS X11a. account 3 set to the System program instead of the Smart Account program: the move still runs | ok 2xVDphdKzdyg6bjkk8DVZRALTVsyd4tVk1wDhocnunerE6bzaT8r1aTreXBkbwW2iEXhbabKNG1d1DVTf7SknYkW
PASS X11b. ...and prime-session called only the Smart Account program | ok 2xVDphdKzdyg… Program SMRTzfY6DfH5ik3TKiyLFfXexV8uSG3d2UksSCYdunG invoke [2]
PASS A0. account B created with the same three seats | ok 5uhxt6roK1KV5pazw3uGLWyXsunFawYgHPCKRRs9SNLoqr5RxGWJVACEAtY2jVk4V5ApnZbE6qdvXehTbH5GQNce
PASS A1. account B installs its movers policy (members: each wallet's PDA for account B):a. MetaMask proposes and approves | ok 22vpfmm1KEpK4CwFVZfZRzVyY5TQf9CNPWrRbZ64LhueL5DT7eKY4rzgSCDWsQuDjP6bF8TBx7sDdh2oGWBLQT89
PASS A1. account B installs its movers policy (members: each wallet's PDA for account B):b. Phantom approves and executes | ok 51GQ5cBNBTcG9DbHnHrxRExyMvTMFUXPqsza2cx7Y93ECXLbYj2A7D3iiDTpVMp31b7wruqo98N7xLcwzexvUqxh
PASS A2. each wallet's PDA differs between account A and account B | ok 7qriG5,J5qGs8,CxMTvv
PASS A3. account A's Phantom grant presented to account B (as Phantom's account-B PDA) | refused: custom program error: 0x7
PASS A4. account A's Phantom PDA calling account B's policy | refused: Error Code: NotASigner
PASS A5. a Phantom grant made for account B works in account B | ok 3tiRNXYq44w9dWpzAgxt3jYJqpKVoGGHj3LejdqKzd6NASTmiuZH6d3prw3sNThj3ga8imsZDi2Gw5FaoEU2hV8L
PASS A5-M0. Phantom session: one move through the Smart Account (compute units recorded) | ok 2B6qDyD6jFmzvZPWWbpLbou7ygafVH2KuUN75eUSVJTUHB4aGn7eEshufWFoLpSTtfZBu8q5s252EYmgjxDmG32v
METRIC move-sample-0 {"totalCu":49238,"primeSessionCu":49238,"bytes":975,"fee":15000}
PASS A5-M1. Phantom session: one move through the Smart Account (compute units recorded) | ok 517Dkbn1bpHBVtnW1cLeDz8r2zmixVGkWjKYARrPitvgcfhxBrRJ7P3DauJ9RELFeQwuaVuyaQkd4rfGrLxYQuCF
METRIC move-sample-1 {"totalCu":50738,"primeSessionCu":50738,"bytes":975,"fee":15000}
PASS A5-M2. Phantom session: one move through the Smart Account (compute units recorded) | ok dFoRW7YMWNXECApMMSSyk5dSseYmjHg96xULaRaEMV7oRKgQyZANRuD9D3eYWknNEBfuAyspBUHc7vvf9pzZmqA
METRIC move-sample-2 {"totalCu":49238,"primeSessionCu":49238,"bytes":975,"fee":15000}
PASS A5-M3. Phantom session: one move through the Smart Account (compute units recorded) | ok SMk3oR6zMfSDC7EJnL6Jqf9QiJhQsEJxwbRn5W1y7Y4DJGpYDGJqo2v8AFaiQyiKnapGvyWjspKRHWaUJ29ST3W
METRIC move-sample-3 {"totalCu":49238,"primeSessionCu":49238,"bytes":975,"fee":15000}
PASS A5-M4. Phantom session: one move through the Smart Account (compute units recorded) | ok KRJrTEH87NsztHynnHYuSRPiuuSTJWRQEr7NeRYfEQn8r5CePyn3Uh3GhgYxKnDHxSRYsrhujU6XwBc5tVuvFUq
METRIC move-sample-4 {"totalCu":50742,"primeSessionCu":50742,"bytes":975,"fee":15000}
PASS A5-M5. Phantom session: one move through the Smart Account (compute units recorded) | ok FPQGj4huq8Vt3oeuYP1ifbmBP7FMbdZcK6nKMHAHfCAjwEGnC9nqcbdZWYjU9F6rqg4K5AL4BVmktYMEzvDWKds
METRIC move-sample-5 {"totalCu":49238,"primeSessionCu":49238,"bytes":975,"fee":15000}
PASS A5-M6. Phantom session: one move through the Smart Account (compute units recorded) | ok 2fNkjGYkLpWpiWL2PronAXTM13LvAVMx2dWd4xn2xHcxPRWXaiGGJHePuw6b4GYRoLTHLTzdaoAJScEsoELFNiqQ
METRIC move-sample-6 {"totalCu":50738,"primeSessionCu":50738,"bytes":975,"fee":15000}
PASS A5-M7. Phantom session: one move through the Smart Account (compute units recorded) | ok 2VjgYi9eGH2J5EDPG5oADTdAJpU6aJtguafQp25ZpQHYNvsLddP5NjXfxq2TrAQ2zhV7oHNkdh79smCtEfBx3Mvr
METRIC move-sample-7 {"totalCu":49238,"primeSessionCu":49238,"bytes":975,"fee":15000}
PASS A5-M8. Phantom session: one move through the Smart Account (compute units recorded) | ok 4n5ViApXHHxvB5C5FmzfonvQfQPfPrWSTn5UTMSKdqdrVBsUcDsjWxmkXnss2P5bVEbubHt6w4HXodkTfFm6PyBi
METRIC move-sample-8 {"totalCu":50738,"primeSessionCu":50738,"bytes":975,"fee":15000}
PASS A5-M9. Phantom session: one move through the Smart Account (compute units recorded) | ok 4srPEGF3SETpEKdrQT8TDfqDdSEVF6KfQNgcCm6b3w29AxUjLXGRyVEMe5sVmTQ4WPx1uhDGJg5Y5mHYRnLkEjZ6
METRIC move-sample-9 {"totalCu":53738,"primeSessionCu":53738,"bytes":975,"fee":15000}
PASS A6. account B's grant presented to account A | refused: custom program error: 0x7
PASS V0a. Phantom session 1 works | ok 2w23jr6GybAmrG3eT7tCky5bgZwCkhCtppwXGdipyEazw9PTa9JzsttCDY8o9ZWgz1uWHb1sMictCW5jASYRv81Y
PASS V0b. Phantom session 2 works | ok 4yUsWommPfkBqkdeMHpe1eJLHRutcNSVTh8pNZdsBFAjJK2vwR44j5FQZvb6pvFtUenF3jvrtY9ysEU89gvVUFUX
PASS V0c. no marker exists for session 1 yet | ok F6jt2foPjcvzZrwPhUtw8DSfSbbmaik8oDPeeJAEjZLG
PASS V1. Phantom revokes session 1 (one signature, relayed, session key does not sign) | ok 2DrYpkU8TouWJNnKZyVgfL29niZaD9tNwuigFetpMTtHcxXD7KATafWdxLXH9fb5bedmLPHV7qswJtMPgRzJMAsa
METRIC revoke {"totalCu":20073,"primeSessionCu":20073,"bytes":726,"fee":10000}
PASS V1b. the marker is empty, owned by prime-session and rent exempt | ok {"lamports":890880,"dataBytes":0,"owner":"FTNMFWiECbRp7D5MwJUiNQfee6NuJPjE7S11J9yc2B9G"}
PASS V2. the revoked session 1 is refused | refused: custom program error: 0x2
PASS V3. the same wallet's session 2 keeps working | ok ze5ofSxBCvDQdN5QF8jDnGea9nzQhkSknTnCQiYCpRyZts1DhADNLfQNDxTyW4eD38vtq31ekaWpZSYTUXFsF9J
PASS V3b. revoking session 1 again is refused | refused: custom program error: 0x2
PASS V4a. MetaMask's session-owner key signs a revoke of Phantom's session 2 (data names Phantom as owner) | refused: custom program error: 0x7
PASS V4b. MetaMask signs a revoke naming Phantom's PDA under its own owner field | refused: custom program error: 0x2
PASS V4c. Phantom session 2 still works | ok ML8PZw4MnPCzdKSE7C9J7dfGdbZ75cPE2Sa7sQYWL5UUnGffDeBwafq5fSu8hjChPhgmcHo4CPvQPecWCLUonS8
PASS V4d. MetaMask revokes the same key under its own PDA (a marker in MetaMask's namespace) | ok 43YDmUxdDQET2bffs44g4AWyD2EZeWV8zyAPmfAYri7QTPk2HY3Y63P2nmuurY5ZUuaqgPBZGCo3bbTy62tXCo6x
PASS V4e. ...and Phantom's session 2 still works (the marker is per owner) | ok 3M3dH4QAdYMo8pNAwuwpmtYmP4rK2a7mCy8Q4vRMDxGnE47snaaZacmzFNfPAF5dkYp5ivN92ZGF9qUfjxe5Udxo
PASS V5a. Phantom revokes a key it never granted | ok 2QfDRoXoV1dRAP29AipotCH39mRnXvewR8tDQ57Ai2bgDbZdZcvzeNqpyJd5sRKTyukBQL1tz7zBRNpetSto6Xej
PASS V5b. a grant signed for that key afterwards is refused | refused: custom program error: 0x2
PASS V6a. a revoke signed for account A's PDA, sent with account B's settings and B's marker | refused: custom program error: 0x2
PASS V6b. no marker was created in account B | ok 
PASS V6c. session 3 still works in account A | ok 3TPstA4didTKAcpgESqFkSivkMmSWaaaTrKs65A6fjYbVvNSrQbNu49RLNwzuP734YopauwNDew7sDDznFRh8cLx
PASS V7a. a pre-fund below the rent minimum is refused by the runtime | refused: {"InsufficientFundsForRent":{"account_index":1}}
PASS V7b. a stranger pre-funds the marker address with 0.001 SOL | ok 3KL7WdPcYjnW2YyiA4mJ3K8HUGTqWZwLQ9nLBP25sTCVF74PAdLrT965LpaN5xtgE5MeUQAv8XczFeDmkMj1rjjp
PASS V7c. the revoke still works | ok 5RVKaA3uvVayyFdhiCcoc6MhCyaXRTf67AfjVu7fcVfFHYSWhGt3CENke8GJYF4xCR45LPD7fqeEtkyB9KmDQpmS
PASS V7d. the revoked session 4 is refused | refused: custom program error: 0x2
PASS V8a. a move that passes another marker address | refused: custom program error: 0x2
PASS V8b. a move with non-canonical bump 254 (canonical 255) and the canonical PDA account | refused: custom program error: 0x2
PASS V8c. the same session with the canonical bump works | ok 3aqPuEqbURmDWPURkdDCDzTo4kwn7B8RYatY87DF5dx8369ya526MaaXw64gpjR8cCd26HUwW2wvxKG2t6KZS5oi
PASS V9. a 72-byte instruction (the old length check) | refused: Program FTNMFWiECbRp7D5MwJUiNQfee6NuJPjE7S11J9yc2B9G invoke [1] Program FTNMFWiECbRp7D5MwJUiNQfee6NuJPjE7S11J9yc2B9G consumed 88 of 203000 compute units Program
PASS V9b. a 10-byte instruction | refused: Program FTNMFWiECbRp7D5MwJUiNQfee6NuJPjE7S11J9yc2B9G invoke [1] Program FTNMFWiECbRp7D5MwJUiNQfee6NuJPjE7S11J9yc2B9G consumed 88 of 203000 compute units Program
PASS R0. Freighter session works before | ok 2L8AMcaRtczWj5aXiVgwbcfHASKZWDD2v7jkCpNwiyqCtT7obdT8yvdxZJGb8dRtbH8E7sXsGBWMWo18H6HKMz3H
PASS R1. MetaMask + Phantom update the policy: members MetaMask and Phantom PDAs only:a. MetaMask proposes and approves | ok 5iwLqh6CG1VzbAQWnYuYnp5mcYnfzhVDpRPgRCxHWR2xcbcSaaGuypLnCQKiscC6Se9qFwKZZFxJ3beumCsdEfQs
PASS R1. MetaMask + Phantom update the policy: members MetaMask and Phantom PDAs only:b. Phantom approves and executes | ok 3CBKsHLEgAo6fmtFhFGXoXh8zzZCfiuBQHP7B1x3Moxu5CxXKYsy1VToF1oS4guAKLfDU8MfiZvP6oR6vokpxWM3
PASS R2. the live Freighter session after removal | refused: Error Code: NotASigner
PASS R3. MetaMask session still works | ok 3WimrUzBi8Aj9R5QfcCv1NoaK1J6DzTKV295D6Fsef4CwoYLCqD3YL3Ld5BjaQgt6A58HMjEjRJAnbc1GryVytMU
METRIC relayerSpend {"net":"localnet","spentLamports":4092309680,"vaultFundingLamports":4000000000,"sessionKeysFunded":41,"sessionKeyFundingDevnetLamports":82000000,"devnetEstimateLamports":454309680}
NEAR MPC signatures: 35, average 0.0s
128/128 passed
