{
  MetaMask: "4TXiTPLxe5PrpwiY15tj9nP3wF5F8JPKUsYQyfHCCcod",
  Freighter: "9BcBicoPrGtPJnVynJoj2g1p6zrvaFBkJccorLwGTMZo",
  Phantom: "G5H71U2pASYLeei9MYvWVmCZzjHp2VscWTjpdLYa6LT4",
  sessionMetaMask: "3YomJ7dnhtqFnnPAzRUGmhC8EevR2R4F6Sdx7YN6Pppc",
  sessionFreighter: "Cn2bjH8kGkjioVoB9MY86TDsJ6kKjvaiu9ZCmMsJVW74",
  program: "FTNMFWiECbRp7D5MwJUiNQfee6NuJPjE7S11J9yc2B9G",
  programB: "J38gUL2YFo91GDBnDXwVDaGpk6XWSJUhs7RuditRdiVo",
  net: "localnet",
}
PASS P0. seats are exactly MetaMask(NEAR MPC), Freighter(NEAR MPC), Phantom(own key); threshold 2; vault funded | ok 3F4wA4yMHgxPhFVL1vjq6SUFsdKEtZX4A1434Ud7C6yAgLbk93pFWaN21FKcax52MkZGQLsMeA5AZrJMpwshMHgS
PASS K1-MetaMask. MetaMask alone:a. MetaMask proposes and approves | ok 5q4XnFedBRNP42QVrn87mup9ASqrrJzWSN5A9tdaijdrEvfn7mZzwgj735XUzm6hZUSyyd9WdAyBHwkU1e8hfmSV
PASS K1-MetaMask. MetaMask alone:b. MetaMask executes with only its own approval | refused: Error Code: InvalidProposalStatus
PASS K1-Freighter. Freighter alone:a. Freighter proposes and approves | ok 3um1hRCauQaKn1HjKMnLbQrCKkiuvF4j3okyAHi3rLD33uPcjFAvLSFun5mLowRmrRVYWr55jcWpVeaPsUkgar9U
PASS K1-Freighter. Freighter alone:b. Freighter executes with only its own approval | refused: Error Code: InvalidProposalStatus
PASS K1-Phantom. Phantom alone:a. Phantom proposes and approves | ok 519yfmDRL6ssSqHv8eLxWEwAu63NHLbv8LRLWBoM6xYK1xEqDY146cf2ZC9cQrfW2v528oPmHEz3hbxY9MFjw7Qb
PASS K1-Phantom. Phantom alone:b. Phantom executes with only its own approval | refused: Error Code: InvalidProposalStatus
PASS K2. MetaMask + Freighter:a. MetaMask proposes and approves | ok 5brPXK8S8ihshMtyaJMNpJdhdisQHhA232QnDWLKHwNKEGahTtMj725MN8Z9w8LT7KXKdxokNtMsdVShCSf5f7a9
METRIC seat-propose-K2-MetaMask {"totalCu":78014,"bytes":579,"fee":10000}
PASS K2. MetaMask + Freighter:b. Freighter approves and executes | ok 5mrq2RaYf9NLdQCXUAZUBHzm31rXDQDG8Ck44ptsmVXTFc39NWDAjKys5QEehX9xAGcw66A8VPbDsTJgZUZGh9kx
METRIC seat-exec-K2-Freighter {"totalCu":67701,"bytes":490,"fee":10000}
PASS K3. Freighter + Phantom:a. Freighter proposes and approves | ok 3z7yVtnbM7gVTrzUq8caAfozVGtYnGbUwntidBy9mEauwbw1YtPXW67DG1QA4Ss4AxUJUmLAYbuc1NRae2GfmZzy
METRIC seat-propose-K3-Freighter {"totalCu":83828,"bytes":579,"fee":10000}
PASS K3. Freighter + Phantom:b. Phantom approves and executes | ok 4qNUev4vyFAZjEqe9Jj1XFxCKs1g3Pqcx5MniyCPWgcZb82eiTjTKk594WH5f8qYCGn4eCSKa5HmKUuVDptURnCd
METRIC seat-exec-K3-Phantom {"totalCu":70829,"bytes":490,"fee":10000}
PASS K4. Phantom + MetaMask:a. Phantom proposes and approves | ok 4DLzXZ9bf2SoFVBt4CLygvEadhND8Spw3Z9JVyAjTCFb1bgS1BzH8tDFP8bcmmdYGn4QLH4LE6XwPY1QGVPt6x5i
METRIC seat-propose-K4-Phantom {"totalCu":79520,"bytes":579,"fee":10000}
PASS K4. Phantom + MetaMask:b. MetaMask approves and executes | ok 2pLcJizy2S2CNpbBKNbeRv6nQ8K5J5BSRmmiosgU4kCEr9zysU13UermmbB4m1vpDVivP4RmSKXqG3gRYR8aoPX4
METRIC seat-exec-K4-MetaMask {"totalCu":67876,"bytes":490,"fee":10000}
PASS K5. DEST received exactly 0.03 SOL | ok 0.03
PASS K6. MetaMask alone (open proposal):a. MetaMask proposes and approves | ok 63S7C2R7qh7nzZQC3wYdryXa9vgHAarCWt3UpeqxVX7P8zGd4LHmzuXMd8Qj66rCC9yXEwCWRe3fjPZHoAU8Rjfw
PASS K6. MetaMask alone (open proposal):b. MetaMask executes with only its own approval | refused: Error Code: InvalidProposalStatus
PASS K6c. an outsider approves it | refused: Error Code: NotASigner
PASS K6d. Freighter's seat signed by MetaMask's MPC key | refused: Transaction did not pass signature verification
PASS K6e. Freighter's seat signed by its MPC key under another path | refused: Transaction did not pass signature verification
PASS K6f-MetaMask. MetaMask's seat vote signed by its session-path key | refused: Transaction did not pass signature verification
PASS K6g-MetaMask. MetaMask's session-path key approves as itself | refused: Error Code: NotASigner
PASS K6f-Freighter. Freighter's seat vote signed by its session-path key | refused: Transaction did not pass signature verification
PASS K6g-Freighter. Freighter's session-path key approves as itself | refused: Error Code: NotASigner
PASS K7. install the movers policy (members: the three session PDAs):a. MetaMask proposes and approves | ok BATbsxUy8zVmwCwzJT4cQNpfyLYqUJ4nRaenDszwopz6KfqfuGR7mX9sBtqqPaEFj55tB48164uYQjgcE7vADEo
PASS K7. install the movers policy (members: the three session PDAs):b. Phantom approves and executes | ok 2xmfpcnHQjDF6GnSknSzn1nMDmzroLGXidXB57QknUxZrSE35a33CbRyvxLX1NxDVMZp5L7j5Ef8Wk68s1uyuDrX
PASS N0. MetaMask alone (open proposal):a. MetaMask proposes and approves | ok Q6hgveTN2pXvcA4MWB2QwMJFwAuJ3LDTZUBEpQ7uJSwZum4yW2DgVJq5h4ggJeDBDpp3R99BTBMHR82sraJ68s7
PASS N0. MetaMask alone (open proposal):b. MetaMask executes with only its own approval | refused: Error Code: InvalidProposalStatus
PASS N1. Phantom session approves that proposal as its PDA | refused: Error Code: NotASigner
PASS N2. Phantom session key approves it as itself | refused: Error Code: NotASigner
PASS N3. Phantom session proposes a vault transaction as its PDA | refused: Error Code: NotASigner
PASS N4. Phantom session adds its key as a seat (settings sync, as its PDA) | refused: Error Code: InvalidSignerCount
PASS N5. Phantom session calls a program other than the Smart Account (System transfer from its PDA) | refused: Program FTNMFWiECbRp7D5MwJUiNQfee6NuJPjE7S11J9yc2B9G invoke [1] Unknown program SMRTzfY6DfH5ik3TKiyLFfXexV8uSG3d2UksSCYdunG Program FTNMFWiECbRp7D5MwJUiNQfee6Nu
PASS G-MetaMask1. one MetaMask signature (through NEAR) -> session; relayer pays: 0.01 SOL to VENUE | ok 4F5qghRFNYc91QsBatBtPuLAYEWJY9zHaYuboPxHaYfZ4ua1rRh5ubH9JnEE7Lva29Z2ikStAteWgmrBnwuF1dMJ
METRIC move-MetaMask-relayed {"totalCu":52269,"primeSessionCu":52269,"bytes":975,"fee":15000}
PASS G-MetaMask2. relayer down: session key pays the fee itself: 0.005 SOL to VENUE | ok 4hx7sFRVUdnnH6qsxFvnDF4EuXg9KH4cLwxQApAov7uMAU9iM7hAMtmB3YeMDBNCWEJpRtKTD2opaCjRyQxRVooi
PASS G-MetaMask3. VENUE received exactly 0.015 SOL | ok 0.015
PASS G-MetaMask4. relayer down and the session key has no SOL | refused: Attempt to debit an account but found no record of a prior credit
PASS G-MetaMask5. same session: 0.01 SOL elsewhere (policy) | refused: Error Code: ProgramInteractionAccountConstraintViolated
PASS G-MetaMask6. same session: 0.06 SOL to VENUE (over the 0.05 per-move limit) | refused: Error Code: ProgramInteractionInvalidNumericValue
PASS G-MetaMask7. stretched valid-until | refused: custom program error: 0x7
PASS G-MetaMask8. someone else replays the grant with their own key | refused: custom program error: 0x7
PASS G-Freighter1. one Freighter signature (through NEAR) -> session; relayer pays: 0.01 SOL to VENUE | ok 3wQcYEf3jyHG3fit939dcLEaqtMYg1xDvXAWSdakFzHdKpzLZwq3h7V8HGaw7tFDyEtN4cgA7xhNjweDxtfrkVKx
METRIC move-Freighter-relayed {"totalCu":53738,"primeSessionCu":53738,"bytes":975,"fee":15000}
PASS G-Freighter2. relayer down: session key pays the fee itself: 0.005 SOL to VENUE | ok 5zwQk6uLgteEJaryHQwn2PYMKbpY96s6X1Wa8J7H9oLKV6ovu78d65fNNYpaM9rcoqxXWe8bdBNSCKNJZhFceiaS
PASS G-Freighter3. VENUE received exactly 0.015 SOL | ok 0.015
PASS G-Freighter4. relayer down and the session key has no SOL | refused: Attempt to debit an account but found no record of a prior credit
PASS G-Freighter5. same session: 0.01 SOL elsewhere (policy) | refused: Error Code: ProgramInteractionAccountConstraintViolated
PASS G-Freighter6. same session: 0.06 SOL to VENUE (over the 0.05 per-move limit) | refused: Error Code: ProgramInteractionInvalidNumericValue
PASS G-Freighter7. stretched valid-until | refused: custom program error: 0x7
PASS G-Freighter8. someone else replays the grant with their own key | refused: custom program error: 0x7
PASS G-Phantom1. one Phantom signature -> session; relayer pays: 0.01 SOL to VENUE | ok 5q9GJPUnp51rnCRaEGvTKpa4CkFd7LsPYkh9x7oEWkRpFzg8WPVASujyMm3LKDs7he3pgSwb6bSNS2kKjQg9Jjbc
METRIC move-Phantom-relayed {"totalCu":56770,"primeSessionCu":56770,"bytes":975,"fee":15000}
PASS G-Phantom2. relayer down: session key pays the fee itself: 0.005 SOL to VENUE | ok 2JyCTi8r6SXby1BcFFodBhBLBTvNqkhBFm6ZgsCUGVV8eQNFXW5LZcHoYyLA5kUQxQuP32FmRKCxNQ5ayzNtLfrN
PASS G-Phantom3. VENUE received exactly 0.015 SOL | ok 0.015
PASS G-Phantom4. relayer down and the session key has no SOL | refused: Attempt to debit an account but found no record of a prior credit
PASS G-Phantom5. same session: 0.01 SOL elsewhere (policy) | refused: Error Code: ProgramInteractionAccountConstraintViolated
PASS G-Phantom6. same session: 0.06 SOL to VENUE (over the 0.05 per-move limit) | refused: Error Code: ProgramInteractionInvalidNumericValue
PASS G-Phantom7. stretched valid-until | refused: custom program error: 0x7
PASS G-Phantom8. someone else replays the grant with their own key | refused: custom program error: 0x7
PASS G9. grant longer than 7 days | refused: custom program error: 0x4
PASS G10. expired grant | refused: custom program error: 0x4
PASS G11. MetaMask grant with the ed25519 program instruction missing | refused: custom program error: 0x7
PASS G12. ed25519 instruction reading its public key from another instruction | refused: custom program error: 0x0
PASS G13. daily cap shared by all: 0.045 used + 0.05 = 0.095 <= 0.1 | ok 5AXvzBnU1TMqysPtLUNLPT399sDHFuFkME7wnA8iDgMLdpCnXCftTbT2XM8ueDNfQA5ibBs4VHP6xHsdzTtqS3TJ
PASS G13b. + 0.01 = 0.105 > 0.1 | refused: Error Code: ProgramInteractionInsufficientLamportAllowance
PASS X1. Freighter's PDA with a grant signed by MetaMask (NEAR) | refused: custom program error: 0x7
PASS X2. Phantom's PDA with a grant signed by Freighter (NEAR) | refused: custom program error: 0x7
PASS X3. MetaMask's PDA with a grant signed by Phantom | refused: custom program error: 0x7
PASS X4. Freighter's PDA with its MPC key under another path | refused: custom program error: 0x7
PASS X4b. Freighter's session PDA with a grant signed by its seat key (prime:solana) | refused: custom program error: 0x7
PASS X5. Phantom grant presented for MetaMask's PDA | refused: custom program error: 0x7
PASS X6. grant signed for cluster mainnet, used on localnet | refused: custom program error: 0x7
PASS X7a. a grant naming program A's PDA, presented to program B with A's PDA | refused: custom program error: 0x2
PASS X7b. the same grant presented to program B with B's PDA (text mismatch) | refused: custom program error: 0x7
PASS X7c. a grant naming program B's PDA, presented to program A with B's PDA | refused: custom program error: 0x2
PASS X7d. the same grant presented to program A with A's PDA (text mismatch) | refused: custom program error: 0x7
PASS X8. Phantom's own signed grant naming MetaMask's PDA | refused: custom program error: 0x2
PASS X9a. valid Phantom grant, data names another settings address | refused: custom program error: 0x2
PASS X10. the session key does not sign (relayer only) | refused: Program FTNMFWiECbRp7D5MwJUiNQfee6NuJPjE7S11J9yc2B9G invoke [1] Program FTNMFWiECbRp7D5MwJUiNQfee6NuJPjE7S11J9yc2B9G consumed 165 of 203000 compute units Progra
PASS X11a. account 3 set to the System program instead of the Smart Account program: the move still runs | ok 62VCnvD33CnB7UAveGNht2GyJLmynPhwp5pmdKuVTFVAjYh5tGFFhhjWQU7J1vHrEmpaXikzVpEKw3zrCpZqizsC
PASS X11b. ...and prime-session called only the Smart Account program | ok 62VCnvD33CnB… Program SMRTzfY6DfH5ik3TKiyLFfXexV8uSG3d2UksSCYdunG invoke [2]
PASS A0. account B created with the same three seats | ok 3g7wEJ6gBHzCj2U39VkbnPUscdJrmrv4B2P2bYynNKgujXajMknX4ouN2yVECVJL1bJ4Sod3su4LqeXDQz4RfebA
PASS A1. account B installs its movers policy (members: each wallet's PDA for account B):a. MetaMask proposes and approves | ok 3msDrd591jHWJKgnyZxsqJPABpNuLoRY8rZEvkZjCjKsr3j8GrSJdFJHMLUgtrCzG36phSunG6r9GBRGXfaCzoHz
PASS A1. account B installs its movers policy (members: each wallet's PDA for account B):b. Phantom approves and executes | ok 5tyPm13ghpbgMLTNTVnQ3NNAjCuyduYpgo3rSDCLzoro5kTQGE6zA9TcmseP4sDrXt2WBXdKmV2dXE72YY9U78vh
PASS A2. each wallet's PDA differs between account A and account B | ok 7qriG5,J5qGs8,CxMTvv
PASS A3. account A's Phantom grant presented to account B (as Phantom's account-B PDA) | refused: custom program error: 0x7
PASS A4. account A's Phantom PDA calling account B's policy | refused: Error Code: NotASigner
PASS A5. a Phantom grant made for account B works in account B | ok 5V2dVD5jkgReqc1syn1dFbn9Vp8hGyAANdRM2c3wR3ZVGtZ6M5fkusPrn7oy9do2BTw7o8kLLz79ZJq7qgaJKeoe
PASS A5-M0. Phantom session: one move through the Smart Account (compute units recorded) | ok 42tbeEJyTn2xLaxNfskonNdRJHZrHyxjGUuhcK1VbKuRWoo5LhHrdaUCtT7fG74JEFxtFesUWDvmUCCShS3198nZ
METRIC move-sample-0 {"totalCu":50738,"primeSessionCu":50738,"bytes":975,"fee":15000}
PASS A5-M1. Phantom session: one move through the Smart Account (compute units recorded) | ok 4bjagTDJ7aMaGPPMUs3NM2TatfiCbXjSNvuHdUmmikwGYYkwDboELcs5Gj5PkfDU1e7iCFpSLYiDyTyKEGrEgMny
METRIC move-sample-1 {"totalCu":50738,"primeSessionCu":50738,"bytes":975,"fee":15000}
PASS A5-M2. Phantom session: one move through the Smart Account (compute units recorded) | ok 3FyTbMT4cLTBgZn2k5zy2R9oQ3pgCf2GSAqCA7ixa3b9fMUKrsgZi5ecdxMieLiv9rqNo6Dp5FgVZfeVesxkNrpd
METRIC move-sample-2 {"totalCu":49238,"primeSessionCu":49238,"bytes":975,"fee":15000}
PASS A5-M3. Phantom session: one move through the Smart Account (compute units recorded) | ok 4z2tuLqbbU1EpHmciVMFi7nTjygeo7EZJ5YJJRP6WRcTAmb3RbZBRse6u63VpBUm3AeaNKS26civQRU9f2sjv46E
METRIC move-sample-3 {"totalCu":49238,"primeSessionCu":49238,"bytes":975,"fee":15000}
PASS A5-M4. Phantom session: one move through the Smart Account (compute units recorded) | ok 44TR3fm73cM3kL1SZPAzbTxU5kpJKgJsfLXP3QZy27HmCbXbBj54swjc2oYe9d6PSMnEnvfHVMiQXRrEQ1LRuWgd
METRIC move-sample-4 {"totalCu":52238,"primeSessionCu":52238,"bytes":975,"fee":15000}
PASS A5-M5. Phantom session: one move through the Smart Account (compute units recorded) | ok 2rJU7XTmtEE5recRsejEM57KHG3kXXahpt12pYxRGUrgKjrmXvZRbWyP4E952NPPbGVpgDvTFAWPGe1unsGdYXLG
METRIC move-sample-5 {"totalCu":50738,"primeSessionCu":50738,"bytes":975,"fee":15000}
PASS A5-M6. Phantom session: one move through the Smart Account (compute units recorded) | ok 5NQ9gaVEhFSuVugsx58FwVQLSBmgpHdHoUL93GrUoxHJ846s2jHMw2H7PNbn1ivPKULdwVmBFbwtof3Ufcmi3naY
METRIC move-sample-6 {"totalCu":52238,"primeSessionCu":52238,"bytes":975,"fee":15000}
PASS A5-M7. Phantom session: one move through the Smart Account (compute units recorded) | ok 2d8ZDgFdbN85eix9VxNFnFp8jgxCFRvngyASCWtSq72R1hFXNig2BHPRLRwp54694q67KKnKf2YpDmBw2oDkuC1i
METRIC move-sample-7 {"totalCu":50738,"primeSessionCu":50738,"bytes":975,"fee":15000}
PASS A5-M8. Phantom session: one move through the Smart Account (compute units recorded) | ok 2r68k7gtzLze2J7GTQRM3bV7zufKNvhHNVJpf6VpTxLXL1edQTf698nMxcGRvZNt2qVRVYY4ZtETgCLW4YgPjLDH
METRIC move-sample-8 {"totalCu":50738,"primeSessionCu":50738,"bytes":975,"fee":15000}
PASS A5-M9. Phantom session: one move through the Smart Account (compute units recorded) | ok 3ZHyiTi1juq4KHSJmBfC8Aa9hcNP3NK6ZotrUA8bZqL9oHjC7uYWvREUw6cnjzZuw4MH9PCiArSaJbTsWhkVPYvX
METRIC move-sample-9 {"totalCu":50738,"primeSessionCu":50738,"bytes":975,"fee":15000}
PASS A6. account B's grant presented to account A | refused: custom program error: 0x7
PASS V0a. Phantom session 1 works | ok dXHdJvicn3xY2HV1BVUbzZtsGesqzi8ZXBS6e8nvb3tmVvRRupKGhiVKn6zvAAZ9VV3QsfcXigCL549W94ojVKw
PASS V0b. Phantom session 2 works | ok 44HyeQHbQ6q21Z9gybKYpViZu7qFUF5k1vpavKev1Une8GhpkEpn8bmpGXAFqtsXCZ6RyL5rqXMXAtA9gF197pJW
PASS V0c. no marker exists for session 1 yet | ok AXYAztESkGGG8ck5bP48eebyCCcHvsYiCXzAqquBPrBk
PASS V1. Phantom revokes session 1 (one signature, relayed, session key does not sign) | ok 4uGVyvMhJdLCmfDEE8xApJKXnZN2QuGMCqj5Ve7W8H8VJiTKZDAbpyLd9whx73bbEXohsqV98U7wk4HqpQYcxQBc
METRIC revoke {"totalCu":20073,"primeSessionCu":20073,"bytes":726,"fee":10000}
PASS V1b. the marker is empty, owned by prime-session and rent exempt | ok {"lamports":890880,"dataBytes":0,"owner":"FTNMFWiECbRp7D5MwJUiNQfee6NuJPjE7S11J9yc2B9G"}
PASS V2. the revoked session 1 is refused | refused: custom program error: 0x2
PASS V3. the same wallet's session 2 keeps working | ok 5EXR7hRGDq8JVEapdxFrGTdsK48uvzWqAkyEcqGnGDyKkL3831FzNNfdVMEaFoBjqqFcfddBnCFVEwyH2mmwehZ3
PASS V3b. revoking session 1 again is refused | refused: custom program error: 0x2
PASS V4a. MetaMask's session-owner key signs a revoke of Phantom's session 2 (data names Phantom as owner) | refused: custom program error: 0x7
PASS V4b. MetaMask signs a revoke naming Phantom's PDA under its own owner field | refused: custom program error: 0x2
PASS V4c. Phantom session 2 still works | ok 2dTHRvM9b7njXvNj7gixRLQJy44HrGRsSiVcPkhsqX3TYS7dToRhD29H3NZXQNSqQEUWu2YXtLMzbbRu4g33Yt7A
PASS V4d. MetaMask revokes the same key under its own PDA (a marker in MetaMask's namespace) | ok 5K2HD7ApUngGrtZF5hhrvg2yPCns2pzMRS5TT6BR1FMHtFJKe6Es4Ao94VHZAY1wHcVfLmwDGxGUDjzEzPi6v37r
PASS V4e. ...and Phantom's session 2 still works (the marker is per owner) | ok 3NzYJNSqDfJPfPEtu5TY6G3xKC9WKHirkC29sbKi2KWMa7ReM8XqEimvJ655qr8eqtH5AsbHyZiCeZxFau7SZzvu
PASS V5a. Phantom revokes a key it never granted | ok 4T3DBojPjMZX8kSZAYfAofKdkc6R98C89u4KbMGbAgSiCw6kr3F8EFYnA5cMQbpjtfzqvuHduarrJC9b2z5Gz71U
PASS V5b. a grant signed for that key afterwards is refused | refused: custom program error: 0x2
PASS V6a. a revoke signed for account A's PDA, sent with account B's settings and B's marker | refused: custom program error: 0x2
PASS V6b. no marker was created in account B | ok 
PASS V6c. session 3 still works in account A | ok 58WPDJwbRdkKmFhSrvgw6b876fBSZG8qHho9sgE6QGkkHFm3RYzo45vPTd9pybNzL8vDMMTZ8vgX8u384Dc5EATv
PASS V7a. a pre-fund below the rent minimum is refused by the runtime | refused: {"InsufficientFundsForRent":{"account_index":1}}
PASS V7b. a stranger pre-funds the marker address with 0.001 SOL | ok 4G9n9rHTR3zvCFrWQwwbhkF3BgZXSRKiwar1En1YvRyti26eJbDo85SEg31UxARNrt4sHqNfc1PHQM898iBG8TBL
PASS V7c. the revoke still works | ok 3s41jebsiwLiHyodAZesLjXeFxjWdLRsJQgKCqSJ4qEFNVHYPe7w3XPnm1yhUUiGUiRTkDV79gTtzatroR36zPLi
PASS V7d. the revoked session 4 is refused | refused: custom program error: 0x2
PASS V8a. a move that passes another marker address | refused: custom program error: 0x2
PASS V8b. a move with non-canonical bump 254 (canonical 255) and the canonical PDA account | refused: custom program error: 0x2
PASS V8c. the same session with the canonical bump works | ok ue2GyWeK3dQ32XPMdDNkcQ1FeW2enaL1ZhK5zgzMyoPRAGkd14dyMBM5RHNe6ZMHQ58RFiKPhk8MvMqzJGcQKMQ
PASS V9. a 72-byte instruction (the old length check) | refused: Program FTNMFWiECbRp7D5MwJUiNQfee6NuJPjE7S11J9yc2B9G invoke [1] Program FTNMFWiECbRp7D5MwJUiNQfee6NuJPjE7S11J9yc2B9G consumed 88 of 203000 compute units Program
PASS V9b. a 10-byte instruction | refused: Program FTNMFWiECbRp7D5MwJUiNQfee6NuJPjE7S11J9yc2B9G invoke [1] Program FTNMFWiECbRp7D5MwJUiNQfee6NuJPjE7S11J9yc2B9G consumed 88 of 203000 compute units Program
PASS R0. Freighter session works before | ok 3iJWqP9vuPir99NPC1GMGk9AHkg2eDqCxHYJEPQftcax5stJY9g7tpTLNUvdosBrwgv2ScyrNaPfw27ForKse7Hd
PASS R1. MetaMask + Phantom update the policy: members MetaMask and Phantom PDAs only:a. MetaMask proposes and approves | ok 3RDMFuUnHU3CMNXtNESQ5NMjZo8FXJxmxqqBVF3eeJ24hnpgUUPQx56Nrntb9jbHjTAvnyNPY5RQcyXL2ReQpNtT
PASS R1. MetaMask + Phantom update the policy: members MetaMask and Phantom PDAs only:b. Phantom approves and executes | ok 2T9iBVqbdmpEXRhxayjJ8gFkuX4SiDXzqnSXgkiHVXHGaw5iUFXmR37QyBJcNWT2BGKPAkzPTpx49kEaiW5RbQbE
PASS R2. the live Freighter session after removal | refused: Error Code: NotASigner
PASS R3. MetaMask session still works | ok hbq1tXpPJ7VWLDops3fQXwiTjMYaSzdjKBcMg15RG8A6WkazcADfuLTec5fC3YHRGrVDtR3UitybJGD7WASoapS
METRIC relayerSpend {"net":"localnet","spentLamports":4092309680,"vaultFundingLamports":4000000000,"sessionKeysFunded":41,"sessionKeyFundingDevnetLamports":82000000,"devnetEstimateLamports":454309680}
NEAR MPC signatures: 35, average 0.0s
128/128 passed
