{
  MetaMask: "4TXiTPLxe5PrpwiY15tj9nP3wF5F8JPKUsYQyfHCCcod",
  Freighter: "9BcBicoPrGtPJnVynJoj2g1p6zrvaFBkJccorLwGTMZo",
  Phantom: "G5H71U2pASYLeei9MYvWVmCZzjHp2VscWTjpdLYa6LT4",
  sessionMetaMask: "3YomJ7dnhtqFnnPAzRUGmhC8EevR2R4F6Sdx7YN6Pppc",
  sessionFreighter: "Cn2bjH8kGkjioVoB9MY86TDsJ6kKjvaiu9ZCmMsJVW74",
  program: "FTNMFWiECbRp7D5MwJUiNQfee6NuJPjE7S11J9yc2B9G",
  programB: "J38gUL2YFo91GDBnDXwVDaGpk6XWSJUhs7RuditRdiVo",
  net: "localnet",
}
PASS P0. seats are exactly MetaMask(NEAR MPC), Freighter(NEAR MPC), Phantom(own key); threshold 2; vault funded | ok 2JF2dhqY92j24hiXLh6NqS4GgeirNLS8Qvio7sMt78fHPdcLcHr1jiREXD1cyYFVk6Bi3yZwqx38wrmM7vBjYrmx
PASS K1-MetaMask. MetaMask alone:a. MetaMask proposes and approves | ok tMk7NSjFn56YtrmDG4icdDBBuQU2PZVkg4T11TmKXaBia1H5qY1CtTof4tCw6SwaLg8iCYadCrDwNAadwtA9jTG
PASS K1-MetaMask. MetaMask alone:b. MetaMask executes with only its own approval | refused: Error Code: InvalidProposalStatus
PASS K1-Freighter. Freighter alone:a. Freighter proposes and approves | ok 3j5BXP98ansqhdcrSHPiASeWupAJEKmAjq9Yerz9khQ2pNLPRixFW3vnK8WoowQsttuSfZVi2NeAJ6GNhaXxZw16
PASS K1-Freighter. Freighter alone:b. Freighter executes with only its own approval | refused: Error Code: InvalidProposalStatus
PASS K1-Phantom. Phantom alone:a. Phantom proposes and approves | ok 5r82towRy23iNcAx7Xcd2G7VgR6mZAvRdtvFTqsLkwv9UJBJ2e1h7AFU5Q8vfY6MhqCZvFoeU8pkKXUy5KzZ582L
PASS K1-Phantom. Phantom alone:b. Phantom executes with only its own approval | refused: Error Code: InvalidProposalStatus
PASS K2. MetaMask + Freighter:a. MetaMask proposes and approves | ok 54JKmxRksLLuKEFj9HFZFt5xVdgeaoUn1MbXGJwUjmZBAjHDqMGjHbvmQ8X5MaSnhrvmrfX9cCnou67aQrCbsvJj
METRIC seat-propose-K2-MetaMask {"totalCu":78014,"bytes":579,"fee":10000}
PASS K2. MetaMask + Freighter:b. Freighter approves and executes | ok 4VGtJFQKUUkW5oGcW6cZwLkUWKyBGt4NEFuqJHjxNSmkDNo3WUQJaXZEidJZvDuGz52Qa6HWR78SQNiNJZBGveJ2
METRIC seat-exec-K2-Freighter {"totalCu":67701,"bytes":490,"fee":10000}
PASS K3. Freighter + Phantom:a. Freighter proposes and approves | ok wR1Zvmkq5TWAQzVMrYnzsn392UNp2iuso8JyQzDVqk4hsiDxUcCHRCoXN8nvjNfmw6r4mxpr7qoXMKm7P9wSZ8j
METRIC seat-propose-K3-Freighter {"totalCu":83828,"bytes":579,"fee":10000}
PASS K3. Freighter + Phantom:b. Phantom approves and executes | ok 2LkfLBNmNkJ9XkDpZqsCCCpyjRDqsgzytV4NPLdoyoNGSFJxgQAe8pM632nSG13af9KsnyEE4gXDG8FhjfKob8KE
METRIC seat-exec-K3-Phantom {"totalCu":70829,"bytes":490,"fee":10000}
PASS K4. Phantom + MetaMask:a. Phantom proposes and approves | ok 43iAqgWSHMcK6CfgpKtryyjwZBVAZHbyWGGuNd8uoDer7pW438FGC3y5Cohb9WmoRMhwDuaL5X43ydQLjm2FB5no
METRIC seat-propose-K4-Phantom {"totalCu":79520,"bytes":579,"fee":10000}
PASS K4. Phantom + MetaMask:b. MetaMask approves and executes | ok 4ARHjbZke5z4gJxLUzbesT56NZN2a7vc9RRYe6Jqydk35yKX7azgWWd4dbVmsDrspAoSMFBDVXUEk7pkXv3unL3T
METRIC seat-exec-K4-MetaMask {"totalCu":67876,"bytes":490,"fee":10000}
PASS K5. DEST received exactly 0.03 SOL | ok 0.03
PASS K6. MetaMask alone (open proposal):a. MetaMask proposes and approves | ok YGeJHFWGV1EwbGKBoMziJdxXGnQeK7N4G7qCNo6DhhrHvpHi21ubXxVcugwJGXZvC1z6yiZa84SqsmPmm1MtjXa
PASS K6. MetaMask alone (open proposal):b. MetaMask executes with only its own approval | refused: Error Code: InvalidProposalStatus
PASS K6c. an outsider approves it | refused: Error Code: NotASigner
PASS K6d. Freighter's seat signed by MetaMask's MPC key | refused: Transaction did not pass signature verification
PASS K6e. Freighter's seat signed by its MPC key under another path | refused: Transaction did not pass signature verification
PASS K6f-MetaMask. MetaMask's seat vote signed by its session-path key | refused: Transaction did not pass signature verification
PASS K6g-MetaMask. MetaMask's session-path key approves as itself | refused: Error Code: NotASigner
PASS K6f-Freighter. Freighter's seat vote signed by its session-path key | refused: Transaction did not pass signature verification
PASS K6g-Freighter. Freighter's session-path key approves as itself | refused: Error Code: NotASigner
PASS K7. install the movers policy (members: the three session PDAs):a. MetaMask proposes and approves | ok 3GAevbuYV9r4QPQvtGC8QUoZkgfXPZAZgaE8YvP2ko4SG2idZ1VPzwu5zSsxpevBqgfXthgkxn65Ubh5vwTkoLYz
PASS K7. install the movers policy (members: the three session PDAs):b. Phantom approves and executes | ok 3DUJfpDy6hpE1rzUv624AeDQ8yDHRuCbk2BpNbrUwff4Dxy6Gyq57icyTXKCnH8vrevHsXq9K8cPhQTGGQznacQN
PASS N0. MetaMask alone (open proposal):a. MetaMask proposes and approves | ok 3FeKbxXbhRzhLgrKot7esPrHYDvy6fM1BH7VNS9V849VTTsFjHbMX2h41i8MbuDXFaenNMn1g1xqqd3tXkupB6Rh
PASS N0. MetaMask alone (open proposal):b. MetaMask executes with only its own approval | refused: Error Code: InvalidProposalStatus
PASS N1. Phantom session approves that proposal as its PDA | refused: Error Code: NotASigner
PASS N2. Phantom session key approves it as itself | refused: Error Code: NotASigner
PASS N3. Phantom session proposes a vault transaction as its PDA | refused: Error Code: NotASigner
PASS N4. Phantom session adds its key as a seat (settings sync, as its PDA) | refused: Error Code: InvalidSignerCount
PASS N5. Phantom session calls a program other than the Smart Account (System transfer from its PDA) | refused: Program FTNMFWiECbRp7D5MwJUiNQfee6NuJPjE7S11J9yc2B9G invoke [1] Unknown program SMRTzfY6DfH5ik3TKiyLFfXexV8uSG3d2UksSCYdunG Program FTNMFWiECbRp7D5MwJUiNQfee6Nu
PASS G-MetaMask1. one MetaMask signature (through NEAR) -> session; relayer pays: 0.01 SOL to VENUE | ok 2aG2s87MoUiq277KDEaWa2jKtQfq2X24iGWrR5tX27tDivbrbbdqUMFQeNuVQVeuEXq372hyJqrYwsxAV8fZ5T29
METRIC move-MetaMask-relayed {"totalCu":59362,"primeSessionCu":59362,"bytes":975,"fee":15000}
PASS G-MetaMask2. relayer down: session key pays the fee itself: 0.005 SOL to VENUE | ok etzPUmh3WXFiuxxsxfMvSwzYeHTKS2UrneLewAgVGGq299boLrnXCsvjwSFa1qjUfgU832AKDgeS774HPMyjjTp
PASS G-MetaMask3. VENUE received exactly 0.015 SOL | ok 0.015
PASS G-MetaMask4. relayer down and the session key has no SOL | refused: Attempt to debit an account but found no record of a prior credit
PASS G-MetaMask5. same session: 0.01 SOL elsewhere (policy) | refused: Error Code: ProgramInteractionAccountConstraintViolated
PASS G-MetaMask6. same session: 0.06 SOL to VENUE (over the 0.05 per-move limit) | refused: Error Code: ProgramInteractionInvalidNumericValue
PASS G-MetaMask7. stretched valid-until | refused: custom program error: 0x7
PASS G-MetaMask8. someone else replays the grant with their own key | refused: custom program error: 0x7
PASS G-Freighter1. one Freighter signature (through NEAR) -> session; relayer pays: 0.01 SOL to VENUE | ok j3C76hkCjaw7zXAY5aMPxGJZqazBGxh21nV6D4QsoJgPfQFkFXQUAgbqEmojv6Ps2wfXxZb9LE4TEFWY1c7pLrh
METRIC move-Freighter-relayed {"totalCu":57831,"primeSessionCu":57831,"bytes":975,"fee":15000}
PASS G-Freighter2. relayer down: session key pays the fee itself: 0.005 SOL to VENUE | ok 34S9WZwE8NAHuVVnaPGBABXhevkjiG1upw3mHEWtF5xXfV1aFHocXNnRbdwVepbZPg8m7GubmRC7rT1npQRKYhF7
PASS G-Freighter3. VENUE received exactly 0.015 SOL | ok 0.015
PASS G-Freighter4. relayer down and the session key has no SOL | refused: Attempt to debit an account but found no record of a prior credit
PASS G-Freighter5. same session: 0.01 SOL elsewhere (policy) | refused: Error Code: ProgramInteractionAccountConstraintViolated
PASS G-Freighter6. same session: 0.06 SOL to VENUE (over the 0.05 per-move limit) | refused: Error Code: ProgramInteractionInvalidNumericValue
PASS G-Freighter7. stretched valid-until | refused: custom program error: 0x7
PASS G-Freighter8. someone else replays the grant with their own key | refused: custom program error: 0x7
PASS G-Phantom1. one Phantom signature -> session; relayer pays: 0.01 SOL to VENUE | ok 43r6StD1H1iFntTkPstq4sEEE6LX1U6vuGgzKTjAeHpAYhsB2ab1w9dcXuVjW57hmGHB9d8WAjeEjFr7vw3WuK2W
METRIC move-Phantom-relayed {"totalCu":60863,"primeSessionCu":60863,"bytes":975,"fee":15000}
PASS G-Phantom2. relayer down: session key pays the fee itself: 0.005 SOL to VENUE | ok 33XBHm7791VtakSWovQjidGFp1NxJYUGhzYyRXAQzswm3LdgwwpqGdvhEBiDDdcEs3CcX7SxKomQNkg8WPnhFpCR
PASS G-Phantom3. VENUE received exactly 0.015 SOL | ok 0.015
PASS G-Phantom4. relayer down and the session key has no SOL | refused: Attempt to debit an account but found no record of a prior credit
PASS G-Phantom5. same session: 0.01 SOL elsewhere (policy) | refused: Error Code: ProgramInteractionAccountConstraintViolated
PASS G-Phantom6. same session: 0.06 SOL to VENUE (over the 0.05 per-move limit) | refused: Error Code: ProgramInteractionInvalidNumericValue
PASS G-Phantom7. stretched valid-until | refused: custom program error: 0x7
PASS G-Phantom8. someone else replays the grant with their own key | refused: custom program error: 0x7
PASS G9. grant longer than 7 days | refused: custom program error: 0x4
PASS G10. expired grant | refused: custom program error: 0x4
PASS G11. MetaMask grant with the ed25519 program instruction missing | refused: custom program error: 0x7
PASS G12. ed25519 instruction reading its public key from another instruction | refused: custom program error: 0x0
PASS G13. daily cap shared by all: 0.045 used + 0.05 = 0.095 <= 0.1 | ok 2ZQfd3nbbBvb9vj2sp4zwErfKrRTkcUPhmFG8CR9JpGxKKKoBSqe2TcwndZ4UJ1p2qyRox4rV7kYF5wD75oywV7D
PASS G13b. + 0.01 = 0.105 > 0.1 | refused: Error Code: ProgramInteractionInsufficientLamportAllowance
PASS X1. Freighter's PDA with a grant signed by MetaMask (NEAR) | refused: custom program error: 0x7
PASS X2. Phantom's PDA with a grant signed by Freighter (NEAR) | refused: custom program error: 0x7
PASS X3. MetaMask's PDA with a grant signed by Phantom | refused: custom program error: 0x7
PASS X4. Freighter's PDA with its MPC key under another path | refused: custom program error: 0x7
PASS X4b. Freighter's session PDA with a grant signed by its seat key (prime:solana) | refused: custom program error: 0x7
PASS X5. Phantom grant presented for MetaMask's PDA | refused: custom program error: 0x7
PASS X6. grant signed for cluster mainnet, used on localnet | refused: custom program error: 0x7
PASS X7a. a grant naming program A's PDA, presented to program B with A's PDA | refused: custom program error: 0x2
PASS X7b. the same grant presented to program B with B's PDA (text mismatch) | refused: custom program error: 0x7
PASS X7c. a grant naming program B's PDA, presented to program A with B's PDA | refused: custom program error: 0x2
PASS X7d. the same grant presented to program A with A's PDA (text mismatch) | refused: custom program error: 0x7
PASS X8. Phantom's own signed grant naming MetaMask's PDA | refused: custom program error: 0x2
PASS X9a. valid Phantom grant, data names another settings address | refused: custom program error: 0x2
PASS X10. the session key does not sign (relayer only) | refused: Program FTNMFWiECbRp7D5MwJUiNQfee6NuJPjE7S11J9yc2B9G invoke [1] Program FTNMFWiECbRp7D5MwJUiNQfee6NuJPjE7S11J9yc2B9G consumed 2483 of 203000 compute units Progr
PASS X11a. account 3 set to the System program instead of the Smart Account program: the move still runs | ok ikN27m15WYE4kvqc2pvTZLwHtnBjDihXw8vBb9wEshNp33sDcwoyMFL3UBnxCrRf3jDREH2Go44QGZhxnfRE8Jo
PASS X11b. ...and prime-session called only the Smart Account program | ok ikN27m15WYE4… Program SMRTzfY6DfH5ik3TKiyLFfXexV8uSG3d2UksSCYdunG invoke [2]
PASS A0. account B created with the same three seats | ok 45k3mUQV3uZdpcFxpSx3eFivDKVdDn5VpUKV1doxTTNLuA2byAZB1AaEFiYMXuEcucNvYXKV29NpmqqnyJJ46DBu
PASS A1. account B installs its movers policy (members: each wallet's PDA for account B):a. MetaMask proposes and approves | ok 5dEGnZ1Xto7PVbvHSCRjejY5faDMKyK7GoVtgnqBk8YDVc8nnMJCuRu6gdBGu1JNgb9sxbPUmVNf2qxhos7qBAgZ
PASS A1. account B installs its movers policy (members: each wallet's PDA for account B):b. Phantom approves and executes | ok KLW1stZmHFwFozJjrJXYNhhEzwtQh51WUyEgPFJT4beGiMrKwkNRf27U1b965aoLgasrJAJmjKFBZWHW8rj4s5V
PASS A2. each wallet's PDA differs between account A and account B | ok 7qriG5,J5qGs8,CxMTvv
PASS A3. account A's Phantom grant presented to account B (as Phantom's account-B PDA) | refused: custom program error: 0x7
PASS A4. account A's Phantom PDA calling account B's policy | refused: Error Code: NotASigner
PASS A5. a Phantom grant made for account B works in account B | ok 28TnJint1caAhz7Dur49QodDakRGL1Rz8FgJ893E7WxotSCxjBbN1dc6pGbmgvKkvd2vmJjqdT1dUAxMraeMfxPz
PASS A5-M0. Phantom session: one move through the Smart Account (compute units recorded) | ok 645DaPcCF8YA6NyfxedTwXrCnmP1FsNxJmHYKHKbLLKWWw8jQYihectqK4eUw4XafHmwakDiEg9FoGBt8bhm5usC
METRIC move-sample-0 {"totalCu":57831,"primeSessionCu":57831,"bytes":975,"fee":15000}
PASS A5-M1. Phantom session: one move through the Smart Account (compute units recorded) | ok 2vkjFRehxnxiQuidJJxQDS1XJYdvTA2qXVxbDmSuAKxD8hGXCvgFATcKSwKn1quahf316Zt3bFUDfZCtv66fE98E
METRIC move-sample-1 {"totalCu":54831,"primeSessionCu":54831,"bytes":975,"fee":15000}
PASS A5-M2. Phantom session: one move through the Smart Account (compute units recorded) | ok 2nDTm6hBGtV6CGJjcGCUzA7K2dBNKwYibUNMEeE3ZZJi3hWFKpxU33sq1uohojWDyMYLFxw2DGz8xt37xWysb3CJ
METRIC move-sample-2 {"totalCu":53331,"primeSessionCu":53331,"bytes":975,"fee":15000}
PASS A5-M3. Phantom session: one move through the Smart Account (compute units recorded) | ok yCZQdHGuLjmzVXfemJtoBsG883zGhRyyNwzsbEmHWrzHqUHaufGovNS4FEi85tfwhEBuAHpxiveNZJmFy9yH1EM
METRIC move-sample-3 {"totalCu":53331,"primeSessionCu":53331,"bytes":975,"fee":15000}
PASS A5-M4. Phantom session: one move through the Smart Account (compute units recorded) | ok UMY2bFQBEkJ17gLUQa4R8x3M6ZDCuLRxvMCffojKEMsksVUHhn4rHMcdfXW3cNXofTrY5gyMj82C6TCTvtzSNZz
METRIC move-sample-4 {"totalCu":53331,"primeSessionCu":53331,"bytes":975,"fee":15000}
PASS A5-M5. Phantom session: one move through the Smart Account (compute units recorded) | ok 5vhy5qC8mANdha6XL45fGxS6WVWG6WDWACiVCezVa4rAtgqkkQVsN4mUHztyQ26zRWBZ5cvzMEKPVdYG8L7dTTPD
METRIC move-sample-5 {"totalCu":56331,"primeSessionCu":56331,"bytes":975,"fee":15000}
PASS A5-M6. Phantom session: one move through the Smart Account (compute units recorded) | ok 3Ai2gGFZYAUidVEbDX8kPygXEgiTkddcv3k9gpKwdPWFs6kLhtP9sUQQ5s4UoaNQ6UoLt4g8SG5iBEY5MdM9r5pi
METRIC move-sample-6 {"totalCu":53331,"primeSessionCu":53331,"bytes":975,"fee":15000}
PASS A5-M7. Phantom session: one move through the Smart Account (compute units recorded) | ok 2RJoRYvoLeBXH81sSginJ7xAqvqWTphz3gW2q582WdGa3qCBn1TafoXKyrbd5428ejREy2VTQ1RZoyDpF9QKFAEi
METRIC move-sample-7 {"totalCu":57831,"primeSessionCu":57831,"bytes":975,"fee":15000}
PASS A5-M8. Phantom session: one move through the Smart Account (compute units recorded) | ok 2S7GfecUxNVJFZCk4au3zz77bdCTHVM4fzMPk97cz8vtXRgbYiB7pYjpE9ffM4GK2oqs4EYf1VNXPXhMZUAszbpp
METRIC move-sample-8 {"totalCu":53331,"primeSessionCu":53331,"bytes":975,"fee":15000}
PASS A5-M9. Phantom session: one move through the Smart Account (compute units recorded) | ok 4QsGPKFtGg6sNu31E9EVd5D74RXDD9VzBm8VGy6uawfE8mvT4noQW8xTt4x2LvMCD2Z7VdU4HitTzVqLbbrpLyU8
METRIC move-sample-9 {"totalCu":53331,"primeSessionCu":53331,"bytes":975,"fee":15000}
PASS A6. account B's grant presented to account A | refused: custom program error: 0x7
PASS V0a. Phantom session 1 works | ok 5btZe8iwtktP2T6ydmSfcNNafkVc1AmCzmc8TR64uhMnftxex9q76o1rZnBrXGuLo6V5cNUCerfDjS2Sr5EEjq6i
PASS V0b. Phantom session 2 works | ok 3UgtywLwLJrCULrbyP5pZHCFSN4fbpozZ2fMxnA7hijMBgM5s5RAgSEga3RAqJaQhq6giGbDDScBTbXWZSwTNr6a
PASS V0c. no marker exists for session 1 yet | ok ABKR2FErDHeNqTcdRpv8AWih7wX6NfqkFF79zmyRh2Ut
PASS V1. Phantom revokes session 1 (one signature, relayed, session key does not sign) | ok 3pwatesDSSZqhedg1ViP7cZ9UmMGB486qkmd3T4TJth3h6Nf5FaDNFEqaPaURNpYdEhpozZqDj7xUzXHQQffQJar
METRIC revoke {"totalCu":28226,"primeSessionCu":28226,"bytes":726,"fee":10000}
PASS V1b. the marker is empty, owned by prime-session and rent exempt | ok {"lamports":890880,"dataBytes":0,"owner":"FTNMFWiECbRp7D5MwJUiNQfee6NuJPjE7S11J9yc2B9G"}
PASS V2. the revoked session 1 is refused | refused: custom program error: 0x2
PASS V3. the same wallet's session 2 keeps working | ok 3zwsTy73Gz6PU5o21ANGjXofyaz6zCUoYyUyGFFBUKe982U3yHw3RVZQ6SAyvY9QqpQKUMo1esH5qax6ZL7skoho
PASS V3b. revoking session 1 again is refused | refused: custom program error: 0x2
PASS V4a. MetaMask's session-owner key signs a revoke of Phantom's session 2 (data names Phantom as owner) | refused: custom program error: 0x7
PASS V4b. MetaMask signs a revoke naming Phantom's PDA under its own owner field | refused: custom program error: 0x2
PASS V4c. Phantom session 2 still works | ok 5pjZAjRsLs865jpLcKCtByP8eBvQ3djrFnwAH3kBbFQexwCvf3nkmLQpxwaMBvZc5SaQoCu8a78hY4HiRTFpFnBK
PASS V4d. MetaMask revokes the same key under its own PDA (a marker in MetaMask's namespace) | ok 4t51XAx6jb1vGPZyWBXRWyKAt3tE3L3uYwMxp6S1oMDcWzf27xdn11Xu5HdtEXovbuhMpBQWsP7oibvTRBQsGeBw
PASS V4e. ...and Phantom's session 2 still works (the marker is per owner) | ok ZQCRgeKMxVKWZp6Lmd5GQV3UyZHq3zR6KACZNTgpbh8gB6kzA6N4EkVSrhRfKot1kCBQwK6qpKDBWoPwa4xSQ2a
PASS V5a. Phantom revokes a key it never granted | ok 9WEYP1T7cdNQA1fory9GpgPh4z4oy99Pfs63ASfMKngqyjdiwYyY32gEmphWHT2dL8eQKuLAUHPATUaMnv5hRbN
PASS V5b. a grant signed for that key afterwards is refused | refused: custom program error: 0x2
PASS V6a. a revoke signed for account A's PDA, sent with account B's settings and B's marker | refused: custom program error: 0x2
PASS V6b. no marker was created in account B | ok 
PASS V6c. session 3 still works in account A | ok 43Kg1L7QQmMqfF15mn4kH2SymNz6bXhSzvafSvYxphYqbuZrvgbDNGBQA7NVYsMEh6ZqEAzg9gDXgy8QpFJDFy3d
PASS V7a. a pre-fund below the rent minimum is refused by the runtime | refused: {"InsufficientFundsForRent":{"account_index":1}}
PASS V7b. a stranger pre-funds the marker address with 0.001 SOL | ok 5Zscb9dx6DL6akia2nkbghEekBYBKFxHJiXCSBnGxBEXSoReXuHLZCr4S4cpDbmgso71SpohE5jAJrxD7LyvAr8U
PASS V7c. the revoke still works | ok 3N3pvSVX93GAXH9x9DmLbmCafXdYnwnc7KcqzUdUz98tH3nzjdsE7KASgz8HC6p1e8hr3PtiGWiJFXGdXBtNtVeG
PASS V7d. the revoked session 4 is refused | refused: custom program error: 0x2
PASS V8a. a move that passes another marker address | refused: custom program error: 0x2
PASS V8b. a move with non-canonical bump 254 (canonical 255) and the canonical PDA account | refused: custom program error: 0x2
PASS V8c. the same session with the canonical bump works | ok 3rE6UoKzyYtY21rF8pxL1rJA15Bc9Tw4nSKHvcwDsaDoEmv35ic4QtHsx9FCJ9VAMZeYiFwT9X5XGi9bUVcAFyP9
PASS V9. a 72-byte instruction (the old length check) | refused: Program FTNMFWiECbRp7D5MwJUiNQfee6NuJPjE7S11J9yc2B9G invoke [1] Program log: panicked at src/lib.rs:37:110:
index out of bounds: the len is 8 but the index is 8
PASS V9b. a 10-byte instruction | refused: Program FTNMFWiECbRp7D5MwJUiNQfee6NuJPjE7S11J9yc2B9G invoke [1] Program log: panicked at src/lib.rs:35:41:
range end index 32 out of range for slice of length 1
PASS F0. control: the genuine signature instruction in second place, sig_ix 1 | ok 48Ez7a1VnjNw373YfHS5zn4rhbZvj4tR67WwW3wAEM8u9PsWSpgh2Ug9yKMAsR53tB9nZ6a579Qv1ByDDTqYuWQm
PASS F1. a key read from another instruction: the attacker's signature over the grant text, the owner's key in the data, key index 0 | refused: custom program error: 0x7
FAIL F2. a message read from another instruction: a replayed owner signature stretches the grant by one second, message index 0 (the session key pays the fee: two signature instructions leave no room for a second fee signature) | ok 3AdqB9Efhz8HJWorrpNuyTN3CrbPmWyaputjPBJGwophM44XHTWjccPbbgCN5c4oxYMSeu8PfGaucKGZ8BbSvNcG
PASS F4. a signature instruction from another program (a no-op program) that carries the owner key and the exact grant text with an invalid signature | refused: custom program error: 0x7
PASS F3. a signature read from another instruction (the program also refuses it; the precompile already stops this triple) | refused: custom program error: 0x2
PASS R0. Freighter session works before | ok 4C3fQi2R91ubXJfZ8oYBqMSsAbNhMwokaU31RFDNCeTDKSuAshSDwH4d6HesrDCb1fFwSTHnJensT6SA4KHB9Z3n
PASS R1. MetaMask + Phantom update the policy: members MetaMask and Phantom PDAs only:a. MetaMask proposes and approves | ok 3H47XBvRMf4N8wEryUf2mMPR4JwcRgbfNESjvm6VffjkrPMqArDAo65Fk5eFktzJhjMzpuSJdghWft7kdLMMd5s3
PASS R1. MetaMask + Phantom update the policy: members MetaMask and Phantom PDAs only:b. Phantom approves and executes | ok 5vSEWzjRuC7bz5pKDAJwrv8SCZvVg9zvpjGcj1eHy4TseQuciTdrdePiz1EsTXGGSusm6qhWPjBzRd8DjTsYxkpB
PASS R2. the live Freighter session after removal | refused: Error Code: NotASigner
PASS R3. MetaMask session still works | ok 2TggN1Q8d6eD6jt6NDuVEG1UNRjE6iWGZ7e6Cbu2sjZJiS3RDsDFWSZabLzAqVVe7zo3mC3FDeGgnqnYuXpC1YAP
METRIC relayerSpend {"net":"localnet","spentLamports":4092329680,"vaultFundingLamports":4000000000,"sessionKeysFunded":46,"sessionKeyFundingDevnetLamports":92000000,"devnetEstimateLamports":464329680}
NEAR MPC signatures: 35, average 0.0s
132/133 passed
FAIL F2. a message read from another instruction: a replayed owner signature stretches the grant by one second, message index 0 (the session key pays the fee: two signature instructions leave no room for a second fee signature) 3AdqB9Efhz8HJWorrpNuyTN3CrbPmWyaputjPBJGwophM44XHTWjccPbbgCN5c4oxYMSeu8PfGaucKGZ8BbSvNcG
