{
  MetaMask: "4TXiTPLxe5PrpwiY15tj9nP3wF5F8JPKUsYQyfHCCcod",
  Freighter: "9BcBicoPrGtPJnVynJoj2g1p6zrvaFBkJccorLwGTMZo",
  Phantom: "G5H71U2pASYLeei9MYvWVmCZzjHp2VscWTjpdLYa6LT4",
  sessionMetaMask: "3YomJ7dnhtqFnnPAzRUGmhC8EevR2R4F6Sdx7YN6Pppc",
  sessionFreighter: "Cn2bjH8kGkjioVoB9MY86TDsJ6kKjvaiu9ZCmMsJVW74",
  program: "FTNMFWiECbRp7D5MwJUiNQfee6NuJPjE7S11J9yc2B9G",
  programB: "J38gUL2YFo91GDBnDXwVDaGpk6XWSJUhs7RuditRdiVo",
  net: "localnet",
}
PASS P0. seats are exactly MetaMask(NEAR MPC), Freighter(NEAR MPC), Phantom(own key); threshold 2; vault funded | ok 5N2Kn8DXeXEt5GnpveaobQBzzHbZkzyfeeR26E74ubfMoruB2AprsNUmY5NjyTmfSiMYXfPCk8QPAcHZ7F1DiDjn
PASS K1-MetaMask. MetaMask alone:a. MetaMask proposes and approves | ok 5QHbC2nHETjmxuGwpDYUTjHmUsBQ5qaUaMBb6xxZixyUA3rtxC1HME6XxNzj1BgY9M8W3czsRr7Tz8bih6Zr3DfZ
PASS K1-MetaMask. MetaMask alone:b. MetaMask executes with only its own approval | refused: Error Code: InvalidProposalStatus
PASS K1-Freighter. Freighter alone:a. Freighter proposes and approves | ok 3rQfNwQbcfN1u4tso7L4zRCSFC9yMTWvXvcKmYMmt1WBeXeAurYyMgGM2RYV7BHmUXn3Ki4hvFK2cMFz1uJqeFaf
PASS K1-Freighter. Freighter alone:b. Freighter executes with only its own approval | refused: Error Code: InvalidProposalStatus
PASS K1-Phantom. Phantom alone:a. Phantom proposes and approves | ok 2cYVBu5RX8pUmCcpbbLcAErZ4gkRNuJV1Uy2cd5DApmobdN6GHiPJzoyRGUbaUG6RkmgxPPnt7zR3ZE4rPD4khzL
PASS K1-Phantom. Phantom alone:b. Phantom executes with only its own approval | refused: Error Code: InvalidProposalStatus
PASS K2. MetaMask + Freighter:a. MetaMask proposes and approves | ok E6hZeL1nBeTpLRmEpcfg7qGTthss1zzBQSWxp6SAqC3p5nPAphvrczW5iPVfv8EipaxCEJ4rngUS7T3i8YpQNDv
METRIC seat-propose-K2-MetaMask {"totalCu":78014,"bytes":579,"fee":10000}
PASS K2. MetaMask + Freighter:b. Freighter approves and executes | ok 5a56qtQXDNPNkJvH1bnTh9eqZzXFU4RJT75ji7e2DcpKmy1dYsNJKrghSLo4LqBaKJfrRYtzborn3vHTwszDkZT6
METRIC seat-exec-K2-Freighter {"totalCu":67701,"bytes":490,"fee":10000}
PASS K3. Freighter + Phantom:a. Freighter proposes and approves | ok 3RTxPCakCHwnPFAinNt6sXbymdCmdhN4onwNFUJeXoox4UUGto4rhBnscRYm4u5pCYH7RceUu3PDx5cZUZTXhyUe
METRIC seat-propose-K3-Freighter {"totalCu":83828,"bytes":579,"fee":10000}
PASS K3. Freighter + Phantom:b. Phantom approves and executes | ok 29LDWmLCJv7SSHuPYB5LwdpLSv2fMs1hpaNYnnkjge3U65barRGeATBxWGke8FDkFyAgHRUCfnMr6h1ywSdxMHGH
METRIC seat-exec-K3-Phantom {"totalCu":70829,"bytes":490,"fee":10000}
PASS K4. Phantom + MetaMask:a. Phantom proposes and approves | ok 5NbXqShMc7JfdYWuDLFzuDA5viWPxkooLk1GhAVkU7aJhAiPjQibmLEfruNioywpRfC96xtcsbp7RszrjatfAsEc
METRIC seat-propose-K4-Phantom {"totalCu":79520,"bytes":579,"fee":10000}
PASS K4. Phantom + MetaMask:b. MetaMask approves and executes | ok 276qywGbpAKVfG54dtmqZGAr3NVhiHFt6n9yaiuN81eVVES9XuVEVWKkNBBfyKPu36WpijYwHCG3A1ZErTeywn8G
METRIC seat-exec-K4-MetaMask {"totalCu":67876,"bytes":490,"fee":10000}
PASS K5. DEST received exactly 0.03 SOL | ok 0.03
PASS K6. MetaMask alone (open proposal):a. MetaMask proposes and approves | ok 2CLoVAoPHXtZvpu63Hho5PmJGdZgwfLeEMtZxhaeBLnrNWDUBX7t6ADRJdKXzkMhdyKjRS6UHRynpkx1QMsA8Qwe
PASS K6. MetaMask alone (open proposal):b. MetaMask executes with only its own approval | refused: Error Code: InvalidProposalStatus
PASS K6c. an outsider approves it | refused: Error Code: NotASigner
PASS K6d. Freighter's seat signed by MetaMask's MPC key | refused: Transaction did not pass signature verification
PASS K6e. Freighter's seat signed by its MPC key under another path | refused: Transaction did not pass signature verification
PASS K6f-MetaMask. MetaMask's seat vote signed by its session-path key | refused: Transaction did not pass signature verification
PASS K6g-MetaMask. MetaMask's session-path key approves as itself | refused: Error Code: NotASigner
PASS K6f-Freighter. Freighter's seat vote signed by its session-path key | refused: Transaction did not pass signature verification
PASS K6g-Freighter. Freighter's session-path key approves as itself | refused: Error Code: NotASigner
PASS K7. install the movers policy (members: the three session PDAs):a. MetaMask proposes and approves | ok 3NCpjPfFqqV1aeZ2UgYyUE8J6HYgAkwKsApmcn3HfDvcdNkdhzjCH42LgngjC3aykU7MC3CpNrB1brPiLgwSWc9s
PASS K7. install the movers policy (members: the three session PDAs):b. Phantom approves and executes | ok 5RtS6xXMxrjidH57xSmdWfDcoF4exsy98fpYdEikmoZwRe2TUMH5Wks38cSWMh4YNRS1s44Twn6JYtgZmkWKXuTb
PASS N0. MetaMask alone (open proposal):a. MetaMask proposes and approves | ok 2A6i5bLNLgLAiBmZAwig4BGojjH2kZSLU9umZuBmiTEjxVfxY7WaNxamw5HNL4wnAQjk6pkpz2fgHJihAJwYYXVx
PASS N0. MetaMask alone (open proposal):b. MetaMask executes with only its own approval | refused: Error Code: InvalidProposalStatus
PASS N1. Phantom session approves that proposal as its PDA | refused: Error Code: NotASigner
PASS N2. Phantom session key approves it as itself | refused: Error Code: NotASigner
PASS N3. Phantom session proposes a vault transaction as its PDA | refused: Error Code: NotASigner
PASS N4. Phantom session adds its key as a seat (settings sync, as its PDA) | refused: Error Code: InvalidSignerCount
PASS N5. Phantom session calls a program other than the Smart Account (System transfer from its PDA) | refused: Program FTNMFWiECbRp7D5MwJUiNQfee6NuJPjE7S11J9yc2B9G invoke [1] Unknown program SMRTzfY6DfH5ik3TKiyLFfXexV8uSG3d2UksSCYdunG Program FTNMFWiECbRp7D5MwJUiNQfee6Nu
PASS G-MetaMask1. one MetaMask signature (through NEAR) -> session; relayer pays: 0.01 SOL to VENUE | ok 2oZvHHin2eXW2dswbMUqAGxKY6TLzEXfpY6k7Ea39rXXrrk6LsBetswXmWDisQ3tKVy4Y6iLk2rtL921NLkAo6GD
METRIC move-MetaMask-relayed {"totalCu":56769,"primeSessionCu":56769,"bytes":975,"fee":15000}
PASS G-MetaMask2. relayer down: session key pays the fee itself: 0.005 SOL to VENUE | ok 3AEg5mbeHYy8BbvyfThKyy1MTnEorQ1XiXPreZfcoTxqp6VqegxcYNw7WAQPcqDcYh81jhCev2jz7P4eaGPwQwVR
PASS G-MetaMask3. VENUE received exactly 0.015 SOL | ok 0.015
PASS G-MetaMask4. relayer down and the session key has no SOL | refused: Attempt to debit an account but found no record of a prior credit
PASS G-MetaMask5. same session: 0.01 SOL elsewhere (policy) | refused: Error Code: ProgramInteractionAccountConstraintViolated
PASS G-MetaMask6. same session: 0.06 SOL to VENUE (over the 0.05 per-move limit) | refused: Error Code: ProgramInteractionInvalidNumericValue
PASS G-MetaMask7. stretched valid-until | refused: custom program error: 0x7
PASS G-MetaMask8. someone else replays the grant with their own key | refused: custom program error: 0x7
PASS G-Freighter1. one Freighter signature (through NEAR) -> session; relayer pays: 0.01 SOL to VENUE | ok 3sWddnG6iuFzyE5m1WHf1krXJmsorNXSog66Xjvm9L4QoXkKTQi8MSpwMF9Ud1rUxmE4de8Xde9pJFFaXQS8vuxi
METRIC move-Freighter-relayed {"totalCu":58238,"primeSessionCu":58238,"bytes":975,"fee":15000}
PASS G-Freighter2. relayer down: session key pays the fee itself: 0.005 SOL to VENUE | ok 5WythF3SdACLgHbDfHTXAWKYqrHiMGLQPSRQuJjqCiHRriiQVcnVnfps9joPZo3GVB4Rw5RRo9XN9iRhDsPGDNuv
PASS G-Freighter3. VENUE received exactly 0.015 SOL | ok 0.015
PASS G-Freighter4. relayer down and the session key has no SOL | refused: Attempt to debit an account but found no record of a prior credit
PASS G-Freighter5. same session: 0.01 SOL elsewhere (policy) | refused: Error Code: ProgramInteractionAccountConstraintViolated
PASS G-Freighter6. same session: 0.06 SOL to VENUE (over the 0.05 per-move limit) | refused: Error Code: ProgramInteractionInvalidNumericValue
PASS G-Freighter7. stretched valid-until | refused: custom program error: 0x7
PASS G-Freighter8. someone else replays the grant with their own key | refused: custom program error: 0x7
PASS G-Phantom1. one Phantom signature -> session; relayer pays: 0.01 SOL to VENUE | ok 4poprAns2MAfNNNFQVz1g8T3SfZxcBpweU5v7Qd8TPaPbRc5Uq5jaYppKfc731GgxC6JbZFPVeGB6cptLdiWs9hM
METRIC move-Phantom-relayed {"totalCu":52270,"primeSessionCu":52270,"bytes":975,"fee":15000}
PASS G-Phantom2. relayer down: session key pays the fee itself: 0.005 SOL to VENUE | ok 4UzBathKbDNWiGNFWHSf7H7hErrb7r2CC8jZKJG64G5JeAi8hCnZwCeYvUwo5qTQVWeaqWz8mBuKTGzoy6DqExC5
PASS G-Phantom3. VENUE received exactly 0.015 SOL | ok 0.015
PASS G-Phantom4. relayer down and the session key has no SOL | refused: Attempt to debit an account but found no record of a prior credit
PASS G-Phantom5. same session: 0.01 SOL elsewhere (policy) | refused: Error Code: ProgramInteractionAccountConstraintViolated
PASS G-Phantom6. same session: 0.06 SOL to VENUE (over the 0.05 per-move limit) | refused: Error Code: ProgramInteractionInvalidNumericValue
PASS G-Phantom7. stretched valid-until | refused: custom program error: 0x7
PASS G-Phantom8. someone else replays the grant with their own key | refused: custom program error: 0x7
PASS G9. grant longer than 7 days | refused: custom program error: 0x4
PASS G10. expired grant | refused: custom program error: 0x4
PASS G11. MetaMask grant with the ed25519 program instruction missing | refused: custom program error: 0x7
PASS G12. ed25519 instruction reading its public key from another instruction | refused: custom program error: 0x0
PASS G13. daily cap shared by all: 0.045 used + 0.05 = 0.095 <= 0.1 | ok 2zWUd5nb73WPp54xJErmNV7TuDjZRUuX7nNRro99mombWh4rcjZD46WMHNVVZ69jMvdUSSmMEi4QMrnkETePjnRn
PASS G13b. + 0.01 = 0.105 > 0.1 | refused: Error Code: ProgramInteractionInsufficientLamportAllowance
PASS X1. Freighter's PDA with a grant signed by MetaMask (NEAR) | refused: custom program error: 0x7
PASS X2. Phantom's PDA with a grant signed by Freighter (NEAR) | refused: custom program error: 0x7
PASS X3. MetaMask's PDA with a grant signed by Phantom | refused: custom program error: 0x7
PASS X4. Freighter's PDA with its MPC key under another path | refused: custom program error: 0x7
PASS X4b. Freighter's session PDA with a grant signed by its seat key (prime:solana) | refused: custom program error: 0x7
PASS X5. Phantom grant presented for MetaMask's PDA | refused: custom program error: 0x7
PASS X6. grant signed for cluster mainnet, used on localnet | refused: custom program error: 0x7
PASS X7a. a grant naming program A's PDA, presented to program B with A's PDA | refused: custom program error: 0x2
PASS X7b. the same grant presented to program B with B's PDA (text mismatch) | refused: custom program error: 0x7
PASS X7c. a grant naming program B's PDA, presented to program A with B's PDA | refused: custom program error: 0x2
PASS X7d. the same grant presented to program A with A's PDA (text mismatch) | refused: custom program error: 0x7
PASS X8. Phantom's own signed grant naming MetaMask's PDA | refused: custom program error: 0x2
PASS X9a. valid Phantom grant, data names another settings address | refused: custom program error: 0x2
PASS X10. the session key does not sign (relayer only) | refused: Program FTNMFWiECbRp7D5MwJUiNQfee6NuJPjE7S11J9yc2B9G invoke [1] Program FTNMFWiECbRp7D5MwJUiNQfee6NuJPjE7S11J9yc2B9G consumed 165 of 203000 compute units Progra
PASS X11a. account 3 set to the System program instead of the Smart Account program: the move still runs | ok 34t9WMvigUJWoXoQQzBoNgK4q1zqBTSrMwqe9B65KruSHZ2UdhqezR1gz7mfJ9FfpH6pkDJozWSVbpPMgkixsaB1
PASS X11b. ...and prime-session called only the Smart Account program | ok 34t9WMvigUJW… Program SMRTzfY6DfH5ik3TKiyLFfXexV8uSG3d2UksSCYdunG invoke [2]
PASS A0. account B created with the same three seats | ok 5LqCYvsyiCfWpuukxGndjrN1suV2PSWs3tB7LBxD2Psreehpe9FehwNCjPs3VSSFQqGHUWSL9iwxAeBJV9PDnJzn
PASS A1. account B installs its movers policy (members: each wallet's PDA for account B):a. MetaMask proposes and approves | ok 24b8YzVFXfnjsXU916cDoVuHonagN36Kwa5RSEJnYcZxpJB27198awKpvHF2S2KidBsMaCCRh9QDonQ7xpTYDx5G
PASS A1. account B installs its movers policy (members: each wallet's PDA for account B):b. Phantom approves and executes | ok 44QwyZwkS5yW3zL6GeCde237uWAMT5nRPPMd26bddzTemakBTaoGrS1CnmzSCtAy5tTenPveDJDMZ3FWzJVCkUt7
PASS A2. each wallet's PDA differs between account A and account B | ok 7qriG5,J5qGs8,CxMTvv
PASS A3. account A's Phantom grant presented to account B (as Phantom's account-B PDA) | refused: custom program error: 0x7
PASS A4. account A's Phantom PDA calling account B's policy | refused: Error Code: NotASigner
PASS A5. a Phantom grant made for account B works in account B | ok 3fR2BLHwrDY6E5Xj7XYZQTyCJKW2wPXCimTUvF29dEh82AJe8ujh5Mbfot3YXNnev9qoC2PjaPLbREcV7NKvBcMv
PASS A5-M0. Phantom session: one move through the Smart Account (compute units recorded) | ok 3m6Mq1K6D4q3bjrGK2MSEm5RJdNxSwzeh8snXxh2owx2guJGCCMneBX9R5xBrUnVCTo9hTLc1iLHGEShYb1YAFHV
METRIC move-sample-0 {"totalCu":49238,"primeSessionCu":49238,"bytes":975,"fee":15000}
PASS A5-M1. Phantom session: one move through the Smart Account (compute units recorded) | ok 2YrCCsCfxdyEePGkrAmMirmnhNQZkkhmxUnSYzZcbi3Apz2QFdMsZ5cKiUzydP3KvkCL7CggeDNBUAbdGBgQpMJq
METRIC move-sample-1 {"totalCu":49238,"primeSessionCu":49238,"bytes":975,"fee":15000}
PASS A5-M2. Phantom session: one move through the Smart Account (compute units recorded) | ok 5mNH6gin8YK6YAbcAWupUEy6zD6oEUovXB3S7ZY3pihdXzix5pH8ycLHLnNBeiEthBHJbhMGq9TqCRh7ucPXhoub
METRIC move-sample-2 {"totalCu":49238,"primeSessionCu":49238,"bytes":975,"fee":15000}
PASS A5-M3. Phantom session: one move through the Smart Account (compute units recorded) | ok 5mmHhZhAFmg2nQCRFfYmBqa1BZirWhqjg6BcWLTPxiGkGQnsaLzxf8YgqLvCA5wEkB6qvvybP67popH9AhBgc4TN
METRIC move-sample-3 {"totalCu":52238,"primeSessionCu":52238,"bytes":975,"fee":15000}
PASS A5-M4. Phantom session: one move through the Smart Account (compute units recorded) | ok 4d4xNB2h3N19YmL8ZTmCWYp3f5xivQd1bistuzgwipLKoLuxK4gmjf1vEmqMzCZaH1pyB5GTFJAdL64H2qQikH3g
METRIC move-sample-4 {"totalCu":50738,"primeSessionCu":50738,"bytes":975,"fee":15000}
PASS A5-M5. Phantom session: one move through the Smart Account (compute units recorded) | ok 4RvXpoxRK4ydYU683aKcp1biEjgnk1gK6JUm9WqiW9N418hPXq2uLKB2Sj2tZ3jdb4rP7gErMoGLEia14dRaAYMq
METRIC move-sample-5 {"totalCu":53738,"primeSessionCu":53738,"bytes":975,"fee":15000}
PASS A5-M6. Phantom session: one move through the Smart Account (compute units recorded) | ok 5iXJHKVaUsUR9CZeeTNWxxvDQBsneSC8CxHWYRbANKQZ7UAQBs6BWsNtGtxWVWMZdE7PvVvCdwunx3E26hGivaxu
METRIC move-sample-6 {"totalCu":50738,"primeSessionCu":50738,"bytes":975,"fee":15000}
PASS A5-M7. Phantom session: one move through the Smart Account (compute units recorded) | ok 3Vcoqchuy8avaEhAQKnmPiashd7UmQ7RCK6cYHGEikf58PsntRk7f8jdVSHcMBcMWSd5SPqxB9dGyMaZ5qq7bW25
METRIC move-sample-7 {"totalCu":49238,"primeSessionCu":49238,"bytes":975,"fee":15000}
PASS A5-M8. Phantom session: one move through the Smart Account (compute units recorded) | ok 2FLazJ7EZ9FwuejuzEJGFCB59DjPmAdGwwDV5yf8X2yKb4JACnTvs1puecgmiJRgG5pX2KjTyFNaNZnwvcGXXy5M
METRIC move-sample-8 {"totalCu":49238,"primeSessionCu":49238,"bytes":975,"fee":15000}
PASS A5-M9. Phantom session: one move through the Smart Account (compute units recorded) | ok 2eDEJ3xDtUdvw47jzLNbxAgkCu2N4nEazofc6h7WjBgRrW7p8mCL3qvLaewSZiAucYzsk7UQNZBXZk8f6smBA1GY
METRIC move-sample-9 {"totalCu":49238,"primeSessionCu":49238,"bytes":975,"fee":15000}
PASS A6. account B's grant presented to account A | refused: custom program error: 0x7
PASS V0a. Phantom session 1 works | ok 5mEEmvB2pwHpAL3JUmDgcWURup1Yrm7duKX3jFJBMRRx7G4SFwcGu2YLrL3wRpVj8pX4Bb5LvJocknCz5RhRPrn9
PASS V0b. Phantom session 2 works | ok 2KPwqUepx3QYVoDZ19a7fBksmpwo4JF17BnwB9jFpo1VbdVzYtMMJsNmQdpBc6LAbQmenngjgkCK6Uf6ov9xz9wU
PASS V0c. no marker exists for session 1 yet | ok GmKtqgnxUdQZ3mmHxHqKsPmc4iCnNsk4sw1R8GRrM2CT
PASS V1. Phantom revokes session 1 (one signature, relayed, session key does not sign) | ok 4CE46Tvj87m4GoAAxtnaw8Z63kDANAvV3PkXh2XsxyyJSry7BinAw9T7u5rx7ojQXXcQvshqyDQVo7rTx8q1yR3p
METRIC revoke {"totalCu":18573,"primeSessionCu":18573,"bytes":726,"fee":10000}
PASS V1b. the marker is empty, owned by prime-session and rent exempt | ok {"lamports":890880,"dataBytes":0,"owner":"FTNMFWiECbRp7D5MwJUiNQfee6NuJPjE7S11J9yc2B9G"}
PASS V2. the revoked session 1 is refused | refused: custom program error: 0x2
PASS V3. the same wallet's session 2 keeps working | ok hDJUAdrw6BVtUvGfiFiNYGA99c6Wbp7yDHvwaSdhpwiAyU3Rf4xMo8S4sqMTR2eT6pq172AopH4eXehE6G9L59N
PASS V3b. revoking session 1 again is refused | refused: custom program error: 0x2
PASS V4a. MetaMask's session-owner key signs a revoke of Phantom's session 2 (data names Phantom as owner) | refused: custom program error: 0x7
PASS V4b. MetaMask signs a revoke naming Phantom's PDA under its own owner field | refused: custom program error: 0x2
PASS V4c. Phantom session 2 still works | ok 2MA9UPahoADyjhM649VLgcH51mKWNs6arwXpHCadJN3jpCWjEXtgR6G6ojpYq3ayyxmZtn2Y4uMwx5UVd52nM6tz
PASS V4d. MetaMask revokes the same key under its own PDA (a marker in MetaMask's namespace) | ok 4Y7TpSLvWbYR3oiR8jeQzzyWKfuwHyt26EuK5KHLRSA9UF4SJZobCvMi7AVmgGLu8QhXWHJwwaYxNm2XszYuqhJt
PASS V4e. ...and Phantom's session 2 still works (the marker is per owner) | ok 5ssf72vMNV2uk8WWQ2kA9gWradif1P4GjciwCwA7Wp71PWz8P9orvwZyvGnw6pzaxsFJhFyFv3ZMZrtSJRYfMrbF
PASS V5a. Phantom revokes a key it never granted | ok pcq4kzmEHCdYKsMu7Kp9LhckvFMzXzpShtDH2vWFZrKS2e5GWCFUUfZXza64UgXxcNcR9GUyy4cymYM42tDcKan
PASS V5b. a grant signed for that key afterwards is refused | refused: custom program error: 0x2
PASS V6a. a revoke signed for account A's PDA, sent with account B's settings and B's marker | refused: custom program error: 0x2
PASS V6b. no marker was created in account B | ok 
PASS V6c. session 3 still works in account A | ok 4RZtUdLycBFyofzXsssu9RaZru7aZrqtJvMDwEi1FHGzbYaaQakxhdhh7Mv4W11744pyH6CvdVsER82kzkSBdnxT
PASS V7a. a pre-fund below the rent minimum is refused by the runtime | refused: {"InsufficientFundsForRent":{"account_index":1}}
PASS V7b. a stranger pre-funds the marker address with 0.001 SOL | ok 3DYu7Lhf9WXoxbP45LToyQ1a5i6GRQXYkwcCqmHprs1MocRPoXBUYp3kj15edr2YZc63MoJgeEzFXAuKBGUL2sXx
PASS V7c. the revoke still works | ok 26VxA1R5PNaFvhrMW3noFauMYpfGFPF7XcqaSyEKgonoevix9GBLC7TPWmbMDxJiWjYEXBwePEkRUQkbwBwPMtAQ
PASS V7d. the revoked session 4 is refused | refused: custom program error: 0x2
PASS V8a. a move that passes another marker address | refused: custom program error: 0x2
PASS V8b. a move with non-canonical bump 254 (canonical 255) and the canonical PDA account | refused: custom program error: 0x2
PASS V8c. the same session with the canonical bump works | ok 3zfcv1vywLHAJCjQ265Prb7BF6ZZAZsVWg4e9hnYF8tQUGhdxTr8UkcWgAtzzdZ7c31kaMRfQ41g3gSXxEntYPPF
PASS V9. a 72-byte instruction (the old length check) | refused: Program FTNMFWiECbRp7D5MwJUiNQfee6NuJPjE7S11J9yc2B9G invoke [1] Program FTNMFWiECbRp7D5MwJUiNQfee6NuJPjE7S11J9yc2B9G consumed 88 of 203000 compute units Program
PASS V9b. a 10-byte instruction | refused: Program FTNMFWiECbRp7D5MwJUiNQfee6NuJPjE7S11J9yc2B9G invoke [1] Program FTNMFWiECbRp7D5MwJUiNQfee6NuJPjE7S11J9yc2B9G consumed 88 of 203000 compute units Program
PASS F0. control: the genuine signature instruction in second place, sig_ix 1 | ok 2sFtxAXPMtcdcDUbgX7cK2b57UMVnXmqQsdFPjXd8jC3g1Ev4KYg5RuT1KgYLS3fLDpofSZeBQibs2WGYtN3dUcr
PASS F1. a key read from another instruction: the attacker's signature over the grant text, the owner's key in the data, key index 0 | refused: custom program error: 0x7
FAIL F2. a message read from another instruction: a replayed owner signature stretches the grant by one second, message index 0 (the session key pays the fee: two signature instructions leave no room for a second fee signature) | ok 2bWGi9grKTfULHdNaVeQZeN213H4QhVaKHobaeMPZFjtbHErbBDeQTtT51rX7WZKvakTZWWDMnvDy648Xsd3Uwx
PASS F4. a signature instruction from another program (a no-op program) that carries the owner key and the exact grant text with an invalid signature | refused: custom program error: 0x7
PASS F3. a signature read from another instruction (the program also refuses it; the precompile already stops this triple) | refused: custom program error: 0x2
PASS R0. Freighter session works before | ok 1gWXHt9HVfqyocJZ3dWN3X2nUuPHsyTP267FPNtYdHqPX3gj9svqYcJkudi5bYVbY7U37Y9tuRQ8uXXPKHijn5g
PASS R1. MetaMask + Phantom update the policy: members MetaMask and Phantom PDAs only:a. MetaMask proposes and approves | ok Fij42YZhoMexks813CbgaAi5BHtEcRTjhsxsMjPAhD6yJdgvpkApUZTaY5mW1bw9uk7YPYHNTKtHiKRoDtgfqJv
PASS R1. MetaMask + Phantom update the policy: members MetaMask and Phantom PDAs only:b. Phantom approves and executes | ok 3HJm9cVoyHW2yKDiYBwE6sRFZi9UoFstdwhvVkujZsPiBPLdajrDd8FByHzcFVe9BRCneWAusoy6PrTUWCpUvX1u
PASS R2. the live Freighter session after removal | refused: Error Code: NotASigner
PASS R3. MetaMask session still works | ok 5LTuUmqGTLP6XpK2Gv5m97YdLEEar8J6JfaHv37z7GfKmV5BrvyvSNxTbCdFK65zFpyRd4FJzBXofLvgriunRVKp
METRIC relayerSpend {"net":"localnet","spentLamports":4092329680,"vaultFundingLamports":4000000000,"sessionKeysFunded":46,"sessionKeyFundingDevnetLamports":92000000,"devnetEstimateLamports":464329680}
NEAR MPC signatures: 35, average 0.0s
132/133 passed
FAIL F2. a message read from another instruction: a replayed owner signature stretches the grant by one second, message index 0 (the session key pays the fee: two signature instructions leave no room for a second fee signature) 2bWGi9grKTfULHdNaVeQZeN213H4QhVaKHobaeMPZFjtbHErbBDeQTtT51rX7WZKvakTZWWDMnvDy648Xsd3Uwx
