{
  MetaMask: "4TXiTPLxe5PrpwiY15tj9nP3wF5F8JPKUsYQyfHCCcod",
  Freighter: "9BcBicoPrGtPJnVynJoj2g1p6zrvaFBkJccorLwGTMZo",
  Phantom: "G5H71U2pASYLeei9MYvWVmCZzjHp2VscWTjpdLYa6LT4",
  sessionMetaMask: "3YomJ7dnhtqFnnPAzRUGmhC8EevR2R4F6Sdx7YN6Pppc",
  sessionFreighter: "Cn2bjH8kGkjioVoB9MY86TDsJ6kKjvaiu9ZCmMsJVW74",
  program: "FTNMFWiECbRp7D5MwJUiNQfee6NuJPjE7S11J9yc2B9G",
  programB: "J38gUL2YFo91GDBnDXwVDaGpk6XWSJUhs7RuditRdiVo",
  net: "localnet",
}
PASS P0. seats are exactly MetaMask(NEAR MPC), Freighter(NEAR MPC), Phantom(own key); threshold 2; vault funded | ok 2mB1vsB3TmbzmnGJ31KPBdtcv2uPz9pugxZunTa6KxyiX6TCmQ1WGHb9fUULCc4BhZCY1bnDqFjdzTJiGNDf6DNk
PASS K1-MetaMask. MetaMask alone:a. MetaMask proposes and approves | ok 3MUu2BTeGKZwB82yCgct7rBxX218SzNvrCTFVfyAjiY2aLm7tRwMdSdFwEetC6Ac3Zvk6QJELCJ61wWKfZDVa6qE
PASS K1-MetaMask. MetaMask alone:b. MetaMask executes with only its own approval | refused: Error Code: InvalidProposalStatus
PASS K1-Freighter. Freighter alone:a. Freighter proposes and approves | ok yQPZqKEDdGiPvjwMafU8iBtQtQTDrrYvT8iogwWd3Euoo2bZnw1ybbKMyNguEzMPnYswSMwiWQbk1gPX3jd6Auw
PASS K1-Freighter. Freighter alone:b. Freighter executes with only its own approval | refused: Error Code: InvalidProposalStatus
PASS K1-Phantom. Phantom alone:a. Phantom proposes and approves | ok 4ns1vXFqZ5GApqsZEQgWjRRf68jtvhEACCdirvSc9np9CRKAeGgR5UWYvCx7MNRTq4uz6Sd9srM5acdzGWsAmVWU
PASS K1-Phantom. Phantom alone:b. Phantom executes with only its own approval | refused: Error Code: InvalidProposalStatus
PASS K2. MetaMask + Freighter:a. MetaMask proposes and approves | ok 5dMqaF39LuX5vWNeKXLxEoxRL7etZLsD7y8XXhd5C9LzMbJbJZRYVVk9F1CEfNcaPaoKaLJB7FAwX34GjSbuCoAL
METRIC seat-propose-K2-MetaMask {"totalCu":78014,"bytes":579,"fee":10000}
PASS K2. MetaMask + Freighter:b. Freighter approves and executes | ok 3Bzzw5GKYiNcbfZ3ZydJG6LGdaTCrH3TGLKZD61pyXnisaHzEBQ2EvKGorL4yPjAoS12z6xhjVVihvFehgmufeiZ
METRIC seat-exec-K2-Freighter {"totalCu":67701,"bytes":490,"fee":10000}
PASS K3. Freighter + Phantom:a. Freighter proposes and approves | ok 2RKyWzJXz8VFGX54DGoEyxMRfCWhYqMoPGPUDgsvx2YauHCQM5jcMVTZFC4zwqpgTpqRwQp36QXAerJogzQuL4dZ
METRIC seat-propose-K3-Freighter {"totalCu":83828,"bytes":579,"fee":10000}
PASS K3. Freighter + Phantom:b. Phantom approves and executes | ok 5rBu4gVKGDVqEiTxbxRva6DLmqxM1eqk2ZSYPHZood1t7zr9HB7LDrV6KtjjrbZ3SdfjegU9fDT8rvg4BMvCWHBk
METRIC seat-exec-K3-Phantom {"totalCu":70829,"bytes":490,"fee":10000}
PASS K4. Phantom + MetaMask:a. Phantom proposes and approves | ok 3AGRc9RaSD6PcWncgzEDkvz7rx6cSsZMhwkMCiVvtJZ9Y9Pz9g6pF9Z3ciZFZwQCy3QAY7teAAUwKqBXWLuDdHxu
METRIC seat-propose-K4-Phantom {"totalCu":79520,"bytes":579,"fee":10000}
PASS K4. Phantom + MetaMask:b. MetaMask approves and executes | ok 5qt3RT13cfsBr7vqGDxhMJv9daKRVSRKaA4C3fjFKVJfFpxwcEqZwx7hUG1j1eGGewrqj2fW9dZtv2gsRzkvtBAk
METRIC seat-exec-K4-MetaMask {"totalCu":67876,"bytes":490,"fee":10000}
PASS K5. DEST received exactly 0.03 SOL | ok 0.03
PASS K6. MetaMask alone (open proposal):a. MetaMask proposes and approves | ok 2rtXX8BvuK92ATXqqiuuRWrvmvAcAGThHp3cjGQ2bxs37aaD8bv7usXSZfLruwBAQ9Vx29tRYbtrHCKQrsVxxC9d
PASS K6. MetaMask alone (open proposal):b. MetaMask executes with only its own approval | refused: Error Code: InvalidProposalStatus
PASS K6c. an outsider approves it | refused: Error Code: NotASigner
PASS K6d. Freighter's seat signed by MetaMask's MPC key | refused: Transaction did not pass signature verification
PASS K6e. Freighter's seat signed by its MPC key under another path | refused: Transaction did not pass signature verification
PASS K6f-MetaMask. MetaMask's seat vote signed by its session-path key | refused: Transaction did not pass signature verification
PASS K6g-MetaMask. MetaMask's session-path key approves as itself | refused: Error Code: NotASigner
PASS K6f-Freighter. Freighter's seat vote signed by its session-path key | refused: Transaction did not pass signature verification
PASS K6g-Freighter. Freighter's session-path key approves as itself | refused: Error Code: NotASigner
PASS K7. install the movers policy (members: the three session PDAs):a. MetaMask proposes and approves | ok TjcEZjoWYQMSggjtNorhepNeQPbnyU7bpvejvphmKB3eeSPY6raReNzYPNWQ8CnbedCGRkH5B72gixSz8YDBhGM
PASS K7. install the movers policy (members: the three session PDAs):b. Phantom approves and executes | ok 5sbbknY7MUx68ak9cG1g9V1oVJmjACCfzu1QfgmdYGWuSUGNSAUmaWbRXEjNYZUY4niErn79SxjGZMCDFZxcL1eS
PASS N0. MetaMask alone (open proposal):a. MetaMask proposes and approves | ok T3YrEjxYkw9B4dQm28C2BMUpd8u9mAsPZ8MwdYWkwjbKQto5eE2KCMDAKeL8Za4Z5R3JyZLXwRXksJ446PFoN7k
PASS N0. MetaMask alone (open proposal):b. MetaMask executes with only its own approval | refused: Error Code: InvalidProposalStatus
PASS N1. Phantom session approves that proposal as its PDA | refused: Error Code: NotASigner
PASS N2. Phantom session key approves it as itself | refused: Error Code: NotASigner
PASS N3. Phantom session proposes a vault transaction as its PDA | refused: Error Code: NotASigner
PASS N4. Phantom session adds its key as a seat (settings sync, as its PDA) | refused: Error Code: InvalidSignerCount
PASS N5. Phantom session calls a program other than the Smart Account (System transfer from its PDA) | refused: Program FTNMFWiECbRp7D5MwJUiNQfee6NuJPjE7S11J9yc2B9G invoke [1] Unknown program SMRTzfY6DfH5ik3TKiyLFfXexV8uSG3d2UksSCYdunG Program FTNMFWiECbRp7D5MwJUiNQfee6Nu
PASS G-MetaMask1. one MetaMask signature (through NEAR) -> session; relayer pays: 0.01 SOL to VENUE | ok 3rktHgLLiJVQpKGMxwLYrijYXpCy3eBCpujCYaY5UTqWgGrEMbH9mjnSRaNXkK7zXYbcJ5b9n78xZimZK5dJpKjE
METRIC move-MetaMask-relayed {"totalCu":52269,"primeSessionCu":52269,"bytes":975,"fee":15000}
PASS G-MetaMask2. relayer down: session key pays the fee itself: 0.005 SOL to VENUE | ok av7gJn6puUDBxD6aZTBo1sYMVZeaVVcWkz94wZD5fGh4aoR4MPBbpyMoNsoMCByurv2r8fj9hfiCQSjTbvPUJLW
PASS G-MetaMask3. VENUE received exactly 0.015 SOL | ok 0.015
PASS G-MetaMask4. relayer down and the session key has no SOL | refused: Attempt to debit an account but found no record of a prior credit
PASS G-MetaMask5. same session: 0.01 SOL elsewhere (policy) | refused: Error Code: ProgramInteractionAccountConstraintViolated
PASS G-MetaMask6. same session: 0.06 SOL to VENUE (over the 0.05 per-move limit) | refused: Error Code: ProgramInteractionInvalidNumericValue
PASS G-MetaMask7. stretched valid-until | refused: custom program error: 0x7
PASS G-MetaMask8. someone else replays the grant with their own key | refused: custom program error: 0x7
PASS G-Freighter1. one Freighter signature (through NEAR) -> session; relayer pays: 0.01 SOL to VENUE | ok 4zyYDy5nxsoUvxRaoJZ1KbnPCHYT1U9ezCDrYnSMZXuTwURusb75DbPd4Wc8WWVCRRaSuCErfSzaHeUPdTTARgoD
METRIC move-Freighter-relayed {"totalCu":52228,"primeSessionCu":52228,"bytes":974,"fee":15000}
PASS G-Freighter2. relayer down: session key pays the fee itself: 0.005 SOL to VENUE | ok 4nBsPCF2j7A5YeLKZAFEDWGrhzHqJBjZVR3amULmDxyPztzasMjQRooBHPnGT1nukq7S1Ea9Ap3WWtGkNfQCQZuJ
PASS G-Freighter3. VENUE received exactly 0.015 SOL | ok 0.015
PASS G-Freighter4. relayer down and the session key has no SOL | refused: Attempt to debit an account but found no record of a prior credit
PASS G-Freighter5. same session: 0.01 SOL elsewhere (policy) | refused: Error Code: ProgramInteractionAccountConstraintViolated
PASS G-Freighter6. same session: 0.06 SOL to VENUE (over the 0.05 per-move limit) | refused: Error Code: ProgramInteractionInvalidNumericValue
PASS G-Freighter7. stretched valid-until | refused: custom program error: 0x7
PASS G-Freighter8. someone else replays the grant with their own key | refused: custom program error: 0x7
PASS G-Phantom1. one Phantom signature -> session; relayer pays: 0.01 SOL to VENUE | ok 4G6gj7t58U7wwvBCcx1g3KGx7uPekf2bAb9fvUsCwoQ41eq1fN7kQDZwxwzwBaK88nYGSvEbiH98wLn3PaGsrNRy
METRIC move-Phantom-relayed {"totalCu":52270,"primeSessionCu":52270,"bytes":975,"fee":15000}
PASS G-Phantom2. relayer down: session key pays the fee itself: 0.005 SOL to VENUE | ok 3xMiNw4Km9fi4dpcnYmpWU7GWFrbEHxbghqrvKT36Ytr2ZZMDVDrKZ5KUddFSoY5VARszCZg41bVn9fsFJX49GBr
PASS G-Phantom3. VENUE received exactly 0.015 SOL | ok 0.015
PASS G-Phantom4. relayer down and the session key has no SOL | refused: Attempt to debit an account but found no record of a prior credit
PASS G-Phantom5. same session: 0.01 SOL elsewhere (policy) | refused: Error Code: ProgramInteractionAccountConstraintViolated
PASS G-Phantom6. same session: 0.06 SOL to VENUE (over the 0.05 per-move limit) | refused: Error Code: ProgramInteractionInvalidNumericValue
PASS G-Phantom7. stretched valid-until | refused: custom program error: 0x7
PASS G-Phantom8. someone else replays the grant with their own key | refused: custom program error: 0x7
PASS G9. grant longer than 7 days | refused: custom program error: 0x4
PASS G10. expired grant | refused: custom program error: 0x4
PASS G11. MetaMask grant with the ed25519 program instruction missing | refused: custom program error: 0x7
PASS G12. ed25519 instruction reading its public key from another instruction | refused: custom program error: 0x0
PASS G13. daily cap shared by all: 0.045 used + 0.05 = 0.095 <= 0.1 | ok 3DsnnVwxhdGiEQ6BxDbF55j2XXBBLzXZpSM5RU1rZN4Ecficg8XdYofMBUBrcmVZF6gTrkCNyQXsDsvEjMYtSm6x
PASS G13b. + 0.01 = 0.105 > 0.1 | refused: Error Code: ProgramInteractionInsufficientLamportAllowance
PASS X1. Freighter's PDA with a grant signed by MetaMask (NEAR) | refused: custom program error: 0x7
PASS X2. Phantom's PDA with a grant signed by Freighter (NEAR) | refused: custom program error: 0x7
PASS X3. MetaMask's PDA with a grant signed by Phantom | refused: custom program error: 0x7
PASS X4. Freighter's PDA with its MPC key under another path | refused: custom program error: 0x7
PASS X4b. Freighter's session PDA with a grant signed by its seat key (prime:solana) | refused: custom program error: 0x7
PASS X5. Phantom grant presented for MetaMask's PDA | refused: custom program error: 0x7
PASS X6. grant signed for cluster mainnet, used on localnet | refused: custom program error: 0x7
PASS X7a. a grant naming program A's PDA, presented to program B with A's PDA | refused: custom program error: 0x2
PASS X7b. the same grant presented to program B with B's PDA (text mismatch) | refused: custom program error: 0x7
PASS X7c. a grant naming program B's PDA, presented to program A with B's PDA | refused: custom program error: 0x2
PASS X7d. the same grant presented to program A with A's PDA (text mismatch) | refused: custom program error: 0x7
PASS X8. Phantom's own signed grant naming MetaMask's PDA | refused: custom program error: 0x2
PASS X9a. valid Phantom grant, data names another settings address | refused: custom program error: 0x2
PASS X10. the session key does not sign (relayer only) | refused: Program FTNMFWiECbRp7D5MwJUiNQfee6NuJPjE7S11J9yc2B9G invoke [1] Program FTNMFWiECbRp7D5MwJUiNQfee6NuJPjE7S11J9yc2B9G consumed 165 of 203000 compute units Progra
PASS X11a. account 3 set to the System program instead of the Smart Account program: the move still runs | ok roT2qzxAL5UZ6q2m2pw76HQMjhD9ExHjEoM5UdaH46EequvsLmG8musAq8UAHVdffXFBBafXFZs6kj68b19Bw2i
PASS X11b. ...and prime-session called only the Smart Account program | ok roT2qzxAL5UZ… Program SMRTzfY6DfH5ik3TKiyLFfXexV8uSG3d2UksSCYdunG invoke [2]
PASS A0. account B created with the same three seats | ok 3qf4qyMXmnbcBq5YzYi4H4BGjZ7UHpoejrwNFAYfNS3LzxMhfKMPk8adTnD5hMji4SQckDPogzRwx65sWYg7CpS7
PASS A1. account B installs its movers policy (members: each wallet's PDA for account B):a. MetaMask proposes and approves | ok 5E254V3rFTQBJRvZ7ArDzRBGzSCEPtNQ97am4EyBNMbGxFfouuMavpbqvF2865az35eGndNsc6RNaJq1ULFHcEWb
PASS A1. account B installs its movers policy (members: each wallet's PDA for account B):b. Phantom approves and executes | ok 4A9uTFLHc7XtkmbS4DTj6drkgJs5aUKXYmi3TyY2SzmmenfWRsywPHLTYggqeU36MDbpGb7W4cF5Yjs1Zctau35
PASS A2. each wallet's PDA differs between account A and account B | ok 7qriG5,J5qGs8,CxMTvv
PASS A3. account A's Phantom grant presented to account B (as Phantom's account-B PDA) | refused: custom program error: 0x7
PASS A4. account A's Phantom PDA calling account B's policy | refused: Error Code: NotASigner
PASS A5. a Phantom grant made for account B works in account B | ok 5HPUmgUuvyrEhxuoiwfkuAZpVuBDksojRe51TceT6K9QoBZ4aGuKTMwEJBGYsuZzEkyUtab8MtwDkUJDRnxvrpHo
PASS A5-M0. Phantom session: one move through the Smart Account (compute units recorded) | ok 4sBRWsoHQJhuCCW9ZwDxRPD5VcnNbTWfcGfFRBbQgWgSmj8BjtVE5YT2qHJoboaoGMKVMTUNRs3FLuPUF6eBExAy
METRIC move-sample-0 {"totalCu":49238,"primeSessionCu":49238,"bytes":975,"fee":15000}
PASS A5-M1. Phantom session: one move through the Smart Account (compute units recorded) | ok jUoFepz5Z1nBvuEknVcRvcEXM5zzDAHD4E3hQdrbiy9VREfTDdYc9phtwY4yGzDqPF8h6wtfbi2ecdLXyP3M8YA
METRIC move-sample-1 {"totalCu":52238,"primeSessionCu":52238,"bytes":975,"fee":15000}
PASS A5-M2. Phantom session: one move through the Smart Account (compute units recorded) | ok 5qriuzJzHb1kKErStdVQLNkMCFBf1xKtF3MV79FFxVErhP6EYSP9cuhFPeU2kHvQGHMvEpcKyLWZ8wPV9VUiH2TG
METRIC move-sample-2 {"totalCu":50738,"primeSessionCu":50738,"bytes":975,"fee":15000}
PASS A5-M3. Phantom session: one move through the Smart Account (compute units recorded) | ok 3aPSwph97U1fxsXGyriinKakaAmBDBF1YxEpTXaUS5cZnc27K9RqQdRpuXE8QyNFm99RRfcJVxYRPT2dHjB81dk5
METRIC move-sample-3 {"totalCu":55228,"primeSessionCu":55228,"bytes":974,"fee":15000}
PASS A5-M4. Phantom session: one move through the Smart Account (compute units recorded) | ok 2o9ksGgGgK9DgKUkhsmmVhgqQ2kkHGzwbRkyjzCagWTh3Xb4j4HrXw6zTvKocQo7NF8t9R1dRLpTy7h9K3n3RCJX
METRIC move-sample-4 {"totalCu":49238,"primeSessionCu":49238,"bytes":975,"fee":15000}
PASS A5-M5. Phantom session: one move through the Smart Account (compute units recorded) | ok 3mHPzYuMmiaE7yLxVVv6juPVodW5EFVMXKS9ADBGFS16wXmYVuycpkqJtHUo8QfjUWixai5kH8L6J1SEWiUKTiLf
METRIC move-sample-5 {"totalCu":49238,"primeSessionCu":49238,"bytes":975,"fee":15000}
PASS A5-M6. Phantom session: one move through the Smart Account (compute units recorded) | ok 2GA1REugJZYyLYjScs4ij9ujRRCxejs24HvexD85sAx9okoyUsRLtXFHSG9CH88NCnqnBVoXGDgcXE9YVytUwM4
METRIC move-sample-6 {"totalCu":49238,"primeSessionCu":49238,"bytes":975,"fee":15000}
PASS A5-M7. Phantom session: one move through the Smart Account (compute units recorded) | ok 55P5MwZ1YCGVsQ2Z1pU7mS89hHtZ9DVS1aVjpyVDRfoWnvoJGnJ3DR4rvr9Ph8fnomZQm1EmHtUGhxxMkyKJjFaq
METRIC move-sample-7 {"totalCu":50738,"primeSessionCu":50738,"bytes":975,"fee":15000}
PASS A5-M8. Phantom session: one move through the Smart Account (compute units recorded) | ok eVqd2QXkrhnyBWGfL5KRbCnVHG8WrvThYAxY1hXV1ApNf475XtrEu9ti6Wk1skdkipZGmbUPmQrL2m1fRFM4LuT
METRIC move-sample-8 {"totalCu":49238,"primeSessionCu":49238,"bytes":975,"fee":15000}
PASS A5-M9. Phantom session: one move through the Smart Account (compute units recorded) | ok 3FYGeGesJP1RrC3BjHnaaKNz9HGHo5DiBskieC9HH8qbNDBTnuEYGqL8o5a4unazS6Y62DjAU3P5DZpJuvBHAQyo
METRIC move-sample-9 {"totalCu":49238,"primeSessionCu":49238,"bytes":975,"fee":15000}
PASS A6. account B's grant presented to account A | refused: custom program error: 0x7
PASS V0a. Phantom session 1 works | ok 2NpirFWaLmaJmeLaT2xADmyfbztK863ypy7tAvemSC3A7A4jNrY9awcujqPFNRHsLwCTUirDw7SbKPgvRf5KLy5i
PASS V0b. Phantom session 2 works | ok 556tydtMgS3CBx7DgVSnxgsfVLFNipXcffz6qnPoc9t3WdBswX3beePxq6xB4kSvGUSx6EHFGRAa1C5M7uu6dGoB
PASS V0c. no marker exists for session 1 yet | ok DzYAtK31t6ZwFzabjWoGwgUxiXdtc5Dcu2hEpvci48bJ
PASS V1. Phantom revokes session 1 (one signature, relayed, session key does not sign) | ok 4JmyW4gRfGM99EsnvruorbiSBZorrHW6NQPvRgQXbuASwUJd3ejdrURvHkSVEnLvdTCrtTmNKsXQZDaJsXcLBsyn
METRIC revoke {"totalCu":23073,"primeSessionCu":23073,"bytes":726,"fee":10000}
PASS V1b. the marker is empty, owned by prime-session and rent exempt | ok {"lamports":890880,"dataBytes":0,"owner":"FTNMFWiECbRp7D5MwJUiNQfee6NuJPjE7S11J9yc2B9G"}
PASS V2. the revoked session 1 is refused | refused: custom program error: 0x2
PASS V3. the same wallet's session 2 keeps working | ok rRaagy5qtga8kxp8pYz7sPbQLoHUnGME5WLMKCW2yBpvBPpJsX2YvaFukKxGiyBt7C5VDq3qp5B4fG8qMK3fFHW
PASS V3b. revoking session 1 again is refused | refused: custom program error: 0x2
PASS V4a. MetaMask's session-owner key signs a revoke of Phantom's session 2 (data names Phantom as owner) | refused: custom program error: 0x7
PASS V4b. MetaMask signs a revoke naming Phantom's PDA under its own owner field | refused: custom program error: 0x2
PASS V4c. Phantom session 2 still works | ok 4LRQiAycshwJj7xT4B8rk5jWF59fRMRcP8P39CLXx9mXSGv2saGDy6LrcSi9EsqciEZm3XLC1s2T9Uw1jL4ojsE5
PASS V4d. MetaMask revokes the same key under its own PDA (a marker in MetaMask's namespace) | ok 3ToUUxLqSF6myHHp8hnUYzfDxqDtuhtrxGnn4gUQ8BLkGjXywDVJmaEc5vhP7fnap4YE7adjbbeniFJ2SgELjn3Y
PASS V4e. ...and Phantom's session 2 still works (the marker is per owner) | ok TVHSRtaVZY7om8F4yx7gBkLSH8hQFpinRcmPyesa5ruYWqb1pPmRXm5N4TcugowCmjdvmBJ3SQaNxjhYZbLJgNw
PASS V5a. Phantom revokes a key it never granted | ok 5rwonGNZn2tFJGuHCaFvdrLoKbohyNL6KGSkoi6PdgG88PgWUy7FJjKaf88jNZsmZNPNQS8QmqUNM1nXMVT2TRQD
PASS V5b. a grant signed for that key afterwards is refused | refused: custom program error: 0x2
PASS V6a. a revoke signed for account A's PDA, sent with account B's settings and B's marker | refused: custom program error: 0x2
PASS V6b. no marker was created in account B | ok 
PASS V6c. session 3 still works in account A | ok P1wcotne5xM2BnsCKnZ1T5CCLQQYMB62ARF3G41fmJe7MZJMD9nZm5W4uQKo21NabYFzA6m65CeGBdEi9pJw9oV
PASS V7a. a pre-fund below the rent minimum is refused by the runtime | refused: {"InsufficientFundsForRent":{"account_index":1}}
PASS V7b. a stranger pre-funds the marker address with 0.001 SOL | ok 4zEWKuKmJgmKHU96RpLkKMefqGPk2ooAMh1zkea8cVNfHmCoMdpjQjh59HGhzWzQN4FnXhjNGt9mKWDyxRC3hTtN
PASS V7c. the revoke still works | ok 2Bm8umT58ynkQ18KVjsTWrNQR51VakmjrNSjHamEcxbeEnrLdX3d29c5ty9M3QV65AaRQwQjbNYJYfPpzGKs4bF2
PASS V7d. the revoked session 4 is refused | refused: custom program error: 0x2
PASS V8a. a move that passes another marker address | refused: custom program error: 0x2
PASS V8b. a move with non-canonical bump 254 (canonical 255) and the canonical PDA account | refused: custom program error: 0x2
PASS V8c. the same session with the canonical bump works | ok 3b6a6GtCXLQ5jSFpYp6Pg4vQDkXu9Ekokmf2iFX7bjDzjYAkJyDXWUWY42wUpuS3LczQ6N5Uf3XxiGEpSECR53cN
PASS V9. a 72-byte instruction (the old length check) | refused: Program FTNMFWiECbRp7D5MwJUiNQfee6NuJPjE7S11J9yc2B9G invoke [1] Program FTNMFWiECbRp7D5MwJUiNQfee6NuJPjE7S11J9yc2B9G consumed 88 of 203000 compute units Program
PASS V9b. a 10-byte instruction | refused: Program FTNMFWiECbRp7D5MwJUiNQfee6NuJPjE7S11J9yc2B9G invoke [1] Program FTNMFWiECbRp7D5MwJUiNQfee6NuJPjE7S11J9yc2B9G consumed 88 of 203000 compute units Program
PASS R0. Freighter session works before | ok 66w5SVq2G6gqPvo7t41wiN73kviBJF74wzhLLudVg3rQ5b5fgDxMF6YdGVPUcL79kM5tzFSogTbWbogwcJwHQrA1
PASS R1. MetaMask + Phantom update the policy: members MetaMask and Phantom PDAs only:a. MetaMask proposes and approves | ok 4tm4cYsgWS447b92NQniYiMbsza4RKEdcSwp3i6G3jiAKxrPwhxbC6gPiDD84o5w4WbyXhy4fjcmb4WQ3kxxWJs
PASS R1. MetaMask + Phantom update the policy: members MetaMask and Phantom PDAs only:b. Phantom approves and executes | ok 381YKAHvoTBvUX9oaGqdJjZfMNEWBYuJtEq2fg2n9ztqzkaFuND4XGAGM1YNkrSVfuSxnmzAU8gc3nfhQrJzHA6r
PASS R2. the live Freighter session after removal | refused: Error Code: NotASigner
PASS R3. MetaMask session still works | ok 5dSSFEwHfx2BFkGBdnBxS4L8BzFa25NNE9tf5mE4MPMqu67mfs7P8gqjamtkeQz4Dc2KPFEoe2HfsJhBmmHiFRyu
METRIC relayerSpend {"net":"localnet","spentLamports":4092309680,"vaultFundingLamports":4000000000,"sessionKeysFunded":41,"sessionKeyFundingDevnetLamports":82000000,"devnetEstimateLamports":454309680}
NEAR MPC signatures: 35, average 0.0s
128/128 passed
