{
  MetaMask: "4TXiTPLxe5PrpwiY15tj9nP3wF5F8JPKUsYQyfHCCcod",
  Freighter: "9BcBicoPrGtPJnVynJoj2g1p6zrvaFBkJccorLwGTMZo",
  Phantom: "G5H71U2pASYLeei9MYvWVmCZzjHp2VscWTjpdLYa6LT4",
  sessionMetaMask: "3YomJ7dnhtqFnnPAzRUGmhC8EevR2R4F6Sdx7YN6Pppc",
  sessionFreighter: "Cn2bjH8kGkjioVoB9MY86TDsJ6kKjvaiu9ZCmMsJVW74",
  program: "FTNMFWiECbRp7D5MwJUiNQfee6NuJPjE7S11J9yc2B9G",
  programB: "J38gUL2YFo91GDBnDXwVDaGpk6XWSJUhs7RuditRdiVo",
  net: "localnet",
}
PASS P0. seats are exactly MetaMask(NEAR MPC), Freighter(NEAR MPC), Phantom(own key); threshold 2; vault funded | ok 3eNqt8awwY8MUcoyxvazGHcvqxkthdEyi1TYXGDteEHqybfYV8moYcjnCrfTDz51BtQfF9HHYDVJ111YD6ZocZE2
PASS K1-MetaMask. MetaMask alone:a. MetaMask proposes and approves | ok 3Rr1mYaztXcrkmZA4RbQm3PP3aUVzcZ72CPUQjkWq7hjXGP6vFaCEAk72poi11aPp6TQeEBFDB9wWoH9fnca9jjp
PASS K1-MetaMask. MetaMask alone:b. MetaMask executes with only its own approval | refused: Error Code: InvalidProposalStatus
PASS K1-Freighter. Freighter alone:a. Freighter proposes and approves | ok 5MYGwPVnLQwFgfrT3YyPmAGoSTq8BmbSq9H97NFJwXh6wJz17pidW1bdNSuxKUG27DDxDjhPbyqp8YeGsYnTGjp
PASS K1-Freighter. Freighter alone:b. Freighter executes with only its own approval | refused: Error Code: InvalidProposalStatus
PASS K1-Phantom. Phantom alone:a. Phantom proposes and approves | ok iW5d2bpDuwZoJsfyVVZFyqJ4mQtpY4T7Jb48i6ASgxKBRMM2CpNo8E8kMfvDHwv3ZPQWuWkjgGhMU73x6YfSHV4
PASS K1-Phantom. Phantom alone:b. Phantom executes with only its own approval | refused: Error Code: InvalidProposalStatus
PASS K2. MetaMask + Freighter:a. MetaMask proposes and approves | ok 4BCqLa4ryUev5oc5KgsJeLP5tGYCYNCj7RD45SPY6h8zyxR7Z4E2HZo67joZinFEFavBKUu5d4966SxM3k68uGVW
METRIC seat-propose-K2-MetaMask {"totalCu":78014,"bytes":579,"fee":10000}
PASS K2. MetaMask + Freighter:b. Freighter approves and executes | ok 5gjb7HBoBE7P6DRa199CnFvyAUXfcQfMJYwgzfHcsAxM55G9fPLx3SaU9oAPoiWVzGPwgC78tayKqsBG8aaSMbvi
METRIC seat-exec-K2-Freighter {"totalCu":67701,"bytes":490,"fee":10000}
PASS K3. Freighter + Phantom:a. Freighter proposes and approves | ok 4MHbcDpbxVBYUNg6iXreFx2efEqxVRoH5DPmxYEF5vBsG7zYWK9GHd4kZ5psRRf4UnrYM72fBsH1YJsewfsczQNy
METRIC seat-propose-K3-Freighter {"totalCu":83828,"bytes":579,"fee":10000}
PASS K3. Freighter + Phantom:b. Phantom approves and executes | ok 5utHvHVvvK7tV9zBjCb53KPBWBhTzrfNzfvdxyRPMEqDSPStuiQs6Y1B4mCftxfCVqfkMV1J6qHjMPWQ2jdR2Crw
METRIC seat-exec-K3-Phantom {"totalCu":70829,"bytes":490,"fee":10000}
PASS K4. Phantom + MetaMask:a. Phantom proposes and approves | ok 2PD2RNRsNFmeLVNYidPSYVinfZsgvH3iWUT9SR3h3T4o5f1fK9Qsi9oentexwqKGXGLHWxnbfa77DS4JG3zuGr5A
METRIC seat-propose-K4-Phantom {"totalCu":79520,"bytes":579,"fee":10000}
PASS K4. Phantom + MetaMask:b. MetaMask approves and executes | ok 58XVsM4anctyR5XmofQGAaQMzubFfpmzVG2TS8XUiSCtxpARChg3CBFDZsCi6bbPpyeCiFyfBUc5GaegWjWXkYz9
METRIC seat-exec-K4-MetaMask {"totalCu":67876,"bytes":490,"fee":10000}
PASS K5. DEST received exactly 0.03 SOL | ok 0.03
PASS K6. MetaMask alone (open proposal):a. MetaMask proposes and approves | ok 3VM1TfHMneGgnYF69q4A2ZJxNr9k6AkjDziWVQSFsYbaR9XJWoEUyjs9sHHG4rquYa7tAeEU3FjDHKf1T9EWNKhx
PASS K6. MetaMask alone (open proposal):b. MetaMask executes with only its own approval | refused: Error Code: InvalidProposalStatus
PASS K6c. an outsider approves it | refused: Error Code: NotASigner
PASS K6d. Freighter's seat signed by MetaMask's MPC key | refused: Transaction did not pass signature verification
PASS K6e. Freighter's seat signed by its MPC key under another path | refused: Transaction did not pass signature verification
PASS K6f-MetaMask. MetaMask's seat vote signed by its session-path key | refused: Transaction did not pass signature verification
PASS K6g-MetaMask. MetaMask's session-path key approves as itself | refused: Error Code: NotASigner
PASS K6f-Freighter. Freighter's seat vote signed by its session-path key | refused: Transaction did not pass signature verification
PASS K6g-Freighter. Freighter's session-path key approves as itself | refused: Error Code: NotASigner
PASS K7. install the movers policy (members: the three session PDAs):a. MetaMask proposes and approves | ok rdnJjafPBfRX9QhFkV53gmp7myuvMT97x7WSqNDkTUfEdo8L9xSKRKWvKRGWVfs4JnJnTQuLh5ycvTezwR29Rdt
PASS K7. install the movers policy (members: the three session PDAs):b. Phantom approves and executes | ok 2hCcPyEjCxPfYE7vspP9jYGVfjMvd4NGFSZAqcuFQHipj2MfGSz33ZBzcXQe9gmMng1zJtfUty7GWob5aNrz9aPz
PASS N0. MetaMask alone (open proposal):a. MetaMask proposes and approves | ok 34ETErW9mr9gqHgwaYoEZcNd9nhq4B3qr8hUXhQZwpYiWMfpPAKEJRhJwYtZyZ3HYdpGNrrhi1KECizFBxYbnjDZ
PASS N0. MetaMask alone (open proposal):b. MetaMask executes with only its own approval | refused: Error Code: InvalidProposalStatus
PASS N1. Phantom session approves that proposal as its PDA | refused: Error Code: NotASigner
PASS N2. Phantom session key approves it as itself | refused: Error Code: NotASigner
PASS N3. Phantom session proposes a vault transaction as its PDA | refused: Error Code: NotASigner
PASS N4. Phantom session adds its key as a seat (settings sync, as its PDA) | refused: Error Code: InvalidSignerCount
PASS N5. Phantom session calls a program other than the Smart Account (System transfer from its PDA) | refused: Program FTNMFWiECbRp7D5MwJUiNQfee6NuJPjE7S11J9yc2B9G invoke [1] Unknown program SMRTzfY6DfH5ik3TKiyLFfXexV8uSG3d2UksSCYdunG Program FTNMFWiECbRp7D5MwJUiNQfee6Nu
PASS G-MetaMask1. one MetaMask signature (through NEAR) -> session; relayer pays: 0.01 SOL to VENUE | ok o67Anoep5uaxc83t5YdNj1MK9XiFVDLsZHh16z84x5os4N5pN4k7LFuBYggjDdgEEpwFQGngzhQZmTJSyhEL5F9
METRIC move-MetaMask-relayed {"totalCu":56338,"primeSessionCu":56338,"bytes":974,"fee":15000}
PASS G-MetaMask2. relayer down: session key pays the fee itself: 0.005 SOL to VENUE | ok 3uJGPQ32stD6Zwtb7ndubJ2KzD6S6NCcCeXEFPC6hsxpHdBiSRGi3hamPEs479knVLHLarjoMzcd5gH4RAY9Gyb2
PASS G-MetaMask3. VENUE received exactly 0.015 SOL | ok 0.015
PASS G-MetaMask4. relayer down and the session key has no SOL | refused: Attempt to debit an account but found no record of a prior credit
PASS G-MetaMask5. same session: 0.01 SOL elsewhere (policy) | refused: Error Code: ProgramInteractionAccountConstraintViolated
PASS G-MetaMask6. same session: 0.06 SOL to VENUE (over the 0.05 per-move limit) | refused: Error Code: ProgramInteractionInvalidNumericValue
PASS G-MetaMask7. stretched valid-until | refused: custom program error: 0x7
PASS G-MetaMask8. someone else replays the grant with their own key | refused: custom program error: 0x7
PASS G-Freighter1. one Freighter signature (through NEAR) -> session; relayer pays: 0.01 SOL to VENUE | ok 4kfXfPFJZpCH8BvKLHTWusZcjWmELCHa7v1i71EtoeubY4et8PGAW5ZQxXSxTft4S5wE6SwRy9DQW3w3T4rcWJ7t
METRIC move-Freighter-relayed {"totalCu":56320,"primeSessionCu":56320,"bytes":975,"fee":15000}
PASS G-Freighter2. relayer down: session key pays the fee itself: 0.005 SOL to VENUE | ok 57bbnKib8ZrjL6QkNZmHVT59g5Qrm12RjS3s6sHdocrVpiVRXMV4g5FqYHHqtJRz4LGVEQyfkBtdTAKZBi8A3ZTe
PASS G-Freighter3. VENUE received exactly 0.015 SOL | ok 0.015
PASS G-Freighter4. relayer down and the session key has no SOL | refused: Attempt to debit an account but found no record of a prior credit
PASS G-Freighter5. same session: 0.01 SOL elsewhere (policy) | refused: Error Code: ProgramInteractionAccountConstraintViolated
PASS G-Freighter6. same session: 0.06 SOL to VENUE (over the 0.05 per-move limit) | refused: Error Code: ProgramInteractionInvalidNumericValue
PASS G-Freighter7. stretched valid-until | refused: custom program error: 0x7
PASS G-Freighter8. someone else replays the grant with their own key | refused: custom program error: 0x7
PASS G-Phantom1. one Phantom signature -> session; relayer pays: 0.01 SOL to VENUE | ok JQiWtXJ4pb3TE2BCNZBTwZ731ZzUVKVTwPmRyamNeqpRoXfEYiGuHwCCQ7DDnXkmpZRHwjSdKFvzHb9aYYo46BX
METRIC move-Phantom-relayed {"totalCu":57852,"primeSessionCu":57852,"bytes":975,"fee":15000}
PASS G-Phantom2. relayer down: session key pays the fee itself: 0.005 SOL to VENUE | ok 3jDTMdujFwNzC5LTANcUKLK9mA4moBSQuzadKxEuctkPYeuiEXJfidxRXawXyQtJwst1JcxEBmsU3vZGoMb77raM
PASS G-Phantom3. VENUE received exactly 0.015 SOL | ok 0.015
PASS G-Phantom4. relayer down and the session key has no SOL | refused: Attempt to debit an account but found no record of a prior credit
PASS G-Phantom5. same session: 0.01 SOL elsewhere (policy) | refused: Error Code: ProgramInteractionAccountConstraintViolated
PASS G-Phantom6. same session: 0.06 SOL to VENUE (over the 0.05 per-move limit) | refused: Error Code: ProgramInteractionInvalidNumericValue
PASS G-Phantom7. stretched valid-until | refused: custom program error: 0x7
PASS G-Phantom8. someone else replays the grant with their own key | refused: custom program error: 0x7
PASS G9. grant longer than 7 days | refused: custom program error: 0x4
PASS G10. expired grant | refused: custom program error: 0x4
PASS G11. MetaMask grant with the ed25519 program instruction missing | refused: custom program error: 0x7
PASS G12. ed25519 instruction reading its public key from another instruction | refused: custom program error: 0x0
PASS G13. daily cap shared by all: 0.045 used + 0.05 = 0.095 <= 0.1 | ok 2eaEc8FcqsXobRqvWLc6oMu4cqNaJUzzTNUmKzrMeuQhTMZQb8994KFi6a3JqZ2dqcJMU5iqXSSKLhPwoQTRCg6y
PASS G13b. + 0.01 = 0.105 > 0.1 | refused: Error Code: ProgramInteractionInsufficientLamportAllowance
FAIL X1. Freighter's PDA with a grant signed by MetaMask (NEAR) | ok 39gfYwibtup5Yaf5XQWxRw2pxFNjVA569oUAcbEUriKQjeSAvaXvoDQj9FmKdKcZ5s9EbKPaQh4wD6aAaZuqtaZr
FAIL X2. Phantom's PDA with a grant signed by Freighter (NEAR) | ok 3HecYpDvvY56fTCqFSjk57ANYL4K3fmnidqgsdKH8e9KFyxSyU8NYYrVzoZkpRzfaRie12JZwhD7G6wUTKs27ZHi
FAIL X3. MetaMask's PDA with a grant signed by Phantom | ok 36vgsmvn8E1E4sWG8mviU5mURS9zxTKryU4nvER51gKEUh713Yy5inhQzW1i3E71nXZssMWFArBkgXLYjejETWCK
FAIL X4. Freighter's PDA with its MPC key under another path | ok 4hBvXwf9UFxyJPxz93S1AmgeCv5MgT9CjLJJDfBzu2wFYWddbE37ncJnfekPQfqZC5KJkGWTZBPWhgreD2HMSKzo
FAIL X4b. Freighter's session PDA with a grant signed by its seat key (prime:solana) | ok 2wMt2QvfoDjy3JsjYqkVrUdKLpAGjuRe3PmajhuCK2uyCgonR2mfJaKw82AUYCZjimL8mZC9HpCBPmLEHXyLQjgA
PASS X5. Phantom grant presented for MetaMask's PDA | refused: custom program error: 0x7
PASS X6. grant signed for cluster mainnet, used on localnet | refused: custom program error: 0x7
PASS X7a. a grant naming program A's PDA, presented to program B with A's PDA | refused: custom program error: 0x2
PASS X7b. the same grant presented to program B with B's PDA (text mismatch) | refused: custom program error: 0x7
PASS X7c. a grant naming program B's PDA, presented to program A with B's PDA | refused: custom program error: 0x2
PASS X7d. the same grant presented to program A with A's PDA (text mismatch) | refused: custom program error: 0x7
PASS X8. Phantom's own signed grant naming MetaMask's PDA | refused: custom program error: 0x2
PASS X9a. valid Phantom grant, data names another settings address | refused: custom program error: 0x2
PASS X10. the session key does not sign (relayer only) | refused: Program FTNMFWiECbRp7D5MwJUiNQfee6NuJPjE7S11J9yc2B9G invoke [1] Program FTNMFWiECbRp7D5MwJUiNQfee6NuJPjE7S11J9yc2B9G consumed 2483 of 203000 compute units Progr
FAIL X11a. account 3 set to the System program instead of the Smart Account program: the move still runs | refused: Error Code: ProgramInteractionInsufficientLamportAllowance
PASS X11b. ...and prime-session called only the Smart Account program | ok 2wMt2QvfoDjy… Program SMRTzfY6DfH5ik3TKiyLFfXexV8uSG3d2UksSCYdunG invoke [2]
PASS A0. account B created with the same three seats | ok 4tzCmmFs2yhCUirEN7r361TeA3vfJWqBHTq5WKz7MfnE8uj8mV7P65GgQHki7vNK6bPrB13Rg19F1j3gyyLf6NJs
PASS A1. account B installs its movers policy (members: each wallet's PDA for account B):a. MetaMask proposes and approves | ok 3iYGiEM4QRCHkHyG2cCuVos6EPWFtRUeQ4RVmXGyqZEcvKNKFwGtWKCaTFT7LbZ4c4rf8AAEeMc6JuhG4tGLiHMA
PASS A1. account B installs its movers policy (members: each wallet's PDA for account B):b. Phantom approves and executes | ok 5LqK2g14oCE2SLZXk66pivw2xYr8Cs4tG6HMRAbykaEqreVnd1UJvCsxobu2vY2iPePypASWpDxWicfXCRQBEkVM
PASS A2. each wallet's PDA differs between account A and account B | ok 7qriG5,J5qGs8,CxMTvv
PASS A3. account A's Phantom grant presented to account B (as Phantom's account-B PDA) | refused: custom program error: 0x7
PASS A4. account A's Phantom PDA calling account B's policy | refused: Error Code: NotASigner
PASS A5. a Phantom grant made for account B works in account B | ok 67ikMNaZJ6EzrBU8oetLoEFEiHwA8pYgPiXg6DncSvhB32KbBUjBdEuuV4QNdytjhMZtHg6mH7MGScjXtAUQAUk6
PASS A5-M0. Phantom session: one move through the Smart Account (compute units recorded) | ok 2mZ5QZegXG6c6jMJs6eivSQNHEkpuD6xsSXh6rroXmoe7Vcq8BuS5vo2qxZNBJvm3uREtb41kRRKHNtpztFxGBg6
METRIC move-sample-0 {"totalCu":54820,"primeSessionCu":54820,"bytes":975,"fee":15000}
PASS A5-M1. Phantom session: one move through the Smart Account (compute units recorded) | ok 46ZWss1rgo27ixPK137WCdkG4YTkuXzUcuD7tNsRrv8x5aADwkwUYaQjYqAyKFKd5VowsQB3h8y7Dw2qheSGUYMZ
METRIC move-sample-1 {"totalCu":56320,"primeSessionCu":56320,"bytes":975,"fee":15000}
PASS A5-M2. Phantom session: one move through the Smart Account (compute units recorded) | ok 5ztyuWyWNZYGq87KMGSKYPm7cApfQK66PfAm5pe9cPCbkjkk9UN8fYndLv2ESaNSfEKk1m1jSQHFy8S16ccHNZvT
METRIC move-sample-2 {"totalCu":53320,"primeSessionCu":53320,"bytes":975,"fee":15000}
PASS A5-M3. Phantom session: one move through the Smart Account (compute units recorded) | ok 5T3JhpHFDRokySHCbRgTSL4GTERgqxQxzgvvoJ2v83Yg52L22U3fMq6P4aFmHuxL9sT3FsXQ9igwyvMorVK6EHCq
METRIC move-sample-3 {"totalCu":53320,"primeSessionCu":53320,"bytes":975,"fee":15000}
PASS A5-M4. Phantom session: one move through the Smart Account (compute units recorded) | ok 5uB3WybWiW4v3Ui326dwmeLqB8LEgwZ8qiZvaJ7CE6TuDwbCcCNBEmJTqXjWPGTiVPdkAE8i4y9YqcnLkQgBuPxV
METRIC move-sample-4 {"totalCu":56320,"primeSessionCu":56320,"bytes":975,"fee":15000}
PASS A5-M5. Phantom session: one move through the Smart Account (compute units recorded) | ok 3ti5Dpd3LvVbJRMfLqxP1gSGHovma6mqokm8G38zA2EfX1B4uiM4D31bD4KBku7AhAEsMKsU85ZSi51NJTLTjnxs
METRIC move-sample-5 {"totalCu":53320,"primeSessionCu":53320,"bytes":975,"fee":15000}
PASS A5-M6. Phantom session: one move through the Smart Account (compute units recorded) | ok 4BMWUz5jG1rnek3HG3zEXb69MsRozdP9cmhAuYEzJRzmU6Bp1K2nn8EwNmWW8ED94f71Qo6TZwEZJQuRdfs2NDhq
METRIC move-sample-6 {"totalCu":53320,"primeSessionCu":53320,"bytes":975,"fee":15000}
PASS A5-M7. Phantom session: one move through the Smart Account (compute units recorded) | ok 2MPEVsoS9bwNi1ywQACvxKnSnQk5TChBosXcfK8achR2Z9zUHRhGoZjn6kRs3TscNN2TKnyStMkMfVnTLkgvxtiH
METRIC move-sample-7 {"totalCu":59320,"primeSessionCu":59320,"bytes":975,"fee":15000}
PASS A5-M8. Phantom session: one move through the Smart Account (compute units recorded) | ok 35KVCGoyu7jFhjRx6NsxEweehsKKgkzFgCcahwxBKeFwp9z6hi3EeEkcA8o7VADeDwSxERP7LJDo3SoPQV3Mq6uH
METRIC move-sample-8 {"totalCu":56320,"primeSessionCu":56320,"bytes":975,"fee":15000}
PASS A5-M9. Phantom session: one move through the Smart Account (compute units recorded) | ok 5LRRetSMMtnk9soAP8S9d1BTA2snDo7CsAmaiW19b7uTVyVHS5jr9reFnHh6G4NV18ENYENDbZJfeV9kzJqG76ti
METRIC move-sample-9 {"totalCu":53320,"primeSessionCu":53320,"bytes":975,"fee":15000}
PASS A6. account B's grant presented to account A | refused: custom program error: 0x7
FAIL V0a. Phantom session 1 works | refused: Error Code: ProgramInteractionInsufficientLamportAllowance
FAIL V0b. Phantom session 2 works | refused: Error Code: ProgramInteractionInsufficientLamportAllowance
PASS V0c. no marker exists for session 1 yet | ok Djm6USTCdsPpeK8U3oJsw6YoeFSP7RQVeKSUCabmaKiQ
PASS V1. Phantom revokes session 1 (one signature, relayed, session key does not sign) | ok 3s47bDzNomE4fSuV5UcQ9isLqGdcF1m9Xkh5WdSd22GgTr3m5QspviJ3WyZkXyxi6pwK8QzCc4zbHyFojSR5ozrz
METRIC revoke {"totalCu":25202,"primeSessionCu":25202,"bytes":725,"fee":10000}
PASS V1b. the marker is empty, owned by prime-session and rent exempt | ok {"lamports":890880,"dataBytes":0,"owner":"FTNMFWiECbRp7D5MwJUiNQfee6NuJPjE7S11J9yc2B9G"}
PASS V2. the revoked session 1 is refused | refused: custom program error: 0x2
FAIL V3. the same wallet's session 2 keeps working | refused: Error Code: ProgramInteractionInsufficientLamportAllowance
PASS V3b. revoking session 1 again is refused | refused: custom program error: 0x2
FAIL V4a. MetaMask's session-owner key signs a revoke of Phantom's session 2 (data names Phantom as owner) | ok 2UcB7sczp7arkXttcWxad6cjm52PuvPQx4dobhDtXPoTV2Z75LACFRQrAerZr238pU3ANVLpotMDeUgejSwurPEL
PASS V4b. MetaMask signs a revoke naming Phantom's PDA under its own owner field | refused: custom program error: 0x2
FAIL V4c. Phantom session 2 still works | refused: custom program error: 0x2
PASS V4d. MetaMask revokes the same key under its own PDA (a marker in MetaMask's namespace) | ok 5S1iM4zrHjdYcsx1Hbb7UHBnoKE5uR9SLZe4cdnZrDrQhbdQHsrtYaKwQoS9ds8E3wxJEmYqbkDpBdt8RB61ojUm
FAIL V4e. ...and Phantom's session 2 still works (the marker is per owner) | refused: custom program error: 0x2
PASS V5a. Phantom revokes a key it never granted | ok 3F339bQwUh3HsD4z4s25yev9YtSTeowTvAYwB7dhngUXQ5Gir9FVtPTv8zKVVhTA2GL67bDH9CXpx4oZ85eQgoe3
PASS V5b. a grant signed for that key afterwards is refused | refused: custom program error: 0x2
PASS V6a. a revoke signed for account A's PDA, sent with account B's settings and B's marker | refused: custom program error: 0x2
PASS V6b. no marker was created in account B | ok 
FAIL V6c. session 3 still works in account A | refused: Error Code: ProgramInteractionInsufficientLamportAllowance
PASS V7a. a pre-fund below the rent minimum is refused by the runtime | refused: {"InsufficientFundsForRent":{"account_index":1}}
PASS V7b. a stranger pre-funds the marker address with 0.001 SOL | ok 2NCfC1jNKckryUqr16PWTJFbvzQ19vxuXNiWC68kMfCXv5Z51N6NVznxtvPXrk2gK5EKBGSZQ4pT9gjJPp3haPnM
PASS V7c. the revoke still works | ok 44TMra18qahPTpZQGsLc15nwwntpUPKZtEoi47GHpwyVKZgE62kyspo1WEKjczmneib3iGt88C6SdDGuTzMjassb
PASS V7d. the revoked session 4 is refused | refused: custom program error: 0x2
PASS V8a. a move that passes another marker address | refused: custom program error: 0x2
PASS V8b. a move with non-canonical bump 254 (canonical 255) and the canonical PDA account | refused: custom program error: 0x2
FAIL V8c. the same session with the canonical bump works | refused: Error Code: ProgramInteractionInsufficientLamportAllowance
PASS V9. a 72-byte instruction (the old length check) | refused: Program FTNMFWiECbRp7D5MwJUiNQfee6NuJPjE7S11J9yc2B9G invoke [1] Program log: panicked at src/lib.rs:37:110:
index out of bounds: the len is 8 but the index is 8
PASS V9b. a 10-byte instruction | refused: Program FTNMFWiECbRp7D5MwJUiNQfee6NuJPjE7S11J9yc2B9G invoke [1] Program log: panicked at src/lib.rs:35:41:
range end index 32 out of range for slice of length 1
FAIL F0. control: the genuine signature instruction in second place, sig_ix 1 | refused: Error Code: ProgramInteractionInsufficientLamportAllowance
PASS F1. a key read from another instruction: the attacker's signature over the grant text, the owner's key in the data, key index 0 | refused: custom program error: 0x7
PASS F2. a message read from another instruction: a replayed owner signature stretches the grant by one second, message index 0 (the session key pays the fee: two signature instructions leave no room for a second fee signature) | refused: custom program error: 0x7
PASS F4. a signature instruction from another program (a no-op program) that carries the owner key and the exact grant text with an invalid signature | refused: custom program error: 0x7
PASS F3. a signature read from another instruction (the program also refuses it; the precompile already stops this triple) | refused: custom program error: 0x2
FAIL R0. Freighter session works before | refused: Error Code: ProgramInteractionInsufficientLamportAllowance
PASS R1. MetaMask + Phantom update the policy: members MetaMask and Phantom PDAs only:a. MetaMask proposes and approves | ok 2f8EdVp5935AMhsdpNrfmdvzBekU8aiytbUaMSzdVL6hAfR9ZpoPBiyrGQm8BocHtyhFGa7tQqZFuKmNRbNi747a
PASS R1. MetaMask + Phantom update the policy: members MetaMask and Phantom PDAs only:b. Phantom approves and executes | ok reLiDRuCfGT5T44jqFAwczDLmTi6cBLEfJKV2bKroX7eCmHYP1oYcWBxYsT57tqTPD6n8bCm2qLUv3bXtviKU9s
PASS R2. the live Freighter session after removal | refused: Error Code: NotASigner
PASS R3. MetaMask session still works | ok 3zEnoSW48wnPQ7Zp6Nw4qoBDEZhyeNxDwcPGYTZPDVbhmq2vMzMCR4f4h38pEE3S6K42ciqbhooAXgzAB2u7n7zS
METRIC relayerSpend {"net":"localnet","spentLamports":4093150560,"vaultFundingLamports":4000000000,"sessionKeysFunded":46,"sessionKeyFundingDevnetLamports":92000000,"devnetEstimateLamports":465150560}
NEAR MPC signatures: 35, average 0.0s
117/133 passed
FAIL X1. Freighter's PDA with a grant signed by MetaMask (NEAR) 39gfYwibtup5Yaf5XQWxRw2pxFNjVA569oUAcbEUriKQjeSAvaXvoDQj9FmKdKcZ5s9EbKPaQh4wD6aAaZuqtaZr
FAIL X2. Phantom's PDA with a grant signed by Freighter (NEAR) 3HecYpDvvY56fTCqFSjk57ANYL4K3fmnidqgsdKH8e9KFyxSyU8NYYrVzoZkpRzfaRie12JZwhD7G6wUTKs27ZHi
FAIL X3. MetaMask's PDA with a grant signed by Phantom 36vgsmvn8E1E4sWG8mviU5mURS9zxTKryU4nvER51gKEUh713Yy5inhQzW1i3E71nXZssMWFArBkgXLYjejETWCK
FAIL X4. Freighter's PDA with its MPC key under another path 4hBvXwf9UFxyJPxz93S1AmgeCv5MgT9CjLJJDfBzu2wFYWddbE37ncJnfekPQfqZC5KJkGWTZBPWhgreD2HMSKzo
FAIL X4b. Freighter's session PDA with a grant signed by its seat key (prime:solana) 2wMt2QvfoDjy3JsjYqkVrUdKLpAGjuRe3PmajhuCK2uyCgonR2mfJaKw82AUYCZjimL8mZC9HpCBPmLEHXyLQjgA
FAIL X11a. account 3 set to the System program instead of the Smart Account program: the move still runs Error Code: ProgramInteractionInsufficientLamportAllowance
FAIL V0a. Phantom session 1 works Error Code: ProgramInteractionInsufficientLamportAllowance
FAIL V0b. Phantom session 2 works Error Code: ProgramInteractionInsufficientLamportAllowance
FAIL V3. the same wallet's session 2 keeps working Error Code: ProgramInteractionInsufficientLamportAllowance
FAIL V4a. MetaMask's session-owner key signs a revoke of Phantom's session 2 (data names Phantom as owner) 2UcB7sczp7arkXttcWxad6cjm52PuvPQx4dobhDtXPoTV2Z75LACFRQrAerZr238pU3ANVLpotMDeUgejSwurPEL
FAIL V4c. Phantom session 2 still works custom program error: 0x2
FAIL V4e. ...and Phantom's session 2 still works (the marker is per owner) custom program error: 0x2
FAIL V6c. session 3 still works in account A Error Code: ProgramInteractionInsufficientLamportAllowance
FAIL V8c. the same session with the canonical bump works Error Code: ProgramInteractionInsufficientLamportAllowance
FAIL F0. control: the genuine signature instruction in second place, sig_ix 1 Error Code: ProgramInteractionInsufficientLamportAllowance
FAIL R0. Freighter session works before Error Code: ProgramInteractionInsufficientLamportAllowance
