{
  MetaMask: "4TXiTPLxe5PrpwiY15tj9nP3wF5F8JPKUsYQyfHCCcod",
  Freighter: "9BcBicoPrGtPJnVynJoj2g1p6zrvaFBkJccorLwGTMZo",
  Phantom: "G5H71U2pASYLeei9MYvWVmCZzjHp2VscWTjpdLYa6LT4",
  sessionMetaMask: "3YomJ7dnhtqFnnPAzRUGmhC8EevR2R4F6Sdx7YN6Pppc",
  sessionFreighter: "Cn2bjH8kGkjioVoB9MY86TDsJ6kKjvaiu9ZCmMsJVW74",
  program: "FTNMFWiECbRp7D5MwJUiNQfee6NuJPjE7S11J9yc2B9G",
  programB: "J38gUL2YFo91GDBnDXwVDaGpk6XWSJUhs7RuditRdiVo",
  net: "localnet",
}
PASS P0. seats are exactly MetaMask(NEAR MPC), Freighter(NEAR MPC), Phantom(own key); threshold 2; vault funded | ok 5u25V5fBqjrLhqJhvTqVgRhJv59LRDYgg9gAGLTdAsi3PvrgDiKSXXHQcZE9L2JFCnkGQ2JWpWkjAFrF1PhLxFkA
PASS K1-MetaMask. MetaMask alone:a. MetaMask proposes and approves | ok 4stQ99oh69EKAT1DQxEF1rkkqDAaZUX9U4fSWCRm5rmJeCpqJSBzCC4BuHdru2idUPYY3pWxZAPHLPDbRF262dnn
PASS K1-MetaMask. MetaMask alone:b. MetaMask executes with only its own approval | refused: Error Code: InvalidProposalStatus
PASS K1-Freighter. Freighter alone:a. Freighter proposes and approves | ok E8fjqD6Tyq2si8uaBY75CFaVJn3wuecTMMBr84pWVFXNB6j7nscBpF6KF7ifmqvxL8kDNeQZpEmtQpmrn8hh3Sw
PASS K1-Freighter. Freighter alone:b. Freighter executes with only its own approval | refused: Error Code: InvalidProposalStatus
PASS K1-Phantom. Phantom alone:a. Phantom proposes and approves | ok 3P1j7nB2uTb6zFhDPcXiVKprbkfKHVMVpAmkRNgvAY1JNG8rqUaaPPfDzwNK5pzX87J7JJAZ5tjAVrwUNDQPCrU9
PASS K1-Phantom. Phantom alone:b. Phantom executes with only its own approval | refused: Error Code: InvalidProposalStatus
PASS K2. MetaMask + Freighter:a. MetaMask proposes and approves | ok 3RpmqJvwnKzSJa7rJnmfTAzNQdpag3xu5SoKPNSLpYezJA3R8vCbt9B9LTWaEz8GxVZGSG9MU9o5R3VDCZfQ1qGn
METRIC seat-propose-K2-MetaMask {"totalCu":78014,"bytes":579,"fee":10000}
PASS K2. MetaMask + Freighter:b. Freighter approves and executes | ok io4cUqQejXLe7MLkHem1gPifHvjxDpTNJhkCGiya4hsAc45QWeDETQMELzX68ahsDoitkRSCt1BGW6LSwJbmxxv
METRIC seat-exec-K2-Freighter {"totalCu":67701,"bytes":490,"fee":10000}
PASS K3. Freighter + Phantom:a. Freighter proposes and approves | ok PuWqJe3vzJxcX1zM5RwddRPspKdoFws3Ah4EM5djxgNSwJfxSmFyEHsTkKQ8cAE2JFor5ECRi8atRe6uofCAChM
METRIC seat-propose-K3-Freighter {"totalCu":83828,"bytes":579,"fee":10000}
PASS K3. Freighter + Phantom:b. Phantom approves and executes | ok 2f6MkFAtstYsS8gZgVGdbeamzUohR6EfuRY8SYgVckj9zYefaTkJELcGp6Za2G4JMAAtWmbU2Z25XzNZkNvqjRKb
METRIC seat-exec-K3-Phantom {"totalCu":70829,"bytes":490,"fee":10000}
PASS K4. Phantom + MetaMask:a. Phantom proposes and approves | ok 3JcSB34Y4Mk4p27FA4AZnezxqU1GiCxU75VBnchRJkbTTaNbzCTbp9vfrKKzpZGccJnkRaHP4dknDqDh8UcLBubg
METRIC seat-propose-K4-Phantom {"totalCu":79520,"bytes":579,"fee":10000}
PASS K4. Phantom + MetaMask:b. MetaMask approves and executes | ok 5hQNhCydeiBG5v4kkQ2xm96QGEfNwskQFK7ZrFr2376ZFtZRNHeTSb9ai6E6hjtqKXzJF1WyTmSCRDf7sRDSHozR
METRIC seat-exec-K4-MetaMask {"totalCu":67876,"bytes":490,"fee":10000}
PASS K5. DEST received exactly 0.03 SOL | ok 0.03
PASS K6. MetaMask alone (open proposal):a. MetaMask proposes and approves | ok UdgPXX9YQLY6Lj3WKsBJLf6rRJLYgiZDTTVojvW3C6mUguD5Q9de7Gyugsiz85oARhdj7x9yAUmA99KPW1p1EA1
PASS K6. MetaMask alone (open proposal):b. MetaMask executes with only its own approval | refused: Error Code: InvalidProposalStatus
PASS K6c. an outsider approves it | refused: Error Code: NotASigner
PASS K6d. Freighter's seat signed by MetaMask's MPC key | refused: Transaction did not pass signature verification
PASS K6e. Freighter's seat signed by its MPC key under another path | refused: Transaction did not pass signature verification
PASS K6f-MetaMask. MetaMask's seat vote signed by its session-path key | refused: Transaction did not pass signature verification
PASS K6g-MetaMask. MetaMask's session-path key approves as itself | refused: Error Code: NotASigner
PASS K6f-Freighter. Freighter's seat vote signed by its session-path key | refused: Transaction did not pass signature verification
PASS K6g-Freighter. Freighter's session-path key approves as itself | refused: Error Code: NotASigner
PASS K7. install the movers policy (members: the three session PDAs):a. MetaMask proposes and approves | ok 4hFjNbqToPMR4YH9QLpeXzJysCegi2rqq9pQpkNPPkWDpWWaiSGWpEHKTzVDCg5v1KWNW4oUaGfNh2rHzjQiR5Wz
PASS K7. install the movers policy (members: the three session PDAs):b. Phantom approves and executes | ok 2XnorSLcqUHkqKegHTjVmaDp9DWqLkw3gpu9qHGCTXJwJGRzRU2bmagAXEe2gBFFJtcVw6wZnLwuHYNMnBpFih8r
PASS N0. MetaMask alone (open proposal):a. MetaMask proposes and approves | ok 3AVkRQKsMKifuPzMaD3TmMRXVS1ggFrebtVBbTaishaiZQ633W84i96nPHSbzsoxFpGsooj2HEnLzYZJRrWinfjv
PASS N0. MetaMask alone (open proposal):b. MetaMask executes with only its own approval | refused: Error Code: InvalidProposalStatus
PASS N1. Phantom session approves that proposal as its PDA | refused: Error Code: NotASigner
PASS N2. Phantom session key approves it as itself | refused: Error Code: NotASigner
PASS N3. Phantom session proposes a vault transaction as its PDA | refused: Error Code: NotASigner
PASS N4. Phantom session adds its key as a seat (settings sync, as its PDA) | refused: Error Code: InvalidSignerCount
PASS N5. Phantom session calls a program other than the Smart Account (System transfer from its PDA) | refused: Program FTNMFWiECbRp7D5MwJUiNQfee6NuJPjE7S11J9yc2B9G invoke [1] Unknown program SMRTzfY6DfH5ik3TKiyLFfXexV8uSG3d2UksSCYdunG Program FTNMFWiECbRp7D5MwJUiNQfee6Nu
PASS G-MetaMask1. one MetaMask signature (through NEAR) -> session; relayer pays: 0.01 SOL to VENUE | ok 2c82eoE12tf9VgFq1CkDtog5VKZk7xgwafyVgxg1kjhLGZVCUH9cVoqQZ88gHAV5eWpJFwDfaLTBwzTZ9Di7RjFo
METRIC move-MetaMask-relayed {"totalCu":57832,"primeSessionCu":57832,"bytes":975,"fee":15000}
PASS G-MetaMask2. relayer down: session key pays the fee itself: 0.005 SOL to VENUE | ok 5ZV2P8dcBVcP7Vf7hyLh4StK7kR63kqAxR74vTsk2DfVPbyPF5kVUhBM7BESZQZZ6s8YvAwZbtB4tWp8cV5WnAqK
PASS G-MetaMask3. VENUE received exactly 0.015 SOL | ok 0.015
PASS G-MetaMask4. relayer down and the session key has no SOL | refused: Attempt to debit an account but found no record of a prior credit
PASS G-MetaMask5. same session: 0.01 SOL elsewhere (policy) | refused: Error Code: ProgramInteractionAccountConstraintViolated
PASS G-MetaMask6. same session: 0.06 SOL to VENUE (over the 0.05 per-move limit) | refused: Error Code: ProgramInteractionInvalidNumericValue
FAIL G-MetaMask7. stretched valid-until | ok 5VmmCExS63JJaeb5FFmsPSBx9nhSRQuV1qDzagrhjde6p2sjstmrHvZCBHAncSCxiJKEdRP9ZsfDzkjvAiCNtG9y
FAIL G-MetaMask8. someone else replays the grant with their own key | ok 2KE4H2wjtqUXseECdz8HVvcTodFprSpivQwXoHc2VyhK4Yy2mU4Fts9f9mnaEwv87rSTN2J1MgnbHV33pLxr95sp
PASS G-Freighter1. one Freighter signature (through NEAR) -> session; relayer pays: 0.01 SOL to VENUE | ok 4RMSCJJVSwfRcY5EJvF5NvK119nedUmW1Fh5AWxdgwGSPMUVmz3asSq5xR9eqo6PoCoXmsDnEpvaK6o5eiy1F5Gb
METRIC move-Freighter-relayed {"totalCu":56301,"primeSessionCu":56301,"bytes":975,"fee":15000}
PASS G-Freighter2. relayer down: session key pays the fee itself: 0.005 SOL to VENUE | ok 2xehStg7kkhGRxiPaXqmBndX9xuqmVHmWrgMdQzvXWn8BPf897fJhc17jU16b5RAiBrKeNfGBHDkdPpfixeDCqZs
PASS G-Freighter3. VENUE received exactly 0.015 SOL | ok 0.015
PASS G-Freighter4. relayer down and the session key has no SOL | refused: Attempt to debit an account but found no record of a prior credit
PASS G-Freighter5. same session: 0.01 SOL elsewhere (policy) | refused: Error Code: ProgramInteractionAccountConstraintViolated
PASS G-Freighter6. same session: 0.06 SOL to VENUE (over the 0.05 per-move limit) | refused: Error Code: ProgramInteractionInvalidNumericValue
FAIL G-Freighter7. stretched valid-until | ok ydyZrUVuBZk4zvN1he3uJeBH3ojgMyUKJS6kSwcjnEmJii7QwHGnhEQTj5GYgcUg7CgnfBXRTviQNwqLa5ccgjS
FAIL G-Freighter8. someone else replays the grant with their own key | ok 2gBG2RU1zSKN35Cr7eqKUJwV9yfUegxKJssuRkoGAxvxR3NsqmBgN6GNxNEUWrbuWcbR4onrp9PHmxTHYy35t4Mb
PASS G-Phantom1. one Phantom signature -> session; relayer pays: 0.01 SOL to VENUE | ok LxsjyX1a7rzLRyyFEVvEuRgQn6U6FEVqPs3zJtfmwn41VDYmBkoxaTj9vS26gEaRsGgxp6oKGzrENxcZ62hNMRZ
METRIC move-Phantom-relayed {"totalCu":56333,"primeSessionCu":56333,"bytes":975,"fee":15000}
PASS G-Phantom2. relayer down: session key pays the fee itself: 0.005 SOL to VENUE | ok 2tY5uexmJEhULHyPtc6Enk9C6zfKxr2kzhY5NE6BW76PViyT3HrasMRa4fcc2yPcPtYB8WSCowPN3HXxmZjJRdSy
PASS G-Phantom3. VENUE received exactly 0.015 SOL | ok 0.015
PASS G-Phantom4. relayer down and the session key has no SOL | refused: Attempt to debit an account but found no record of a prior credit
PASS G-Phantom5. same session: 0.01 SOL elsewhere (policy) | refused: Error Code: ProgramInteractionAccountConstraintViolated
PASS G-Phantom6. same session: 0.06 SOL to VENUE (over the 0.05 per-move limit) | refused: Error Code: ProgramInteractionInvalidNumericValue
FAIL G-Phantom7. stretched valid-until | ok 3ve2prLZ3AKgUZj4yMfJh5EysyhDv8mbZudZG2TihBGRUNXTdTvehmN26FKmH5CXzLmmjzkc9EKuHNPe8Xn9K2Lh
FAIL G-Phantom8. someone else replays the grant with their own key | ok 44WjC45naLX6ZBKdbyfaKve3s9aA8fWUZu2pWs3J5NZg21wFv2AV3k2ahzGijbfWtPqpJ9gsAZFZdQbs1xMr4G1b
PASS G9. grant longer than 7 days | refused: custom program error: 0x4
PASS G10. expired grant | refused: custom program error: 0x4
PASS G11. MetaMask grant with the ed25519 program instruction missing | refused: custom program error: 0x7
PASS G12. ed25519 instruction reading its public key from another instruction | refused: custom program error: 0x0
FAIL G13. daily cap shared by all: 0.045 used + 0.05 = 0.095 <= 0.1 | refused: Error Code: ProgramInteractionInsufficientLamportAllowance
FAIL G13b. + 0.01 = 0.105 > 0.1 | ok 2t9TsmHNVsP8zPMZwg3ciCQh4vySn2dAfjwBwpzYVWNbKZuxawdZDmJmgmD5hZyYV6gR55y6a4bFwEsyw6uZGKiP
PASS X1. Freighter's PDA with a grant signed by MetaMask (NEAR) | refused: custom program error: 0x7
PASS X2. Phantom's PDA with a grant signed by Freighter (NEAR) | refused: custom program error: 0x7
PASS X3. MetaMask's PDA with a grant signed by Phantom | refused: custom program error: 0x7
PASS X4. Freighter's PDA with its MPC key under another path | refused: custom program error: 0x7
PASS X4b. Freighter's session PDA with a grant signed by its seat key (prime:solana) | refused: custom program error: 0x7
PASS X5. Phantom grant presented for MetaMask's PDA | refused: custom program error: 0x7
FAIL X6. grant signed for cluster mainnet, used on localnet | ok 3aE5jvtFLQtwaUwsxXgPat9wdo2Xckg3SqY52SDmfukkvpk3NLUxAFx3X4SYSTHEQYTiNGezCM2STp5AZpRMBFiy
PASS X7a. a grant naming program A's PDA, presented to program B with A's PDA | refused: custom program error: 0x2
PASS X7b. the same grant presented to program B with B's PDA (text mismatch) | refused: Error Code: NotASigner
PASS X7c. a grant naming program B's PDA, presented to program A with B's PDA | refused: custom program error: 0x2
FAIL X7d. the same grant presented to program A with A's PDA (text mismatch) | ok 3LXTvM9c5cVsznJLuq2iVihQmvEpGaxDRpeRGEwq6JLm5jCYpxTJUhnuKvmk8S82ayoB5bHnX6791wiq14vyknW7
PASS X8. Phantom's own signed grant naming MetaMask's PDA | refused: custom program error: 0x2
PASS X9a. valid Phantom grant, data names another settings address | refused: custom program error: 0x2
PASS X10. the session key does not sign (relayer only) | refused: Program FTNMFWiECbRp7D5MwJUiNQfee6NuJPjE7S11J9yc2B9G invoke [1] Program FTNMFWiECbRp7D5MwJUiNQfee6NuJPjE7S11J9yc2B9G consumed 2484 of 203000 compute units Progr
PASS X11a. account 3 set to the System program instead of the Smart Account program: the move still runs | ok 2neBj9nZRz8iAWk9zF2t3AXGoCWmixZKejb6QRMu8kz6v2JVhcMCndx4U2cK33hhSTnKesMdZsPBcMA6jJ581UPC
PASS X11b. ...and prime-session called only the Smart Account program | ok 2neBj9nZRz8i… Program SMRTzfY6DfH5ik3TKiyLFfXexV8uSG3d2UksSCYdunG invoke [2]
PASS A0. account B created with the same three seats | ok 2S8C7ZtK9F1NW1Fcq8AqEEX6wek4Aecyiys9tkbRA6quNMT4nVZtLZYByt3tq2YkofEDMLvBKmhtwhnwNxXHawwH
PASS A1. account B installs its movers policy (members: each wallet's PDA for account B):a. MetaMask proposes and approves | ok iQ2KqRrzDrYq4iM3UyoWLDoTNUXPrMgSz6CXSD9ERy1qTj6ECEkRffGp9WbjPdWjpK5jYEAqnJgg8yuZu2qMmqs
PASS A1. account B installs its movers policy (members: each wallet's PDA for account B):b. Phantom approves and executes | ok 666txKLcuXty5V9i75dHChhbX2pfrUh1AM54fESfCKRs7Ugf28rUctuyrV4TngY78EQ2R6YZqAoXkhY4Vo5fFmnT
PASS A2. each wallet's PDA differs between account A and account B | ok 7qriG5,J5qGs8,CxMTvv
FAIL A3. account A's Phantom grant presented to account B (as Phantom's account-B PDA) | ok 2M2MACwtHS7XvPYuqWQkXX13QC99UEhiCycPxMDqfKEBH2V8Dz8R26xbtbHCQtyL9mUs36cE35qdZBm2gpsMDE3e
PASS A4. account A's Phantom PDA calling account B's policy | refused: Error Code: NotASigner
PASS A5. a Phantom grant made for account B works in account B | ok 3uMeUb9iyU1JLYdVJv2ygY7sHZKLE5HrCt4Z9qhkbK6kXkkNe75Wxcpa7rUSwb3Nva2moRteDd81LqScFS3NJ6kX
PASS A5-M0. Phantom session: one move through the Smart Account (compute units recorded) | ok zUcSrecfcYMoafZGmkNEdXBrsgTmGHRRCwfaVq7ns4GW7dczzK1nCKrVHMN6VmMEdHzXuu9C8Lr1KY472EuzvTg
METRIC move-sample-0 {"totalCu":54801,"primeSessionCu":54801,"bytes":975,"fee":15000}
PASS A5-M1. Phantom session: one move through the Smart Account (compute units recorded) | ok 5W8LvZSzvgH9eK6NHo3Uk6in6NWuuwUzGCuSL2XKMz5EypeaayQ4gPmbWDYbC21pVuTyFzVS1644nmsqLPdbq1J8
METRIC move-sample-1 {"totalCu":54801,"primeSessionCu":54801,"bytes":975,"fee":15000}
PASS A5-M2. Phantom session: one move through the Smart Account (compute units recorded) | ok mVL8yWwKgVws5xyvBJKikn5Njp5F43PhCAaQukq59zeaFYt3YcC9agWntMJgDFV6uazZWhEXZAujPMwDvvVBKHm
METRIC move-sample-2 {"totalCu":60801,"primeSessionCu":60801,"bytes":975,"fee":15000}
PASS A5-M3. Phantom session: one move through the Smart Account (compute units recorded) | ok 55ysJZ4Yt4un7VeMLL9JK8r2gjHPfuE9dA7Hf3f2HxEckhwQQodNFTJHYtZzg4cHshhF6LEvQoai6v75phCBRnc4
METRIC move-sample-3 {"totalCu":53301,"primeSessionCu":53301,"bytes":975,"fee":15000}
PASS A5-M4. Phantom session: one move through the Smart Account (compute units recorded) | ok 47AawMoNvuzveYNE4eJRSiNxED4CLLiN9bEz53xRxeQJndpEBWtmK2BKur47geQWtZHHzJNboPCv6tzWwL8ZvcCw
METRIC move-sample-4 {"totalCu":53301,"primeSessionCu":53301,"bytes":975,"fee":15000}
PASS A5-M5. Phantom session: one move through the Smart Account (compute units recorded) | ok 2dJH4P9rMu7H7GUFfisP5qWc6bb5Sz8z7UoP7HN7GG3QCgjjYwkcbtkSU41Unha8iCzGTiP1EhYrffzxSWciyMUb
METRIC move-sample-5 {"totalCu":53301,"primeSessionCu":53301,"bytes":975,"fee":15000}
PASS A5-M6. Phantom session: one move through the Smart Account (compute units recorded) | ok 3QhmCJyVg5ma3arhreUPPDu8worxW1HBv49YmcAZ8FyiXYb9eafTLuk2HftGqGJ3R2Jf3pTmqM6eUiYAH7UKKC6D
METRIC move-sample-6 {"totalCu":53301,"primeSessionCu":53301,"bytes":975,"fee":15000}
PASS A5-M7. Phantom session: one move through the Smart Account (compute units recorded) | ok 5eCg2W1aAdneux6ucnZorTtPERbZFmoyNqLsP61zDWY4GoeMr4mmiQ61KWJDhZhNU7KDA6twytTRYTBREWt2yeFv
METRIC move-sample-7 {"totalCu":53301,"primeSessionCu":53301,"bytes":975,"fee":15000}
PASS A5-M8. Phantom session: one move through the Smart Account (compute units recorded) | ok 64YiqxLDj2UxL9afN69784YDYWkUPFmy3GvQY5hhLTrc6o9eiPwT9mpoSykrkKuzPNpP7RkPMevZaXHJLT4gVxjM
METRIC move-sample-8 {"totalCu":53301,"primeSessionCu":53301,"bytes":975,"fee":15000}
PASS A5-M9. Phantom session: one move through the Smart Account (compute units recorded) | ok 5FwUUDcg8o9fjidmkRgrnF6yGcaaY9q2wv8Wk6en7wHSz12G7ChtrtJR9NuTt4uWw8tTDsHULs9xXaVJVF8sr6fM
METRIC move-sample-9 {"totalCu":53301,"primeSessionCu":53301,"bytes":975,"fee":15000}
FAIL A6. account B's grant presented to account A | ok 21TUEjg3pmfv8ouKiB9pCHDTUHLAgujqYCVPvLv3EeYZNoWDqkEicaoiyen58LjDotwBnarAdgQhc2WvcUTbR9iw
PASS V0a. Phantom session 1 works | ok mY16YjhsDiVmu2e7VZspbMDaoVMGh73gGyaXT2jgDKwzvwatXFCHT634vJw3M53hzeHvmHBMCcxPonyfwhQrEtE
PASS V0b. Phantom session 2 works | ok 3cpkUjfDESSEdVzNg8DtM896sot2LEbBwC6jYWMqGsTjZTN47f57SFiixa3M2nxYAYrSCJLD4FF58dEqZwn98FNV
PASS V0c. no marker exists for session 1 yet | ok A2EHEEsnizimZt5BFSruUka1o8fkFqqtKK8kKqMihQBx
PASS V1. Phantom revokes session 1 (one signature, relayed, session key does not sign) | ok jL3KykSkgM3WKHSYpBgHSLWPdeJuodaacCj5RJFzZfUwM3dhvUdV2YFDck8frLeCDss71PpzLJt9UL3LhHE29Qs
METRIC revoke {"totalCu":23683,"primeSessionCu":23683,"bytes":725,"fee":10000}
PASS V1b. the marker is empty, owned by prime-session and rent exempt | ok {"lamports":890880,"dataBytes":0,"owner":"FTNMFWiECbRp7D5MwJUiNQfee6NuJPjE7S11J9yc2B9G"}
PASS V2. the revoked session 1 is refused | refused: custom program error: 0x2
PASS V3. the same wallet's session 2 keeps working | ok NZLpGUMYVsuog4kT9jZshWDjZZRLBrh7tYEHdt5JxEu8tQ99qfepuWZawBdMrpJJJDV3t6ZU2TRMuC7DfQA5zT9
PASS V3b. revoking session 1 again is refused | refused: custom program error: 0x2
PASS V4a. MetaMask's session-owner key signs a revoke of Phantom's session 2 (data names Phantom as owner) | refused: custom program error: 0x7
PASS V4b. MetaMask signs a revoke naming Phantom's PDA under its own owner field | refused: custom program error: 0x2
PASS V4c. Phantom session 2 still works | ok 62MnebC3f4LHFDJPU48sfF1z6YAuKoxbYCVdR4hbW7e3iFbUvpH89savhnZQr2CkFQvbKVtaDUM9tjh2A3axaM9x
PASS V4d. MetaMask revokes the same key under its own PDA (a marker in MetaMask's namespace) | ok 4YbXsk78Mw8dyn7ytHjFc8WfiAgySknTxd5oKD3gewgU61X3d8K7hU291WyN4vWPvZGbjDcb1AuDsu46Y7rDDEge
PASS V4e. ...and Phantom's session 2 still works (the marker is per owner) | ok 5jzoJyKzjXPSV6AoPdKnxW4jfsuqSoBxgX4sxNg8QDjixDWqcMxWPPxtgoahuGx8QpmkS2URDN4HTAaLck9mM3MT
PASS V5a. Phantom revokes a key it never granted | ok 5QCR3ztHwmpEnSGySgGNEeB9GfrnizitHZ1Ah85QV6YYGgfB3Fu5kX8PKg9jNVrBcHajy74314rVfy7o6KbSt3c7
PASS V5b. a grant signed for that key afterwards is refused | refused: custom program error: 0x2
PASS V6a. a revoke signed for account A's PDA, sent with account B's settings and B's marker | refused: custom program error: 0x2
PASS V6b. no marker was created in account B | ok 
PASS V6c. session 3 still works in account A | ok 2PWYQqv7yFGuCXxFXCAcRRWSuKDauMvFtp63uv7d4hx52NPdukFspGow64WHkxsEbvLbk2AkiuMYpz9NeiF1xFc5
PASS V7a. a pre-fund below the rent minimum is refused by the runtime | refused: {"InsufficientFundsForRent":{"account_index":1}}
PASS V7b. a stranger pre-funds the marker address with 0.001 SOL | ok 5wt8mJaQXPjBicNZKDNibTdAdMZjMWKqiKqXTetFEwsDx1Lr4998E7oxABeTAnuQsHca8t8BHnkNhWjTQS5aoYhb
PASS V7c. the revoke still works | ok fq7WdcdewU98Xkjugvs7HjQxoNs8GmbXevpaVBWMXrHSCAK4B8Wd7N1gg5bNqTL11X1wFNq4Jbc6PBf6ermc784
PASS V7d. the revoked session 4 is refused | refused: custom program error: 0x2
PASS V8a. a move that passes another marker address | refused: custom program error: 0x2
PASS V8b. a move with non-canonical bump 254 (canonical 255) and the canonical PDA account | refused: custom program error: 0x2
PASS V8c. the same session with the canonical bump works | ok 3hD3FQafp33ukB2ztqSLdz5RNMrWfgTFp4N9GTLrfUywkKNuedvrDKiMPj2q1wuA3BnrFygN6A3YvqMdXtaak9to
PASS V9. a 72-byte instruction (the old length check) | refused: Program FTNMFWiECbRp7D5MwJUiNQfee6NuJPjE7S11J9yc2B9G invoke [1] Program log: panicked at src/lib.rs:37:110:
index out of bounds: the len is 8 but the index is 8
PASS V9b. a 10-byte instruction | refused: Program FTNMFWiECbRp7D5MwJUiNQfee6NuJPjE7S11J9yc2B9G invoke [1] Program log: panicked at src/lib.rs:35:41:
range end index 32 out of range for slice of length 1
PASS F0. control: the genuine signature instruction in second place, sig_ix 1 | ok 3iwLbubGEWtGptW2z5a2BgEdN14HytnTE7xSRbPqdPqEJCJdGu8u71zWxUerfAXJZVMgvPaZ75mj6F1eDbMS8nA7
PASS F1. a key read from another instruction: the attacker's signature over the grant text, the owner's key in the data, key index 0 | refused: custom program error: 0x7
PASS F2. a message read from another instruction: a replayed owner signature stretches the grant by one second, message index 0 (the session key pays the fee: two signature instructions leave no room for a second fee signature) | refused: custom program error: 0x7
PASS F4. a signature instruction from another program (a no-op program) that carries the owner key and the exact grant text with an invalid signature | refused: custom program error: 0x7
PASS F3. a signature read from another instruction (the program also refuses it; the precompile already stops this triple) | refused: custom program error: 0x2
PASS R0. Freighter session works before | ok QeWhh1Dhv73o68gMpNWvAWaitGGsTDZ1TZsQGXKFxN5pSnRnukyXJQKnTGdWQQpbW2ki86pqEvEz6ZP4YAfe1qc
PASS R1. MetaMask + Phantom update the policy: members MetaMask and Phantom PDAs only:a. MetaMask proposes and approves | ok 4CAE2zZAzSadBDzZBqy3NRE8sca4ysP2B3ERCqaMQGmEc9Qsh6EQLmbiYsuJ12WQTGdR32vGpk1TBehxvHWVTq4d
PASS R1. MetaMask + Phantom update the policy: members MetaMask and Phantom PDAs only:b. Phantom approves and executes | ok 27PnqrjXfUgR9VcTk53zZPoBbitdUDiPk2JSmjthAKUWUQN64JYuo4JR8WAbZTfgsq3LJMnWzKkUbYtvecYhksAU
PASS R2. the live Freighter session after removal | refused: Error Code: NotASigner
PASS R3. MetaMask session still works | ok 3FEwE8JaLDWyU8Xgs9VzFvL5ChXLbf5kAdumbZwgydVHDV27RpGa7ZC98KiTRrriexB2fAaq2p2GsRe4Zcy6Dbdk
METRIC relayerSpend {"net":"localnet","spentLamports":4092434680,"vaultFundingLamports":4000000000,"sessionKeysFunded":46,"sessionKeyFundingDevnetLamports":92000000,"devnetEstimateLamports":464434680}
NEAR MPC signatures: 35, average 0.0s
121/133 passed
FAIL G-MetaMask7. stretched valid-until 5VmmCExS63JJaeb5FFmsPSBx9nhSRQuV1qDzagrhjde6p2sjstmrHvZCBHAncSCxiJKEdRP9ZsfDzkjvAiCNtG9y
FAIL G-MetaMask8. someone else replays the grant with their own key 2KE4H2wjtqUXseECdz8HVvcTodFprSpivQwXoHc2VyhK4Yy2mU4Fts9f9mnaEwv87rSTN2J1MgnbHV33pLxr95sp
FAIL G-Freighter7. stretched valid-until ydyZrUVuBZk4zvN1he3uJeBH3ojgMyUKJS6kSwcjnEmJii7QwHGnhEQTj5GYgcUg7CgnfBXRTviQNwqLa5ccgjS
FAIL G-Freighter8. someone else replays the grant with their own key 2gBG2RU1zSKN35Cr7eqKUJwV9yfUegxKJssuRkoGAxvxR3NsqmBgN6GNxNEUWrbuWcbR4onrp9PHmxTHYy35t4Mb
FAIL G-Phantom7. stretched valid-until 3ve2prLZ3AKgUZj4yMfJh5EysyhDv8mbZudZG2TihBGRUNXTdTvehmN26FKmH5CXzLmmjzkc9EKuHNPe8Xn9K2Lh
FAIL G-Phantom8. someone else replays the grant with their own key 44WjC45naLX6ZBKdbyfaKve3s9aA8fWUZu2pWs3J5NZg21wFv2AV3k2ahzGijbfWtPqpJ9gsAZFZdQbs1xMr4G1b
FAIL G13. daily cap shared by all: 0.045 used + 0.05 = 0.095 <= 0.1 Error Code: ProgramInteractionInsufficientLamportAllowance
FAIL G13b. + 0.01 = 0.105 > 0.1 2t9TsmHNVsP8zPMZwg3ciCQh4vySn2dAfjwBwpzYVWNbKZuxawdZDmJmgmD5hZyYV6gR55y6a4bFwEsyw6uZGKiP
FAIL X6. grant signed for cluster mainnet, used on localnet 3aE5jvtFLQtwaUwsxXgPat9wdo2Xckg3SqY52SDmfukkvpk3NLUxAFx3X4SYSTHEQYTiNGezCM2STp5AZpRMBFiy
FAIL X7d. the same grant presented to program A with A's PDA (text mismatch) 3LXTvM9c5cVsznJLuq2iVihQmvEpGaxDRpeRGEwq6JLm5jCYpxTJUhnuKvmk8S82ayoB5bHnX6791wiq14vyknW7
FAIL A3. account A's Phantom grant presented to account B (as Phantom's account-B PDA) 2M2MACwtHS7XvPYuqWQkXX13QC99UEhiCycPxMDqfKEBH2V8Dz8R26xbtbHCQtyL9mUs36cE35qdZBm2gpsMDE3e
FAIL A6. account B's grant presented to account A 21TUEjg3pmfv8ouKiB9pCHDTUHLAgujqYCVPvLv3EeYZNoWDqkEicaoiyen58LjDotwBnarAdgQhc2WvcUTbR9iw
