{
  MetaMask: "4TXiTPLxe5PrpwiY15tj9nP3wF5F8JPKUsYQyfHCCcod",
  Freighter: "9BcBicoPrGtPJnVynJoj2g1p6zrvaFBkJccorLwGTMZo",
  Phantom: "G5H71U2pASYLeei9MYvWVmCZzjHp2VscWTjpdLYa6LT4",
  sessionMetaMask: "3YomJ7dnhtqFnnPAzRUGmhC8EevR2R4F6Sdx7YN6Pppc",
  sessionFreighter: "Cn2bjH8kGkjioVoB9MY86TDsJ6kKjvaiu9ZCmMsJVW74",
  program: "FTNMFWiECbRp7D5MwJUiNQfee6NuJPjE7S11J9yc2B9G",
  programB: "J38gUL2YFo91GDBnDXwVDaGpk6XWSJUhs7RuditRdiVo",
  net: "localnet",
}
PASS P0. seats are exactly MetaMask(NEAR MPC), Freighter(NEAR MPC), Phantom(own key); threshold 2; vault funded | ok 3u9Pcb4f35dM17Siyop8qDR9YnEDKsfvn85Lsom139SfkY5PapJgZfNL2oQEJeYqthD417tAentgNgfWYLTpmHLq
PASS K1-MetaMask. MetaMask alone:a. MetaMask proposes and approves | ok 4wvEvZYEYJVX9nrikqrpwCkM5fUHKTUdCrVYUvGL86Hy1r9MBkkZ2ET2kYtM5te4pugnU7fY7u5owb8Pioa3XLNe
PASS K1-MetaMask. MetaMask alone:b. MetaMask executes with only its own approval | refused: Error Code: InvalidProposalStatus
PASS K1-Freighter. Freighter alone:a. Freighter proposes and approves | ok 2JH5EQuFouUUjMhvh7zJJaQ9qCazMwXjpv33rc8hDdzXZ4phoaQ8X7CPXtC26EjG9f7vKL2oJuu3JN3GZbfHy1P5
PASS K1-Freighter. Freighter alone:b. Freighter executes with only its own approval | refused: Error Code: InvalidProposalStatus
PASS K1-Phantom. Phantom alone:a. Phantom proposes and approves | ok 3JQ5Fd63Hf11FNYAJ5bxyK85E4LVtXUCEksQ8wUnf8CLwF77Eta6VCmkvqjwYm29RLCK212BEJdLHpdEBrGHn6ak
PASS K1-Phantom. Phantom alone:b. Phantom executes with only its own approval | refused: Error Code: InvalidProposalStatus
PASS K2. MetaMask + Freighter:a. MetaMask proposes and approves | ok 627SHnmSWthtDzUNtWbxichrL27sRW11rrCt7pEh8Mw8tTd3hUMs2J4KZ31XCyUvKekNSZ4ZHW6WmKvA5m22amuq
METRIC seat-propose-K2-MetaMask {"totalCu":78014,"bytes":579,"fee":10000}
PASS K2. MetaMask + Freighter:b. Freighter approves and executes | ok 2swYpXERMKLR6Q1cijS1evjBykEJ1GbB8M18YQ72pmhMiv3tKW9US6MUQMsDfYT9vhFMZ8fcvCuqRZd1HK2ddjEu
METRIC seat-exec-K2-Freighter {"totalCu":67701,"bytes":490,"fee":10000}
PASS K3. Freighter + Phantom:a. Freighter proposes and approves | ok 6hNBNqRmsU2fHYhsJqQHqNvD3ePkVFAo2Qum6HEUxVjVnNk1PR68NBj1SuW5fRZFZFC7U6ju8RHWNCeHaAT7Sqs
METRIC seat-propose-K3-Freighter {"totalCu":83828,"bytes":579,"fee":10000}
PASS K3. Freighter + Phantom:b. Phantom approves and executes | ok 5bSMjivoEcL1JzVxwhWqrrQWTGEsgwd7meLovZsBqEkcwApqoGz1n5ZXXSR3KE9FG9p3MAGLkfQmcXNPr8LYFARM
METRIC seat-exec-K3-Phantom {"totalCu":70829,"bytes":490,"fee":10000}
PASS K4. Phantom + MetaMask:a. Phantom proposes and approves | ok 5fG9As3tPogcaYwhiUauRpq9yASCHEbh7a8CdiayHC3583DJSpPJ93va5BP5wmGoRaRet1QiyMoopkptYmZFDcDX
METRIC seat-propose-K4-Phantom {"totalCu":79520,"bytes":579,"fee":10000}
PASS K4. Phantom + MetaMask:b. MetaMask approves and executes | ok BCu8Dnkv4zctkL7vLvYXtf7JoTSy3AaBgPgSnmZBeAa9EHHdkLtPVyhVNNynnxs1ZZVtYyMV8dLyiZAxdLPj1y8
METRIC seat-exec-K4-MetaMask {"totalCu":67876,"bytes":490,"fee":10000}
PASS K5. DEST received exactly 0.03 SOL | ok 0.03
PASS K6. MetaMask alone (open proposal):a. MetaMask proposes and approves | ok 39vDHB8rxMAsDPqwiv2QiVxKXxZi8A8MSfbXMnN2Dwq86zJYGQvKGCyWKpTWVL7wGZc3SVckLnBpZJP4NKeLADRo
PASS K6. MetaMask alone (open proposal):b. MetaMask executes with only its own approval | refused: Error Code: InvalidProposalStatus
PASS K6c. an outsider approves it | refused: Error Code: NotASigner
PASS K6d. Freighter's seat signed by MetaMask's MPC key | refused: Transaction did not pass signature verification
PASS K6e. Freighter's seat signed by its MPC key under another path | refused: Transaction did not pass signature verification
PASS K6f-MetaMask. MetaMask's seat vote signed by its session-path key | refused: Transaction did not pass signature verification
PASS K6g-MetaMask. MetaMask's session-path key approves as itself | refused: Error Code: NotASigner
PASS K6f-Freighter. Freighter's seat vote signed by its session-path key | refused: Transaction did not pass signature verification
PASS K6g-Freighter. Freighter's session-path key approves as itself | refused: Error Code: NotASigner
PASS K7. install the movers policy (members: the three session PDAs):a. MetaMask proposes and approves | ok 3TA15rBQyvbDsN5iVyLD789YiTzagv9YkEt69LCRWvSKyrv3GZuewMQQYw8ThBN9E5pUkdTMfUybJmQnceukP7NF
PASS K7. install the movers policy (members: the three session PDAs):b. Phantom approves and executes | ok 2bLLve39KMq4hd2sv2HdCieNRGuKek1CeLQ2SNx7StgqT2C8gYoZkhzpqRz7HWfVenucpWNUZ6zxGynNJaVsq1AT
PASS N0. MetaMask alone (open proposal):a. MetaMask proposes and approves | ok 3hQH45MgQaMVYcAdVcnEmUCDNEnTt4BQJs9LFFVUJEqWVmCENEijxoydv6cxv6ZKHbXt7ip3efCogTwzUykuHMEX
PASS N0. MetaMask alone (open proposal):b. MetaMask executes with only its own approval | refused: Error Code: InvalidProposalStatus
PASS N1. Phantom session approves that proposal as its PDA | refused: Error Code: NotASigner
PASS N2. Phantom session key approves it as itself | refused: Error Code: NotASigner
PASS N3. Phantom session proposes a vault transaction as its PDA | refused: Error Code: NotASigner
PASS N4. Phantom session adds its key as a seat (settings sync, as its PDA) | refused: Error Code: InvalidSignerCount
PASS N5. Phantom session calls a program other than the Smart Account (System transfer from its PDA) | refused: Program FTNMFWiECbRp7D5MwJUiNQfee6NuJPjE7S11J9yc2B9G invoke [1] Unknown program SMRTzfY6DfH5ik3TKiyLFfXexV8uSG3d2UksSCYdunG Program FTNMFWiECbRp7D5MwJUiNQfee6Nu
PASS G-MetaMask1. one MetaMask signature (through NEAR) -> session; relayer pays: 0.01 SOL to VENUE | ok HpRHHwsyi8nXEWJmT1VNCFztZTGoSdXqYYp9eNCdgdqfJZvwKKBdmtaXdhWq9yXE65zyJ1dcr2JiiMXF4qyZUXn
METRIC move-MetaMask-relayed {"totalCu":54768,"primeSessionCu":54768,"bytes":975,"fee":15000}
PASS G-MetaMask2. relayer down: session key pays the fee itself: 0.005 SOL to VENUE | ok 337izAzrgoA93ZYGhMExncVE3oHzcky4wKfqQmJGXQ3U7n1BB8TKDmBkS6dZZss4FbzTpaZLK2EYNCtTKRQPtuP3
PASS G-MetaMask3. VENUE received exactly 0.015 SOL | ok 0.015
PASS G-MetaMask4. relayer down and the session key has no SOL | refused: Attempt to debit an account but found no record of a prior credit
PASS G-MetaMask5. same session: 0.01 SOL elsewhere (policy) | refused: Error Code: ProgramInteractionAccountConstraintViolated
PASS G-MetaMask6. same session: 0.06 SOL to VENUE (over the 0.05 per-move limit) | refused: Error Code: ProgramInteractionInvalidNumericValue
PASS G-MetaMask7. stretched valid-until | refused: custom program error: 0x7
PASS G-MetaMask8. someone else replays the grant with their own key | refused: custom program error: 0x7
PASS G-Freighter1. one Freighter signature (through NEAR) -> session; relayer pays: 0.01 SOL to VENUE | ok 2ASmN4RFN5HmgBKW5kqQzV1dw6uTWasUXQLyMsdZJZNhFCpXPxagmYVB2nMS938z9wjvku5r8VbGvmNBSVzQbANi
METRIC move-Freighter-relayed {"totalCu":57737,"primeSessionCu":57737,"bytes":975,"fee":15000}
PASS G-Freighter2. relayer down: session key pays the fee itself: 0.005 SOL to VENUE | ok 4RMd9aX2WHCKY16Gn7suW2aEU2KeJJaAD31ojPvXrGXNrQmQz6uzVVua5r8FaowRZHNMENzvjRKSFvix9aqdKqqN
PASS G-Freighter3. VENUE received exactly 0.015 SOL | ok 0.015
PASS G-Freighter4. relayer down and the session key has no SOL | refused: Attempt to debit an account but found no record of a prior credit
PASS G-Freighter5. same session: 0.01 SOL elsewhere (policy) | refused: Error Code: ProgramInteractionAccountConstraintViolated
PASS G-Freighter6. same session: 0.06 SOL to VENUE (over the 0.05 per-move limit) | refused: Error Code: ProgramInteractionInvalidNumericValue
PASS G-Freighter7. stretched valid-until | refused: custom program error: 0x7
PASS G-Freighter8. someone else replays the grant with their own key | refused: custom program error: 0x7
PASS G-Phantom1. one Phantom signature -> session; relayer pays: 0.01 SOL to VENUE | ok 3TeFFX15bJtfye4N5ZZDiMohLxbEPcpEg1MUh4A4fFUfhFa6V5BzGkRtDaNhmUHTmvKVvRSky1Mnno7cWxKG98dm
METRIC move-Phantom-relayed {"totalCu":54769,"primeSessionCu":54769,"bytes":975,"fee":15000}
PASS G-Phantom2. relayer down: session key pays the fee itself: 0.005 SOL to VENUE | ok 57R5N8pmSj1uQ44pcGmS6zsGdv2PoHRaaPiPCAuwPzdaDa4Lm5H5JnRC3xg6DzDf2N2q7nkuCVxzAfM4RDpc6WRj
PASS G-Phantom3. VENUE received exactly 0.015 SOL | ok 0.015
PASS G-Phantom4. relayer down and the session key has no SOL | refused: Attempt to debit an account but found no record of a prior credit
PASS G-Phantom5. same session: 0.01 SOL elsewhere (policy) | refused: Error Code: ProgramInteractionAccountConstraintViolated
PASS G-Phantom6. same session: 0.06 SOL to VENUE (over the 0.05 per-move limit) | refused: Error Code: ProgramInteractionInvalidNumericValue
PASS G-Phantom7. stretched valid-until | refused: custom program error: 0x7
PASS G-Phantom8. someone else replays the grant with their own key | refused: custom program error: 0x7
PASS G9. grant longer than 7 days | refused: custom program error: 0x4
PASS G10. expired grant | refused: custom program error: 0x4
PASS G11. MetaMask grant with the ed25519 program instruction missing | refused: custom program error: 0x7
PASS G12. ed25519 instruction reading its public key from another instruction | refused: custom program error: 0x0
PASS G13. daily cap shared by all: 0.045 used + 0.05 = 0.095 <= 0.1 | ok 4gJLUovCBfZ9hBVubYWiZKCmG9VYugsErhC71BJcgbE9deYbZzg57ZsFjWEEseaNCoXjJe8dBaA3PSgjxkNRKhMu
PASS G13b. + 0.01 = 0.105 > 0.1 | refused: Error Code: ProgramInteractionInsufficientLamportAllowance
PASS X1. Freighter's PDA with a grant signed by MetaMask (NEAR) | refused: custom program error: 0x7
PASS X2. Phantom's PDA with a grant signed by Freighter (NEAR) | refused: custom program error: 0x7
PASS X3. MetaMask's PDA with a grant signed by Phantom | refused: custom program error: 0x7
PASS X4. Freighter's PDA with its MPC key under another path | refused: custom program error: 0x7
PASS X4b. Freighter's session PDA with a grant signed by its seat key (prime:solana) | refused: custom program error: 0x7
PASS X5. Phantom grant presented for MetaMask's PDA | refused: custom program error: 0x7
PASS X6. grant signed for cluster mainnet, used on localnet | refused: custom program error: 0x7
PASS X7a. a grant naming program A's PDA, presented to program B with A's PDA | refused: Program J38gUL2YFo91GDBnDXwVDaGpk6XWSJUhs7RuditRdiVo invoke [1] AQvrbQz1r9M5TaGnDzSngFVnYvUxCBmdBp5sqQaEPkAo's signer privilege escalated Program J38gUL2YFo91GD
PASS X7b. the same grant presented to program B with B's PDA (text mismatch) | refused: custom program error: 0x7
PASS X7c. a grant naming program B's PDA, presented to program A with B's PDA | refused: Program FTNMFWiECbRp7D5MwJUiNQfee6NuJPjE7S11J9yc2B9G invoke [1] CtGGDXCXPyYhfybeCm6SrNTNUWd3AK7xBrZj5T98cSFh's signer privilege escalated Program FTNMFWiECbRp7D
PASS X7d. the same grant presented to program A with A's PDA (text mismatch) | refused: custom program error: 0x7
FAIL X8. Phantom's own signed grant naming MetaMask's PDA | refused: Program FTNMFWiECbRp7D5MwJUiNQfee6NuJPjE7S11J9yc2B9G invoke [1] 2xWveTX3CMRy82ztNHVBp52tX57s5XE9Y8BQ6is6gq2r's signer privilege escalated Program FTNMFWiECbRp7D
FAIL X9a. valid Phantom grant, data names another settings address | refused: Program FTNMFWiECbRp7D5MwJUiNQfee6NuJPjE7S11J9yc2B9G invoke [1] AQvrbQz1r9M5TaGnDzSngFVnYvUxCBmdBp5sqQaEPkAo's signer privilege escalated Program FTNMFWiECbRp7D
PASS X10. the session key does not sign (relayer only) | refused: Program FTNMFWiECbRp7D5MwJUiNQfee6NuJPjE7S11J9yc2B9G invoke [1] Program FTNMFWiECbRp7D5MwJUiNQfee6NuJPjE7S11J9yc2B9G consumed 2483 of 203000 compute units Progr
PASS X11a. account 3 set to the System program instead of the Smart Account program: the move still runs | ok wJPtkWTeQcAEePq6ZnKqkL7thYBweZW3byTtP28wwfhwn56SWGFoemVMft5QGMD9PALi3gt1q3bENc2arfYGxM3
PASS X11b. ...and prime-session called only the Smart Account program | ok wJPtkWTeQcAE… Program SMRTzfY6DfH5ik3TKiyLFfXexV8uSG3d2UksSCYdunG invoke [2]
PASS A0. account B created with the same three seats | ok 5it5fXPAvwR5bBLaWrMoBPP6da7oMnfed77VKPugsGSrPjdJZxi36oGiBtG99bQ67PWEjgKnB4xdrC3viRcvhJSC
PASS A1. account B installs its movers policy (members: each wallet's PDA for account B):a. MetaMask proposes and approves | ok fMYq4EgP1ghrKxLnVsAS5ajr4zPXg8D9f88qaSFAZzNLe5sdnnxuFA3Hq679ZyKcFWQW1Kwkuc48Hb1PjY4hRLE
PASS A1. account B installs its movers policy (members: each wallet's PDA for account B):b. Phantom approves and executes | ok Ms4U2hn31MT4J5xuxGz6RfdKt7oxih4V47PRfjEEDmKxot8eTTR5zxWQVLdA8Hjf226tuerMYXWJ9Ug54jQiopJ
PASS A2. each wallet's PDA differs between account A and account B | ok 7qriG5,J5qGs8,CxMTvv
PASS A3. account A's Phantom grant presented to account B (as Phantom's account-B PDA) | refused: custom program error: 0x7
PASS A4. account A's Phantom PDA calling account B's policy | refused: Error Code: NotASigner
PASS A5. a Phantom grant made for account B works in account B | ok 5kDGQ4XtEecSbBRGh3GZrwp5UeetmX3h63qJLgLCfhaQZV9KTbaWtCAb1ZqpG2jAyofM7pF3nk1j8Szu4Cy1Tk8F
PASS A5-M0. Phantom session: one move through the Smart Account (compute units recorded) | ok 4duw8a19vt8BxPYrao9BrSfmcebAMuwSGV9Ruf3gN7VenztAxwbqp3MoC6mTXJeQ9g3PEM8Wa4VTVGFQQSZeMtp8
METRIC move-sample-0 {"totalCu":51737,"primeSessionCu":51737,"bytes":975,"fee":15000}
PASS A5-M1. Phantom session: one move through the Smart Account (compute units recorded) | ok 2NomTzvk524gAniQ6DHYHJ755qhdJrgqTvxszQN9AHMPt4HYjB8dJNRXGMWfSjE5PJC3kzyGREkghi4MLpT1yP8L
METRIC move-sample-1 {"totalCu":54737,"primeSessionCu":54737,"bytes":975,"fee":15000}
PASS A5-M2. Phantom session: one move through the Smart Account (compute units recorded) | ok JDGnELWCsDgoAiFirtxLECReR5cz5QruFLgz6iuBuYkGvT2M8ZfnQKvnHt3EwSeopue1AG88hGiXiVtCUBRBCT2
METRIC move-sample-2 {"totalCu":51737,"primeSessionCu":51737,"bytes":975,"fee":15000}
PASS A5-M3. Phantom session: one move through the Smart Account (compute units recorded) | ok 4beUjbN8XqwAesynY2jCDNTuupvsw5up3ghNtSu9HYTWo3Xy8MbgPjsWG9TwMGkdfvJLSrFGpoN9fP5mZsb345r9
METRIC move-sample-3 {"totalCu":53237,"primeSessionCu":53237,"bytes":975,"fee":15000}
PASS A5-M4. Phantom session: one move through the Smart Account (compute units recorded) | ok 54zPLS8jxdbTbmkLpNK5C3XFuttGQTCmepsYv3Dasdj869PvJJpX6LrLugvsAoArbdNga8yfjh4gbJMoTDCSywFJ
METRIC move-sample-4 {"totalCu":53237,"primeSessionCu":53237,"bytes":975,"fee":15000}
PASS A5-M5. Phantom session: one move through the Smart Account (compute units recorded) | ok 4hbNF8hj2PUxjbgk6mPB1fbdjghhybGCkKS2aMzw4FqqZRVZ9cp4dCh5RcHCHgMBzB8Cy8RnAHVB3MpoSFoDENeo
METRIC move-sample-5 {"totalCu":51737,"primeSessionCu":51737,"bytes":975,"fee":15000}
PASS A5-M6. Phantom session: one move through the Smart Account (compute units recorded) | ok 4QXhE2m8WUTFCUTNCYi7ishB3iEBbk8rcZCKvrdVHdvBxykdhd5GW9aDFJHRS2tuiQyCoSE4oaKHHpKqaFFogPAh
METRIC move-sample-6 {"totalCu":53237,"primeSessionCu":53237,"bytes":975,"fee":15000}
PASS A5-M7. Phantom session: one move through the Smart Account (compute units recorded) | ok 3yrGqSZup6cSKNhbZcRxtKvjqpPKm2Ww4JGafxQhN9EcKUt5xCW76uMEGATmmt3KUHV6YRmqJU7u1CsZXuBkgmHk
METRIC move-sample-7 {"totalCu":51737,"primeSessionCu":51737,"bytes":975,"fee":15000}
PASS A5-M8. Phantom session: one move through the Smart Account (compute units recorded) | ok 2G151PwnqojQfD3pnFWKSRhrj7pQ4wctghzQPcv2o54Atzw1FGept2xLYqYBvdtNQarFYaoi5hroyMUTfCvEgWKL
METRIC move-sample-8 {"totalCu":53237,"primeSessionCu":53237,"bytes":975,"fee":15000}
PASS A5-M9. Phantom session: one move through the Smart Account (compute units recorded) | ok 3YhMZeRrp77hHKHRYKvMrQJWYVQjLJgRa161or9cBdvv8oKEiJT8tzrqoxHNsDYmoJDJXPfX134qDnrKwtxfTfcx
METRIC move-sample-9 {"totalCu":54737,"primeSessionCu":54737,"bytes":975,"fee":15000}
PASS A6. account B's grant presented to account A | refused: custom program error: 0x7
PASS V0a. Phantom session 1 works | ok 5HnC4Kw2wHaehiEHYQPzZLZBaWmNopPBTiQy73jKhfKGSYecpRwFPSdEAbYawXXpvfZyVxKeYrCwib7Ss3RFwt5Y
PASS V0b. Phantom session 2 works | ok CHizJAx2ZScAYBMnLtSyKLrLWtr6HitJBseBQNaJgjrMzSRZt1EsKivf9vUB2HyNk5EdCUZjromLYB4Nj4e1b5n
PASS V0c. no marker exists for session 1 yet | ok HEh5nXrpMywowTHz3MiiysYD28kdMzDHmCAWXaFTxVS4
PASS V1. Phantom revokes session 1 (one signature, relayed, session key does not sign) | ok 4EdR5iq1Cx2YAxa8TiQaG2f72Y6n12SAsNudRWn1GpYhV749vT98vo6ANK1xKhsdzJQ6Uj2uV5cSP2gT3DgobVee
METRIC revoke {"totalCu":22131,"primeSessionCu":22131,"bytes":726,"fee":10000}
PASS V1b. the marker is empty, owned by prime-session and rent exempt | ok {"lamports":890880,"dataBytes":0,"owner":"FTNMFWiECbRp7D5MwJUiNQfee6NuJPjE7S11J9yc2B9G"}
PASS V2. the revoked session 1 is refused | refused: custom program error: 0x2
PASS V3. the same wallet's session 2 keeps working | ok 2kw7nJyAfWYmQ8eZ2vXQcTiZTZwuQafyF3cN3fQSvc5qebzjrqjyw7xPmdDnPtw5biEYa8yoSGYejWHKpw99kjz4
PASS V3b. revoking session 1 again is refused | refused: custom program error: 0x2
PASS V4a. MetaMask's session-owner key signs a revoke of Phantom's session 2 (data names Phantom as owner) | refused: custom program error: 0x7
FAIL V4b. MetaMask signs a revoke naming Phantom's PDA under its own owner field | ok MNRpJe4u1c4DxgGXKskG6ieNH8Y1qcoaBrhoCShDfC1A5JP9wXgFG6jhW9whhix3VBf3UH9GazJhhnLhUnw2jSA
PASS V4c. Phantom session 2 still works | ok JMQJVLASYq5F9ZSADsd8fZ4zTGHZkxHJsXpvE5xAgZfVQmtf7i5ygcJAEyLAy6XXgM7zRxsundgy5tnNuaepmqk
FAIL V4d. MetaMask revokes the same key under its own PDA (a marker in MetaMask's namespace) | refused: custom program error: 0x2
PASS V4e. ...and Phantom's session 2 still works (the marker is per owner) | ok 66MogrCjg7KS9Ft9TmhffQTEskWWtiPJvpyyegBbmaknyP3yjDj2uWXy2GNgZXk3goQWiH5WZT23BDmyNqvvc8Rw
PASS V5a. Phantom revokes a key it never granted | ok 4AKW9ebd2R5XApgeHKboqGh3Zn5FHd1n5Bg2PmPZmeBwNQwSjUAHzAhYUF3VUxR1yJUcXi8vwB91mG5ZqRTChDd3
PASS V5b. a grant signed for that key afterwards is refused | refused: custom program error: 0x2
FAIL V6a. a revoke signed for account A's PDA, sent with account B's settings and B's marker | ok 34XUqiniw6M3HhT95UsWytqb3wd4CrEueGbwErzmY3XYatvxP5c3bXwFFTmvm9Q65azXCnz4raMYihZXxf5zBFeL
FAIL V6b. no marker was created in account B | refused: 
PASS V6c. session 3 still works in account A | ok 5QzNswH3WxjdJjQTSxPCeP6tdEXHuKMKcGn4PZtCRypaxGE55WkmY81QkQiAmrnAjm8V7GnUr5in2pBFoWKeqwTw
PASS V7a. a pre-fund below the rent minimum is refused by the runtime | refused: {"InsufficientFundsForRent":{"account_index":1}}
PASS V7b. a stranger pre-funds the marker address with 0.001 SOL | ok 583NBcev7WF8z7F2HpPLSJGJ6gHxLTZ8yfKR8ppc85nZENyHfHNitcNnu66x9JEtYqcTehjQQfdJtzJztJjFrVod
PASS V7c. the revoke still works | ok 62bUXH3GG9GTMwy8WHoDF62DFSpxUetEqSWCWu2RRAScAGCQn9BX4sDXDgwYSgwdkZgmEdTw1vzS3J8UJbpp3QrJ
PASS V7d. the revoked session 4 is refused | refused: custom program error: 0x2
PASS V8a. a move that passes another marker address | refused: custom program error: 0x2
FAIL V8b. a move with non-canonical bump 254 (canonical 255) and the canonical PDA account | refused: Program FTNMFWiECbRp7D5MwJUiNQfee6NuJPjE7S11J9yc2B9G invoke [1] AQvrbQz1r9M5TaGnDzSngFVnYvUxCBmdBp5sqQaEPkAo's signer privilege escalated Program FTNMFWiECbRp7D
PASS V8c. the same session with the canonical bump works | ok 3FktvnHHfyipcTeiByHTuXYwkKT8ASudrn63vjUNH9fgz8TF29kAYgxT9KSDUVDbtcRNKz1SSUhYDnyMbPZBzBf4
PASS V9. a 72-byte instruction (the old length check) | refused: Program FTNMFWiECbRp7D5MwJUiNQfee6NuJPjE7S11J9yc2B9G invoke [1] Program log: panicked at src/lib.rs:37:110:
index out of bounds: the len is 8 but the index is 8
PASS V9b. a 10-byte instruction | refused: Program FTNMFWiECbRp7D5MwJUiNQfee6NuJPjE7S11J9yc2B9G invoke [1] Program log: panicked at src/lib.rs:35:41:
range end index 32 out of range for slice of length 1
PASS F0. control: the genuine signature instruction in second place, sig_ix 1 | ok 3ZFzf8Cs8kp8zkiYWSAXsZx9VeympkogA28GCsK6Vgx34vWytF8BiCwj5Zazq7QUCFMaimX992cfmfaMRdaNj6b
PASS F1. a key read from another instruction: the attacker's signature over the grant text, the owner's key in the data, key index 0 | refused: custom program error: 0x7
PASS F2. a message read from another instruction: a replayed owner signature stretches the grant by one second, message index 0 (the session key pays the fee: two signature instructions leave no room for a second fee signature) | refused: custom program error: 0x7
PASS F4. a signature instruction from another program (a no-op program) that carries the owner key and the exact grant text with an invalid signature | refused: custom program error: 0x7
PASS F3. a signature read from another instruction (the program also refuses it; the precompile already stops this triple) | refused: custom program error: 0x2
PASS R0. Freighter session works before | ok 54BxixWr6kSxTJPGNSEw3n5qKrjL9wsSEscNPeSxU6jmiAsjbvdV8j8Wz4YKEgTkpzKAeu7M3ERaZoyvx6BAfpgG
PASS R1. MetaMask + Phantom update the policy: members MetaMask and Phantom PDAs only:a. MetaMask proposes and approves | ok 2sEBr4A9yNK6e7VRibPpKwS91v1JzBjrXAW3feWWD8b4SqJ6p1m2kb8mPwgh4XJjQMCLy1hSWuuZnGcefqLRijLH
PASS R1. MetaMask + Phantom update the policy: members MetaMask and Phantom PDAs only:b. Phantom approves and executes | ok 63b5F5v9uGPQa4DcTYfCXciyGRieSFm5gnLTxctAJFJzR3Ez5qfpSxDaJMa214eM6wzQ99Eu57HoM5ueQpXtH26G
PASS R2. the live Freighter session after removal | refused: Error Code: NotASigner
PASS R3. MetaMask session still works | ok 2gZH4eK6VTsBcwzbtEedwc7bpjMo7TijaM5JzeJ9vhhMjh1wR9APGYGbpgCBaxhXav5FeepQHyNweif6r7Yam8pM
METRIC relayerSpend {"net":"localnet","spentLamports":4093230560,"vaultFundingLamports":4000000000,"sessionKeysFunded":46,"sessionKeyFundingDevnetLamports":92000000,"devnetEstimateLamports":465230560}
NEAR MPC signatures: 35, average 0.0s
126/133 passed
FAIL X8. Phantom's own signed grant naming MetaMask's PDA Program FTNMFWiECbRp7D5MwJUiNQfee6NuJPjE7S11J9yc2B9G invoke [1] 2xWveTX3CMRy82ztNHVBp52tX57s5XE9Y8BQ6is6gq2r's signer privilege escalated Program FTNMFWiECbRp7D
FAIL X9a. valid Phantom grant, data names another settings address Program FTNMFWiECbRp7D5MwJUiNQfee6NuJPjE7S11J9yc2B9G invoke [1] AQvrbQz1r9M5TaGnDzSngFVnYvUxCBmdBp5sqQaEPkAo's signer privilege escalated Program FTNMFWiECbRp7D
FAIL V4b. MetaMask signs a revoke naming Phantom's PDA under its own owner field MNRpJe4u1c4DxgGXKskG6ieNH8Y1qcoaBrhoCShDfC1A5JP9wXgFG6jhW9whhix3VBf3UH9GazJhhnLhUnw2jSA
FAIL V4d. MetaMask revokes the same key under its own PDA (a marker in MetaMask's namespace) custom program error: 0x2
FAIL V6a. a revoke signed for account A's PDA, sent with account B's settings and B's marker 34XUqiniw6M3HhT95UsWytqb3wd4CrEueGbwErzmY3XYatvxP5c3bXwFFTmvm9Q65azXCnz4raMYihZXxf5zBFeL
FAIL V6b. no marker was created in account B 
FAIL V8b. a move with non-canonical bump 254 (canonical 255) and the canonical PDA account Program FTNMFWiECbRp7D5MwJUiNQfee6NuJPjE7S11J9yc2B9G invoke [1] AQvrbQz1r9M5TaGnDzSngFVnYvUxCBmdBp5sqQaEPkAo's signer privilege escalated Program FTNMFWiECbRp7D
