{
  MetaMask: "4TXiTPLxe5PrpwiY15tj9nP3wF5F8JPKUsYQyfHCCcod",
  Freighter: "9BcBicoPrGtPJnVynJoj2g1p6zrvaFBkJccorLwGTMZo",
  Phantom: "G5H71U2pASYLeei9MYvWVmCZzjHp2VscWTjpdLYa6LT4",
  sessionMetaMask: "3YomJ7dnhtqFnnPAzRUGmhC8EevR2R4F6Sdx7YN6Pppc",
  sessionFreighter: "Cn2bjH8kGkjioVoB9MY86TDsJ6kKjvaiu9ZCmMsJVW74",
  program: "FTNMFWiECbRp7D5MwJUiNQfee6NuJPjE7S11J9yc2B9G",
  programB: "J38gUL2YFo91GDBnDXwVDaGpk6XWSJUhs7RuditRdiVo",
  net: "localnet",
}
PASS P0. seats are exactly MetaMask(NEAR MPC), Freighter(NEAR MPC), Phantom(own key); threshold 2; vault funded | ok 66vGcAp3o8R3BFr42pNzsE4AEW7k8siw1TNTAdTUAMUaZLcr5NzBBZSgmaoakUEkdhdJXouJhM8RDzoDDv4fqh2j
PASS K1-MetaMask. MetaMask alone:a. MetaMask proposes and approves | ok pxQNFnYFcy24huoEyVBrrEe2dzEnVSj9kQkQfDNNLCXYWpC2zXD8AWKBKynLFdjkXF21BLT2rY8whJso2icC2vK
PASS K1-MetaMask. MetaMask alone:b. MetaMask executes with only its own approval | refused: Error Code: InvalidProposalStatus
PASS K1-Freighter. Freighter alone:a. Freighter proposes and approves | ok MzUpzPKdxc4zzZcPwictXvpTobaR7D3CRErM1wux4jxgEeAVBbe7vqQuEu8mXENTKKfbTZmTKkAfaAG4FfEyfZT
PASS K1-Freighter. Freighter alone:b. Freighter executes with only its own approval | refused: Error Code: InvalidProposalStatus
PASS K1-Phantom. Phantom alone:a. Phantom proposes and approves | ok 2kSYcr3VYCNMS1zhFmp1CTNRsMmcBxjfghoZzsZXpQeDnoj1bwCcazDzDzFacvjEX12gwPGVUFZKB1MRucbU9HHr
PASS K1-Phantom. Phantom alone:b. Phantom executes with only its own approval | refused: Error Code: InvalidProposalStatus
PASS K2. MetaMask + Freighter:a. MetaMask proposes and approves | ok 4tagvCYwSNFb87Wr1A4XWmr1sSbBugFh3KLnVgBdHcux5bv5QZ9hgyijs2aSDtXnGq6EWHiUvrPjWfz7CRmXXumu
METRIC seat-propose-K2-MetaMask {"totalCu":78014,"bytes":579,"fee":10000}
PASS K2. MetaMask + Freighter:b. Freighter approves and executes | ok XJ4TRvmdqVh45C94uTjsNNbmfw7xz5gzXsZ6FNY1Rvnx2Neefid1QzWwAjZveYN9uzyUb2QFrjQLA9CPJfKkqZi
METRIC seat-exec-K2-Freighter {"totalCu":67701,"bytes":490,"fee":10000}
PASS K3. Freighter + Phantom:a. Freighter proposes and approves | ok 69zv8ZfZShoSvGMQ66izCvPH2xenN6knzZB6JvPDkGT7kbStATAdyA3ZNbctEG3t3TbFU1JV1mBCQmjZTq9rBP3
METRIC seat-propose-K3-Freighter {"totalCu":83828,"bytes":579,"fee":10000}
PASS K3. Freighter + Phantom:b. Phantom approves and executes | ok 228HQe79VJ2du7qsFGaRHdQJZFAXfdo2ZDgAbJcKozjr3jA3ZURkvQ9JqQUUd9L5imZeb7YUjbpkV6j13N3c7fmQ
METRIC seat-exec-K3-Phantom {"totalCu":70829,"bytes":490,"fee":10000}
PASS K4. Phantom + MetaMask:a. Phantom proposes and approves | ok 4wnNXNfUauKGKt3Vz7Hi9d15zXGoVtyLsMVVX5J3NmVjDECKVji18JKArkVu2oNGRftwJktEDEqAZZZUNhoyVNuh
METRIC seat-propose-K4-Phantom {"totalCu":79520,"bytes":579,"fee":10000}
PASS K4. Phantom + MetaMask:b. MetaMask approves and executes | ok 3iFzBKHn2XXF9umgDoPBD2AM2gpaFbYzbw9wcDA5rmT5DWjgxvfoE5PbtyJezVd9WXkq4gGznBUaLnC6uJJJ2ZZu
METRIC seat-exec-K4-MetaMask {"totalCu":67876,"bytes":490,"fee":10000}
PASS K5. DEST received exactly 0.03 SOL | ok 0.03
PASS K6. MetaMask alone (open proposal):a. MetaMask proposes and approves | ok 3GqVC3KNQDp9JGW7qrBCifrQuErV5GhTP2J1iiFqoKm512YRMj7HS6v1Dnwr9tRUCefGKWHtA1w3aHP1yQ9zbPrs
PASS K6. MetaMask alone (open proposal):b. MetaMask executes with only its own approval | refused: Error Code: InvalidProposalStatus
PASS K6c. an outsider approves it | refused: Error Code: NotASigner
PASS K6d. Freighter's seat signed by MetaMask's MPC key | refused: Transaction did not pass signature verification
PASS K6e. Freighter's seat signed by its MPC key under another path | refused: Transaction did not pass signature verification
PASS K6f-MetaMask. MetaMask's seat vote signed by its session-path key | refused: Transaction did not pass signature verification
PASS K6g-MetaMask. MetaMask's session-path key approves as itself | refused: Error Code: NotASigner
PASS K6f-Freighter. Freighter's seat vote signed by its session-path key | refused: Transaction did not pass signature verification
PASS K6g-Freighter. Freighter's session-path key approves as itself | refused: Error Code: NotASigner
PASS K7. install the movers policy (members: the three session PDAs):a. MetaMask proposes and approves | ok 4kyigvUE7TvmikHiQpiNhdDTuroyS4M3iZfLWcfucmxS28BdqLLjrApFAKxPaiu7PU9PM9MAV7kPEGpJvakr9wRC
PASS K7. install the movers policy (members: the three session PDAs):b. Phantom approves and executes | ok 4h6ZvfwxchncKnrAfGRsVSk4zdGkpiwmbajEfoA3HxMFtc7w1y9iiasdUeiL8qHzjeNFhkGgGarctaTciLoGrQrZ
PASS N0. MetaMask alone (open proposal):a. MetaMask proposes and approves | ok 3jgB71mN7EaS5da3ndqL8hmWTfp3dVpXY9f6uhWEwEicY59rj2xcytYtNi8Spig6xNg4PgQ6BBu5Smoso2XaWJmG
PASS N0. MetaMask alone (open proposal):b. MetaMask executes with only its own approval | refused: Error Code: InvalidProposalStatus
PASS N1. Phantom session approves that proposal as its PDA | refused: Error Code: NotASigner
PASS N2. Phantom session key approves it as itself | refused: Error Code: NotASigner
PASS N3. Phantom session proposes a vault transaction as its PDA | refused: Error Code: NotASigner
PASS N4. Phantom session adds its key as a seat (settings sync, as its PDA) | refused: Error Code: InvalidSignerCount
PASS N5. Phantom session calls a program other than the Smart Account (System transfer from its PDA) | refused: Program FTNMFWiECbRp7D5MwJUiNQfee6NuJPjE7S11J9yc2B9G invoke [1] Unknown program SMRTzfY6DfH5ik3TKiyLFfXexV8uSG3d2UksSCYdunG Program FTNMFWiECbRp7D5MwJUiNQfee6Nu
PASS G-MetaMask1. one MetaMask signature (through NEAR) -> session; relayer pays: 0.01 SOL to VENUE | ok 2W4jPyd8XgB5MATgXiYL2H6Z3dgS19oV2BNAG68yawpuWrJdCkqNGGDDBahhmap6Rdd27uqzLmtwxHgJ5G4mP3XZ
METRIC move-MetaMask-relayed {"totalCu":57860,"primeSessionCu":57860,"bytes":975,"fee":15000}
PASS G-MetaMask2. relayer down: session key pays the fee itself: 0.005 SOL to VENUE | ok 4YZJ8z8bHTyk4iLs9sho7PQYvqw9HQSAGkf4X4uZWytB7DxRBVFtu8LJsMHV31WVEQz633GnUzyPh7KsyaRC2WkT
PASS G-MetaMask3. VENUE received exactly 0.015 SOL | ok 0.015
PASS G-MetaMask4. relayer down and the session key has no SOL | refused: Attempt to debit an account but found no record of a prior credit
PASS G-MetaMask5. same session: 0.01 SOL elsewhere (policy) | refused: Error Code: ProgramInteractionAccountConstraintViolated
PASS G-MetaMask6. same session: 0.06 SOL to VENUE (over the 0.05 per-move limit) | refused: Error Code: ProgramInteractionInvalidNumericValue
PASS G-MetaMask7. stretched valid-until | refused: custom program error: 0x7
PASS G-MetaMask8. someone else replays the grant with their own key | refused: custom program error: 0x7
PASS G-Freighter1. one Freighter signature (through NEAR) -> session; relayer pays: 0.01 SOL to VENUE | ok KZ1mGi13HvFig8XBNCoRNvBhvh4wa15YSpZkmhiZWiP1sMBAhxjPFxMg21HJFKrSBAxZ3a1tmg8FU3iW7E1Xh86
METRIC move-Freighter-relayed {"totalCu":56329,"primeSessionCu":56329,"bytes":975,"fee":15000}
PASS G-Freighter2. relayer down: session key pays the fee itself: 0.005 SOL to VENUE | ok 37Ktk8jGRZ4Ltitco6NMmFiPJUFbBYCWA64A7kZjjcXQgxLVVsf2Qoo4WRDiQhZUWPnaYwELxTywD6SRzCBZNvDM
PASS G-Freighter3. VENUE received exactly 0.015 SOL | ok 0.015
PASS G-Freighter4. relayer down and the session key has no SOL | refused: Attempt to debit an account but found no record of a prior credit
PASS G-Freighter5. same session: 0.01 SOL elsewhere (policy) | refused: Error Code: ProgramInteractionAccountConstraintViolated
PASS G-Freighter6. same session: 0.06 SOL to VENUE (over the 0.05 per-move limit) | refused: Error Code: ProgramInteractionInvalidNumericValue
PASS G-Freighter7. stretched valid-until | refused: custom program error: 0x7
PASS G-Freighter8. someone else replays the grant with their own key | refused: custom program error: 0x7
PASS G-Phantom1. one Phantom signature -> session; relayer pays: 0.01 SOL to VENUE | ok 4U4tvbRJcKW8NeGaR4B6aCmkZrsqj16YAE6p8NH8hLshDqriQ2tN1eKNPsvYZvcYma4RisdDGU5iSNHaTt3Jhju4
METRIC move-Phantom-relayed {"totalCu":56361,"primeSessionCu":56361,"bytes":975,"fee":15000}
PASS G-Phantom2. relayer down: session key pays the fee itself: 0.005 SOL to VENUE | ok 3fCzEu4NPLarQcjbh5Wvy5dCq5dyJThYCPYwgBReRko2Wcii9ZDiFmRH5cXLLEXGyzwrhmLfz71oUfAZvFCqgVco
PASS G-Phantom3. VENUE received exactly 0.015 SOL | ok 0.015
PASS G-Phantom4. relayer down and the session key has no SOL | refused: Attempt to debit an account but found no record of a prior credit
PASS G-Phantom5. same session: 0.01 SOL elsewhere (policy) | refused: Error Code: ProgramInteractionAccountConstraintViolated
PASS G-Phantom6. same session: 0.06 SOL to VENUE (over the 0.05 per-move limit) | refused: Error Code: ProgramInteractionInvalidNumericValue
PASS G-Phantom7. stretched valid-until | refused: custom program error: 0x7
PASS G-Phantom8. someone else replays the grant with their own key | refused: custom program error: 0x7
PASS G9. grant longer than 7 days | refused: custom program error: 0x4
PASS G10. expired grant | refused: custom program error: 0x4
PASS G11. MetaMask grant with the ed25519 program instruction missing | refused: custom program error: 0x7
PASS G12. ed25519 instruction reading its public key from another instruction | refused: custom program error: 0x0
PASS G13. daily cap shared by all: 0.045 used + 0.05 = 0.095 <= 0.1 | ok 56gQydnNmFCnr4z3JwyVHxvwHCd97ohkGmf93BhW2gAADNKhKS4e8G2NdhG7yu95W3Jk1Bx6bR2L6WjPgzJPRkiw
PASS G13b. + 0.01 = 0.105 > 0.1 | refused: Error Code: ProgramInteractionInsufficientLamportAllowance
PASS X1. Freighter's PDA with a grant signed by MetaMask (NEAR) | refused: custom program error: 0x7
PASS X2. Phantom's PDA with a grant signed by Freighter (NEAR) | refused: custom program error: 0x7
PASS X3. MetaMask's PDA with a grant signed by Phantom | refused: custom program error: 0x7
PASS X4. Freighter's PDA with its MPC key under another path | refused: custom program error: 0x7
PASS X4b. Freighter's session PDA with a grant signed by its seat key (prime:solana) | refused: custom program error: 0x7
PASS X5. Phantom grant presented for MetaMask's PDA | refused: custom program error: 0x7
PASS X6. grant signed for cluster mainnet, used on localnet | refused: custom program error: 0x7
PASS X7a. a grant naming program A's PDA, presented to program B with A's PDA | refused: custom program error: 0x2
PASS X7b. the same grant presented to program B with B's PDA (text mismatch) | refused: custom program error: 0x7
PASS X7c. a grant naming program B's PDA, presented to program A with B's PDA | refused: custom program error: 0x2
PASS X7d. the same grant presented to program A with A's PDA (text mismatch) | refused: custom program error: 0x7
PASS X8. Phantom's own signed grant naming MetaMask's PDA | refused: custom program error: 0x2
PASS X9a. valid Phantom grant, data names another settings address | refused: custom program error: 0x2
PASS X10. the session key does not sign (relayer only) | refused: Program FTNMFWiECbRp7D5MwJUiNQfee6NuJPjE7S11J9yc2B9G invoke [1] Program FTNMFWiECbRp7D5MwJUiNQfee6NuJPjE7S11J9yc2B9G consumed 2483 of 203000 compute units Progr
PASS X11a. account 3 set to the System program instead of the Smart Account program: the move still runs | ok 5HHvmbHYSg9jBURqZaqg389qbjpw2y4WcAhqnsKKY7rpJFfRFAvHwiQx57qZ7Mbn7bg54yok6goSbAwKa1hUXdAG
PASS X11b. ...and prime-session called only the Smart Account program | ok 5HHvmbHYSg9j… Program SMRTzfY6DfH5ik3TKiyLFfXexV8uSG3d2UksSCYdunG invoke [2]
PASS A0. account B created with the same three seats | ok 4EEoFtsLkbYiXYoXxJvSfb2Et2wdRShB27SD4S96NapTWNHZSFZcXwve2KWPVtt1ZC2WawxYXJS7S4F5i2ZTB3DL
PASS A1. account B installs its movers policy (members: each wallet's PDA for account B):a. MetaMask proposes and approves | ok 3xWEC4JiscHukvvZUf7vnQfZUFQGQ5ozUSuaD6hGdwNUb6EbxvUv6cvyeB4mLaQ4Be6m4yEGrgHAarynfT5ndme9
PASS A1. account B installs its movers policy (members: each wallet's PDA for account B):b. Phantom approves and executes | ok XfFSmjuxk9qXampdci9EvEiKQrPWEqJdxe6kg1V9QYKWYEjqQ1EjXomJiHWNaairEEnGdmCoa43xjGxEDNPVpEY
PASS A2. each wallet's PDA differs between account A and account B | ok 7qriG5,J5qGs8,CxMTvv
PASS A3. account A's Phantom grant presented to account B (as Phantom's account-B PDA) | refused: custom program error: 0x7
PASS A4. account A's Phantom PDA calling account B's policy | refused: Error Code: NotASigner
PASS A5. a Phantom grant made for account B works in account B | ok 4BdmtPgLqm6URFdvrK5oRHxh8E444jxy1YVKis71BxGYGDBywEVswWC3RXEzJu6c8UpXN6Mz4CLd3UpRVxq4etEx
PASS A5-M0. Phantom session: one move through the Smart Account (compute units recorded) | ok 3PQ9p3aQNVDwJTJT6TWxYxmkQ4s9amTisZwfJ8Cb1yJAtVhPbSxzyap7UyeSwwssGkP2RV2mZJ2i5W4ZaBoe5Xcv
METRIC move-sample-0 {"totalCu":56329,"primeSessionCu":56329,"bytes":975,"fee":15000}
PASS A5-M1. Phantom session: one move through the Smart Account (compute units recorded) | ok 4LGNdRC2mczJRv1K8xew3hRLQvi9HkfwcRhLQqK6hBUq3qxHyTEtzp5nctFnoaNKkgBbjMYgSogk2HGevSKpqFWA
METRIC move-sample-1 {"totalCu":56329,"primeSessionCu":56329,"bytes":975,"fee":15000}
PASS A5-M2. Phantom session: one move through the Smart Account (compute units recorded) | ok 57mrmXMZE2xxiYoztyCKBk5xoYHRsCC2GVXRURNX6qjUaBofA7sokVQTMv1JX7vQ3YNVfhfHXrjAawP2XQfXzXGV
METRIC move-sample-2 {"totalCu":53329,"primeSessionCu":53329,"bytes":975,"fee":15000}
PASS A5-M3. Phantom session: one move through the Smart Account (compute units recorded) | ok 2EZiPRL2oKRgUvX2FM96dKNCrobXKTGwMW2LVZmkJvzTMzJbyxwS6tDhMaXsGDW1d3NPpRG4DEtJQ7LpQDNbYEjX
METRIC move-sample-3 {"totalCu":53329,"primeSessionCu":53329,"bytes":975,"fee":15000}
PASS A5-M4. Phantom session: one move through the Smart Account (compute units recorded) | ok 34vEJBiwGo6L8eejThRJ54Djb3bTCebQQ3nqE7nm7vkEcMYbhYxyH6PMJ9HgsdkjfnEzJFTBSfiRL1Tji9AtojjN
METRIC move-sample-4 {"totalCu":57829,"primeSessionCu":57829,"bytes":975,"fee":15000}
PASS A5-M5. Phantom session: one move through the Smart Account (compute units recorded) | ok 3U9CAyRNBBEFuMDvUfWo7hXVaEacrSLCgWZ3sRPgn87C1HbgPvAoxehrS7TyHHvd5EWdre69o2WTmEgLQWq4prgE
METRIC move-sample-5 {"totalCu":54829,"primeSessionCu":54829,"bytes":975,"fee":15000}
PASS A5-M6. Phantom session: one move through the Smart Account (compute units recorded) | ok 5EB9VUZa1tfknJ8qG8sR9Y4c9n9jCGcijyFbju62AHM3mDg91smjus1TuP3EEwh2xooiYS2N2aHnYvHMuT4urfeE
METRIC move-sample-6 {"totalCu":53329,"primeSessionCu":53329,"bytes":975,"fee":15000}
PASS A5-M7. Phantom session: one move through the Smart Account (compute units recorded) | ok 5mqMxVa9zfebt7a4tgWnz9BRWgcFJchDBZJvcXbHpKcArQD16u59aDHSRDUqF1d7cRQYTs9GkvcFsFToCck5m18w
METRIC move-sample-7 {"totalCu":53329,"primeSessionCu":53329,"bytes":975,"fee":15000}
PASS A5-M8. Phantom session: one move through the Smart Account (compute units recorded) | ok 3jDtQdwdVkHc8Ehm1YyguxcrQbdLqT5YCrGiB55h6dSyuXBw6Vz75BqBNST7tgDd8tuhRxS5tZAChvxQoD8HnSvS
METRIC move-sample-8 {"totalCu":53329,"primeSessionCu":53329,"bytes":975,"fee":15000}
PASS A5-M9. Phantom session: one move through the Smart Account (compute units recorded) | ok 3THqeobqZ6MWjtvJPrLmydFcX5mE6AhUB6jjsbEDMXQ4CWJEW3phwdS3ynfRJC7UESMjVbiwEh63qMgiT3jfb7pK
METRIC move-sample-9 {"totalCu":54829,"primeSessionCu":54829,"bytes":975,"fee":15000}
PASS A6. account B's grant presented to account A | refused: custom program error: 0x7
PASS V0a. Phantom session 1 works | ok 371sGBMC1Lr6HEe5exBdesxatXiS8Lv1jcAbToHrxKQqC6qdqtbqL1xF1gemwht91C4oYsmvcbnh2H6q4WutvQEV
PASS V0b. Phantom session 2 works | ok DTEff14eXYuCFJ6Tm9pcrY67MrFMT3w6t5erT98CkbtDcbFWvbt4HnMGKs1RtaZT4yTSsEvYUi7S8bh483XB9TL
PASS V0c. no marker exists for session 1 yet | ok 6zQNJDpygahtPCCtaidui4Byy385TPkgCwUbL54e1N3M
PASS V1. Phantom revokes session 1 (one signature, relayed, session key does not sign) | ok 5xG9FgLotqo8vNHL2gLp5xU62HCg6h9JK9AWwtf7WSWUCD6oefjGDwh78NbfStdmRW5BAzbmT94XAJLdcaV5gvqb
METRIC revoke {"totalCu":22224,"primeSessionCu":22224,"bytes":726,"fee":10000}
PASS V1b. the marker is empty, owned by prime-session and rent exempt | ok {"lamports":890880,"dataBytes":0,"owner":"FTNMFWiECbRp7D5MwJUiNQfee6NuJPjE7S11J9yc2B9G"}
FAIL V2. the revoked session 1 is refused | ok 3tgpxKDcLVDCfx3v1vjw1SvpvBexFidSph2LBKbgjyR6zXwfYDnJsTvTgLuu9ToyKWNGbEhFSBcSCACA5SY8ZhV3
PASS V3. the same wallet's session 2 keeps working | ok 33cr9S3ErELfnXXJRVChz9HgXoTE5JWS39dnjJhzHDubeKHBaKgjDJ3erShc5AA6Pfd9H1E2rHMppd68zfHnTrw8
FAIL V3b. revoking session 1 again is refused | ok 2LZ8MK7rxpJTFKWWzL2xKFV6JFwZd2MnC9o6u8jP22xY7QhtXreSQ9gNVmcikLWrLh8onpTNY7XNU3KZDmbEGbHs
PASS V4a. MetaMask's session-owner key signs a revoke of Phantom's session 2 (data names Phantom as owner) | refused: custom program error: 0x7
PASS V4b. MetaMask signs a revoke naming Phantom's PDA under its own owner field | refused: custom program error: 0x2
PASS V4c. Phantom session 2 still works | ok 2YEbthyKjW9Fj27LVme3BDuraekDdZZowbNSyYBbAabNQ77LEwmqwvkUicP62X2kUhyyt357TF7okJFj5NcJqjG5
PASS V4d. MetaMask revokes the same key under its own PDA (a marker in MetaMask's namespace) | ok 2oxVjTbfVuyeTJRLTJZXGQeuJNyPcWcBHr7awxv8E7G4mLEu4YeSn5gmJQmNevc1jJprg1gUMoEv5YMNeebyYCzw
PASS V4e. ...and Phantom's session 2 still works (the marker is per owner) | ok 3fozuUa6v9zPhytbTBsL2HkNaNXxdekhUsZdCof9DnpzsF9VSY5HRVsVjZQJQFSZ9Yy935hM4nwbKMhQdyc7aaXs
PASS V5a. Phantom revokes a key it never granted | ok 42TA7BR2xym5HsB3rn2Ph2DUJRbPvuRHZ8wTSJPPp75u3Sr1ozEsxNSr38hxZUnqtpoqqutD6BTUbhUo97CrVbZi
FAIL V5b. a grant signed for that key afterwards is refused | ok CvCN5jfEVp3n46fFBoYS5tPXQ6wFnSKL5HD1DbdVuJeTznN2sWCmvx113yMbMrP8ASVPMpy7Y1zF6ZcdxeypLH3
PASS V6a. a revoke signed for account A's PDA, sent with account B's settings and B's marker | refused: custom program error: 0x2
PASS V6b. no marker was created in account B | ok 
PASS V6c. session 3 still works in account A | ok 282X2Z1LY2g8UGZY5rSunyFqPcPLKvePqT1FhhPgmbWokn9nTEdUmu1kZpwWLdDSiUq7P4FapSv9TrtBFtrAQAn3
PASS V7a. a pre-fund below the rent minimum is refused by the runtime | refused: {"InsufficientFundsForRent":{"account_index":1}}
PASS V7b. a stranger pre-funds the marker address with 0.001 SOL | ok 2KnT7Mkkq8xCqzYnSd7LcAQL3Zb8N1tFgfpyqYfcjbdWRfTroQbhY3Lz1KXutz4EEVSZ6263sgY5vVxMs1ih42rt
PASS V7c. the revoke still works | ok 2CDauxMkfsZqjRrvHAzz1n1udkBQU23gNyZNB8XZwpokGSGZPQVv2jZaMUYyvaxgxZHt9f4GcNwjD9XijQATt1zm
FAIL V7d. the revoked session 4 is refused | ok 5Vtsg6pb8VPyiw2gxBn9Zb58ZFyxQmpVV4x6S4neh7AbJh4883ADKdTGikc7Re9815rG2MB3AZ4PU74qvJd2HMZh
PASS V8a. a move that passes another marker address | refused: custom program error: 0x2
PASS V8b. a move with non-canonical bump 254 (canonical 255) and the canonical PDA account | refused: custom program error: 0x2
PASS V8c. the same session with the canonical bump works | ok 4R4qCGwJaE7cwgVBrAMQNkoVfG4jftqfM6xt7rEanLGBrpv5HWAnEuj21rmGrBPH4rceVBW4ujEKcjRWWUQh9BnN
PASS V9. a 72-byte instruction (the old length check) | refused: Program FTNMFWiECbRp7D5MwJUiNQfee6NuJPjE7S11J9yc2B9G invoke [1] Program log: panicked at src/lib.rs:37:110:
index out of bounds: the len is 8 but the index is 8
PASS V9b. a 10-byte instruction | refused: Program FTNMFWiECbRp7D5MwJUiNQfee6NuJPjE7S11J9yc2B9G invoke [1] Program log: panicked at src/lib.rs:35:41:
range end index 32 out of range for slice of length 1
PASS F0. control: the genuine signature instruction in second place, sig_ix 1 | ok 3xGrRstYFf2j98rmztFZTxMq9c2K7F9GWZ3RVcLEKx9RNZ3ooFALNqYKnPE1V9u3FQ5PZy6sVTrRPthGFphHuhGY
PASS F1. a key read from another instruction: the attacker's signature over the grant text, the owner's key in the data, key index 0 | refused: custom program error: 0x7
PASS F2. a message read from another instruction: a replayed owner signature stretches the grant by one second, message index 0 (the session key pays the fee: two signature instructions leave no room for a second fee signature) | refused: custom program error: 0x7
PASS F4. a signature instruction from another program (a no-op program) that carries the owner key and the exact grant text with an invalid signature | refused: custom program error: 0x7
PASS F3. a signature read from another instruction (the program also refuses it; the precompile already stops this triple) | refused: custom program error: 0x2
PASS R0. Freighter session works before | ok 4v8DzQg2w6tFEKEyeU8MAPDc63dg368TSM4aozMRdoRXEVKQ3An1ejEZqHF1437bWAhxjbBQG2vAs4T34orFgCq3
PASS R1. MetaMask + Phantom update the policy: members MetaMask and Phantom PDAs only:a. MetaMask proposes and approves | ok 1n3nnNK8M6TFoZ8nAqxixtfMaYHYmEH7LJEFNcqCHvEJhLi8y5UScaV7YY3cHEEtJZiismraA1vAxTqkwSByp2v
PASS R1. MetaMask + Phantom update the policy: members MetaMask and Phantom PDAs only:b. Phantom approves and executes | ok 5pu4JKLuE5VKhcBoym6tcs8oza219uVXYVKNCvB3if7YcXCYPva64h1eaJn3THjFn8D6ECgcgj9bMsBBhBaH9txA
PASS R2. the live Freighter session after removal | refused: Error Code: NotASigner
PASS R3. MetaMask session still works | ok 4Aotx3ReWCk7FtVZCWkzaGX43MpXysKSqnmzFQELk5XmcRX8tXXoRZTyR5v4sLKyzhSShPVsjsp852ukrYZE3ybD
METRIC relayerSpend {"net":"localnet","spentLamports":4093275560,"vaultFundingLamports":4000000000,"sessionKeysFunded":46,"sessionKeyFundingDevnetLamports":92000000,"devnetEstimateLamports":465275560}
NEAR MPC signatures: 35, average 0.0s
129/133 passed
FAIL V2. the revoked session 1 is refused 3tgpxKDcLVDCfx3v1vjw1SvpvBexFidSph2LBKbgjyR6zXwfYDnJsTvTgLuu9ToyKWNGbEhFSBcSCACA5SY8ZhV3
FAIL V3b. revoking session 1 again is refused 2LZ8MK7rxpJTFKWWzL2xKFV6JFwZd2MnC9o6u8jP22xY7QhtXreSQ9gNVmcikLWrLh8onpTNY7XNU3KZDmbEGbHs
FAIL V5b. a grant signed for that key afterwards is refused CvCN5jfEVp3n46fFBoYS5tPXQ6wFnSKL5HD1DbdVuJeTznN2sWCmvx113yMbMrP8ASVPMpy7Y1zF6ZcdxeypLH3
FAIL V7d. the revoked session 4 is refused 5Vtsg6pb8VPyiw2gxBn9Zb58ZFyxQmpVV4x6S4neh7AbJh4883ADKdTGikc7Re9815rG2MB3AZ4PU74qvJd2HMZh
