{
  MetaMask: "4TXiTPLxe5PrpwiY15tj9nP3wF5F8JPKUsYQyfHCCcod",
  Freighter: "9BcBicoPrGtPJnVynJoj2g1p6zrvaFBkJccorLwGTMZo",
  Phantom: "G5H71U2pASYLeei9MYvWVmCZzjHp2VscWTjpdLYa6LT4",
  sessionMetaMask: "3YomJ7dnhtqFnnPAzRUGmhC8EevR2R4F6Sdx7YN6Pppc",
  sessionFreighter: "Cn2bjH8kGkjioVoB9MY86TDsJ6kKjvaiu9ZCmMsJVW74",
  program: "FTNMFWiECbRp7D5MwJUiNQfee6NuJPjE7S11J9yc2B9G",
  programB: "J38gUL2YFo91GDBnDXwVDaGpk6XWSJUhs7RuditRdiVo",
  net: "localnet",
}
PASS P0. seats are exactly MetaMask(NEAR MPC), Freighter(NEAR MPC), Phantom(own key); threshold 2; vault funded | ok 2TCfpnDmb6CdpTghWMgjhFGx8KN9unERW5A3pSz7uHZJ6UGbyzuwm6xhzERcyP4XLAkUAmSXwYKyS3z7rue7z72D
PASS K1-MetaMask. MetaMask alone:a. MetaMask proposes and approves | ok 3ZgtRBwfND1FCFFPaZBSSXHGMWyMsXF7buxycifXChAt5EihQrsaYWoSnTZjYe47Yq486uhXkdYJQrnNUtp61Pur
PASS K1-MetaMask. MetaMask alone:b. MetaMask executes with only its own approval | refused: Error Code: InvalidProposalStatus
PASS K1-Freighter. Freighter alone:a. Freighter proposes and approves | ok 2WcuYTNGjDo3ZdgMkVCA6J3YqdHBAKWnRXFDkSnePDDoMh5hWbj13p9B7Le82AEQFSnfEGvXMvYCf86FiSa3zAwV
PASS K1-Freighter. Freighter alone:b. Freighter executes with only its own approval | refused: Error Code: InvalidProposalStatus
PASS K1-Phantom. Phantom alone:a. Phantom proposes and approves | ok Jg9Tjjszswzkas5iA7aq9g3bnRR61TtMgmECBrcZAoKwUD93Yy8V7u3BysDGpmJoSuCaTzAS3L5pzACgLr98oAN
PASS K1-Phantom. Phantom alone:b. Phantom executes with only its own approval | refused: Error Code: InvalidProposalStatus
PASS K2. MetaMask + Freighter:a. MetaMask proposes and approves | ok 5zceLy1BtkZg9JkD7r7poWfYhGUxfsGQRtU7ZiM7RNeJzL1ZTWC79ZsohMnUa5LYPCbmVbhRzWpZcWTgZhoDRa63
METRIC seat-propose-K2-MetaMask {"totalCu":78014,"bytes":579,"fee":10000}
PASS K2. MetaMask + Freighter:b. Freighter approves and executes | ok 5ekACoNA9rzYg1Fy7smPEUYwJBtYNPrt4yi1owR8hT2d4fXpQXwha4vBuitNo4WxQ58VB2AzbcxnFsxyuUYhXJrv
METRIC seat-exec-K2-Freighter {"totalCu":67701,"bytes":490,"fee":10000}
PASS K3. Freighter + Phantom:a. Freighter proposes and approves | ok 4uUy79ZosTeVD5d3igSN86QXrXj8fBNDRuz9GQz3LeQhTJqhPQZmE5p9DwsF6yUAqMFxHk6UFxApa7EEpPwEf6X8
METRIC seat-propose-K3-Freighter {"totalCu":83828,"bytes":579,"fee":10000}
PASS K3. Freighter + Phantom:b. Phantom approves and executes | ok 3MixcCnyaWdLryR4BxQvCfZ8xKvGknSjAdgUn2mUF9N8qXauRdDxmK7GZeR6F5Wxap8P89BxTQLEDn83S1qTyqG9
METRIC seat-exec-K3-Phantom {"totalCu":70829,"bytes":490,"fee":10000}
PASS K4. Phantom + MetaMask:a. Phantom proposes and approves | ok 3PDecm4CEAxgptmecTqyXb5WeFvmgsvzwfGeFgrwK2UdkHX31XW5N1zcxubhEexTRc9GNTKgGhPEuQ33fF2Htw74
METRIC seat-propose-K4-Phantom {"totalCu":79520,"bytes":579,"fee":10000}
PASS K4. Phantom + MetaMask:b. MetaMask approves and executes | ok 5RRzvGpL3W6Vj4vzeeCH1hdvb5JWs8yrTZggUUmKguChDxGrK9oGzYBKZU3a8Didjz25pLV5ByVekyYKK3dr4abj
METRIC seat-exec-K4-MetaMask {"totalCu":67876,"bytes":490,"fee":10000}
PASS K5. DEST received exactly 0.03 SOL | ok 0.03
PASS K6. MetaMask alone (open proposal):a. MetaMask proposes and approves | ok 3qzwrkwRTTokJtzC35tjyYkvC69kQjZt3z9MtVCh9W4KdGXGLePFEUDe1EDqnTpbQiHMRka2RnshLpUqJTEnNRij
PASS K6. MetaMask alone (open proposal):b. MetaMask executes with only its own approval | refused: Error Code: InvalidProposalStatus
PASS K6c. an outsider approves it | refused: Error Code: NotASigner
PASS K6d. Freighter's seat signed by MetaMask's MPC key | refused: Transaction did not pass signature verification
PASS K6e. Freighter's seat signed by its MPC key under another path | refused: Transaction did not pass signature verification
PASS K6f-MetaMask. MetaMask's seat vote signed by its session-path key | refused: Transaction did not pass signature verification
PASS K6g-MetaMask. MetaMask's session-path key approves as itself | refused: Error Code: NotASigner
PASS K6f-Freighter. Freighter's seat vote signed by its session-path key | refused: Transaction did not pass signature verification
PASS K6g-Freighter. Freighter's session-path key approves as itself | refused: Error Code: NotASigner
PASS K7. install the movers policy (members: the three session PDAs):a. MetaMask proposes and approves | ok 3TPfLVB5qKfr4J48AbySsBuwUZQ93vjvrDnKgW7T58TmrUBKpHdQd3fAgSgSQhbVcaiRfPaefcp2NTvvb3bcqXnf
PASS K7. install the movers policy (members: the three session PDAs):b. Phantom approves and executes | ok 5Q8gMBgriETMmPgozFgmLS7Jk3KWRL3Ugh84fpgRNcG7Gkn5pyG1aa5qZcNeiDP2bNcpfWZNdpn45imq4vSqPGYR
PASS N0. MetaMask alone (open proposal):a. MetaMask proposes and approves | ok 3gwCeVMiYmd6emK1WRLkMY2gvtB5G131F5RgNruB9g5dotD7HZxeqUdAsCVdn1xmWnauXuBVXRKr9T5movmeomW6
PASS N0. MetaMask alone (open proposal):b. MetaMask executes with only its own approval | refused: Error Code: InvalidProposalStatus
PASS N1. Phantom session approves that proposal as its PDA | refused: Error Code: NotASigner
PASS N2. Phantom session key approves it as itself | refused: Error Code: NotASigner
PASS N3. Phantom session proposes a vault transaction as its PDA | refused: Error Code: NotASigner
PASS N4. Phantom session adds its key as a seat (settings sync, as its PDA) | refused: Error Code: InvalidSignerCount
PASS N5. Phantom session calls a program other than the Smart Account (System transfer from its PDA) | refused: Program FTNMFWiECbRp7D5MwJUiNQfee6NuJPjE7S11J9yc2B9G invoke [1] Unknown program SMRTzfY6DfH5ik3TKiyLFfXexV8uSG3d2UksSCYdunG Program FTNMFWiECbRp7D5MwJUiNQfee6Nu
PASS G-MetaMask1. one MetaMask signature (through NEAR) -> session; relayer pays: 0.01 SOL to VENUE | ok 532yNT6ZCetEcVvjkpDDieEXfFntFb4mDdcy8zE3kKr3R3CB7nUFPaXNdNdPNpgbCXh9pdzJegDT3Le3iLT1HK7f
METRIC move-MetaMask-relayed {"totalCu":60856,"primeSessionCu":60856,"bytes":975,"fee":15000}
PASS G-MetaMask2. relayer down: session key pays the fee itself: 0.005 SOL to VENUE | ok 5Ph4ac7r4iLcVeMXYcVHTr76DVK22GkQja6kLrnbfueqVt5Anx3yvLwRKcHwYr1anXZtMRQUdWZ9Ht48KD8NTJ9S
PASS G-MetaMask3. VENUE received exactly 0.015 SOL | ok 0.015
PASS G-MetaMask4. relayer down and the session key has no SOL | refused: Attempt to debit an account but found no record of a prior credit
PASS G-MetaMask5. same session: 0.01 SOL elsewhere (policy) | refused: Error Code: ProgramInteractionAccountConstraintViolated
PASS G-MetaMask6. same session: 0.06 SOL to VENUE (over the 0.05 per-move limit) | refused: Error Code: ProgramInteractionInvalidNumericValue
PASS G-MetaMask7. stretched valid-until | refused: custom program error: 0x7
PASS G-MetaMask8. someone else replays the grant with their own key | refused: custom program error: 0x7
PASS G-Freighter1. one Freighter signature (through NEAR) -> session; relayer pays: 0.01 SOL to VENUE | ok 367oo3uEdAUUG91WNRW71G1Mi9WFr6Liw2eLYp6xsYPyVvvqJ3R8WwtyHRvMNcBws5T49H7L5iE2v4xPYqGNtZwd
METRIC move-Freighter-relayed {"totalCu":56325,"primeSessionCu":56325,"bytes":975,"fee":15000}
PASS G-Freighter2. relayer down: session key pays the fee itself: 0.005 SOL to VENUE | ok 2kHtZhdQLTm7QrGxQuzZ8D6PViGnEA3bD6rE3MqcocqkCntPjKrbSSCPYhm7rnG3NQLwqZnBzyiqLgzCebwaMnDF
PASS G-Freighter3. VENUE received exactly 0.015 SOL | ok 0.015
PASS G-Freighter4. relayer down and the session key has no SOL | refused: Attempt to debit an account but found no record of a prior credit
PASS G-Freighter5. same session: 0.01 SOL elsewhere (policy) | refused: Error Code: ProgramInteractionAccountConstraintViolated
PASS G-Freighter6. same session: 0.06 SOL to VENUE (over the 0.05 per-move limit) | refused: Error Code: ProgramInteractionInvalidNumericValue
PASS G-Freighter7. stretched valid-until | refused: custom program error: 0x7
PASS G-Freighter8. someone else replays the grant with their own key | refused: custom program error: 0x7
PASS G-Phantom1. one Phantom signature -> session; relayer pays: 0.01 SOL to VENUE | ok xpCkrU43U3u2Uodr6UYTHZ3acC2focpwv4MFEfTRYQpPjKr7nUMUFujwcihcmPHbriddGsPZfwtwiUtawBAP5Yo
METRIC move-Phantom-relayed {"totalCu":56357,"primeSessionCu":56357,"bytes":975,"fee":15000}
PASS G-Phantom2. relayer down: session key pays the fee itself: 0.005 SOL to VENUE | ok 5fg34fUE8QGF7B7LrgFhtBAJ1qCHZpj2FP8toLT7fDTCDpb8CkcyLcxYXvyN9QyGc7pUsUfqZyoBZhAeyUspuJaU
PASS G-Phantom3. VENUE received exactly 0.015 SOL | ok 0.015
PASS G-Phantom4. relayer down and the session key has no SOL | refused: Attempt to debit an account but found no record of a prior credit
PASS G-Phantom5. same session: 0.01 SOL elsewhere (policy) | refused: Error Code: ProgramInteractionAccountConstraintViolated
PASS G-Phantom6. same session: 0.06 SOL to VENUE (over the 0.05 per-move limit) | refused: Error Code: ProgramInteractionInvalidNumericValue
PASS G-Phantom7. stretched valid-until | refused: custom program error: 0x7
PASS G-Phantom8. someone else replays the grant with their own key | refused: custom program error: 0x7
PASS G9. grant longer than 7 days | refused: custom program error: 0x4
PASS G10. expired grant | refused: custom program error: 0x4
PASS G11. MetaMask grant with the ed25519 program instruction missing | refused: custom program error: 0x7
PASS G12. ed25519 instruction reading its public key from another instruction | refused: custom program error: 0x0
PASS G13. daily cap shared by all: 0.045 used + 0.05 = 0.095 <= 0.1 | ok 4nEg3fcvdFcmE4HbGfJgpgRoBBhpvdDskDZhjAq9sng75sUz4vUcoVjkfSLnHGZWKtVJuB1P6aoXonuFfqrqR9RR
PASS G13b. + 0.01 = 0.105 > 0.1 | refused: Error Code: ProgramInteractionInsufficientLamportAllowance
PASS X1. Freighter's PDA with a grant signed by MetaMask (NEAR) | refused: custom program error: 0x7
PASS X2. Phantom's PDA with a grant signed by Freighter (NEAR) | refused: custom program error: 0x7
PASS X3. MetaMask's PDA with a grant signed by Phantom | refused: custom program error: 0x7
PASS X4. Freighter's PDA with its MPC key under another path | refused: custom program error: 0x7
PASS X4b. Freighter's session PDA with a grant signed by its seat key (prime:solana) | refused: custom program error: 0x7
PASS X5. Phantom grant presented for MetaMask's PDA | refused: custom program error: 0x7
PASS X6. grant signed for cluster mainnet, used on localnet | refused: custom program error: 0x7
PASS X7a. a grant naming program A's PDA, presented to program B with A's PDA | refused: custom program error: 0x2
PASS X7b. the same grant presented to program B with B's PDA (text mismatch) | refused: custom program error: 0x7
PASS X7c. a grant naming program B's PDA, presented to program A with B's PDA | refused: custom program error: 0x2
PASS X7d. the same grant presented to program A with A's PDA (text mismatch) | refused: custom program error: 0x7
PASS X8. Phantom's own signed grant naming MetaMask's PDA | refused: custom program error: 0x2
PASS X9a. valid Phantom grant, data names another settings address | refused: custom program error: 0x2
PASS X10. the session key does not sign (relayer only) | refused: Program FTNMFWiECbRp7D5MwJUiNQfee6NuJPjE7S11J9yc2B9G invoke [1] Program FTNMFWiECbRp7D5MwJUiNQfee6NuJPjE7S11J9yc2B9G consumed 2483 of 203000 compute units Progr
PASS X11a. account 3 set to the System program instead of the Smart Account program: the move still runs | ok 4YKaSjnpWGTW6Qe5y8u6pKCaaWiukuA4ifwGDsPYeBJ5hm6arRgEkCuwUD8xpGBRA7cXFHbga951EMWR6QVpKoYJ
PASS X11b. ...and prime-session called only the Smart Account program | ok 4YKaSjnpWGTW… Program SMRTzfY6DfH5ik3TKiyLFfXexV8uSG3d2UksSCYdunG invoke [2]
PASS A0. account B created with the same three seats | ok 2tf8pHmsjCoWiN6ARL1o9xxw6nTjheRRtMopcTZF2AYxC3ptSPbNHYRGrpf81tWLqeqFBX7PcvswkeMWx2SXzB7N
PASS A1. account B installs its movers policy (members: each wallet's PDA for account B):a. MetaMask proposes and approves | ok 61dgQvZ2DvDo1AtAFfGtvccn1KL6apqYqh8SpEVBgsuEY1dgJjYsD3vkk6eA3fDMZ1SWd8ReCXN1CW3G8qMUEce2
PASS A1. account B installs its movers policy (members: each wallet's PDA for account B):b. Phantom approves and executes | ok 3wLbVZvjpferoxZsAC2EcFYegkWixkoAFeSPb7cGvvDgCBhJZtvHWzo4PPrmKaK7dctQcm38jiYVWyV6YWhp6e2h
PASS A2. each wallet's PDA differs between account A and account B | ok 7qriG5,J5qGs8,CxMTvv
PASS A3. account A's Phantom grant presented to account B (as Phantom's account-B PDA) | refused: custom program error: 0x7
PASS A4. account A's Phantom PDA calling account B's policy | refused: Error Code: NotASigner
PASS A5. a Phantom grant made for account B works in account B | ok 1q3ZoEV3WDXwxF3PSg5bfGf7u2Pj6vXsef16xCsS8HDimvYUNqx5RjVE6JHgRxy9V7KUxTW3Szkq5yGbEuVjS7J
PASS A5-M0. Phantom session: one move through the Smart Account (compute units recorded) | ok 5MvHKWv5QW6rx7D9TJkxifDh5h5odiS1qqtoSaPtx4iz4fAmUw5KgymbDTKe2jB9tz6oPuxxvQqmA5yuXxzezvXu
METRIC move-sample-0 {"totalCu":53325,"primeSessionCu":53325,"bytes":975,"fee":15000}
PASS A5-M1. Phantom session: one move through the Smart Account (compute units recorded) | ok 36x2tQJdaWYYh8utXJsq5RfL55tqnNEen1q26hEXZJZjJN1msX5yvm5FpUG949CQAgaEqgWBsPbDhHjysVyd6Y3i
METRIC move-sample-1 {"totalCu":53325,"primeSessionCu":53325,"bytes":975,"fee":15000}
PASS A5-M2. Phantom session: one move through the Smart Account (compute units recorded) | ok 3izD7zuiYwT3K6Xr4M6DgyvWZTQGNdAeZPZeHDFwEoRWFsegNxix1QWGztf6xm4XcqEBQCJa374K1X6aF9d4taMn
METRIC move-sample-2 {"totalCu":53325,"primeSessionCu":53325,"bytes":975,"fee":15000}
PASS A5-M3. Phantom session: one move through the Smart Account (compute units recorded) | ok 5W8sk38Y2AtkJC5WhFPeMCkfqBtk8PBCuv28NXBfygL3zNwnsMaest6RUd7N1HzW4B2ns2AwK1oQQ36amzofxi2M
METRIC move-sample-3 {"totalCu":54825,"primeSessionCu":54825,"bytes":975,"fee":15000}
PASS A5-M4. Phantom session: one move through the Smart Account (compute units recorded) | ok 314JF6RFXnX84miQ5VHeL986kFCGkZHkXikUtvT4sfds8tLLmvr83eHg544P5JmSYTKdcXvNgkDJWw4LDJWJYiqP
METRIC move-sample-4 {"totalCu":56325,"primeSessionCu":56325,"bytes":975,"fee":15000}
PASS A5-M5. Phantom session: one move through the Smart Account (compute units recorded) | ok 5iV3E7PMUXLPXaWSpSTvhM4WEHc4PWzeFSPjLrdMCLVsekQ9mHAaL7YDq6SHWYFaivFFezjmRqSjpot3WEwKu5fW
METRIC move-sample-5 {"totalCu":56325,"primeSessionCu":56325,"bytes":975,"fee":15000}
PASS A5-M6. Phantom session: one move through the Smart Account (compute units recorded) | ok 5prRTKrJhm9kE7agoJ35yamp1VBSrNsCDw3PSkjVui39GkCysma6iJCpcyA8ZKUH6oUbBc63Nuqr946E33iqDN5g
METRIC move-sample-6 {"totalCu":56325,"primeSessionCu":56325,"bytes":975,"fee":15000}
PASS A5-M7. Phantom session: one move through the Smart Account (compute units recorded) | ok 2Tv9bYszaBd2KmaPX2d8SqPtjfU2EZ9oLJEQ1sDohEKT8Z6B6GXGnGYkqSPAupFMjhJbSH5mxjJLCL62cdmW7GF1
METRIC move-sample-7 {"totalCu":53325,"primeSessionCu":53325,"bytes":975,"fee":15000}
PASS A5-M8. Phantom session: one move through the Smart Account (compute units recorded) | ok 4uDtRUP1zk8rAU2XY5XP7QTXbvv7WmSiowtpF75JZqwgowutXvuRBHcHFN7S9BvDV3y3g9hJ7ophnr4G8CGrfpbH
METRIC move-sample-8 {"totalCu":53325,"primeSessionCu":53325,"bytes":975,"fee":15000}
PASS A5-M9. Phantom session: one move through the Smart Account (compute units recorded) | ok 2CnpMfpWXPENWt6DbGx6WzyZhVDhR8QybV7P8qMEZRSd918fLncu7Uop2rNPB7hbYPbxuB1nztM2h7qW4enTQHCm
METRIC move-sample-9 {"totalCu":53325,"primeSessionCu":53325,"bytes":975,"fee":15000}
PASS A6. account B's grant presented to account A | refused: custom program error: 0x7
PASS V0a. Phantom session 1 works | ok 3CG29qhWQ5ubbrwgdAymM6KuTwEsMMjMtERp1KS5wMMMhufhoM7ig25bd4gHeGHj3tWB2GfTis3JW14UHtmgmJqm
PASS V0b. Phantom session 2 works | ok 4RWLESm72qJpEtzgcXHtxSm1opFF6k24a764MZoLZNaY3KefHBCMUrdUn5W1zma6NpZrUEzgEsdbBt4NFk215EFD
PASS V0c. no marker exists for session 1 yet | ok 8g3dgQzLB31RFfTL4VNH7QxxdCRt9cEdHFLyb7sPEEt
PASS V1. Phantom revokes session 1 (one signature, relayed, session key does not sign) | ok 3Br2FCKjtJdSU3NVFyAyvPVrMNAkRkUFfis9Dmg184AXqjaAUdQhdSg2vxgpfjfEp2VBcGeUfHTcCRYRcVLeMkEt
METRIC revoke {"totalCu":23724,"primeSessionCu":23724,"bytes":726,"fee":10000}
PASS V1b. the marker is empty, owned by prime-session and rent exempt | ok {"lamports":890880,"dataBytes":0,"owner":"FTNMFWiECbRp7D5MwJUiNQfee6NuJPjE7S11J9yc2B9G"}
PASS V2. the revoked session 1 is refused | refused: custom program error: 0x2
PASS V3. the same wallet's session 2 keeps working | ok 4yppRse2rTe8A4z4xogdcjDBBscpk8cWDf9sbcXNAnyfmeAQE5EV6dv7U4Gq5ZYZRoSKn5qUrpqe3bhy15QNeZqm
PASS V3b. revoking session 1 again is refused | refused: custom program error: 0x2
PASS V4a. MetaMask's session-owner key signs a revoke of Phantom's session 2 (data names Phantom as owner) | refused: custom program error: 0x7
PASS V4b. MetaMask signs a revoke naming Phantom's PDA under its own owner field | refused: custom program error: 0x2
PASS V4c. Phantom session 2 still works | ok hj8HprbirmymhNVCJVpFJWorUMQHyRjDn1UTYBkNPrNU7bLYMf58yuaTpxj2CzMijwFVA54Lwc5fdmEvkjydw95
PASS V4d. MetaMask revokes the same key under its own PDA (a marker in MetaMask's namespace) | ok 4eWuYRpRVeW1NfCj4yuzjbD7gZH34YCUuW7zV67w1Z8zuBFasNkV18NATi3s7jAea9c66qKmCrgS73eetUGfiYZA
PASS V4e. ...and Phantom's session 2 still works (the marker is per owner) | ok 5G9wyde5pkcNGfwVvxAJJe3y3NDLTWn9Xf8XggS2TrGRag49yxp2R9etD6wNRFKK7MsCGxZCTAnweRWPTKUP4kN3
PASS V5a. Phantom revokes a key it never granted | ok 3QEocxrQ4VC4W8fF8ZcYEoQGRV2kPuw2TauUq69tp9N93zi6HmqQtvf46eFjUgnuk5MUvAMq8sJzjSvy77p8jBpS
PASS V5b. a grant signed for that key afterwards is refused | refused: custom program error: 0x2
PASS V6a. a revoke signed for account A's PDA, sent with account B's settings and B's marker | refused: custom program error: 0x2
PASS V6b. no marker was created in account B | ok 
PASS V6c. session 3 still works in account A | ok 7JURYms51YdMUtAN57qnqtA1XBK4NyPMGTQKMGeSyeaFpmQA2PnuG5zempAXiZHdyZCfnbMozNSUVnUXfEbJMDQ
PASS V7a. a pre-fund below the rent minimum is refused by the runtime | refused: {"InsufficientFundsForRent":{"account_index":1}}
PASS V7b. a stranger pre-funds the marker address with 0.001 SOL | ok M7ha5E8ZxGjRguGa5cASxE4fp8HL2Xq1X8WhAJjWJ4SuWwd6G6uA2fCfQZNx66txdG4b1Wjqru3YZud8SDoksAc
PASS V7c. the revoke still works | ok 4Hs25JEWFzPdciuR7yL8QDVtpHHsZ2jenBZprRAPjdNPgmc1r8WRshRtXFtijBNsQZHJ8cUGbRWPdswbkkHEAq4Y
PASS V7d. the revoked session 4 is refused | refused: custom program error: 0x2
FAIL V8a. a move that passes another marker address | ok rJKHR6d6N2frzhQvk1Y6y7GWxrYVez4krDJ5w4koGhguo9LNrdf8MKMHEkojSVq21CLGhs8p4hofbRLARQ7L8bY
PASS V8b. a move with non-canonical bump 254 (canonical 255) and the canonical PDA account | refused: custom program error: 0x2
PASS V8c. the same session with the canonical bump works | ok 55DvLMhPUV3RCboamrHKjCUdwNVZgrpUPHcrARupZFGn5WULUg3N1JErqjHrdH5yDa53CVnowYwTbjpEGo2HM42
PASS V9. a 72-byte instruction (the old length check) | refused: Program FTNMFWiECbRp7D5MwJUiNQfee6NuJPjE7S11J9yc2B9G invoke [1] Program log: panicked at src/lib.rs:37:110:
index out of bounds: the len is 8 but the index is 8
PASS V9b. a 10-byte instruction | refused: Program FTNMFWiECbRp7D5MwJUiNQfee6NuJPjE7S11J9yc2B9G invoke [1] Program log: panicked at src/lib.rs:35:41:
range end index 32 out of range for slice of length 1
PASS F0. control: the genuine signature instruction in second place, sig_ix 1 | ok 3bzvzsKGgsXXTnRv2grLDYAFbQpCfLUx1MJJZaYEaFpT5DPTZHaGS9mXCFeam3PoA6wsXqma9PCYhHqDJpqezfKa
PASS F1. a key read from another instruction: the attacker's signature over the grant text, the owner's key in the data, key index 0 | refused: custom program error: 0x7
PASS F2. a message read from another instruction: a replayed owner signature stretches the grant by one second, message index 0 (the session key pays the fee: two signature instructions leave no room for a second fee signature) | refused: custom program error: 0x7
PASS F4. a signature instruction from another program (a no-op program) that carries the owner key and the exact grant text with an invalid signature | refused: custom program error: 0x7
PASS F3. a signature read from another instruction (the program also refuses it; the precompile already stops this triple) | refused: custom program error: 0x2
PASS R0. Freighter session works before | ok 3cwRqnhRha445iPvBgQXRJ8jPRpwwG8ZTPTHcK2m21ovqFnsJ4q3LzRk8uXhgB8Za7ZrVAyUJufyMqnKwfHsKv64
PASS R1. MetaMask + Phantom update the policy: members MetaMask and Phantom PDAs only:a. MetaMask proposes and approves | ok 3LKSTVU5Ejxzum5fPU4WxMgWtmLnWgewubeABdDvBSpvkdpyLi1SSayyetfcWe8JMJbBPfD6XKDTnWCQ79znY9MR
PASS R1. MetaMask + Phantom update the policy: members MetaMask and Phantom PDAs only:b. Phantom approves and executes | ok 2wUZtCJHuhyV1kpg3xqvHRh71Xwf4EKkrko15E8KjjnCVXsXjxBwtNgfSXTjkeajY6jNnPArznQTKR1nVDstGmJs
PASS R2. the live Freighter session after removal | refused: Error Code: NotASigner
PASS R3. MetaMask session still works | ok tLvuFwriTPjJnuSvcwf5GU4cfzWLzzthDjyRg9asNRdQcXsQQU6uANePqvd64uUhQhEGZakhXCyiNX47iuzxFhQ
METRIC relayerSpend {"net":"localnet","spentLamports":4092344680,"vaultFundingLamports":4000000000,"sessionKeysFunded":46,"sessionKeyFundingDevnetLamports":92000000,"devnetEstimateLamports":464344680}
NEAR MPC signatures: 35, average 0.0s
132/133 passed
FAIL V8a. a move that passes another marker address rJKHR6d6N2frzhQvk1Y6y7GWxrYVez4krDJ5w4koGhguo9LNrdf8MKMHEkojSVq21CLGhs8p4hofbRLARQ7L8bY
