{
  MetaMask: "4TXiTPLxe5PrpwiY15tj9nP3wF5F8JPKUsYQyfHCCcod",
  Freighter: "9BcBicoPrGtPJnVynJoj2g1p6zrvaFBkJccorLwGTMZo",
  Phantom: "G5H71U2pASYLeei9MYvWVmCZzjHp2VscWTjpdLYa6LT4",
  sessionMetaMask: "3YomJ7dnhtqFnnPAzRUGmhC8EevR2R4F6Sdx7YN6Pppc",
  sessionFreighter: "Cn2bjH8kGkjioVoB9MY86TDsJ6kKjvaiu9ZCmMsJVW74",
  program: "FTNMFWiECbRp7D5MwJUiNQfee6NuJPjE7S11J9yc2B9G",
  programB: "J38gUL2YFo91GDBnDXwVDaGpk6XWSJUhs7RuditRdiVo",
  net: "localnet",
}
PASS P0. seats are exactly MetaMask(NEAR MPC), Freighter(NEAR MPC), Phantom(own key); threshold 2; vault funded | ok 4krVHoHjqGbNRthN7P8qyuzAXDSTuQvSNYR9sZ9ChWsBnZg6oivShT2Dcsu9U3cvDhBZJtghvBsQq9bwGvAdNDQz
PASS K1-MetaMask. MetaMask alone:a. MetaMask proposes and approves | ok 2U8c1iTYootwwE68DoDUiSPku76Y9voM9R946uAbWbAdp7C8kmCeCf4NzLQJTPmtpryKfhrcsRiFrKqPJkQZXWWJ
PASS K1-MetaMask. MetaMask alone:b. MetaMask executes with only its own approval | refused: Error Code: InvalidProposalStatus
PASS K1-Freighter. Freighter alone:a. Freighter proposes and approves | ok 5JZ3yJr9MMykn4B3qUeSvAwm8k8JpXtXq9jbXo8EKJpj2V278QG1pZrFpSnLddwoNgqntK6C4LUSgXnnXAGuzbZr
PASS K1-Freighter. Freighter alone:b. Freighter executes with only its own approval | refused: Error Code: InvalidProposalStatus
PASS K1-Phantom. Phantom alone:a. Phantom proposes and approves | ok 4XE4hASZ18M5zSHkNt2Vh6Xu95THTDSTPsycMAQpXAT8wc6rHfTPYeMegtMjza2ii7qDksCm24z7rafReJE9cVUX
PASS K1-Phantom. Phantom alone:b. Phantom executes with only its own approval | refused: Error Code: InvalidProposalStatus
PASS K2. MetaMask + Freighter:a. MetaMask proposes and approves | ok 2nEMy7LFbx9qdNxZaBaf5Qv2MXnaVkJRsSvYS7LdREELqTmVeuAbwrmhhG2FsjNVY26E45v1wFNeVCDNWTZGem1V
METRIC seat-propose-K2-MetaMask {"totalCu":78014,"bytes":579,"fee":10000}
PASS K2. MetaMask + Freighter:b. Freighter approves and executes | ok 3roWUUZBRvRi5PZkRd2Yia8gyv3itSSEZqpgss6UdZgLdEnt7BMZ1L6UAsHDCkJK5j8HJT75zbnmXVy9yaGiiA65
METRIC seat-exec-K2-Freighter {"totalCu":67701,"bytes":490,"fee":10000}
PASS K3. Freighter + Phantom:a. Freighter proposes and approves | ok CQYE1wLTEgUR83yoUXt7VZbbgkNSpVxHCTj3aUJuCzou2d38JYy7kB9xBprUCsvMypTeFXGfv8n4ck43fiYQgSu
METRIC seat-propose-K3-Freighter {"totalCu":83828,"bytes":579,"fee":10000}
PASS K3. Freighter + Phantom:b. Phantom approves and executes | ok 4v99wSoGUxvRUnD9BPpJ78touMkj76bvGsTThWpZtfZE1ERbZVvoPcNPgkkn9Yjgp3PqKWiWPfMFmNdP19DAEygz
METRIC seat-exec-K3-Phantom {"totalCu":70829,"bytes":490,"fee":10000}
PASS K4. Phantom + MetaMask:a. Phantom proposes and approves | ok 26HGQEHHe8JYkNHNgh8v8DytvWw12myAPCazvzXLFrPdy3UpC7ka4Ddvk49x6yrFq5reWgt93MUmFk5wazo5UDiK
METRIC seat-propose-K4-Phantom {"totalCu":79520,"bytes":579,"fee":10000}
PASS K4. Phantom + MetaMask:b. MetaMask approves and executes | ok 447gqJmhpbHgrmSsqzRb759ncFi1CVWEHqFEnD1rbW6KTXsJk8vWuQa9adDBjYEHQBjWNo6STGPDLJgh4aVPmjfA
METRIC seat-exec-K4-MetaMask {"totalCu":67876,"bytes":490,"fee":10000}
PASS K5. DEST received exactly 0.03 SOL | ok 0.03
PASS K6. MetaMask alone (open proposal):a. MetaMask proposes and approves | ok dMd9qbSEsWV1VBEdbuvbYmQbrNJEJ96WNWdSj2yvQWgu8dPjAJmdWLuF2fT3QsbjctGYReLvi41abm1dvTjcWQc
PASS K6. MetaMask alone (open proposal):b. MetaMask executes with only its own approval | refused: Error Code: InvalidProposalStatus
PASS K6c. an outsider approves it | refused: Error Code: NotASigner
PASS K6d. Freighter's seat signed by MetaMask's MPC key | refused: Transaction did not pass signature verification
PASS K6e. Freighter's seat signed by its MPC key under another path | refused: Transaction did not pass signature verification
PASS K6f-MetaMask. MetaMask's seat vote signed by its session-path key | refused: Transaction did not pass signature verification
PASS K6g-MetaMask. MetaMask's session-path key approves as itself | refused: Error Code: NotASigner
PASS K6f-Freighter. Freighter's seat vote signed by its session-path key | refused: Transaction did not pass signature verification
PASS K6g-Freighter. Freighter's session-path key approves as itself | refused: Error Code: NotASigner
PASS K7. install the movers policy (members: the three session PDAs):a. MetaMask proposes and approves | ok j941K5SwpAg7nfSNmXSE2xXiYXQjLHL8FCC3kxNvF527foTkSP3wrJK1ntYyb5Ym4rLjF2GKiKexikoWBBRL35Z
PASS K7. install the movers policy (members: the three session PDAs):b. Phantom approves and executes | ok h8DVzzjT5aDaac1vTn227uWdr6oDkGNdsvXsWP947K4VsGzNHAvCgU87UCXuR2tfoSixNKub5HA7TqUVcNFfBum
PASS N0. MetaMask alone (open proposal):a. MetaMask proposes and approves | ok RfSpa7frqi7vNeFSFHANmTJtjje4iCf3vb3WYrsaAnwMFdNHxi2KTDhnttjSv1N7A69hN2US5hLkyWAji8DgJPx
PASS N0. MetaMask alone (open proposal):b. MetaMask executes with only its own approval | refused: Error Code: InvalidProposalStatus
PASS N1. Phantom session approves that proposal as its PDA | refused: Error Code: NotASigner
PASS N2. Phantom session key approves it as itself | refused: Error Code: NotASigner
PASS N3. Phantom session proposes a vault transaction as its PDA | refused: Error Code: NotASigner
PASS N4. Phantom session adds its key as a seat (settings sync, as its PDA) | refused: Error Code: InvalidSignerCount
PASS N5. Phantom session calls a program other than the Smart Account (System transfer from its PDA) | refused: Program FTNMFWiECbRp7D5MwJUiNQfee6NuJPjE7S11J9yc2B9G invoke [1] Unknown program SMRTzfY6DfH5ik3TKiyLFfXexV8uSG3d2UksSCYdunG Program FTNMFWiECbRp7D5MwJUiNQfee6Nu
PASS G-MetaMask1. one MetaMask signature (through NEAR) -> session; relayer pays: 0.01 SOL to VENUE | ok VL7hJFtA6DGDPh81p1xFTuNKMSWgVgpna45AttPspfj7kBAw99QWWVL1fovhZqzUosvcJn7SHPdbiT31vd2CGBf
METRIC move-MetaMask-relayed {"totalCu":57856,"primeSessionCu":57856,"bytes":975,"fee":15000}
PASS G-MetaMask2. relayer down: session key pays the fee itself: 0.005 SOL to VENUE | ok 22smQdz6RMWyh8KmN1pymf61pz1ks8vWeFmEihkSrBysBrKWDjrK4tmQkUNXbBTbS1ir1dwVHE9s3GTaswtGvqjp
PASS G-MetaMask3. VENUE received exactly 0.015 SOL | ok 0.015
PASS G-MetaMask4. relayer down and the session key has no SOL | refused: Attempt to debit an account but found no record of a prior credit
PASS G-MetaMask5. same session: 0.01 SOL elsewhere (policy) | refused: Error Code: ProgramInteractionAccountConstraintViolated
PASS G-MetaMask6. same session: 0.06 SOL to VENUE (over the 0.05 per-move limit) | refused: Error Code: ProgramInteractionInvalidNumericValue
PASS G-MetaMask7. stretched valid-until | refused: custom program error: 0x7
PASS G-MetaMask8. someone else replays the grant with their own key | refused: custom program error: 0x7
PASS G-Freighter1. one Freighter signature (through NEAR) -> session; relayer pays: 0.01 SOL to VENUE | ok 4hXBXzmnPYRrFha6AbFUgSNzvXZGYbxNuVX9Qrj1KNxafaeZh5smEam2xDTdvamS97nFTTB1ud3THF334DbVSD7
METRIC move-Freighter-relayed {"totalCu":68325,"primeSessionCu":68325,"bytes":975,"fee":15000}
PASS G-Freighter2. relayer down: session key pays the fee itself: 0.005 SOL to VENUE | ok 5wtD1mQs31mem1h6xrtAXZXc4LFFTm4crjML71mMzQrP13BqcWs4f2ycZEWvPTXdvS8jHM9F2T92rmEXCzttye2A
PASS G-Freighter3. VENUE received exactly 0.015 SOL | ok 0.015
PASS G-Freighter4. relayer down and the session key has no SOL | refused: Attempt to debit an account but found no record of a prior credit
PASS G-Freighter5. same session: 0.01 SOL elsewhere (policy) | refused: Error Code: ProgramInteractionAccountConstraintViolated
PASS G-Freighter6. same session: 0.06 SOL to VENUE (over the 0.05 per-move limit) | refused: Error Code: ProgramInteractionInvalidNumericValue
PASS G-Freighter7. stretched valid-until | refused: custom program error: 0x7
PASS G-Freighter8. someone else replays the grant with their own key | refused: custom program error: 0x7
PASS G-Phantom1. one Phantom signature -> session; relayer pays: 0.01 SOL to VENUE | ok 3MztZaxA5bzjJxqS41yWdR5N32AFyd7NAfT9G3XFM8cH18d4SGuEwSntdvw9LLyULZQEjVx399jaZe6bAEB4Ln7u
METRIC move-Phantom-relayed {"totalCu":56357,"primeSessionCu":56357,"bytes":975,"fee":15000}
PASS G-Phantom2. relayer down: session key pays the fee itself: 0.005 SOL to VENUE | ok 66yXkbRxNXF4uY59i79DVCXHKyNF6NvLtBMsVuNLSV2anrhUxgTrhxHtpSZjgYBxeqhQqAf1o3Fq6shLy54LLAfa
PASS G-Phantom3. VENUE received exactly 0.015 SOL | ok 0.015
PASS G-Phantom4. relayer down and the session key has no SOL | refused: Attempt to debit an account but found no record of a prior credit
PASS G-Phantom5. same session: 0.01 SOL elsewhere (policy) | refused: Error Code: ProgramInteractionAccountConstraintViolated
PASS G-Phantom6. same session: 0.06 SOL to VENUE (over the 0.05 per-move limit) | refused: Error Code: ProgramInteractionInvalidNumericValue
PASS G-Phantom7. stretched valid-until | refused: custom program error: 0x7
PASS G-Phantom8. someone else replays the grant with their own key | refused: custom program error: 0x7
FAIL G9. grant longer than 7 days | ok 3LepawzBusNUTGzUBs2RTbT3Liurr3QpybNNM4e2vRmopbbHskd26SP59HHwBmW2fSzTq22butKXAryWH7BRhvPR
PASS G10. expired grant | refused: custom program error: 0x4
PASS G11. MetaMask grant with the ed25519 program instruction missing | refused: custom program error: 0x7
PASS G12. ed25519 instruction reading its public key from another instruction | refused: custom program error: 0x0
PASS G13. daily cap shared by all: 0.045 used + 0.05 = 0.095 <= 0.1 | ok 5XEA2fq8iLPXTDTLEzhvrrpTXrKJXiUdsMxBqt5KuDmYknSi5DJCR9vzNuSbmZ8KzoGcWC9kbqYkSFxN7Q6c1rmP
PASS G13b. + 0.01 = 0.105 > 0.1 | refused: Error Code: ProgramInteractionInsufficientLamportAllowance
PASS X1. Freighter's PDA with a grant signed by MetaMask (NEAR) | refused: custom program error: 0x7
PASS X2. Phantom's PDA with a grant signed by Freighter (NEAR) | refused: custom program error: 0x7
PASS X3. MetaMask's PDA with a grant signed by Phantom | refused: custom program error: 0x7
PASS X4. Freighter's PDA with its MPC key under another path | refused: custom program error: 0x7
PASS X4b. Freighter's session PDA with a grant signed by its seat key (prime:solana) | refused: custom program error: 0x7
PASS X5. Phantom grant presented for MetaMask's PDA | refused: custom program error: 0x7
PASS X6. grant signed for cluster mainnet, used on localnet | refused: custom program error: 0x7
PASS X7a. a grant naming program A's PDA, presented to program B with A's PDA | refused: custom program error: 0x2
PASS X7b. the same grant presented to program B with B's PDA (text mismatch) | refused: custom program error: 0x7
PASS X7c. a grant naming program B's PDA, presented to program A with B's PDA | refused: custom program error: 0x2
PASS X7d. the same grant presented to program A with A's PDA (text mismatch) | refused: custom program error: 0x7
PASS X8. Phantom's own signed grant naming MetaMask's PDA | refused: custom program error: 0x2
PASS X9a. valid Phantom grant, data names another settings address | refused: custom program error: 0x2
PASS X10. the session key does not sign (relayer only) | refused: Program FTNMFWiECbRp7D5MwJUiNQfee6NuJPjE7S11J9yc2B9G invoke [1] Program FTNMFWiECbRp7D5MwJUiNQfee6NuJPjE7S11J9yc2B9G consumed 2483 of 203000 compute units Progr
PASS X11a. account 3 set to the System program instead of the Smart Account program: the move still runs | ok cMJqFhAKZW1SsF24ZH3P2aR8ZuB4M4BpyMGB843dsN6xZAEBeMbYGcoGLmksiqQajqxnFrz932g7j8zzhkh1xo7
PASS X11b. ...and prime-session called only the Smart Account program | ok cMJqFhAKZW1S… Program SMRTzfY6DfH5ik3TKiyLFfXexV8uSG3d2UksSCYdunG invoke [2]
PASS A0. account B created with the same three seats | ok R75Y7BrDjiQiu9zsUBgjYedu9WAkrGJCrNmGtqQLTKNJotmnH5QipbzrGpJeSwuqk85JCeVa91soBLgcasugiq5
PASS A1. account B installs its movers policy (members: each wallet's PDA for account B):a. MetaMask proposes and approves | ok 4MUn8h41PxAN4DGoMC4LRY3Z1Ht7M3tRTEE1WRQcfbmPFEwrVRRtsSXScsmzDGYs8FCUws7D7RASsWxPruZrrzkL
PASS A1. account B installs its movers policy (members: each wallet's PDA for account B):b. Phantom approves and executes | ok 5R4y3ZpR1dQwYnqU8aj2yRZvuDtBFfoEYQpEKghiSjwK9r6mc38BoQQLeKpW2851tcgsFhywsvGN1Kq4Rs5U8RNR
PASS A2. each wallet's PDA differs between account A and account B | ok 7qriG5,J5qGs8,CxMTvv
PASS A3. account A's Phantom grant presented to account B (as Phantom's account-B PDA) | refused: custom program error: 0x7
PASS A4. account A's Phantom PDA calling account B's policy | refused: Error Code: NotASigner
PASS A5. a Phantom grant made for account B works in account B | ok 4GPSbyXqmdt7Mk8oWLsvbTDKhh7aJ49jzHsbjj3AxA8Yzquc86e9V6AgMtQ9XwZAT5isVGx6zVQuB24foKW8JM7V
PASS A5-M0. Phantom session: one move through the Smart Account (compute units recorded) | ok 3oNiQrKG39xB4HHip5r7io1ZZVebESejgBzWLGUNS5EkU4d6mvuQ32zLmAsEUZvdtcyKgsSvxww2WSRzyM7cMbvi
METRIC move-sample-0 {"totalCu":53325,"primeSessionCu":53325,"bytes":975,"fee":15000}
PASS A5-M1. Phantom session: one move through the Smart Account (compute units recorded) | ok 319a1xULGBET8mJy6G4Sx48Sm4Fhbi5rP8gXH9SQVeCszJjVo49Hy917gSAxp3jqZR7cwTgtob3TtJUW2R51E9NW
METRIC move-sample-1 {"totalCu":57825,"primeSessionCu":57825,"bytes":975,"fee":15000}
PASS A5-M2. Phantom session: one move through the Smart Account (compute units recorded) | ok 3V6Kvq2QzwM7DF5GiwngyAaa5AWtgAq2YVP7eLoq2G4KHR1y9SJg33VbZJnGyKYV8R5YTYTQX84mCNW8JkxtAQRg
METRIC move-sample-2 {"totalCu":53325,"primeSessionCu":53325,"bytes":975,"fee":15000}
PASS A5-M3. Phantom session: one move through the Smart Account (compute units recorded) | ok 4x8N6R6vjJwPtZDihzJtYD8RgarGnAc4LxB2QLnPeq8kRKg3kTfjLbtB3mmAPHVENGi1QBCyXkRmK2So7LbYSxsY
METRIC move-sample-3 {"totalCu":54825,"primeSessionCu":54825,"bytes":975,"fee":15000}
PASS A5-M4. Phantom session: one move through the Smart Account (compute units recorded) | ok 7mUUqykVNj3zsNqJWmPc34dCajLNavTvBxpk1F3hNYyNV2mWHrC36JKhXJDeJpqadwNPLcGkQF7ZxxvskJapmqq
METRIC move-sample-4 {"totalCu":56312,"primeSessionCu":56312,"bytes":974,"fee":15000}
PASS A5-M5. Phantom session: one move through the Smart Account (compute units recorded) | ok 2wEA97fQoMhDCCPsHW4jVWacfu6ytBLCUeMfZW9poCBghpPmsn3LzmCBbATb435R3BC2THvnpSPL9CFrkckqxdQ8
METRIC move-sample-5 {"totalCu":54825,"primeSessionCu":54825,"bytes":975,"fee":15000}
PASS A5-M6. Phantom session: one move through the Smart Account (compute units recorded) | ok 5WacL1iRKfMh2yxcmCuMdoJwyL3i8piuFiUNR1see2aikcbVVYvcjUtBk9Ccxs3QJqi9za5DbwNACLa8RBjiB1rA
METRIC move-sample-6 {"totalCu":54825,"primeSessionCu":54825,"bytes":975,"fee":15000}
PASS A5-M7. Phantom session: one move through the Smart Account (compute units recorded) | ok 2qaLXqrv6w8mBmatttzsFns6yLrNRacaU43GxnTr48Evvqw1QEkgvUh1wXRZmnxUVhd3k5vdsZvNNDdoPpHRFRn8
METRIC move-sample-7 {"totalCu":53325,"primeSessionCu":53325,"bytes":975,"fee":15000}
PASS A5-M8. Phantom session: one move through the Smart Account (compute units recorded) | ok 2TLwnntbuem7fcKMajdGp1Jx2o2QbENiAb73FkSU9BPfm7DzytSDekHzZf8JwdLWH4zeV6fR68nAHgcnWy2nPsMY
METRIC move-sample-8 {"totalCu":53325,"primeSessionCu":53325,"bytes":975,"fee":15000}
PASS A5-M9. Phantom session: one move through the Smart Account (compute units recorded) | ok 33STenbCurKiPxoEjEwmJ573inAHmVHLnSLY5RzHym8Gc7mrJsymLGCBoDjwqQbvgHanRMgN7D8DiyakhMZHDSap
METRIC move-sample-9 {"totalCu":54825,"primeSessionCu":54825,"bytes":975,"fee":15000}
PASS A6. account B's grant presented to account A | refused: custom program error: 0x7
PASS V0a. Phantom session 1 works | ok 2ZQs72E488Lnic74QSPNzR5JVrKu96yXP44YwUB7SuLFYPFYpVqw2K4YBrFLzwn5AmsAHeGhTjyhCqet9y7jxk5c
PASS V0b. Phantom session 2 works | ok 29QZZKrJ2hRwbXjcBSniKubqMEbLFwg9VPkV2pN8wqWjtmxHLGS2w9f7KLCU78hguvCMfhbi78c3aD4ubxce9dpi
PASS V0c. no marker exists for session 1 yet | ok 6dB8LENgq8GUeaFtsQ8U6DJybjkh4XEnZUaKRqrmFcpT
PASS V1. Phantom revokes session 1 (one signature, relayed, session key does not sign) | ok 5Ls5NqojBgxEhhTuVd4ww5azgDdsUct6nhQr8yTLSCa9mMduHRCgbhk2s1HGq63DsGjyYgaja1DKefFcxV6VUnYF
METRIC revoke {"totalCu":22229,"primeSessionCu":22229,"bytes":726,"fee":10000}
PASS V1b. the marker is empty, owned by prime-session and rent exempt | ok {"lamports":890880,"dataBytes":0,"owner":"FTNMFWiECbRp7D5MwJUiNQfee6NuJPjE7S11J9yc2B9G"}
PASS V2. the revoked session 1 is refused | refused: custom program error: 0x2
PASS V3. the same wallet's session 2 keeps working | ok R7cLZezhN3iuevpJC46Lfun1WTU5FbjSaaRKb2Ex9P7VZuxCccK6oM72Yd2wucFNLeSiKBH8MmJEvaqP1PxciCa
PASS V3b. revoking session 1 again is refused | refused: custom program error: 0x2
PASS V4a. MetaMask's session-owner key signs a revoke of Phantom's session 2 (data names Phantom as owner) | refused: custom program error: 0x7
PASS V4b. MetaMask signs a revoke naming Phantom's PDA under its own owner field | refused: custom program error: 0x2
PASS V4c. Phantom session 2 still works | ok 2LVQs1VGMQ2mKjJCXJJqxQicgNYPFSdU2kaZPxV9Qu8tx5JgD2xpKHsoDPQJi5jRXHbXzRHgqoaMkbETq65ahZeL
PASS V4d. MetaMask revokes the same key under its own PDA (a marker in MetaMask's namespace) | ok 3QMsdcGL4E5Qkxbvb3A9T12wEgrc8yUdWosV4zY2n8c4qGo1qiVx4XSo29hNa5KAM1P3Qw5gzWFq6nynk3MXycXw
PASS V4e. ...and Phantom's session 2 still works (the marker is per owner) | ok 5beZc4zcnwLdZncr8XBDrwnpywcpTMNEKB3aAmoTJchqAM7LE7ZQ6ZizowJkjqcAkMCNhVSWKgox2nGYHTCYwdYn
PASS V5a. Phantom revokes a key it never granted | ok 4UVPzuzdmv8JzgcuGoJ6DKLVF5niLi9tQSEmouFGUM9dC3nFvtj4WzgJsbaLAd9ASswtPrgqPh9WCa5RQgemTACW
PASS V5b. a grant signed for that key afterwards is refused | refused: custom program error: 0x2
PASS V6a. a revoke signed for account A's PDA, sent with account B's settings and B's marker | refused: custom program error: 0x2
PASS V6b. no marker was created in account B | ok 
PASS V6c. session 3 still works in account A | ok 2W8QecLphGUq13cNWQ4PHsZiPSb3RTiVz1yoFj8gwLQqKP39tWMb2BdEnrnXecBR9F56KVXqHpbMh4n2d6krGi8b
PASS V7a. a pre-fund below the rent minimum is refused by the runtime | refused: {"InsufficientFundsForRent":{"account_index":1}}
PASS V7b. a stranger pre-funds the marker address with 0.001 SOL | ok 4SER6saDVCuC4jN7x2GkjweTyYg2wYKZKcpDkYpjvWu4DG3QX9fiXom5PkQTUz3jwHQwzqqksq65Tc3qN9xeV2QR
PASS V7c. the revoke still works | ok 3Zz9iH1qk8eVXUj3mANyFggfDmV8iVUYFhyGShth5KBQhYARwwTW9cAyBf8T7M3atqm46kk9qHMmHAgH84YmfBBK
PASS V7d. the revoked session 4 is refused | refused: custom program error: 0x2
PASS V8a. a move that passes another marker address | refused: custom program error: 0x2
PASS V8b. a move with non-canonical bump 254 (canonical 255) and the canonical PDA account | refused: custom program error: 0x2
PASS V8c. the same session with the canonical bump works | ok 55kDPubb6Rdfn1p1KU8ZvmGtjhpqNYKLwmiBxm9JvjGp6MPdx8Yh9p7X6Km99kpNkiMf8o4A1hktFm9zH1ZPPtEQ
PASS V9. a 72-byte instruction (the old length check) | refused: Program FTNMFWiECbRp7D5MwJUiNQfee6NuJPjE7S11J9yc2B9G invoke [1] Program log: panicked at src/lib.rs:37:110:
index out of bounds: the len is 8 but the index is 8
PASS V9b. a 10-byte instruction | refused: Program FTNMFWiECbRp7D5MwJUiNQfee6NuJPjE7S11J9yc2B9G invoke [1] Program log: panicked at src/lib.rs:35:41:
range end index 32 out of range for slice of length 1
PASS F0. control: the genuine signature instruction in second place, sig_ix 1 | ok 59n6UrwUHEEWmaeufQdZQDewnGe1RMfHDWULt3Fg1woCNGAS1ok8mE5JBVFUu2LaAfMArFuSY8Arh55mE1bhsNTR
PASS F1. a key read from another instruction: the attacker's signature over the grant text, the owner's key in the data, key index 0 | refused: custom program error: 0x7
PASS F2. a message read from another instruction: a replayed owner signature stretches the grant by one second, message index 0 (the session key pays the fee: two signature instructions leave no room for a second fee signature) | refused: custom program error: 0x7
PASS F4. a signature instruction from another program (a no-op program) that carries the owner key and the exact grant text with an invalid signature | refused: custom program error: 0x7
PASS F3. a signature read from another instruction (the program also refuses it; the precompile already stops this triple) | refused: custom program error: 0x2
PASS R0. Freighter session works before | ok 5gUX8DWrpxXLpsEPm8QPUuB5NYeEeQq9BbPgpxtHVrq5NHwMFjWwhqZpJ7n4oKioRUoWrPgEcFo3VjrKmLB2TKQp
PASS R1. MetaMask + Phantom update the policy: members MetaMask and Phantom PDAs only:a. MetaMask proposes and approves | ok 4VpW8RFRjiUyhho9HLWNxG4jR32Z8jwuxUe2JciNsknZycRHPhwSxUEJPa6XDRVdXPz9cH8NT52GaNksFyyPPUo1
PASS R1. MetaMask + Phantom update the policy: members MetaMask and Phantom PDAs only:b. Phantom approves and executes | ok 2FtQ4nYa4UtpMArx3XfN3CAvypeTtAL5c7wGPzaAz4Rkb9BHq5HcjVDSvMda4rnv65NBoFpkWJEwBZ2kUakpka5s
PASS R2. the live Freighter session after removal | refused: Error Code: NotASigner
PASS R3. MetaMask session still works | ok 5HzXzDD5ewGesv5RwDCh5LCQpKupX2xFN5eZwzdP9ghNmW7rHVuuoAB7mUNuzRiBjgRUg4CeQJaXfydU7T34aQ4E
METRIC relayerSpend {"net":"localnet","spentLamports":4092344680,"vaultFundingLamports":4000000000,"sessionKeysFunded":46,"sessionKeyFundingDevnetLamports":92000000,"devnetEstimateLamports":464344680}
NEAR MPC signatures: 35, average 0.0s
132/133 passed
FAIL G9. grant longer than 7 days 3LepawzBusNUTGzUBs2RTbT3Liurr3QpybNNM4e2vRmopbbHskd26SP59HHwBmW2fSzTq22butKXAryWH7BRhvPR
