{
  MetaMask: "4TXiTPLxe5PrpwiY15tj9nP3wF5F8JPKUsYQyfHCCcod",
  Freighter: "9BcBicoPrGtPJnVynJoj2g1p6zrvaFBkJccorLwGTMZo",
  Phantom: "G5H71U2pASYLeei9MYvWVmCZzjHp2VscWTjpdLYa6LT4",
  sessionMetaMask: "3YomJ7dnhtqFnnPAzRUGmhC8EevR2R4F6Sdx7YN6Pppc",
  sessionFreighter: "Cn2bjH8kGkjioVoB9MY86TDsJ6kKjvaiu9ZCmMsJVW74",
  program: "FTNMFWiECbRp7D5MwJUiNQfee6NuJPjE7S11J9yc2B9G",
  programB: "J38gUL2YFo91GDBnDXwVDaGpk6XWSJUhs7RuditRdiVo",
  net: "localnet",
}
PASS P0. seats are exactly MetaMask(NEAR MPC), Freighter(NEAR MPC), Phantom(own key); threshold 2; vault funded | ok 4TnBGQG8BxGfQWJ7AXx9TkdormusgFxb3G5NVGjvEq733a1KW2DnCy6crYUBJFjeKVbmEcH3dg49XAcmmDYmUWou
PASS K1-MetaMask. MetaMask alone:a. MetaMask proposes and approves | ok 4hvqS6DMj4iuLMmowN5749rR6QoHJJFZsPprCeukGjuWrU1ywHmToYBJRATNjgYd14pxqvNW6ir6oLwRN1Dwv1W
PASS K1-MetaMask. MetaMask alone:b. MetaMask executes with only its own approval | refused: Error Code: InvalidProposalStatus
PASS K1-Freighter. Freighter alone:a. Freighter proposes and approves | ok 2E7CSPXVq1tYrpoGymsMdaKSeMPpoxnRYw88rKfmeJXVGrgiKvM51WDRHscvgaWZmSguLQzpHJ6Bq68RTivv5J6q
PASS K1-Freighter. Freighter alone:b. Freighter executes with only its own approval | refused: Error Code: InvalidProposalStatus
PASS K1-Phantom. Phantom alone:a. Phantom proposes and approves | ok NmcLuR2nDABKoGA12SjF91PohaJwdx2fv92SR5zWk6v67XFhk8zDUVdmtKGvixFmqB9YvmFjjtJjfTvWhbYDtnV
PASS K1-Phantom. Phantom alone:b. Phantom executes with only its own approval | refused: Error Code: InvalidProposalStatus
PASS K2. MetaMask + Freighter:a. MetaMask proposes and approves | ok SeZeUkd5UkwrWRsdSCkrNv8hyqKEKhfRwFVRgqUZV1kNeWDv3G56Kq2kv2fAJMxQec8ymJuxNZ7HHRZT8xsoESM
METRIC seat-propose-K2-MetaMask {"totalCu":78014,"bytes":579,"fee":10000}
PASS K2. MetaMask + Freighter:b. Freighter approves and executes | ok 2x97UeEBsx53bLLMfrShJwdv5Q71vjhj6XUaPBvqSNjFTvd1bPXsbKsecdWtXjq8XyZDx9SkA9RprXjSJXxZgFxV
METRIC seat-exec-K2-Freighter {"totalCu":67701,"bytes":490,"fee":10000}
PASS K3. Freighter + Phantom:a. Freighter proposes and approves | ok 3P5xdiz83TiwqosvivHALdkEyryKnZVrcWvKCigJYGMcDWDozecuYzzfUv4SeyngV2RGVzTLw1bL3E7M5xH3tLeV
METRIC seat-propose-K3-Freighter {"totalCu":83828,"bytes":579,"fee":10000}
PASS K3. Freighter + Phantom:b. Phantom approves and executes | ok 25ZtPhAFLjiSLKi2384LbibXvqEjUtsd2XUyTb2ZQaKg5hxLvJzVW5pvuBrmPczHoUyDUrP25GtqL1EvW9ym7DAT
METRIC seat-exec-K3-Phantom {"totalCu":70829,"bytes":490,"fee":10000}
PASS K4. Phantom + MetaMask:a. Phantom proposes and approves | ok 4kPsSKHQA5rUJZTHCNQd6QGncpT2auMZk6qqkZRexUtqRj4jyA587MiuwVKkARocp2EtDapCVCdUzaQnh4ESZCze
METRIC seat-propose-K4-Phantom {"totalCu":79520,"bytes":579,"fee":10000}
PASS K4. Phantom + MetaMask:b. MetaMask approves and executes | ok 2pWGWSG9VpEMZnSZ6fVVTTUSL1wHMEoVNPv1PrY5DrkTzDMB8uTGjV2KgieLUgvZ2yyjGFTj9JE79LjJqgaBz8KE
METRIC seat-exec-K4-MetaMask {"totalCu":67876,"bytes":490,"fee":10000}
PASS K5. DEST received exactly 0.03 SOL | ok 0.03
PASS K6. MetaMask alone (open proposal):a. MetaMask proposes and approves | ok 4UdVdCtb3TuwuED1W85FyUYKZNay8dgNtJtz4ZCKe6kKaZEegRi9o76mR6HpaTqhSu1TszZXvR9jvxnQg7g5CDmG
PASS K6. MetaMask alone (open proposal):b. MetaMask executes with only its own approval | refused: Error Code: InvalidProposalStatus
PASS K6c. an outsider approves it | refused: Error Code: NotASigner
PASS K6d. Freighter's seat signed by MetaMask's MPC key | refused: Transaction did not pass signature verification
PASS K6e. Freighter's seat signed by its MPC key under another path | refused: Transaction did not pass signature verification
PASS K6f-MetaMask. MetaMask's seat vote signed by its session-path key | refused: Transaction did not pass signature verification
PASS K6g-MetaMask. MetaMask's session-path key approves as itself | refused: Error Code: NotASigner
PASS K6f-Freighter. Freighter's seat vote signed by its session-path key | refused: Transaction did not pass signature verification
PASS K6g-Freighter. Freighter's session-path key approves as itself | refused: Error Code: NotASigner
PASS K7. install the movers policy (members: the three session PDAs):a. MetaMask proposes and approves | ok De29W6qWcSfNhbt7zbxaBJqZt8P6wkCYhFAyrPoj2puYMQXYJFUSPkxGEts5WxUK6yJhuXzHAWTBZd2syju64LC
PASS K7. install the movers policy (members: the three session PDAs):b. Phantom approves and executes | ok wa2WrGXbyr5bxGApmW9guRG8u1fBfQcvgpmac9fLMAy5GiFSChwgnads32iwQHZeJ5fuwmMYC7wo1tQv8EZsN51
PASS N0. MetaMask alone (open proposal):a. MetaMask proposes and approves | ok 5pN3MapHjVKYjHvfkfxLGTKurpaMrhFcooMsiSa1tJbcCAcfc7PKuF3MpfyCs3vyxFYm3Q6xrv88BaRt7rG2YeUt
PASS N0. MetaMask alone (open proposal):b. MetaMask executes with only its own approval | refused: Error Code: InvalidProposalStatus
PASS N1. Phantom session approves that proposal as its PDA | refused: Error Code: NotASigner
PASS N2. Phantom session key approves it as itself | refused: Error Code: NotASigner
PASS N3. Phantom session proposes a vault transaction as its PDA | refused: Error Code: NotASigner
PASS N4. Phantom session adds its key as a seat (settings sync, as its PDA) | refused: Error Code: InvalidSignerCount
PASS N5. Phantom session calls a program other than the Smart Account (System transfer from its PDA) | refused: Program FTNMFWiECbRp7D5MwJUiNQfee6NuJPjE7S11J9yc2B9G invoke [1] Unknown program SMRTzfY6DfH5ik3TKiyLFfXexV8uSG3d2UksSCYdunG Program FTNMFWiECbRp7D5MwJUiNQfee6Nu
PASS G-MetaMask1. one MetaMask signature (through NEAR) -> session; relayer pays: 0.01 SOL to VENUE | ok 3ix9dYLGzb3p1zEyY4gPZ1r96Wu7w2TVgpGkamvw5dKGz9vssHCZNQyCtWUmvmWX39Fftd2XthZzKdhnRew4Bhja
METRIC move-MetaMask-relayed {"totalCu":56772,"primeSessionCu":56772,"bytes":975,"fee":15000}
PASS G-MetaMask2. relayer down: session key pays the fee itself: 0.005 SOL to VENUE | ok 2HZcy2rUh4AyuVqifYLnkGUVz6R8ForbQn9XdVHB9xyrcddMyMQaBR9NgA8LELYbrzRs9yajubxBvuAgn1G6j2AK
PASS G-MetaMask3. VENUE received exactly 0.015 SOL | ok 0.015
PASS G-MetaMask4. relayer down and the session key has no SOL | refused: Attempt to debit an account but found no record of a prior credit
PASS G-MetaMask5. same session: 0.01 SOL elsewhere (policy) | refused: Error Code: ProgramInteractionAccountConstraintViolated
PASS G-MetaMask6. same session: 0.06 SOL to VENUE (over the 0.05 per-move limit) | refused: Error Code: ProgramInteractionInvalidNumericValue
PASS G-MetaMask7. stretched valid-until | refused: custom program error: 0x7
PASS G-MetaMask8. someone else replays the grant with their own key | refused: custom program error: 0x7
PASS G-Freighter1. one Freighter signature (through NEAR) -> session; relayer pays: 0.01 SOL to VENUE | ok 4UQYGVmbt3ch4J3a6SreqbhAWhkqvc4nA9cCjzVTBXmQ1RMvq5Qd5tCp6YEqpShiUwJphfMrfFCVLQ5S9C8daPsS
METRIC move-Freighter-relayed {"totalCu":52241,"primeSessionCu":52241,"bytes":975,"fee":15000}
PASS G-Freighter2. relayer down: session key pays the fee itself: 0.005 SOL to VENUE | ok nRHqw5bgVNQTGYZZ4RuCo3ASaisdqGdcmSJNxT81gWoZvsVK11FcaUgLqYgPegNimcZhmbLzHbnbfHsRcBvcK8d
PASS G-Freighter3. VENUE received exactly 0.015 SOL | ok 0.015
PASS G-Freighter4. relayer down and the session key has no SOL | refused: Attempt to debit an account but found no record of a prior credit
PASS G-Freighter5. same session: 0.01 SOL elsewhere (policy) | refused: Error Code: ProgramInteractionAccountConstraintViolated
PASS G-Freighter6. same session: 0.06 SOL to VENUE (over the 0.05 per-move limit) | refused: Error Code: ProgramInteractionInvalidNumericValue
PASS G-Freighter7. stretched valid-until | refused: custom program error: 0x7
PASS G-Freighter8. someone else replays the grant with their own key | refused: custom program error: 0x7
PASS G-Phantom1. one Phantom signature -> session; relayer pays: 0.01 SOL to VENUE | ok 3EkBqJxU81w51rjQp992H9pfpLegMDNp33psAydfUusyfmtJ22SYDyhxPJC4zDu312n87WEWYVMQKrxA1kR4aveQ
METRIC move-Phantom-relayed {"totalCu":53773,"primeSessionCu":53773,"bytes":975,"fee":15000}
PASS G-Phantom2. relayer down: session key pays the fee itself: 0.005 SOL to VENUE | ok 5F2yQGxnqb5DwdkHpRfS2Wn8osHeKkv6spax44rQ6vuxgf6tLpCVyNdnrzCZ8wNSLZHiKhHgjJSEVZdXHyAbsd7B
PASS G-Phantom3. VENUE received exactly 0.015 SOL | ok 0.015
PASS G-Phantom4. relayer down and the session key has no SOL | refused: Attempt to debit an account but found no record of a prior credit
PASS G-Phantom5. same session: 0.01 SOL elsewhere (policy) | refused: Error Code: ProgramInteractionAccountConstraintViolated
PASS G-Phantom6. same session: 0.06 SOL to VENUE (over the 0.05 per-move limit) | refused: Error Code: ProgramInteractionInvalidNumericValue
PASS G-Phantom7. stretched valid-until | refused: custom program error: 0x7
PASS G-Phantom8. someone else replays the grant with their own key | refused: custom program error: 0x7
FAIL G9. grant longer than 7 days | ok 3g2XYpDK2xTBwUVavUmFyzhwi9eJfMGKDEvYBo5wT39sMbBjc3KZgPysXvwR4zovAMvLsVMh5hrmedoatpQKHacx
PASS G10. expired grant | refused: custom program error: 0x4
PASS G11. MetaMask grant with the ed25519 program instruction missing | refused: custom program error: 0x7
PASS G12. ed25519 instruction reading its public key from another instruction | refused: custom program error: 0x0
PASS G13. daily cap shared by all: 0.045 used + 0.05 = 0.095 <= 0.1 | ok 4T24kLhENDDaBWzYiyDjxZTknQspFt48HuQmbvMaSRDnUnECH3F7WDa3k6zftfZVsTvp71YbVUFJa2Sc83Tx8tYB
PASS G13b. + 0.01 = 0.105 > 0.1 | refused: Error Code: ProgramInteractionInsufficientLamportAllowance
PASS X1. Freighter's PDA with a grant signed by MetaMask (NEAR) | refused: custom program error: 0x7
PASS X2. Phantom's PDA with a grant signed by Freighter (NEAR) | refused: custom program error: 0x7
PASS X3. MetaMask's PDA with a grant signed by Phantom | refused: custom program error: 0x7
PASS X4. Freighter's PDA with its MPC key under another path | refused: custom program error: 0x7
PASS X4b. Freighter's session PDA with a grant signed by its seat key (prime:solana) | refused: custom program error: 0x7
PASS X5. Phantom grant presented for MetaMask's PDA | refused: custom program error: 0x7
PASS X6. grant signed for cluster mainnet, used on localnet | refused: custom program error: 0x7
PASS X7a. a grant naming program A's PDA, presented to program B with A's PDA | refused: custom program error: 0x2
PASS X7b. the same grant presented to program B with B's PDA (text mismatch) | refused: custom program error: 0x7
PASS X7c. a grant naming program B's PDA, presented to program A with B's PDA | refused: custom program error: 0x2
PASS X7d. the same grant presented to program A with A's PDA (text mismatch) | refused: custom program error: 0x7
PASS X8. Phantom's own signed grant naming MetaMask's PDA | refused: custom program error: 0x2
PASS X9a. valid Phantom grant, data names another settings address | refused: custom program error: 0x2
PASS X10. the session key does not sign (relayer only) | refused: Program FTNMFWiECbRp7D5MwJUiNQfee6NuJPjE7S11J9yc2B9G invoke [1] Program FTNMFWiECbRp7D5MwJUiNQfee6NuJPjE7S11J9yc2B9G consumed 165 of 203000 compute units Progra
PASS X11a. account 3 set to the System program instead of the Smart Account program: the move still runs | ok 2ptAtG2qnqop63s5aTLUMyDagkfJCAZGEq3qjjhgZ11PAVV3hezWhtNv4cqsBep52aFNrFF88NyqEZyeojjCdSo9
PASS X11b. ...and prime-session called only the Smart Account program | ok 2ptAtG2qnqop… Program SMRTzfY6DfH5ik3TKiyLFfXexV8uSG3d2UksSCYdunG invoke [2]
PASS A0. account B created with the same three seats | ok 2d6dMnisPHc9qMW2Ncqb63tXVmbqqWREGhZ4DMQtZrmfuYtGKSw9WbqGiMb5VzJcDsHvtyeZbXR7dFpG6nRj9Vim
PASS A1. account B installs its movers policy (members: each wallet's PDA for account B):a. MetaMask proposes and approves | ok Lv2KQf1teVeLEbgki8whRdNsxNM4qRAa6Sbzy7RrfcJWP2fxgpYx221Yz3fbFNM9qhHQNfErXSuJ588qENHhj7j
PASS A1. account B installs its movers policy (members: each wallet's PDA for account B):b. Phantom approves and executes | ok 3NcLhtCARcVPDQNFGofkf74UA7fVnDWtm6LeyBqgcZktrPoaSiZUcieqGZbRJbuDNW1uspG4qG2G6ujWhiefMNvy
PASS A2. each wallet's PDA differs between account A and account B | ok 7qriG5,J5qGs8,CxMTvv
PASS A3. account A's Phantom grant presented to account B (as Phantom's account-B PDA) | refused: custom program error: 0x7
PASS A4. account A's Phantom PDA calling account B's policy | refused: Error Code: NotASigner
PASS A5. a Phantom grant made for account B works in account B | ok Jz1yV7LHkjgtCN5okyGKD79RW6w4qKTdCZE4bWTHyeH9DbkuXNNHU9uwNj5K7rFPXoUtDMaDKbptANzBikVhR3L
PASS A5-M0. Phantom session: one move through the Smart Account (compute units recorded) | ok 5R257m6Zeomi4qshRreDYWfxriNjp33uYHM1vDAhJozaSpVzybN25qNzT3KR4A2TXZhBwghFjZdd8GJbr7byahiy
METRIC move-sample-0 {"totalCu":55241,"primeSessionCu":55241,"bytes":975,"fee":15000}
PASS A5-M1. Phantom session: one move through the Smart Account (compute units recorded) | ok 5X4hGiRqxoXYM2CNc7vzmZuXWdfqbB1UqKAux8WtUAsdTGKSFHhnUqWWQLmYnWnm1AqhZvQ3yEC2iy9zk1XjRcC1
METRIC move-sample-1 {"totalCu":52241,"primeSessionCu":52241,"bytes":975,"fee":15000}
PASS A5-M2. Phantom session: one move through the Smart Account (compute units recorded) | ok 4iHNjUipJXyH9t7LQozwy9zYrQSzMXQzasWcmXXRiK7i92DsR3yteLmJePuGQqZZfxoF33fDpeJEdANznjvurrTw
METRIC move-sample-2 {"totalCu":56741,"primeSessionCu":56741,"bytes":975,"fee":15000}
PASS A5-M3. Phantom session: one move through the Smart Account (compute units recorded) | ok 2ixxEdrkV2EJJenZJXnrAhD8Q9juKZeTjFfohLTvkoerjqHtFDSmZTrmmTesc6Gdq9hvrkxZZG3LQq16xjEacvJQ
METRIC move-sample-3 {"totalCu":52241,"primeSessionCu":52241,"bytes":975,"fee":15000}
PASS A5-M4. Phantom session: one move through the Smart Account (compute units recorded) | ok 2FkvGkTzpMqmXyyaYqCKa6iLWVxDuuGexJQEHwbiMpRcDqSjZNsnPzSnwP5brXChYwYuySPNDRRdMGDtPncsueRC
METRIC move-sample-4 {"totalCu":53741,"primeSessionCu":53741,"bytes":975,"fee":15000}
PASS A5-M5. Phantom session: one move through the Smart Account (compute units recorded) | ok 4s3nvuRk4qBFDFV5DabuGS762hNkK7zVgEfCdd6M3Nffnr4rs6QUmhCBffiq3t9adf5wwLaaXcVaeAJ5DeD44xgE
METRIC move-sample-5 {"totalCu":49241,"primeSessionCu":49241,"bytes":975,"fee":15000}
PASS A5-M6. Phantom session: one move through the Smart Account (compute units recorded) | ok 3mgLq5dAbQ3875SoPytPSuz3n9DM4E5w3f3PKMLUYf8MEq9hxbKFBMZbmJUZq4VNRZhwGH9QU2wQp814UQsqyAiu
METRIC move-sample-6 {"totalCu":49241,"primeSessionCu":49241,"bytes":975,"fee":15000}
PASS A5-M7. Phantom session: one move through the Smart Account (compute units recorded) | ok 2LyfcJnNtBh24b8iWRfCXNvKCaGhnHFZrqURuHkpBTJgCJDuMM9UD44GH9f1LVfqJHF9ZD7RXhoTCgoyf3kTTx6N
METRIC move-sample-7 {"totalCu":52241,"primeSessionCu":52241,"bytes":975,"fee":15000}
PASS A5-M8. Phantom session: one move through the Smart Account (compute units recorded) | ok 2baFypd2mkCnUuw6jgqCpWT8PT77innAHDi1HUTGga6eDq7oqh5Yq8p2p4kUdbrLSTcaVaUZSt4P9gMSSZyVs1Xm
METRIC move-sample-8 {"totalCu":52241,"primeSessionCu":52241,"bytes":975,"fee":15000}
PASS A5-M9. Phantom session: one move through the Smart Account (compute units recorded) | ok 41vGhCkVEoaHiyWP4hKb8Rwppa3tfeNvz9KqLYzGoxmU5ihZ6hqUFyBVC17adn4oHej3BcDwLeXLY6fbEiceXGde
METRIC move-sample-9 {"totalCu":52241,"primeSessionCu":52241,"bytes":975,"fee":15000}
PASS A6. account B's grant presented to account A | refused: custom program error: 0x7
PASS V0a. Phantom session 1 works | ok 4WfGHB5gmorMwexmi5SHqDNcLPujxbyZSmbQxb5CVgnxU55DTNmHgWzmK3dAFee4xgiYFNdPEQsc2WiwsaM59Re7
PASS V0b. Phantom session 2 works | ok 2aDm2su5vqiCaLwxh114Gnf3TuLsdUaTSovV2Jnfz3cqfZvRamtG8TAkPsgShtjWxXN38B2XjKX5KB1mG6iqQjPp
PASS V0c. no marker exists for session 1 yet | ok 9yc62k4B67bsTRu5YLJXkQkfjj7bWNqErxbyX7YLmE5F
PASS V1. Phantom revokes session 1 (one signature, relayed, session key does not sign) | ok 2LvAm9gL8qA5dtaE1wmrrMKwgNtFKm7sLBncRE8KF8nPNuscHwkjWrdJBRdWsDgMX2jfrpM5Vi3E5HBuP4zdxu7a
METRIC revoke {"totalCu":18585,"primeSessionCu":18585,"bytes":726,"fee":10000}
PASS V1b. the marker is empty, owned by prime-session and rent exempt | ok {"lamports":890880,"dataBytes":0,"owner":"FTNMFWiECbRp7D5MwJUiNQfee6NuJPjE7S11J9yc2B9G"}
PASS V2. the revoked session 1 is refused | refused: custom program error: 0x2
PASS V3. the same wallet's session 2 keeps working | ok SdXnNWmh28qqd9A6vkifNVFF8jNKvWzqKMuUG293fhDStknsxqruLDgBaT5mwCKwVB3DTC1nVq5sSMQjfeR4DbH
PASS V3b. revoking session 1 again is refused | refused: custom program error: 0x2
PASS V4a. MetaMask's session-owner key signs a revoke of Phantom's session 2 (data names Phantom as owner) | refused: custom program error: 0x7
PASS V4b. MetaMask signs a revoke naming Phantom's PDA under its own owner field | refused: custom program error: 0x2
PASS V4c. Phantom session 2 still works | ok 25pE85UY11sBKTBy3uZLCPpfKJ2Arnh4tpxGR5FBvcquHq7hufpyoUqw8oFELWgmrUuVygi8awkfAtCxpSG6Q7mp
PASS V4d. MetaMask revokes the same key under its own PDA (a marker in MetaMask's namespace) | ok hFhW6JRaTKe3sF1BVrcuxjF6ggVj8RHe3vz439JhbabVdkdc3jFa12tsAHLjNXUsNjPs1N3cxEBT2KUfkCtNkDk
PASS V4e. ...and Phantom's session 2 still works (the marker is per owner) | ok 2F19Y91YNmKaEixzHsyQUCEqPfqpaks7hXc2JueSpwCaQCsbhCzoexgZ1qHjjJYRz6iTeNYBhAJerky28e2PmVsj
PASS V5a. Phantom revokes a key it never granted | ok 3ofnWvTcCRe32zYfHXTxqNoHrGZ6daF2C54Kaax1Ge6pDFRZvvPGMy9Jv64PArvaXX3Nki3qTKihK6fmqWZnNGtE
PASS V5b. a grant signed for that key afterwards is refused | refused: custom program error: 0x2
PASS V6a. a revoke signed for account A's PDA, sent with account B's settings and B's marker | refused: custom program error: 0x2
PASS V6b. no marker was created in account B | ok 
PASS V6c. session 3 still works in account A | ok 4MHM1tJmU7oHS4bpDMoxji6DNxNsuQ452SbTbt6Vf9yS8HdpTEr1dbgr347CpKAu4dLAmEDrFTZu7UheKcKwqLLh
PASS V7a. a pre-fund below the rent minimum is refused by the runtime | refused: {"InsufficientFundsForRent":{"account_index":1}}
PASS V7b. a stranger pre-funds the marker address with 0.001 SOL | ok 4dyCYqRdXK6GEWrtN8qcb77y3sDHq33xke953PnmnPTMqH715KLFcpTmU8FkDxe7qYrDaWr9EesmGgQPbtMgBN4c
PASS V7c. the revoke still works | ok 2ZH2qHM4QuRGgpMPxYVzMYdXw1NqSB7Tp4mNZ24EXVBy3YFHs1vVUmHZ8S5Tw1CRaKebF1CrWMWbCyfJPCDmbAwy
PASS V7d. the revoked session 4 is refused | refused: custom program error: 0x2
PASS V8a. a move that passes another marker address | refused: custom program error: 0x2
PASS V8b. a move with non-canonical bump 254 (canonical 255) and the canonical PDA account | refused: custom program error: 0x2
PASS V8c. the same session with the canonical bump works | ok DHeLD6jRHSmWS6dY3wbqwAbg8PE23yiFNSTGM9CYNK2gyft5EZFncr1w48DNbT6hGY1EatgC8gyLTfaJf5YaZ5B
PASS V9. a 72-byte instruction (the old length check) | refused: Program FTNMFWiECbRp7D5MwJUiNQfee6NuJPjE7S11J9yc2B9G invoke [1] Program FTNMFWiECbRp7D5MwJUiNQfee6NuJPjE7S11J9yc2B9G consumed 88 of 203000 compute units Program
PASS V9b. a 10-byte instruction | refused: Program FTNMFWiECbRp7D5MwJUiNQfee6NuJPjE7S11J9yc2B9G invoke [1] Program FTNMFWiECbRp7D5MwJUiNQfee6NuJPjE7S11J9yc2B9G consumed 88 of 203000 compute units Program
PASS R0. Freighter session works before | ok 3wzLhgrGGwPPi6DMGsKXz6KPUHCpNr6UkFUvLK5XshiokjpN7NtET9vNMHt3Ga8mTVw3A61w3ihFngNEmm8PBWak
PASS R1. MetaMask + Phantom update the policy: members MetaMask and Phantom PDAs only:a. MetaMask proposes and approves | ok 2rcMcutaeqFPqota6TEZwNxM5uhgZYSK4ogg3Noe9qWQJENb8KjQ6cfKssTKm6BHtsqaZGsNEuoCgFptEGvt5bA3
PASS R1. MetaMask + Phantom update the policy: members MetaMask and Phantom PDAs only:b. Phantom approves and executes | ok 3BimDm8Vwime9BCpX4F1a35farB9gE4V4KrkPjrJeimF5yKpeXCHZSNqFjSyo4qVq5rT7U729Rjy7822SB8tavpz
PASS R2. the live Freighter session after removal | refused: Error Code: NotASigner
PASS R3. MetaMask session still works | ok 3Dzzfvi3BetjsUkU7SQQdQhB817izUiuWkBrQvJdESHJPYiq6dkptSY9heHKt7crhyn9ydPkiHuf5v2TfwCYAZ4b
METRIC relayerSpend {"net":"localnet","spentLamports":4092324680,"vaultFundingLamports":4000000000,"sessionKeysFunded":41,"sessionKeyFundingDevnetLamports":82000000,"devnetEstimateLamports":454324680}
NEAR MPC signatures: 35, average 0.0s
127/128 passed
FAIL G9. grant longer than 7 days 3g2XYpDK2xTBwUVavUmFyzhwi9eJfMGKDEvYBo5wT39sMbBjc3KZgPysXvwR4zovAMvLsVMh5hrmedoatpQKHacx
