{
  MetaMask: "4TXiTPLxe5PrpwiY15tj9nP3wF5F8JPKUsYQyfHCCcod",
  Freighter: "9BcBicoPrGtPJnVynJoj2g1p6zrvaFBkJccorLwGTMZo",
  Phantom: "G5H71U2pASYLeei9MYvWVmCZzjHp2VscWTjpdLYa6LT4",
  sessionMetaMask: "3YomJ7dnhtqFnnPAzRUGmhC8EevR2R4F6Sdx7YN6Pppc",
  sessionFreighter: "Cn2bjH8kGkjioVoB9MY86TDsJ6kKjvaiu9ZCmMsJVW74",
  program: "FTNMFWiECbRp7D5MwJUiNQfee6NuJPjE7S11J9yc2B9G",
  programB: "J38gUL2YFo91GDBnDXwVDaGpk6XWSJUhs7RuditRdiVo",
  net: "localnet",
}
PASS P0. seats are exactly MetaMask(NEAR MPC), Freighter(NEAR MPC), Phantom(own key); threshold 2; vault funded | ok 4e7krDNB47EtBSpLKWFEur5i1CW9kZxfRton7zZdrfSanPwzmPo85mRbm4k2iioAWtCFy8Z7a7pj5M78Fv5crxMf
PASS K1-MetaMask. MetaMask alone:a. MetaMask proposes and approves | ok 2ZdkoePLc127wiWPLZHGQCLv7FsHf7XYhfmuE8zYLGYx9KGxN3TpwsjdVF6LNTUGWpD5Wq3cY9ViJW55gAs8nd3B
PASS K1-MetaMask. MetaMask alone:b. MetaMask executes with only its own approval | refused: Error Code: InvalidProposalStatus
PASS K1-Freighter. Freighter alone:a. Freighter proposes and approves | ok 3Nk2LrvY1J8ShBVP7V8JG7vwPe5vEztbC8JwrcEMW3naNi5WAiTRts8E2recFviWULMLGDV21Zdt9JTUqE44c5HB
PASS K1-Freighter. Freighter alone:b. Freighter executes with only its own approval | refused: Error Code: InvalidProposalStatus
PASS K1-Phantom. Phantom alone:a. Phantom proposes and approves | ok 26nvPwrx5h8ifZez7n9JV9N9f5xZ2tCkrkHmy9ux9GCKJCoUhMVohKTMXDKChAcKnrutMyuTfNn8Bm7tb3GizqTB
PASS K1-Phantom. Phantom alone:b. Phantom executes with only its own approval | refused: Error Code: InvalidProposalStatus
PASS K2. MetaMask + Freighter:a. MetaMask proposes and approves | ok 5vUkgKExPWPDeA594TRX3JNtn8Yh8PuspUP2CZpNiBqrZBh771wWbRvYnvhpQfLtVWhW7t3StFDA8UNqbQN6GbCt
METRIC seat-propose-K2-MetaMask {"totalCu":78014,"bytes":579,"fee":10000}
PASS K2. MetaMask + Freighter:b. Freighter approves and executes | ok 2FkkgggN1fCh2ZsH2qRqmKMi7oYzsakf8qJNKkSqFzMoYdqa9KXaJQvssLXJLq1W879ez1p1nppyeLsARJtwKU9N
METRIC seat-exec-K2-Freighter {"totalCu":67701,"bytes":490,"fee":10000}
PASS K3. Freighter + Phantom:a. Freighter proposes and approves | ok 5tJMYERXfs7rLT5fJSqQ7qXcp2WqpcHEWFgqdiBNQb2bFpDRnHc5YLNrPLGGZnqLBWABG4ojoG7tra6DQBF6Gm34
METRIC seat-propose-K3-Freighter {"totalCu":83828,"bytes":579,"fee":10000}
PASS K3. Freighter + Phantom:b. Phantom approves and executes | ok 66bvtjLuEouRP7sVxK4GaWCrH7Yp1yVoKgSRoioVx4YaZj4s4WFrLTvQFHdrkZm8nYwM4utKm3EkdYUZgqMs74CB
METRIC seat-exec-K3-Phantom {"totalCu":70829,"bytes":490,"fee":10000}
PASS K4. Phantom + MetaMask:a. Phantom proposes and approves | ok 5aF7AZ4vqxB7PWgHRnvsg2hsTCpfAhZMPhHQJtHq7K6RZ3uXZoBiWVgwv4n8KbEkbCMQn92MUehEMC912ZzUx9RH
METRIC seat-propose-K4-Phantom {"totalCu":79520,"bytes":579,"fee":10000}
PASS K4. Phantom + MetaMask:b. MetaMask approves and executes | ok 55gULir7zGhACvWoAGczE6bZ3AWHeVimoSo68u3tQ82RAFJwy5zPbyAf7MgKf5AoCvp77M3cApFgjpL19Lo4rvUU
METRIC seat-exec-K4-MetaMask {"totalCu":67876,"bytes":490,"fee":10000}
PASS K5. DEST received exactly 0.03 SOL | ok 0.03
PASS K6. MetaMask alone (open proposal):a. MetaMask proposes and approves | ok 2yTkjhALnnAdzfwcCuH6S59wFM7Z3bhYmuGPzLoSE8pHFEyyjsEXTisuo2HbpWzAZQTM43YCq7gB7uXE4TrAs5Bs
PASS K6. MetaMask alone (open proposal):b. MetaMask executes with only its own approval | refused: Error Code: InvalidProposalStatus
PASS K6c. an outsider approves it | refused: Error Code: NotASigner
PASS K6d. Freighter's seat signed by MetaMask's MPC key | refused: Transaction did not pass signature verification
PASS K6e. Freighter's seat signed by its MPC key under another path | refused: Transaction did not pass signature verification
PASS K6f-MetaMask. MetaMask's seat vote signed by its session-path key | refused: Transaction did not pass signature verification
PASS K6g-MetaMask. MetaMask's session-path key approves as itself | refused: Error Code: NotASigner
PASS K6f-Freighter. Freighter's seat vote signed by its session-path key | refused: Transaction did not pass signature verification
PASS K6g-Freighter. Freighter's session-path key approves as itself | refused: Error Code: NotASigner
PASS K7. install the movers policy (members: the three session PDAs):a. MetaMask proposes and approves | ok 5GMp7i9DwPA6JhhDpFogDAu66oMAX1Pjuqw94fMR4ZqQrLxSvSuLBNPMFb2kDe2oYmUeFDfZV6TkHiG112P5QG5p
PASS K7. install the movers policy (members: the three session PDAs):b. Phantom approves and executes | ok pwYyhUCmMikus8RnYhD7hwdfWdVbPv8kwt6uNuj3QBMJzbZLFKkYihkzLcEkqfSnAEkeFw4asw2eMzydJEDf3HA
PASS N0. MetaMask alone (open proposal):a. MetaMask proposes and approves | ok 8x8PrMhqEo96YS35B1VBV4xML8h3VhMKdwTGqeRyXfwhoDd8nCeU9jK5RfzuLFs51yCupeskoNybxpUvearC5wD
PASS N0. MetaMask alone (open proposal):b. MetaMask executes with only its own approval | refused: Error Code: InvalidProposalStatus
PASS N1. Phantom session approves that proposal as its PDA | refused: Error Code: NotASigner
PASS N2. Phantom session key approves it as itself | refused: Error Code: NotASigner
PASS N3. Phantom session proposes a vault transaction as its PDA | refused: Error Code: NotASigner
PASS N4. Phantom session adds its key as a seat (settings sync, as its PDA) | refused: Error Code: InvalidSignerCount
PASS N5. Phantom session calls a program other than the Smart Account (System transfer from its PDA) | refused: Program FTNMFWiECbRp7D5MwJUiNQfee6NuJPjE7S11J9yc2B9G invoke [1] Unknown program SMRTzfY6DfH5ik3TKiyLFfXexV8uSG3d2UksSCYdunG Program FTNMFWiECbRp7D5MwJUiNQfee6Nu
PASS G-MetaMask1. one MetaMask signature (through NEAR) -> session; relayer pays: 0.01 SOL to VENUE | ok 5eZGvegCSArkzmmhXKGupLPePtfXB7Kzj3AYmnVsY3A1HHgDGEzu2MexU3RsmtZ74ohp5JEVJhP3XqhPyjtjTR3b
METRIC move-MetaMask-relayed {"totalCu":53787,"primeSessionCu":53787,"bytes":975,"fee":15000}
PASS G-MetaMask2. relayer down: session key pays the fee itself: 0.005 SOL to VENUE | ok 2sJfLGHGNaKv1XZGuR21LrrQQTf5JZZPsMMAkD8Rrt7pTRtLb87Y5kgFL4z4wokqscgbSedBXRc97LvcDgpC5cp1
PASS G-MetaMask3. VENUE received exactly 0.015 SOL | ok 0.015
PASS G-MetaMask4. relayer down and the session key has no SOL | refused: Attempt to debit an account but found no record of a prior credit
PASS G-MetaMask5. same session: 0.01 SOL elsewhere (policy) | refused: Error Code: ProgramInteractionAccountConstraintViolated
PASS G-MetaMask6. same session: 0.06 SOL to VENUE (over the 0.05 per-move limit) | refused: Error Code: ProgramInteractionInvalidNumericValue
PASS G-MetaMask7. stretched valid-until | refused: custom program error: 0x7
PASS G-MetaMask8. someone else replays the grant with their own key | refused: custom program error: 0x7
PASS G-Freighter1. one Freighter signature (through NEAR) -> session; relayer pays: 0.01 SOL to VENUE | ok 2LRNrojEYnpS2iwyNjU5pDXUSNKnrfCjCntXBYuBRnc7B9guyG2ngsYHL1CSBqnHVijgdU8LEGgGb3Gq8knRtHz4
METRIC move-Freighter-relayed {"totalCu":52246,"primeSessionCu":52246,"bytes":974,"fee":15000}
PASS G-Freighter2. relayer down: session key pays the fee itself: 0.005 SOL to VENUE | ok 5uGC1PV5PjCMFqVRK2f3E1tBgJ7byBFzdKq25NTBPysxAj256tqj8zRp4othX6Y5RzcxH4zHPcPHnoh7oVVdqarE
PASS G-Freighter3. VENUE received exactly 0.015 SOL | ok 0.015
PASS G-Freighter4. relayer down and the session key has no SOL | refused: Attempt to debit an account but found no record of a prior credit
PASS G-Freighter5. same session: 0.01 SOL elsewhere (policy) | refused: Error Code: ProgramInteractionAccountConstraintViolated
PASS G-Freighter6. same session: 0.06 SOL to VENUE (over the 0.05 per-move limit) | refused: Error Code: ProgramInteractionInvalidNumericValue
PASS G-Freighter7. stretched valid-until | refused: custom program error: 0x7
PASS G-Freighter8. someone else replays the grant with their own key | refused: custom program error: 0x7
PASS G-Phantom1. one Phantom signature -> session; relayer pays: 0.01 SOL to VENUE | ok oRw7Z57hSjHdmTm8uzfQ6Jbp6X2j19DusZcK8hswrbk7kLAmUZtbiEnrwpbxqWEkyf8fMC5SQthQSDgj7wLRGSD
METRIC move-Phantom-relayed {"totalCu":53788,"primeSessionCu":53788,"bytes":975,"fee":15000}
PASS G-Phantom2. relayer down: session key pays the fee itself: 0.005 SOL to VENUE | ok 3t4cYMp37ZKbm4R3j4eJEHsJ1d8rGR93Lq39Pk81LksQCMF367reaxxZtC7C4FsLa9AmKZT2ck27wHmintFoM1gn
PASS G-Phantom3. VENUE received exactly 0.015 SOL | ok 0.015
PASS G-Phantom4. relayer down and the session key has no SOL | refused: Attempt to debit an account but found no record of a prior credit
PASS G-Phantom5. same session: 0.01 SOL elsewhere (policy) | refused: Error Code: ProgramInteractionAccountConstraintViolated
PASS G-Phantom6. same session: 0.06 SOL to VENUE (over the 0.05 per-move limit) | refused: Error Code: ProgramInteractionInvalidNumericValue
PASS G-Phantom7. stretched valid-until | refused: custom program error: 0x7
PASS G-Phantom8. someone else replays the grant with their own key | refused: custom program error: 0x7
PASS G9. grant longer than 7 days | refused: custom program error: 0x4
PASS G10. expired grant | refused: custom program error: 0x4
PASS G11. MetaMask grant with the ed25519 program instruction missing | refused: custom program error: 0x7
PASS G12. ed25519 instruction reading its public key from another instruction | refused: custom program error: 0x0
PASS G13. daily cap shared by all: 0.045 used + 0.05 = 0.095 <= 0.1 | ok DmKbSYdLFk8yDfsFkAMPBy1JSjV6jhMihve8WGgEHtTUaqArDxMJCKboHse1e5GecQsc3DCCE92ansbG2hbobYc
PASS G13b. + 0.01 = 0.105 > 0.1 | refused: Error Code: ProgramInteractionInsufficientLamportAllowance
PASS X1. Freighter's PDA with a grant signed by MetaMask (NEAR) | refused: custom program error: 0x7
PASS X2. Phantom's PDA with a grant signed by Freighter (NEAR) | refused: custom program error: 0x7
PASS X3. MetaMask's PDA with a grant signed by Phantom | refused: custom program error: 0x7
PASS X4. Freighter's PDA with its MPC key under another path | refused: custom program error: 0x7
PASS X4b. Freighter's session PDA with a grant signed by its seat key (prime:solana) | refused: custom program error: 0x7
PASS X5. Phantom grant presented for MetaMask's PDA | refused: custom program error: 0x7
PASS X6. grant signed for cluster mainnet, used on localnet | refused: custom program error: 0x7
PASS X7a. a grant naming program A's PDA, presented to program B with A's PDA | refused: custom program error: 0x2
PASS X7b. the same grant presented to program B with B's PDA (text mismatch) | refused: custom program error: 0x7
PASS X7c. a grant naming program B's PDA, presented to program A with B's PDA | refused: custom program error: 0x2
PASS X7d. the same grant presented to program A with A's PDA (text mismatch) | refused: custom program error: 0x7
PASS X8. Phantom's own signed grant naming MetaMask's PDA | refused: custom program error: 0x2
PASS X9a. valid Phantom grant, data names another settings address | refused: custom program error: 0x2
FAIL X10. the session key does not sign (relayer only) | ok 4tHqvc9du8Fu3fs4wrMhnzXRg9pMKQToni6iVrfzfv5SdEB7cXWJjAWCCSLLFbsSYEDUVPkbHRGQFRnXcFnnJtnB
PASS X11a. account 3 set to the System program instead of the Smart Account program: the move still runs | ok 3sx4zh8D1BZs35XTVpzE6u7UQijzBc8pDq3YJj2PgrTdwA2ZshBLyeNpvrUyX2GhoskFrgogmFRN1wNWFxED8Y9c
PASS X11b. ...and prime-session called only the Smart Account program | ok 3sx4zh8D1BZs… Program SMRTzfY6DfH5ik3TKiyLFfXexV8uSG3d2UksSCYdunG invoke [2]
PASS A0. account B created with the same three seats | ok 5De6phEhJ8ZNrVKco9zuraLvsSBubEJ8jj4u9uxvKXLfbZZQwB8AqRgVSRs98DYQyC76veZMMmJt3xxVDfBec3Py
PASS A1. account B installs its movers policy (members: each wallet's PDA for account B):a. MetaMask proposes and approves | ok 3mn85p9Nwy688SwYrQHhSq1bnj5Goh4iSSGpCiiT7X4F83GDQfUoUBef7FXU3LqDS12cjP9yK7Ff4h3aoQUgkyVC
PASS A1. account B installs its movers policy (members: each wallet's PDA for account B):b. Phantom approves and executes | ok 3JxCooqLZpjTToKzFe6pPAq5JZ5Vx5d5yvjbwBWZJJejpi81DYcfsCc2EpMrLJXjaaNkrepV2Lp7eAPbabso1JeT
PASS A2. each wallet's PDA differs between account A and account B | ok 7qriG5,J5qGs8,CxMTvv
PASS A3. account A's Phantom grant presented to account B (as Phantom's account-B PDA) | refused: custom program error: 0x7
PASS A4. account A's Phantom PDA calling account B's policy | refused: Error Code: NotASigner
PASS A5. a Phantom grant made for account B works in account B | ok 3vN9Yt8rAHahemYXJD6N5DTyxysdnL23tR3fwaudLTXNp4sjMShKRVjVqG7Ftn7AkuPriaKDJPU6s2nykrrgcG8E
PASS A5-M0. Phantom session: one move through the Smart Account (compute units recorded) | ok 4advsnBSbAC7WQozvixmhsvs6rnYCgD3f7xEkiaFcjNt42jyZ4aUYtKZSt4NW6hTDJp9fiwFtiXWLPA441nagn4x
METRIC move-sample-0 {"totalCu":50756,"primeSessionCu":50756,"bytes":975,"fee":15000}
PASS A5-M1. Phantom session: one move through the Smart Account (compute units recorded) | ok 3W8p2q1JxyUaLbzoUpQrsjeA78BRw2bvVbJEiZvUpQRpKwctyMYiSc4EEm7EMFZWnLn82GBVGnUfsvXS9khnUAv1
METRIC move-sample-1 {"totalCu":49256,"primeSessionCu":49256,"bytes":975,"fee":15000}
PASS A5-M2. Phantom session: one move through the Smart Account (compute units recorded) | ok 5mrLtuYScQJuXCKp1i4xt9tLK11fac7QkcwzvGzzWQAQXys9F1qXCHvtU9TPgWU7hj2HMKbQqzRqeTC5Js1vNcC1
METRIC move-sample-2 {"totalCu":49246,"primeSessionCu":49246,"bytes":974,"fee":15000}
PASS A5-M3. Phantom session: one move through the Smart Account (compute units recorded) | ok 4Fr61Wu3kbyGnZiXreapUC2LzRZBKPfP1RDXEqSjg8mbY6gBCzRPQawGYKDyU9j4s9fY58poaH8dFhjH6xjKJWfK
METRIC move-sample-3 {"totalCu":49256,"primeSessionCu":49256,"bytes":975,"fee":15000}
PASS A5-M4. Phantom session: one move through the Smart Account (compute units recorded) | ok 4nZaVpuazJiV47nchayupqiNWGnz8YXfBzS5xpwsT4MdS8wAcH94DHFTgtpLpEuPF8u2oP5nm5wAgVkRd7G2HvvY
METRIC move-sample-4 {"totalCu":53756,"primeSessionCu":53756,"bytes":975,"fee":15000}
PASS A5-M5. Phantom session: one move through the Smart Account (compute units recorded) | ok 2rfXCWrw6Bg3s9AXDwAoY86m7TJJKcPYMcDh24avMoWiCUjVDj23xtd6WvYsosLJnvXbPVmKa3fodRUfCRqwjhzA
METRIC move-sample-5 {"totalCu":49256,"primeSessionCu":49256,"bytes":975,"fee":15000}
PASS A5-M6. Phantom session: one move through the Smart Account (compute units recorded) | ok 2qF3Acn58TuY77j4kXsdZkGLHcZdE7LJnxcNqFkv5ippj2ZS8b3sTJ7DfbLAnd5zP4oqEwKFma4fMjDem7icq8FK
METRIC move-sample-6 {"totalCu":49256,"primeSessionCu":49256,"bytes":975,"fee":15000}
PASS A5-M7. Phantom session: one move through the Smart Account (compute units recorded) | ok 3Wi5jaoAAyNAAxWiMUANrVnHNBcVc4MVxnu4Geuw1SKchKnLvvmHQKyvd7pjoynSKimy7x82a36MikZ5CcSKCjiS
METRIC move-sample-7 {"totalCu":49256,"primeSessionCu":49256,"bytes":975,"fee":15000}
PASS A5-M8. Phantom session: one move through the Smart Account (compute units recorded) | ok 3mUKjHfz84L6AgVw9SAtrSvATMHnJRXta8Pe7D5K7bmTMSTPMFFj3JT2HrNj4cmFNyGDThPQSAZgCurQ5UL35WVu
METRIC move-sample-8 {"totalCu":52256,"primeSessionCu":52256,"bytes":975,"fee":15000}
PASS A5-M9. Phantom session: one move through the Smart Account (compute units recorded) | ok 2o8msicvQWgUpYyxjaAVHnGAgbkjsL1hyEsytoRKAxMabwmsRfonxSaqj65QsxMHjw9vJe1yxCnZdQjTprV6XJQj
METRIC move-sample-9 {"totalCu":49256,"primeSessionCu":49256,"bytes":975,"fee":15000}
PASS A6. account B's grant presented to account A | refused: custom program error: 0x7
PASS V0a. Phantom session 1 works | ok HCW9WZjf9JmVYTkezj3yj7FwgrprGd9UUW6jd99dUoWiyYPExWA7AMQvDqw6hvLa4vUTx1PeJqjF8HPebMapqZZ
PASS V0b. Phantom session 2 works | ok 2eZquQZ1zVHC4KpjZRxTvmbYk4vpmtVpF29bVe1YY8vEkNSQPQ1SHtUHeNf5HdUZ9eLmRGW3kxwfHURgU4WtUgpX
PASS V0c. no marker exists for session 1 yet | ok CtBFcFhjVGn6udtoCHpqgPKqF4jdkgSiYMwWJyCsPHAc
PASS V1. Phantom revokes session 1 (one signature, relayed, session key does not sign) | ok 2NSUSRqABMk7BVVr4vtmHWnhR4Y4jAzmqwADNHMo7PXnPAdL4KUSyrWiZw2md82uJZt5j7nHQnjJaUPCxhy1pqGG
METRIC revoke {"totalCu":20080,"primeSessionCu":20080,"bytes":725,"fee":10000}
PASS V1b. the marker is empty, owned by prime-session and rent exempt | ok {"lamports":890880,"dataBytes":0,"owner":"FTNMFWiECbRp7D5MwJUiNQfee6NuJPjE7S11J9yc2B9G"}
PASS V2. the revoked session 1 is refused | refused: custom program error: 0x2
PASS V3. the same wallet's session 2 keeps working | ok xXAPcvC5MmFAb2DeNgctt6ZWXdfAYGNVyogzfZJunE7FwvqJtbxTuJy9c3mPTUDyRNoe5Tkm9aZxJ5MDf7XH6SC
PASS V3b. revoking session 1 again is refused | refused: custom program error: 0x2
PASS V4a. MetaMask's session-owner key signs a revoke of Phantom's session 2 (data names Phantom as owner) | refused: custom program error: 0x7
PASS V4b. MetaMask signs a revoke naming Phantom's PDA under its own owner field | refused: custom program error: 0x2
PASS V4c. Phantom session 2 still works | ok E3qBZEKxXCeupeGyRhTnsJfF6vR94iHvBAeShJkHLnek67p2vSfua18kqg699myDku35u6rgcPSGuV3eRz88RXz
PASS V4d. MetaMask revokes the same key under its own PDA (a marker in MetaMask's namespace) | ok 3a4oxfjbxkxQRwWFaCbCvHpKWuHbPyGcPBwr4NAGndi8JaVoqPdJC9wAzJnMuAJZGMs1ZtdRWAWqr1K2g67eMFAK
PASS V4e. ...and Phantom's session 2 still works (the marker is per owner) | ok 4aZzUQCooRt7WS29o9H8p5e3GS9zRAqs2rofhZtB2kYV5QSr5hrBGnoaNMC5rH4PiLEcwyskQ9tFPQBRQRLGcsKX
PASS V5a. Phantom revokes a key it never granted | ok QzE5r3eL5tUmjoX5SgaC8mqAge2w7gCj4htqaqFXuV9QrhYzhW4NkVkUQWfLvGaeWVNriUxaErh91xmnbUWFtE6
PASS V5b. a grant signed for that key afterwards is refused | refused: custom program error: 0x2
PASS V6a. a revoke signed for account A's PDA, sent with account B's settings and B's marker | refused: custom program error: 0x2
PASS V6b. no marker was created in account B | ok 
PASS V6c. session 3 still works in account A | ok 5HfoCTQGjzGgunqmJGMAg38uZgez3J7obNkYSrwVr3vuJzrdGpyruaLWMeCd1AAi8fCn7Q9pia93gDqXBabpWHN7
PASS V7a. a pre-fund below the rent minimum is refused by the runtime | refused: {"InsufficientFundsForRent":{"account_index":1}}
PASS V7b. a stranger pre-funds the marker address with 0.001 SOL | ok 2e67iyRzdU3VFyfhJs3zXqLv4vmmkammSjxAQaD5JtUznMEn4tiT2U2opkGtCPannDKkoH3vDDGQC4EMhKhQFQ8F
PASS V7c. the revoke still works | ok 5zKuVYUFZKpp75bW22D7q6s3VFw4Zs9k5oynpquMywxH2z5xj5fDhMJkvndWH1e3DX4TcyaG6R5Pw71EhcWj1qu3
PASS V7d. the revoked session 4 is refused | refused: custom program error: 0x2
PASS V8a. a move that passes another marker address | refused: custom program error: 0x2
PASS V8b. a move with non-canonical bump 254 (canonical 255) and the canonical PDA account | refused: custom program error: 0x2
PASS V8c. the same session with the canonical bump works | ok 3W1T5XjzkAKVwqXmo8ePCwhMcTKwMDw2ZGBwCX1mDh6hFySjVqKSXA2Z5ZRfHo5RkXXgHM4w4rzJvhqt86gykgrK
PASS V9. a 72-byte instruction (the old length check) | refused: Program FTNMFWiECbRp7D5MwJUiNQfee6NuJPjE7S11J9yc2B9G invoke [1] Program FTNMFWiECbRp7D5MwJUiNQfee6NuJPjE7S11J9yc2B9G consumed 88 of 203000 compute units Program
PASS V9b. a 10-byte instruction | refused: Program FTNMFWiECbRp7D5MwJUiNQfee6NuJPjE7S11J9yc2B9G invoke [1] Program FTNMFWiECbRp7D5MwJUiNQfee6NuJPjE7S11J9yc2B9G consumed 88 of 203000 compute units Program
PASS R0. Freighter session works before | ok 4GaWJhr4syvusPxQf3wSceLNJAkur512RweBL1YGu7RTBsWkmz3rPqkPkNkgP1oXREwyqHH8b5WKqAKyoAyUj7Wb
PASS R1. MetaMask + Phantom update the policy: members MetaMask and Phantom PDAs only:a. MetaMask proposes and approves | ok 3oKDyyiAdfnfph5oYsupsR5tBe4PJSgcxTxChRUGfY3633AWtLUENro6BoRroBTGz5XsniTM8oXoASjYzzA44MUF
PASS R1. MetaMask + Phantom update the policy: members MetaMask and Phantom PDAs only:b. Phantom approves and executes | ok f4gQ5gm62ucqVkDkREEfTXevLggGxmJAXhRoxQ4CQ6AjnFJK2Js7aYKKL2AEFybacvAPUCYYYjHg5zNqGH7BtUL
PASS R2. the live Freighter session after removal | refused: Error Code: NotASigner
PASS R3. MetaMask session still works | ok 35x5rAocbbrfUzEm8XVXMLGYTYK7hYmH83Sw7WsM4upWsXesFrBWV8nui8gvebifqECxXMuo5imMapf8zgMLxJ1V
METRIC relayerSpend {"net":"localnet","spentLamports":4092319680,"vaultFundingLamports":4000000000,"sessionKeysFunded":41,"sessionKeyFundingDevnetLamports":82000000,"devnetEstimateLamports":454319680}
NEAR MPC signatures: 35, average 0.0s
127/128 passed
FAIL X10. the session key does not sign (relayer only) 4tHqvc9du8Fu3fs4wrMhnzXRg9pMKQToni6iVrfzfv5SdEB7cXWJjAWCCSLLFbsSYEDUVPkbHRGQFRnXcFnnJtnB
