{
  MetaMask: "4TXiTPLxe5PrpwiY15tj9nP3wF5F8JPKUsYQyfHCCcod",
  Freighter: "9BcBicoPrGtPJnVynJoj2g1p6zrvaFBkJccorLwGTMZo",
  Phantom: "G5H71U2pASYLeei9MYvWVmCZzjHp2VscWTjpdLYa6LT4",
  sessionMetaMask: "3YomJ7dnhtqFnnPAzRUGmhC8EevR2R4F6Sdx7YN6Pppc",
  sessionFreighter: "Cn2bjH8kGkjioVoB9MY86TDsJ6kKjvaiu9ZCmMsJVW74",
  program: "FTNMFWiECbRp7D5MwJUiNQfee6NuJPjE7S11J9yc2B9G",
  programB: "J38gUL2YFo91GDBnDXwVDaGpk6XWSJUhs7RuditRdiVo",
  net: "localnet",
}
PASS P0. seats are exactly MetaMask(NEAR MPC), Freighter(NEAR MPC), Phantom(own key); threshold 2; vault funded | ok 4AKFMXcfpBahBJN3Z7R2icu6MRWmNiFWTU6rgXWuZ6fDMaPfmVJ6PAENiJPU7kQe8DmdiTgKNFNFYtvBPGzKfpXh
PASS K1-MetaMask. MetaMask alone:a. MetaMask proposes and approves | ok pmokK953wNyRCEMT4Kw8nEYq478pmzUu3ZvnLufoTWsyHiSkFhdbJdwnPpcVo8qrspDqTtCf4U4sHpNirgsCkcQ
PASS K1-MetaMask. MetaMask alone:b. MetaMask executes with only its own approval | refused: Error Code: InvalidProposalStatus
PASS K1-Freighter. Freighter alone:a. Freighter proposes and approves | ok 3jcRhR5FWogLAexh2KYMYxiG82PDxQMqa9mNgnL8tBqwdmhNyWUCCsivmSsnw1PoHapT9QkgD6AyNemEN3xxQ5PN
PASS K1-Freighter. Freighter alone:b. Freighter executes with only its own approval | refused: Error Code: InvalidProposalStatus
PASS K1-Phantom. Phantom alone:a. Phantom proposes and approves | ok hKAo9osdAgJ4Az2mAhP71y9eT8RJKFhFGu21KEBQYjrJQENPYRVA3UDRfa5awvsGytxzAbweZ8r1dez2hagaJTB
PASS K1-Phantom. Phantom alone:b. Phantom executes with only its own approval | refused: Error Code: InvalidProposalStatus
PASS K2. MetaMask + Freighter:a. MetaMask proposes and approves | ok 5Zjh8jPvPjGW1W698eoCbYip4PgiNvYGnLcwTknPzYFttFBa3EX8yQLpH3roFbmQqnBov612To163wFayW3VV2rp
METRIC seat-propose-K2-MetaMask {"totalCu":78014,"bytes":579,"fee":10000}
PASS K2. MetaMask + Freighter:b. Freighter approves and executes | ok 2rjgWWMPQwdB2VcA1HCwKaaTyAkg9o7yGd8AnZS8rFpt6iAdFzCHKK3BWXY1yuce8xYfUBPWrAQYgyXMp3z1tnTv
METRIC seat-exec-K2-Freighter {"totalCu":67701,"bytes":490,"fee":10000}
PASS K3. Freighter + Phantom:a. Freighter proposes and approves | ok 8CmxYTV8Az3934XDrtg26ba5ZcLNsPXNnmjVUCMsT9GKqyE3PKQNsVxJ1R4rfpQdWsVgauLdGG2jAoJHzHa3Yv9
METRIC seat-propose-K3-Freighter {"totalCu":83828,"bytes":579,"fee":10000}
PASS K3. Freighter + Phantom:b. Phantom approves and executes | ok 3ZK7aMSaMGFAiidUEYvvJBDqmSX7K81xFYbLf1FuPr6aCpbQaP3CaaugMVYeNUT5y3Y3xmqpj5DctSrnQBN8ch2h
METRIC seat-exec-K3-Phantom {"totalCu":70829,"bytes":490,"fee":10000}
PASS K4. Phantom + MetaMask:a. Phantom proposes and approves | ok 32P1iwtBX9u5rMmCaqGZrCaCWY81JHHPYyyA2JbEqqirWwGmMgHV8EQBnBu9qK6zSRtr5L1EQTJHxQ5LMFCqp3Xx
METRIC seat-propose-K4-Phantom {"totalCu":79520,"bytes":579,"fee":10000}
PASS K4. Phantom + MetaMask:b. MetaMask approves and executes | ok 5wTfWyc6TMqbBRtJP1Zw3s6PnWVfrZuvcWNdEehVBKyXBe3a2ZhzVXQ9K33dgSx3Y55NJ8vgjaoHXmAFV9SB9cad
METRIC seat-exec-K4-MetaMask {"totalCu":67876,"bytes":490,"fee":10000}
PASS K5. DEST received exactly 0.03 SOL | ok 0.03
PASS K6. MetaMask alone (open proposal):a. MetaMask proposes and approves | ok 3xpd8fJUwXqqt5ENCHjZv6msMGomVkLMb97zpF7VmFH9cfgEs1rzboaAAaz4Z6Px86Z8Gkh5NA2foQ5SNXUTC5Q7
PASS K6. MetaMask alone (open proposal):b. MetaMask executes with only its own approval | refused: Error Code: InvalidProposalStatus
PASS K6c. an outsider approves it | refused: Error Code: NotASigner
PASS K6d. Freighter's seat signed by MetaMask's MPC key | refused: Transaction did not pass signature verification
PASS K6e. Freighter's seat signed by its MPC key under another path | refused: Transaction did not pass signature verification
PASS K6f-MetaMask. MetaMask's seat vote signed by its session-path key | refused: Transaction did not pass signature verification
PASS K6g-MetaMask. MetaMask's session-path key approves as itself | refused: Error Code: NotASigner
PASS K6f-Freighter. Freighter's seat vote signed by its session-path key | refused: Transaction did not pass signature verification
PASS K6g-Freighter. Freighter's session-path key approves as itself | refused: Error Code: NotASigner
PASS K7. install the movers policy (members: the three session PDAs):a. MetaMask proposes and approves | ok frFN8q3pu2M2xofTYByXEA2NRbaV4HTVqgDD8kTNQsdL63ZastTHmUrBrucLpVHX5YyLxU8c6SYyC79NDBsE6LT
PASS K7. install the movers policy (members: the three session PDAs):b. Phantom approves and executes | ok 4DHhV44N2WAdgcwWwuUxN2ras2Fk3ARozNsJSDLYuvN4DsvHAyg77K5TAuG45yVQ4CCMpLFkCdTzA4nccR756K1u
PASS N0. MetaMask alone (open proposal):a. MetaMask proposes and approves | ok 4u1sva15FnChMBC7PJxHejGbrqg1fLvSPbCsePk9ZY6c2GJ455wsq88ELXvt8D6Erafr1Qykd7d4DhaVwHDwei88
PASS N0. MetaMask alone (open proposal):b. MetaMask executes with only its own approval | refused: Error Code: InvalidProposalStatus
PASS N1. Phantom session approves that proposal as its PDA | refused: Error Code: AccountNotSigner
PASS N2. Phantom session key approves it as itself | refused: Error Code: NotASigner
PASS N3. Phantom session proposes a vault transaction as its PDA | refused: Error Code: AccountNotSigner
PASS N4. Phantom session adds its key as a seat (settings sync, as its PDA) | refused: Error Code: InvalidSignerCount
PASS N5. Phantom session calls a program other than the Smart Account (System transfer from its PDA) | refused: Program FTNMFWiECbRp7D5MwJUiNQfee6NuJPjE7S11J9yc2B9G invoke [1] Unknown program SMRTzfY6DfH5ik3TKiyLFfXexV8uSG3d2UksSCYdunG Program FTNMFWiECbRp7D5MwJUiNQfee6Nu
FAIL G-MetaMask1. one MetaMask signature (through NEAR) -> session; relayer pays: 0.01 SOL to VENUE | refused: Error Code: MissingSignature
7679 |     } = extractCommitmentFromConfig(rawConfig);
7680 |     const args = this._buildArgsAtLeastConfirmed([signature], commitment, undefined /* encoding */, config);
7681 |     const unsafeRes = await this._rpcRequest('getTransaction', args);
7682 |     const res = superstruct.create(unsafeRes, GetTransactionRpcResult);
7683 |     if ('error' in res) {
7684 |       throw new SolanaJSONRPCError(res.error, 'failed to get transaction');
                   ^
SolanaJSONRPCError: failed to get transaction: Invalid param: WrongSize
 code: -32602,
 data: undefined,

      at getTransaction (/home/ubuntu/work/swig-spike/node_modules/@solana/web3.js/lib/index.cjs.js:7684:13)
      at async measure (/home/ubuntu/work/opt/session/psn.ts:76:24)

Bun v1.4.2 (Linux x64)
