{
  MetaMask: "4TXiTPLxe5PrpwiY15tj9nP3wF5F8JPKUsYQyfHCCcod",
  Freighter: "9BcBicoPrGtPJnVynJoj2g1p6zrvaFBkJccorLwGTMZo",
  Phantom: "G5H71U2pASYLeei9MYvWVmCZzjHp2VscWTjpdLYa6LT4",
  sessionMetaMask: "3YomJ7dnhtqFnnPAzRUGmhC8EevR2R4F6Sdx7YN6Pppc",
  sessionFreighter: "Cn2bjH8kGkjioVoB9MY86TDsJ6kKjvaiu9ZCmMsJVW74",
  program: "FTNMFWiECbRp7D5MwJUiNQfee6NuJPjE7S11J9yc2B9G",
  programB: "J38gUL2YFo91GDBnDXwVDaGpk6XWSJUhs7RuditRdiVo",
  net: "localnet",
}
PASS P0. seats are exactly MetaMask(NEAR MPC), Freighter(NEAR MPC), Phantom(own key); threshold 2; vault funded | ok 2Kf7kwELe3ZCBgXyTabMQFZbvceMtai1D4mts7466rvGwTvP1G35XTQ8UKr2yyrAiZmSguL4MsyLH2c75MfBfeM2
PASS K1-MetaMask. MetaMask alone:a. MetaMask proposes and approves | ok 2ijH8LUkuUoWaAXZKyYrXR66e7Mb6ii9ofY8vq7iB993W9xYQW5jbfhEkTJcJYamSZpFBBrY5YezxLudSjBDoMqb
PASS K1-MetaMask. MetaMask alone:b. MetaMask executes with only its own approval | refused: Error Code: InvalidProposalStatus
PASS K1-Freighter. Freighter alone:a. Freighter proposes and approves | ok 4X4VkcNbMNmpGQqq4bDkM4H3JAngVeq8nVZxpgMs8C1hgBZqJLt7DPHFQ37msPgdQSkn4rT27PWTrSKt4tsniwCx
PASS K1-Freighter. Freighter alone:b. Freighter executes with only its own approval | refused: Error Code: InvalidProposalStatus
PASS K1-Phantom. Phantom alone:a. Phantom proposes and approves | ok 5b7ohzEiVrKmy3zZvenacVQeiSrkWDSbxYrPtZa6fyFCYGVy8NcsnYRrDNbgcK5JwtJRzYJVng1tmXtq9j2es8fj
PASS K1-Phantom. Phantom alone:b. Phantom executes with only its own approval | refused: Error Code: InvalidProposalStatus
PASS K2. MetaMask + Freighter:a. MetaMask proposes and approves | ok 4iGapuCBVaj2AfX3g3Bdp2k9nMepVkXdibXDV1Eygfn6f5jJhUJREUuSCe5EcnikTEoX56PsiS7Q2RbhEQ6tTzQf
METRIC seat-propose-K2-MetaMask {"totalCu":78014,"bytes":579,"fee":10000}
PASS K2. MetaMask + Freighter:b. Freighter approves and executes | ok u3NqgmADEgMi67pz8wxhGyEXD43zfDdKBN9zUV67FYL4UZMMTkZYNaqH3LEDoQWGGqhQ62UcnGEVtWrMaEfhLQg
METRIC seat-exec-K2-Freighter {"totalCu":67701,"bytes":490,"fee":10000}
PASS K3. Freighter + Phantom:a. Freighter proposes and approves | ok 59QjEGEyCKL2GFo49fDHC2XawBXi7kWZmRanoUfQPj2SN7h8MncG3RrzzvJNvEDv5W4wz3aEUYyKYwdwc3mkP22G
METRIC seat-propose-K3-Freighter {"totalCu":83828,"bytes":579,"fee":10000}
PASS K3. Freighter + Phantom:b. Phantom approves and executes | ok 3xMnoCrAX5V8WqSiDZcCS67NgJxexLkPqFiWxfU63c5VeVbqCmMuwhDCNkoDAhhLfXdTXNSCjx4SFCcPPvyq5iwm
METRIC seat-exec-K3-Phantom {"totalCu":70829,"bytes":490,"fee":10000}
PASS K4. Phantom + MetaMask:a. Phantom proposes and approves | ok 5ZFN8noy2ghWEouBz1H6rV55LjAtBzQmNSMtWJeuSXL6wBVsyyGZjRxQeyK2XacXV61oJp4ir8UCfY4nLTEQaBqE
METRIC seat-propose-K4-Phantom {"totalCu":79520,"bytes":579,"fee":10000}
PASS K4. Phantom + MetaMask:b. MetaMask approves and executes | ok U1pirYp5PXSVoTexBRiSmppYb7bbauCyaVXT46njwcMriZiZho7mQAbASEoMMrq4SM23zMtGJMXLuaoYbe2inzu
METRIC seat-exec-K4-MetaMask {"totalCu":67876,"bytes":490,"fee":10000}
PASS K5. DEST received exactly 0.03 SOL | ok 0.03
PASS K6. MetaMask alone (open proposal):a. MetaMask proposes and approves | ok 7oYzqytoNgUDBWg8gA6EZmMuo2Sp1EJc9RwQKveLdcCqQ94zHjvdhMx6qQkKPPABcrKGeSFbBgwvPy38oKLBPkt
PASS K6. MetaMask alone (open proposal):b. MetaMask executes with only its own approval | refused: Error Code: InvalidProposalStatus
PASS K6c. an outsider approves it | refused: Error Code: NotASigner
PASS K6d. Freighter's seat signed by MetaMask's MPC key | refused: Transaction did not pass signature verification
PASS K6e. Freighter's seat signed by its MPC key under another path | refused: Transaction did not pass signature verification
PASS K6f-MetaMask. MetaMask's seat vote signed by its session-path key | refused: Transaction did not pass signature verification
PASS K6g-MetaMask. MetaMask's session-path key approves as itself | refused: Error Code: NotASigner
PASS K6f-Freighter. Freighter's seat vote signed by its session-path key | refused: Transaction did not pass signature verification
PASS K6g-Freighter. Freighter's session-path key approves as itself | refused: Error Code: NotASigner
PASS K7. install the movers policy (members: the three session PDAs):a. MetaMask proposes and approves | ok xPzV6b9QQp23QagmK4WT5EQdZAT7wAm5MGdHdG1Kr8YsAJ5Ri9AMHHZt7B8ZCaEqAzCJ1cb2kJtvgLabWUuwePG
PASS K7. install the movers policy (members: the three session PDAs):b. Phantom approves and executes | ok Lvcg84MqFK2cicMHgSHRnCjuoPCRz4AML8vYaoEwzqKoTpao3W1rZhU5RXwN2DVhZXu2X1gwTxnZEcU2Wb9QLw6
PASS N0. MetaMask alone (open proposal):a. MetaMask proposes and approves | ok 672TkSgANWa3ncCU6xyscbadLjNYKbt9arfzyu3uLmMejxH1k2uDTp5XQ1Ygktas9tZkxeiiBXRMYE7kia6HShCV
PASS N0. MetaMask alone (open proposal):b. MetaMask executes with only its own approval | refused: Error Code: InvalidProposalStatus
PASS N1. Phantom session approves that proposal as its PDA | refused: Error Code: NotASigner
PASS N2. Phantom session key approves it as itself | refused: Error Code: NotASigner
PASS N3. Phantom session proposes a vault transaction as its PDA | refused: Error Code: NotASigner
PASS N4. Phantom session adds its key as a seat (settings sync, as its PDA) | refused: Error Code: InvalidSignerCount
PASS N5. Phantom session calls a program other than the Smart Account (System transfer from its PDA) | refused: Program FTNMFWiECbRp7D5MwJUiNQfee6NuJPjE7S11J9yc2B9G invoke [1] Unknown program SMRTzfY6DfH5ik3TKiyLFfXexV8uSG3d2UksSCYdunG Program FTNMFWiECbRp7D5MwJUiNQfee6Nu
PASS G-MetaMask1. one MetaMask signature (through NEAR) -> session; relayer pays: 0.01 SOL to VENUE | ok 4hPTgFYikdwLThA9VpNhWzNdwSunGTzDkmgohm1Vo3rfSLk3Ht6sbXG2X6QUpz4TB6yo6JKKGtbauALmKnpisujx
METRIC move-MetaMask-relayed {"totalCu":58276,"primeSessionCu":58276,"bytes":975,"fee":15000}
PASS G-MetaMask2. relayer down: session key pays the fee itself: 0.005 SOL to VENUE | ok 2DJ1AgMYD61pFTXubF4sASuHZJwHd9B2gXSEynKraBTJsERaTR21QEhgoFtKpPkf19m8JiPZX6pLqwSwqwiFgEAP
PASS G-MetaMask3. VENUE received exactly 0.015 SOL | ok 0.015
PASS G-MetaMask4. relayer down and the session key has no SOL | refused: Attempt to debit an account but found no record of a prior credit
PASS G-MetaMask5. same session: 0.01 SOL elsewhere (policy) | refused: Error Code: ProgramInteractionAccountConstraintViolated
PASS G-MetaMask6. same session: 0.06 SOL to VENUE (over the 0.05 per-move limit) | refused: Error Code: ProgramInteractionInvalidNumericValue
PASS G-MetaMask7. stretched valid-until | refused: custom program error: 0x7
PASS G-MetaMask8. someone else replays the grant with their own key | refused: custom program error: 0x7
PASS G-Freighter1. one Freighter signature (through NEAR) -> session; relayer pays: 0.01 SOL to VENUE | ok pDpxQX71SxqAR2Az1Lfo9WCzv7SQtohziwo5dzFoCSvBbHrh8NZhShSfUN5SPooKkDMhaWUeXMQkeiWK7Fi2XSr
METRIC move-Freighter-relayed {"totalCu":52235,"primeSessionCu":52235,"bytes":974,"fee":15000}
PASS G-Freighter2. relayer down: session key pays the fee itself: 0.005 SOL to VENUE | ok 5z9m2JmD3fdd8epNHYgqsxxgFaQYzBJyWzQci1zJPqFhrp36LDqxk7R78PbRMCqDzJiUFQvfmFX4vCe5YA12uwsh
PASS G-Freighter3. VENUE received exactly 0.015 SOL | ok 0.015
PASS G-Freighter4. relayer down and the session key has no SOL | refused: Attempt to debit an account but found no record of a prior credit
PASS G-Freighter5. same session: 0.01 SOL elsewhere (policy) | refused: Error Code: ProgramInteractionAccountConstraintViolated
PASS G-Freighter6. same session: 0.06 SOL to VENUE (over the 0.05 per-move limit) | refused: Error Code: ProgramInteractionInvalidNumericValue
PASS G-Freighter7. stretched valid-until | refused: custom program error: 0x7
PASS G-Freighter8. someone else replays the grant with their own key | refused: custom program error: 0x7
PASS G-Phantom1. one Phantom signature -> session; relayer pays: 0.01 SOL to VENUE | ok 2TzgQVwMWdKUDKHFdu7AXDHcNTBASenpZ46FTTQsyxBDviGnb3T3QFZ1oCVHnL4qMRVsNPoBLuNxCKzZVcpyt8eM
METRIC move-Phantom-relayed {"totalCu":52277,"primeSessionCu":52277,"bytes":975,"fee":15000}
PASS G-Phantom2. relayer down: session key pays the fee itself: 0.005 SOL to VENUE | ok qx7FNfccnnrhEVbyXskkLUvwX7K1eUw1DCR7acfN1inNAXH8NL8otVEYWcxTfPi1FEz69NimVLc1zaKNxj7fvSN
PASS G-Phantom3. VENUE received exactly 0.015 SOL | ok 0.015
PASS G-Phantom4. relayer down and the session key has no SOL | refused: Attempt to debit an account but found no record of a prior credit
PASS G-Phantom5. same session: 0.01 SOL elsewhere (policy) | refused: Error Code: ProgramInteractionAccountConstraintViolated
PASS G-Phantom6. same session: 0.06 SOL to VENUE (over the 0.05 per-move limit) | refused: Error Code: ProgramInteractionInvalidNumericValue
PASS G-Phantom7. stretched valid-until | refused: custom program error: 0x7
PASS G-Phantom8. someone else replays the grant with their own key | refused: custom program error: 0x7
PASS G9. grant longer than 7 days | refused: custom program error: 0x4
PASS G10. expired grant | refused: custom program error: 0x4
PASS G11. MetaMask grant with the ed25519 program instruction missing | refused: custom program error: 0x7
PASS G12. ed25519 instruction reading its public key from another instruction | refused: custom program error: 0x0
PASS G13. daily cap shared by all: 0.045 used + 0.05 = 0.095 <= 0.1 | ok 3hikKS9ki7tpG11zptDMg5Amp5pqfHJS2Jf2X41BXmyLw7myruNxu4DfrSBtZD2QYPYHPCGy8kmf2uy2hef7NgXQ
PASS G13b. + 0.01 = 0.105 > 0.1 | refused: Error Code: ProgramInteractionInsufficientLamportAllowance
PASS X1. Freighter's PDA with a grant signed by MetaMask (NEAR) | refused: custom program error: 0x7
PASS X2. Phantom's PDA with a grant signed by Freighter (NEAR) | refused: custom program error: 0x7
PASS X3. MetaMask's PDA with a grant signed by Phantom | refused: custom program error: 0x7
PASS X4. Freighter's PDA with its MPC key under another path | refused: custom program error: 0x7
PASS X4b. Freighter's session PDA with a grant signed by its seat key (prime:solana) | refused: custom program error: 0x7
PASS X5. Phantom grant presented for MetaMask's PDA | refused: custom program error: 0x7
PASS X6. grant signed for cluster mainnet, used on localnet | refused: custom program error: 0x7
PASS X7a. a grant naming program A's PDA, presented to program B with A's PDA | refused: custom program error: 0x2
PASS X7b. the same grant presented to program B with B's PDA (text mismatch) | refused: custom program error: 0x7
PASS X7c. a grant naming program B's PDA, presented to program A with B's PDA | refused: custom program error: 0x2
PASS X7d. the same grant presented to program A with A's PDA (text mismatch) | refused: custom program error: 0x7
PASS X8. Phantom's own signed grant naming MetaMask's PDA | refused: custom program error: 0x2
PASS X9a. valid Phantom grant, data names another settings address | refused: custom program error: 0x2
PASS X10. the session key does not sign (relayer only) | refused: Program FTNMFWiECbRp7D5MwJUiNQfee6NuJPjE7S11J9yc2B9G invoke [1] Program FTNMFWiECbRp7D5MwJUiNQfee6NuJPjE7S11J9yc2B9G consumed 163 of 203000 compute units Progra
PASS X11a. account 3 set to the System program instead of the Smart Account program: the move still runs | ok 67eKar7yz8S57C6W7PiQuSMVMEoP9ewikevc285TNzLhhX1Fp46CACRXP5mX3wHM5zTJm2v1o3X2vHYJXbL2HdY2
PASS X11b. ...and prime-session called only the Smart Account program | ok 67eKar7yz8S5… Program SMRTzfY6DfH5ik3TKiyLFfXexV8uSG3d2UksSCYdunG invoke [2]
PASS A0. account B created with the same three seats | ok CFDVZgRg4wL89p8Ef3vmNehcKYFyTaCt5Qkzj9KDRZa9h6kWAaK7f7e89Y37sPrZKRfyxzYfTpuE6UUpnamdS4P
PASS A1. account B installs its movers policy (members: each wallet's PDA for account B):a. MetaMask proposes and approves | ok 2bDp8psw3sMdGekF2gCgxdHBGz954HqMweyqMPnkKAy2ET5NX3tQcyszHWXxepaJZTSCRVcZqqdLnoZRheztUGCi
PASS A1. account B installs its movers policy (members: each wallet's PDA for account B):b. Phantom approves and executes | ok 5u5DGSP7xbfWaEtZRf514w9qSLSe483TW3KAEGo5AV44D7gbd1qSBu3b9YkruRnAgthxWDKjghA9gmGMmk2Eb3Q8
PASS A2. each wallet's PDA differs between account A and account B | ok 7qriG5,J5qGs8,CxMTvv
PASS A3. account A's Phantom grant presented to account B (as Phantom's account-B PDA) | refused: custom program error: 0x7
PASS A4. account A's Phantom PDA calling account B's policy | refused: Error Code: NotASigner
PASS A5. a Phantom grant made for account B works in account B | ok 2gJEyQfned1j8gY9SGYQ236TxdtmGvx6WXnTAnUbvWbXrT5BB6Mo4zmpdQxiuW2RcDwcTA4CqZ9GX5um6YxpNdYV
PASS A5-M0. Phantom session: one move through the Smart Account (compute units recorded) | ok 4hE7kZ8S55wESNGrJmUK8HyGtXeiS8sJEPdwidKtMCTXthHoZagMZoTswMVgMxvtxfSUvqm1KSYBEeUHvwwPPR1V
METRIC move-sample-0 {"totalCu":49245,"primeSessionCu":49245,"bytes":975,"fee":15000}
PASS A5-M1. Phantom session: one move through the Smart Account (compute units recorded) | ok 5D421FUPN7JoL7mqto7u17DKdEQ9xpRWGyQxcycxTzpbnhPE8L4GWod2PKq3UcQmFBTMXYUtPSuAT6TxW8kZjYzB
METRIC move-sample-1 {"totalCu":58245,"primeSessionCu":58245,"bytes":975,"fee":15000}
PASS A5-M2. Phantom session: one move through the Smart Account (compute units recorded) | ok 2jsMr9mjVoL8Wyqwh8RgyTEKjLyF9ojQAiA9BJgeEA9ho1gDdD7mbUmqR5xzDG4j3YUcJXhGDEnPvEyVEEh5A4Yp
METRIC move-sample-2 {"totalCu":49245,"primeSessionCu":49245,"bytes":975,"fee":15000}
PASS A5-M3. Phantom session: one move through the Smart Account (compute units recorded) | ok 4trXAcCWeynt6drTi6LFcCHtj6yBcKzqfbpaL83KvNHW2GDUy5GW51z4JAWK5tBr38uqgsnWL3cSYfX8Qx2Cnhg1
METRIC move-sample-3 {"totalCu":49245,"primeSessionCu":49245,"bytes":975,"fee":15000}
PASS A5-M4. Phantom session: one move through the Smart Account (compute units recorded) | ok 2ZSuPFMkrCLh3FB9oeirPWU5tePmUvm5gzkMHNRvgMrXPz7Mts7NBwPm7Et5prUdm3wGQzobkmaKEA7VXeL1Fcu8
METRIC move-sample-4 {"totalCu":50745,"primeSessionCu":50745,"bytes":975,"fee":15000}
PASS A5-M5. Phantom session: one move through the Smart Account (compute units recorded) | ok GJLzjkjrCwBpG1Hy47DyPtDrCP2x27G8rgnXUVVt1h9L8Ub3p4W9Xzo6ZwnhrmspnFye8pvJ2s7y7WtYyYmspE6
METRIC move-sample-5 {"totalCu":50745,"primeSessionCu":50745,"bytes":975,"fee":15000}
PASS A5-M6. Phantom session: one move through the Smart Account (compute units recorded) | ok 3jGQar3op4auN8YgpuuYQ5g6vXZUJXBHEy3muxWcudbZdNrCDrpedGNqCdCcSrkgpmVf6yBxedw6XhQS9Vp5A3tb
METRIC move-sample-6 {"totalCu":49245,"primeSessionCu":49245,"bytes":975,"fee":15000}
PASS A5-M7. Phantom session: one move through the Smart Account (compute units recorded) | ok 3M76KAtC1sAjEbqD2jKBZFy7i3Yx1yF2iAuVYt5XMzYqFo6pdD5rhAKPU1KcoFNNcCEYfrdgS8zzp34XKyeFkSbK
METRIC move-sample-7 {"totalCu":52235,"primeSessionCu":52235,"bytes":974,"fee":15000}
PASS A5-M8. Phantom session: one move through the Smart Account (compute units recorded) | ok pTm3Axdd2tUS8cKZGPX2NsyCfTobosGpJjFg5aUcdQWVVhFVgfwcvfQSHbdXxopvVzHzWY6fUnZn7R4KQKmPVbm
METRIC move-sample-8 {"totalCu":53745,"primeSessionCu":53745,"bytes":975,"fee":15000}
PASS A5-M9. Phantom session: one move through the Smart Account (compute units recorded) | ok 66pABShMEUvtxcccA2sEKCHddCe6kC99kr9c7YKcWiGbPqRXeD1dgTmcD6VGpqggsKJeWNRLZqqwuKjLbRh7FC9Z
METRIC move-sample-9 {"totalCu":49245,"primeSessionCu":49245,"bytes":975,"fee":15000}
PASS A6. account B's grant presented to account A | refused: custom program error: 0x7
PASS V0a. Phantom session 1 works | ok 3EU86KqqsBKATcmhL38oBxrjBjwiZqcTq7LAXTMin36p838YHoro5pRA5xkZKCqGhJnzXTozn9UcKN9UizBwWsJy
PASS V0b. Phantom session 2 works | ok Zs2yHbJQu64FsfUi7fZZ1qmPwWqKKvE5tuLe3VzC9ktU5CHZC6Kvwr8bNi7Fif9oej7ZqoqNeCLzUw6ztoHjPV3
PASS V0c. no marker exists for session 1 yet | ok 39QyRaRAZ19ATVV8nn4nXF9X3cPcvVdVu91AgUZJqSCF
PASS V1. Phantom revokes session 1 (one signature, relayed, session key does not sign) | ok 37Hv2YPPR2Up4khAYD48W42sAThiaa3xiWEgTgPYMJJTwCGXHMJ8ZPzTjtBgvjCP4NpwXMW1aPwBJrTXX5ywEmR5
METRIC revoke {"totalCu":21580,"primeSessionCu":21580,"bytes":726,"fee":10000}
PASS V1b. the marker is empty, owned by prime-session and rent exempt | ok {"lamports":890880,"dataBytes":0,"owner":"FTNMFWiECbRp7D5MwJUiNQfee6NuJPjE7S11J9yc2B9G"}
PASS V2. the revoked session 1 is refused | refused: custom program error: 0x2
PASS V3. the same wallet's session 2 keeps working | ok 2qGA1N5CewBjC4m1Ms54zaRjaWYw2VUYuh8J1xXwq2WyDWpQq78ZVJJRpGMS4xgMZeDR53zYHMr6iBSbJ3zB5psr
PASS V3b. revoking session 1 again is refused | refused: custom program error: 0x2
PASS V4a. MetaMask's session-owner key signs a revoke of Phantom's session 2 (data names Phantom as owner) | refused: custom program error: 0x7
PASS V4b. MetaMask signs a revoke naming Phantom's PDA under its own owner field | refused: custom program error: 0x2
PASS V4c. Phantom session 2 still works | ok 2CF4HGSKRtEEuRrvJNH6FSGX8EZTJvst1YbB22Jgd5BpHPkMGi45Hv8Mv7ARkLCb5H9QAkxPdGvzCRZ5dBi5bNdu
PASS V4d. MetaMask revokes the same key under its own PDA (a marker in MetaMask's namespace) | ok acFMHTTLtYN2gennRmaV2TAzp4N6ZxsHntBiGbxEcqYkQVDZjeSqxXojCmKyGYcMGZE58UzADM2d8PwXki2Fkds
PASS V4e. ...and Phantom's session 2 still works (the marker is per owner) | ok 5bdThvMWVB7xFbJeBGQ1eFT8g8QvTvTcnLKQvn6LPTnaBSRrge127gCFw62bgF1E9jD36akarmW7tKYCMqUb8DdH
PASS V5a. Phantom revokes a key it never granted | ok 28GZsGLsRJZMxvB9NX9YbqSAQkbbHK44cMtaQP7fizxTUfB9wkDSufg43dNMvSNFoTerQ1xbSwvY5pxVnmQDD8MB
PASS V5b. a grant signed for that key afterwards is refused | refused: custom program error: 0x2
PASS V6a. a revoke signed for account A's PDA, sent with account B's settings and B's marker | refused: custom program error: 0x2
PASS V6b. no marker was created in account B | ok 
PASS V6c. session 3 still works in account A | ok 4FFEa7vSwgXuTkEWhKc26bAUBCNofK5ADqVk46MkrLcsfSZmLWDtK6JtgwWnDja1x1sJoQ9NyCJDPZ1QGNsxWEhj
PASS V7a. a pre-fund below the rent minimum is refused by the runtime | refused: {"InsufficientFundsForRent":{"account_index":1}}
PASS V7b. a stranger pre-funds the marker address with 0.001 SOL | ok 2qwXEmZp3N8Y9YUa1CFpEEYLbnB9q2BfsVFVjDLSpTqyXVzu1ykEoPvtUXZm5b6w6d9QgRM3KvPHSfXhr1WamgqX
PASS V7c. the revoke still works | ok jAunRnQDRRUsn2gMW31CHwFs9zUCgwLgjNEbdNG4ZAo2n84iCgwTuwtvQ9rx3sSxHMKpgiLZr43sJk77TSoMoG3
PASS V7d. the revoked session 4 is refused | refused: custom program error: 0x2
PASS V8a. a move that passes another marker address | refused: custom program error: 0x2
PASS V8b. a move with non-canonical bump 254 (canonical 255) and the canonical PDA account | refused: custom program error: 0x2
PASS V8c. the same session with the canonical bump works | ok 4a3M6c1Yx1QxWo3WbqZohT9EY8nnha6sg9B83ZGGkCah6VURJSoc1tsLLqhqSthTNLNu3TQisMALacsAxJEvw7xW
PASS V9. a 72-byte instruction (the old length check) | refused: Program FTNMFWiECbRp7D5MwJUiNQfee6NuJPjE7S11J9yc2B9G invoke [1] Program FTNMFWiECbRp7D5MwJUiNQfee6NuJPjE7S11J9yc2B9G consumed 88 of 203000 compute units Program
PASS V9b. a 10-byte instruction | refused: Program FTNMFWiECbRp7D5MwJUiNQfee6NuJPjE7S11J9yc2B9G invoke [1] Program FTNMFWiECbRp7D5MwJUiNQfee6NuJPjE7S11J9yc2B9G consumed 88 of 203000 compute units Program
FAIL F0. control: the genuine signature instruction in second place, sig_ix 1 | refused: custom program error: 0x7
PASS F1. a key read from another instruction: the attacker's signature over the grant text, the owner's key in the data, key index 0 | refused: custom program error: 0x7
PASS F2. a message read from another instruction: a replayed owner signature stretches the grant by one second, message index 0 (the session key pays the fee: two signature instructions leave no room for a second fee signature) | refused: custom program error: 0x7
PASS F4. a signature instruction from another program (a no-op program) that carries the owner key and the exact grant text with an invalid signature | refused: custom program error: 0x7
PASS F3. a signature read from another instruction (the program also refuses it; the precompile already stops this triple) | refused: custom program error: 0x2
PASS R0. Freighter session works before | ok KxSPkEvq4kePpfWe4AkgKb17cies8ooUp38yvTgXEbZSNgtJciaVByxvAZs8h3DJrbqusiCFX9SdGCGPu3LPZ8Q
PASS R1. MetaMask + Phantom update the policy: members MetaMask and Phantom PDAs only:a. MetaMask proposes and approves | ok 4wKBRCxPdcCG1DLz3jExtvrn8GHT8Nn8K7LTMgaXFrpE4hKcsh6Pv3s66qjAPNvDetR5uLHPRnakv8EzonbQJ1wy
PASS R1. MetaMask + Phantom update the policy: members MetaMask and Phantom PDAs only:b. Phantom approves and executes | ok 57pSAmcvA4Zdt3rgHCFNAgqWapYkvDN3ZiG4JpwjNXmYHA6unpohorTXQJWGAQQU6MxB9ET69VCtaPfdU3rvmbBn
PASS R2. the live Freighter session after removal | refused: Error Code: NotASigner
PASS R3. MetaMask session still works | ok 46HSjSXohKnHSTPfn5vuhd6dCSdwrasng8EEiZAnpbwsaEu2M3J1RJqEEeymZpanezcpz68HxPmsJQyzDsL54DKp
METRIC relayerSpend {"net":"localnet","spentLamports":4092309680,"vaultFundingLamports":4000000000,"sessionKeysFunded":46,"sessionKeyFundingDevnetLamports":92000000,"devnetEstimateLamports":464309680}
NEAR MPC signatures: 35, average 0.0s
132/133 passed
FAIL F0. control: the genuine signature instruction in second place, sig_ix 1 custom program error: 0x7
