{
  MetaMask: "4TXiTPLxe5PrpwiY15tj9nP3wF5F8JPKUsYQyfHCCcod",
  Freighter: "9BcBicoPrGtPJnVynJoj2g1p6zrvaFBkJccorLwGTMZo",
  Phantom: "G5H71U2pASYLeei9MYvWVmCZzjHp2VscWTjpdLYa6LT4",
  sessionMetaMask: "3YomJ7dnhtqFnnPAzRUGmhC8EevR2R4F6Sdx7YN6Pppc",
  sessionFreighter: "Cn2bjH8kGkjioVoB9MY86TDsJ6kKjvaiu9ZCmMsJVW74",
  program: "FTNMFWiECbRp7D5MwJUiNQfee6NuJPjE7S11J9yc2B9G",
  programB: "J38gUL2YFo91GDBnDXwVDaGpk6XWSJUhs7RuditRdiVo",
  net: "localnet",
}
PASS P0. seats are exactly MetaMask(NEAR MPC), Freighter(NEAR MPC), Phantom(own key); threshold 2; vault funded | ok kdvt7NJcxzNVhKbPR5RsgLmBBEymdmm8cc87YjrNHJq7WRZqxmKkg35Xh5rnabo69RCp6iNhhV7FNhoifMcvsP6
PASS K1-MetaMask. MetaMask alone:a. MetaMask proposes and approves | ok 4zPTeSauUscGTM1iFKLxuPPcbnqdsW7pbFq8FUEempAfC5kQyg8H2LhHjzcjJC86xAYoHEzq5jvTeUgvkJAG1jpj
PASS K1-MetaMask. MetaMask alone:b. MetaMask executes with only its own approval | refused: Error Code: InvalidProposalStatus
PASS K1-Freighter. Freighter alone:a. Freighter proposes and approves | ok 4FyGjVpWrukn7CK5G2XgSrmyVQYZT6vcw6qLfPAUrUr5tsUGe2ZV2zmW6Ayr3eBi5J8KQeXQneP1J7dgCiJLC7gQ
PASS K1-Freighter. Freighter alone:b. Freighter executes with only its own approval | refused: Error Code: InvalidProposalStatus
PASS K1-Phantom. Phantom alone:a. Phantom proposes and approves | ok 35X53fdGjZpZGLuC4vzYGCMSN4vWXnj7mWjba2FQKLZvf7EEaK2TS3oTFATY1JbF7W99UCGiGsBFiquGX8orKSmo
PASS K1-Phantom. Phantom alone:b. Phantom executes with only its own approval | refused: Error Code: InvalidProposalStatus
PASS K2. MetaMask + Freighter:a. MetaMask proposes and approves | ok 5KVWek6hutfAhAyChsBEwKABZ7WF6A3x6sH3MuPM8ssjZEPw65AF21smNFCb5RQQbbZ5htcpiEyYXQVNRnB9Gi51
METRIC seat-propose-K2-MetaMask {"totalCu":78014,"bytes":579,"fee":10000}
PASS K2. MetaMask + Freighter:b. Freighter approves and executes | ok sSEcjWMhFcWwVAz429BbsMVp15oW4hkVVc7MKyxACFWzoeD8pta77KnFsqRZ2gCYiEHzxpDcN1FNXnMrgF6QGJh
METRIC seat-exec-K2-Freighter {"totalCu":67701,"bytes":490,"fee":10000}
PASS K3. Freighter + Phantom:a. Freighter proposes and approves | ok 2uxGZmHFydF7s8rWzND8CDiEw2ETQJQtexec83cZg9RTebUjM8Eh6pAdmt7yzwQhbKcyizGymLDz7X4fwG1zCVmS
METRIC seat-propose-K3-Freighter {"totalCu":83828,"bytes":579,"fee":10000}
PASS K3. Freighter + Phantom:b. Phantom approves and executes | ok 3js88qh2ZuQ1kLKTmSgfxe4YDkeAhFFjK1hDPbHcn3WSNCFvKutn33eYCpfimKy31n2cV8fEauihSzyVHtxZfFP1
METRIC seat-exec-K3-Phantom {"totalCu":70829,"bytes":490,"fee":10000}
PASS K4. Phantom + MetaMask:a. Phantom proposes and approves | ok 55iDGvsawfNZe8XzHH2dg16JSVN3KzgpQ9z3zsd6q7hJe1y6LLYmdxMRC7AQ6nVpFAXEEihnhSRBBCW28jfQUb4o
METRIC seat-propose-K4-Phantom {"totalCu":79520,"bytes":579,"fee":10000}
PASS K4. Phantom + MetaMask:b. MetaMask approves and executes | ok 3ZijRxPjEo81eL6KJzZsfD8rqrmevF5QgJJ9cqAjkyctUB7V6rLt55BbcnbeTt88FR7KiHaLArtzorvpsKjQRwss
METRIC seat-exec-K4-MetaMask {"totalCu":67876,"bytes":490,"fee":10000}
PASS K5. DEST received exactly 0.03 SOL | ok 0.03
PASS K6. MetaMask alone (open proposal):a. MetaMask proposes and approves | ok YUpR9eQbc2eX9wPj4JxB4ygSp7z5CvjzYNWcyyPD4da8qX8eDcH11zT2XtxU32h9hA18oKjuf5ZmBPVoPZ87z1W
PASS K6. MetaMask alone (open proposal):b. MetaMask executes with only its own approval | refused: Error Code: InvalidProposalStatus
PASS K6c. an outsider approves it | refused: Error Code: NotASigner
PASS K6d. Freighter's seat signed by MetaMask's MPC key | refused: Transaction did not pass signature verification
PASS K6e. Freighter's seat signed by its MPC key under another path | refused: Transaction did not pass signature verification
PASS K6f-MetaMask. MetaMask's seat vote signed by its session-path key | refused: Transaction did not pass signature verification
PASS K6g-MetaMask. MetaMask's session-path key approves as itself | refused: Error Code: NotASigner
PASS K6f-Freighter. Freighter's seat vote signed by its session-path key | refused: Transaction did not pass signature verification
PASS K6g-Freighter. Freighter's session-path key approves as itself | refused: Error Code: NotASigner
PASS K7. install the movers policy (members: the three session PDAs):a. MetaMask proposes and approves | ok 3u5YUeyH6t84wSfaPJP3p3gMAPAcvZVLjsSGQVcfJ5jcASBNSvTbn53DHz7CfyfAwBZ1U9a11677EXWSY7ekRwq1
PASS K7. install the movers policy (members: the three session PDAs):b. Phantom approves and executes | ok 62BJaSoLZQvKkUi4Ae5GNEbCkMfLxx8c3gnknRCYA2v7E8DndjQ6Ld9GVXMzkoqky68k73CZcbfHwYtdvrCGVFzp
PASS N0. MetaMask alone (open proposal):a. MetaMask proposes and approves | ok 36x7EeCrRPR6eFKsXQJGUhQfK1MRNndLUirrfShQdSa2SWogEjsrMGSJbBMUn4sBv7bgv6Zure59Qyku1vShrTiH
PASS N0. MetaMask alone (open proposal):b. MetaMask executes with only its own approval | refused: Error Code: InvalidProposalStatus
PASS N1. Phantom session approves that proposal as its PDA | refused: Error Code: NotASigner
PASS N2. Phantom session key approves it as itself | refused: Error Code: NotASigner
PASS N3. Phantom session proposes a vault transaction as its PDA | refused: Error Code: NotASigner
PASS N4. Phantom session adds its key as a seat (settings sync, as its PDA) | refused: Error Code: InvalidSignerCount
PASS N5. Phantom session calls a program other than the Smart Account (System transfer from its PDA) | refused: Program FTNMFWiECbRp7D5MwJUiNQfee6NuJPjE7S11J9yc2B9G invoke [1] Unknown program SMRTzfY6DfH5ik3TKiyLFfXexV8uSG3d2UksSCYdunG Program FTNMFWiECbRp7D5MwJUiNQfee6Nu
PASS G-MetaMask1. one MetaMask signature (through NEAR) -> session; relayer pays: 0.01 SOL to VENUE | ok 4Re8S6fKQrNeoQGqbcMtZyaoGT2ZXwkmCgZhCJCcME6HTNVeyuCMXwf3L8MAGan3EcKzujv2wBRVgayYanBwGsdU
METRIC move-MetaMask-relayed {"totalCu":57865,"primeSessionCu":57865,"bytes":975,"fee":15000}
PASS G-MetaMask2. relayer down: session key pays the fee itself: 0.005 SOL to VENUE | ok 3FhfzkuqKKKT37f2G2nGJvmc5VViUajA4yr4X7FPtM31n68tZzwgAqWYrQXUycmvoszeMM6ZrUSV5F4DxKWM4Jpd
PASS G-MetaMask3. VENUE received exactly 0.015 SOL | ok 0.015
PASS G-MetaMask4. relayer down and the session key has no SOL | refused: Attempt to debit an account but found no record of a prior credit
PASS G-MetaMask5. same session: 0.01 SOL elsewhere (policy) | refused: Error Code: ProgramInteractionAccountConstraintViolated
PASS G-MetaMask6. same session: 0.06 SOL to VENUE (over the 0.05 per-move limit) | refused: Error Code: ProgramInteractionInvalidNumericValue
PASS G-MetaMask7. stretched valid-until | refused: custom program error: 0x7
PASS G-MetaMask8. someone else replays the grant with their own key | refused: custom program error: 0x7
PASS G-Freighter1. one Freighter signature (through NEAR) -> session; relayer pays: 0.01 SOL to VENUE | ok 4nPpp16frjzSFcyp2AWUKMug4vdqh8e1Fxorz4srXQjEPRayi11Se6gXPGDapQM5nTUiG1BVAtMjfAb2jP8cVBe
METRIC move-Freighter-relayed {"totalCu":57834,"primeSessionCu":57834,"bytes":975,"fee":15000}
PASS G-Freighter2. relayer down: session key pays the fee itself: 0.005 SOL to VENUE | ok 4VE3X5hYnQ2BwozHt8MBZH94DrcTMwJeYLGzHgBXy8jLh4HGFyEQyAfocfmfoByfxp4rPnA64y7FshCRmcLhvbXC
PASS G-Freighter3. VENUE received exactly 0.015 SOL | ok 0.015
PASS G-Freighter4. relayer down and the session key has no SOL | refused: Attempt to debit an account but found no record of a prior credit
PASS G-Freighter5. same session: 0.01 SOL elsewhere (policy) | refused: Error Code: ProgramInteractionAccountConstraintViolated
PASS G-Freighter6. same session: 0.06 SOL to VENUE (over the 0.05 per-move limit) | refused: Error Code: ProgramInteractionInvalidNumericValue
PASS G-Freighter7. stretched valid-until | refused: custom program error: 0x7
PASS G-Freighter8. someone else replays the grant with their own key | refused: custom program error: 0x7
PASS G-Phantom1. one Phantom signature -> session; relayer pays: 0.01 SOL to VENUE | ok yJj5VQ8FgkMnPahn7PxqM8YWjGSz7JwrkEiM3mbxZdkfpsLq4ceuT2Q3HGKNAEdRtDinHFVkbPbhE5DSgqacvyb
METRIC move-Phantom-relayed {"totalCu":57866,"primeSessionCu":57866,"bytes":975,"fee":15000}
PASS G-Phantom2. relayer down: session key pays the fee itself: 0.005 SOL to VENUE | ok 38x2EPkekLdpKFjrJYc11MDXb8eRLzAJgmWhBN1tVD835dCjN5NKM5XZQQ7MiosES7itRqihqTDdfpB27LAt6hqt
PASS G-Phantom3. VENUE received exactly 0.015 SOL | ok 0.015
PASS G-Phantom4. relayer down and the session key has no SOL | refused: Attempt to debit an account but found no record of a prior credit
PASS G-Phantom5. same session: 0.01 SOL elsewhere (policy) | refused: Error Code: ProgramInteractionAccountConstraintViolated
PASS G-Phantom6. same session: 0.06 SOL to VENUE (over the 0.05 per-move limit) | refused: Error Code: ProgramInteractionInvalidNumericValue
PASS G-Phantom7. stretched valid-until | refused: custom program error: 0x7
PASS G-Phantom8. someone else replays the grant with their own key | refused: custom program error: 0x7
PASS G9. grant longer than 7 days | refused: custom program error: 0x4
PASS G10. expired grant | refused: custom program error: 0x4
PASS G11. MetaMask grant with the ed25519 program instruction missing | refused: custom program error: 0x7
PASS G12. ed25519 instruction reading its public key from another instruction | refused: custom program error: 0x0
PASS G13. daily cap shared by all: 0.045 used + 0.05 = 0.095 <= 0.1 | ok CMBMMKvL7B3q1ahrhaznkqsC7J4tkkzKWcxAP5ncQPFAJbE5aTMfdr5bbvwgrPWX9YB3JTDvbiXJP5SEhRThZ6B
PASS G13b. + 0.01 = 0.105 > 0.1 | refused: Error Code: ProgramInteractionInsufficientLamportAllowance
PASS X1. Freighter's PDA with a grant signed by MetaMask (NEAR) | refused: custom program error: 0x7
PASS X2. Phantom's PDA with a grant signed by Freighter (NEAR) | refused: custom program error: 0x7
PASS X3. MetaMask's PDA with a grant signed by Phantom | refused: custom program error: 0x7
PASS X4. Freighter's PDA with its MPC key under another path | refused: custom program error: 0x7
PASS X4b. Freighter's session PDA with a grant signed by its seat key (prime:solana) | refused: custom program error: 0x7
PASS X5. Phantom grant presented for MetaMask's PDA | refused: custom program error: 0x7
PASS X6. grant signed for cluster mainnet, used on localnet | refused: custom program error: 0x7
PASS X7a. a grant naming program A's PDA, presented to program B with A's PDA | refused: custom program error: 0x2
PASS X7b. the same grant presented to program B with B's PDA (text mismatch) | refused: custom program error: 0x7
PASS X7c. a grant naming program B's PDA, presented to program A with B's PDA | refused: custom program error: 0x2
PASS X7d. the same grant presented to program A with A's PDA (text mismatch) | refused: custom program error: 0x7
PASS X8. Phantom's own signed grant naming MetaMask's PDA | refused: custom program error: 0x2
PASS X9a. valid Phantom grant, data names another settings address | refused: custom program error: 0x2
PASS X10. the session key does not sign (relayer only) | refused: Program FTNMFWiECbRp7D5MwJUiNQfee6NuJPjE7S11J9yc2B9G invoke [1] Program FTNMFWiECbRp7D5MwJUiNQfee6NuJPjE7S11J9yc2B9G consumed 2484 of 203000 compute units Progr
PASS X11a. account 3 set to the System program instead of the Smart Account program: the move still runs | ok 58octJp2jdzqqjJPwEyvrMG3gmuvVqEuQeXZLwoGtUECZLPwDKdss7QYak1izbR438NqiB8hVDT9fCZ8PDMbGiZH
PASS X11b. ...and prime-session called only the Smart Account program | ok 58octJp2jdzq… Program SMRTzfY6DfH5ik3TKiyLFfXexV8uSG3d2UksSCYdunG invoke [2]
PASS A0. account B created with the same three seats | ok b11uPtrxuh1teqxnwYhFVph8LCPs2B7ASnEh8V1u356QHUxEDdH6qpvfSubSvojExYPHZgsNfSCCCiwspLNVDPD
PASS A1. account B installs its movers policy (members: each wallet's PDA for account B):a. MetaMask proposes and approves | ok 4BjDdRJP6GaLuWm67amtDHFj82Wku3P7QauCJKquZF2vMsNjK5pNZcBbhf1rWCxoUQvbrK931DwmHPwwyDcQRe4F
PASS A1. account B installs its movers policy (members: each wallet's PDA for account B):b. Phantom approves and executes | ok L9BYbySgM1VqbfWfNTrf4FEAewLnABjDxW4W36HgUtwKhF9K9Mm6gVVXjihMtZwbWFCR9T5GpGLdrne1CUMRxMd
PASS A2. each wallet's PDA differs between account A and account B | ok 7qriG5,J5qGs8,CxMTvv
PASS A3. account A's Phantom grant presented to account B (as Phantom's account-B PDA) | refused: custom program error: 0x7
PASS A4. account A's Phantom PDA calling account B's policy | refused: Error Code: NotASigner
PASS A5. a Phantom grant made for account B works in account B | ok 4pLa4bnKWn5edyz4QFcj4ocpSyTKsxF9EzkSWQZTjkTHKXh1nahX8rnifBFW7fqGHRj1Y5PjMugzpduqqqzae4rG
PASS A5-M0. Phantom session: one move through the Smart Account (compute units recorded) | ok 2YbGzR2YqnvrGGsHQyzZw9AkMppactJhz88e4M5NtpCZGLAcHwxLuvLATmyFpzNxYFRq2JZxJKWxiwq8J9QL1q6M
METRIC move-sample-0 {"totalCu":57834,"primeSessionCu":57834,"bytes":975,"fee":15000}
PASS A5-M1. Phantom session: one move through the Smart Account (compute units recorded) | ok 5eLQFGza4fsUsLGiQGgav9ut7LuuSLPzjwRrw6HfnQYpwqiUgAmBS7CpTque3xAgWXsvT9xyb8GoUR4JF4xcGbWC
METRIC move-sample-1 {"totalCu":53334,"primeSessionCu":53334,"bytes":975,"fee":15000}
PASS A5-M2. Phantom session: one move through the Smart Account (compute units recorded) | ok 285WkxvdUSGqoVWsv4k6VUZK1VkqKQDKvryL6BoBeP8gyKGQmYWPYJCGAjSRpYUKzW8pZmBEwoaa9BZJSTqFxBPt
METRIC move-sample-2 {"totalCu":53334,"primeSessionCu":53334,"bytes":975,"fee":15000}
PASS A5-M3. Phantom session: one move through the Smart Account (compute units recorded) | ok 5PFBecuBBfykrjS3BcTHjigNdQiyWXmnUEksntKfLBsCPg1g6f5ybXJ9hrck9rfQBH62KpvoWBQLQnQqMuMTs5M6
METRIC move-sample-3 {"totalCu":53334,"primeSessionCu":53334,"bytes":975,"fee":15000}
PASS A5-M4. Phantom session: one move through the Smart Account (compute units recorded) | ok N5GeXfNEEkcyqGcWh83j3ERrG5NQVzDVa6QVzCoG3GU197dgN1nr359K5VLQ2LU9AE6ej8CyuB1dc24281rmY3F
METRIC move-sample-4 {"totalCu":54834,"primeSessionCu":54834,"bytes":975,"fee":15000}
PASS A5-M5. Phantom session: one move through the Smart Account (compute units recorded) | ok 5vYrxuxw4CWmG8fCtYyzZZyw3tjxygvSXFX3sZYqd2RSG4S4G6Dnii1L5qmBiR5knQFLq7TTZZBwAXp6FJCfZgJo
METRIC move-sample-5 {"totalCu":56334,"primeSessionCu":56334,"bytes":975,"fee":15000}
PASS A5-M6. Phantom session: one move through the Smart Account (compute units recorded) | ok 4U2iFw62adNsazFFAxgDfc4G7vFDsDzFrfdZynG5cKeW69oFQyfiPQJVgWVCZ4dnZANRsvCtMbixxicFXzDfgNSu
METRIC move-sample-6 {"totalCu":53334,"primeSessionCu":53334,"bytes":975,"fee":15000}
PASS A5-M7. Phantom session: one move through the Smart Account (compute units recorded) | ok 5k2arGzsmb9e5kzvz4ERVKBwiojTpBuiiiWyuEqbYPmjPaBGu1f6PX6Tkb4fVAgSkHTXR112LQeCXt5qzJn7rVs
METRIC move-sample-7 {"totalCu":54834,"primeSessionCu":54834,"bytes":975,"fee":15000}
PASS A5-M8. Phantom session: one move through the Smart Account (compute units recorded) | ok 4PZH7g1YuRAPsxVVaHeuiej9fPH138ex75WSJwVSzJfUZBXYCUCdfxAeEUPzyaU3nfm3iqhAfKUBW5oE7xwxN4ZV
METRIC move-sample-8 {"totalCu":53334,"primeSessionCu":53334,"bytes":975,"fee":15000}
PASS A5-M9. Phantom session: one move through the Smart Account (compute units recorded) | ok 478sSj4AXyyDws3vyL4rqFcktXpNyiGYCXoEhVsrAzHLyZsEMdztwjGjKywrJSqFBzZmrU7eoUwVanCCXwFyfN74
METRIC move-sample-9 {"totalCu":53334,"primeSessionCu":53334,"bytes":975,"fee":15000}
PASS A6. account B's grant presented to account A | refused: custom program error: 0x7
PASS V0a. Phantom session 1 works | ok 48mANhR68yay2bFHonSEdJKgNBF1BcYnRPPmgWyvVevyr2L7KUZ7P54ghMMwauDbyMr6Q7zyyuMkKQXJ9uj4GBHr
PASS V0b. Phantom session 2 works | ok 5aSkF9vpdtCrs1SKzHwXpy1qVcvK6Fxetxmvjg1AKtvay5yncb9QJ4tjvZKzarMxNSrACAy5uiwXUnSKVv5eZE1W
PASS V0c. no marker exists for session 1 yet | ok Fq9pWhCAviykfqYLdQR4hQQp4DYs6PdxyCdT3YhfHmeU
PASS V1. Phantom revokes session 1 (one signature, relayed, session key does not sign) | ok 5dMJrGV5YbUPDq4s3Xhajq2vbvdFHJ7zYcKL6ynAEoqdUuZGYovhaTSbN1TMGJ9oh2pELTKymXwFyntdW6hCyZnf
METRIC revoke {"totalCu":20653,"primeSessionCu":20653,"bytes":726,"fee":10000}
FAIL V1b. the marker is empty, owned by prime-session and rent exempt | refused: {"lamports":890880,"dataBytes":0,"owner":"11111111111111111111111111111111"}
FAIL V2. the revoked session 1 is refused | ok 2qH5bxs98P36rSuqKh6YTmBGWbm8cL6wX8VTxVLuW5Lg4XcdfC8fnHsXknAHp5Pz1wSteGE44mcuCNxFnUpeweBk
PASS V3. the same wallet's session 2 keeps working | ok 3ce9UPTc22TmV4s5WwLa8mqi7ZqjwVD6Ly7XAF3WwRZVWW3uPDTmu3HEbooeHweLcqLvBqs966SAmit5YdqBoCAY
FAIL V3b. revoking session 1 again is refused | ok 3ig1uhG4L6m7KR5VbtoobBAN3yRFaDexCUA8gi2dd4fxNBhDH7xrifZyGNccDeVuKBjSCnaARSiv2sTCSeK2M4VQ
PASS V4a. MetaMask's session-owner key signs a revoke of Phantom's session 2 (data names Phantom as owner) | refused: custom program error: 0x7
PASS V4b. MetaMask signs a revoke naming Phantom's PDA under its own owner field | refused: custom program error: 0x2
PASS V4c. Phantom session 2 still works | ok 3Lhq6bpwcFiJMPZQn9e5mco5ZoiSA8t6CkdKrygthr8hUNakt5b4dQ1E7ry4PPR7RMPVi3gPcsHNVgbCDWyaWak
PASS V4d. MetaMask revokes the same key under its own PDA (a marker in MetaMask's namespace) | ok 2k41f6cbj2GDULK2cBtoMfkDJSgr7ybosNCMALBLcos95CsTwwZR1kff8UPMVYiBvzUUzsNbJrs2ZbZqpwMWsut7
PASS V4e. ...and Phantom's session 2 still works (the marker is per owner) | ok 3Bv9FkFQm8KbqgV5PCm2LUXFmUFpMAc6VDqwaeumunsn2wZb6SKcdn8pnzEZPCE7TdpQuxk6QkeL6MDW1GphXb6
PASS V5a. Phantom revokes a key it never granted | ok 3HsSdqRUBcDZFQh9pEUKk92cp2pspCGFwVFJDuoBZ8kSafoMxyfYiRFyis2fdKXisdphPyb2eY1gUgpDNZGX3qw2
FAIL V5b. a grant signed for that key afterwards is refused | ok 3U5cjAaXQV9FjrwqZWcUvAnYd11K1yB2CbsLpmRD3MrV1E9Ayee91ZqvdEDSR79XHGByTPzZvZ6LwEV3cL4NtAne
PASS V6a. a revoke signed for account A's PDA, sent with account B's settings and B's marker | refused: custom program error: 0x2
PASS V6b. no marker was created in account B | ok 
PASS V6c. session 3 still works in account A | ok XLjmrKa9oDUPyksEkrAy5SKC7L8xYeJTFY7sePhQQhff4NazgVwYo7Vw543j8TDE6qmSPT6mT3BdKpbJZRLnDH6
PASS V7a. a pre-fund below the rent minimum is refused by the runtime | refused: {"InsufficientFundsForRent":{"account_index":1}}
PASS V7b. a stranger pre-funds the marker address with 0.001 SOL | ok 3Hy35k2zDph69s39XD8aHDi3Hw33MCYjCzNbGcma6TiwwksG7No6ZgtnhjK8b9QBymD2pRYbtKahxrhFE8s9KTMC
PASS V7c. the revoke still works | ok H5vwAJ4bS1hPpevit7ofsPWy5a3ZApuTWVvKBFaP7xeDBEp6nZKL4Yagm8AtuS9tK9uPEaXX7ag8RiuCaegHrs6
FAIL V7d. the revoked session 4 is refused | ok 5cFfw7WZ8pn6exXTUsQHoLAVQ7jyJDYr1W4LHbZsDDnCQeq1KxVtt72mU9ByYW4ET6CUVtbgVA1qmVN3FyFCDtaD
PASS V8a. a move that passes another marker address | refused: custom program error: 0x2
PASS V8b. a move with non-canonical bump 254 (canonical 255) and the canonical PDA account | refused: custom program error: 0x2
PASS V8c. the same session with the canonical bump works | ok 3MHaM4Bu7GPgG8gYqocXq4yWUkj4QTU1UbeYRLvsdGB7PDpUR6Q4JEF6czxj6ga3hiqCuRXy23rDmogrfKjYbeXG
PASS V9. a 72-byte instruction (the old length check) | refused: Program FTNMFWiECbRp7D5MwJUiNQfee6NuJPjE7S11J9yc2B9G invoke [1] Program log: panicked at src/lib.rs:37:110:
index out of bounds: the len is 8 but the index is 8
PASS V9b. a 10-byte instruction | refused: Program FTNMFWiECbRp7D5MwJUiNQfee6NuJPjE7S11J9yc2B9G invoke [1] Program log: panicked at src/lib.rs:35:41:
range end index 32 out of range for slice of length 1
PASS F0. control: the genuine signature instruction in second place, sig_ix 1 | ok 4PYwCeyKZMzFF7yZMmkdUEr7h57gdoiDCb46zkKZNRrx3gXmLjL1CoWxWKLn1bjtwqoFDtPeQ1C6TXokAvBbAvcP
PASS F1. a key read from another instruction: the attacker's signature over the grant text, the owner's key in the data, key index 0 | refused: custom program error: 0x7
PASS F2. a message read from another instruction: a replayed owner signature stretches the grant by one second, message index 0 (the session key pays the fee: two signature instructions leave no room for a second fee signature) | refused: custom program error: 0x7
PASS F4. a signature instruction from another program (a no-op program) that carries the owner key and the exact grant text with an invalid signature | refused: custom program error: 0x7
PASS F3. a signature read from another instruction (the program also refuses it; the precompile already stops this triple) | refused: custom program error: 0x2
PASS R0. Freighter session works before | ok 5FjrhoSX9N8mgEL4A3sTP86X8M66cxvnWuoEmJowiwNMGTpwmkn9rtKxwxJtCRcSVFJAK7Nx1x1P4T95otWJVu78
PASS R1. MetaMask + Phantom update the policy: members MetaMask and Phantom PDAs only:a. MetaMask proposes and approves | ok 471NGiatqgRP5UG8kDDHRsCpzp5PB7EvcEKKsqnfEgLBWsXizVYg22gTcDSQg4pS7RhtFCfvyHS74YvtPMUyeKQW
PASS R1. MetaMask + Phantom update the policy: members MetaMask and Phantom PDAs only:b. Phantom approves and executes | ok f22fS5nXbqnSD6zDuZ6bMcv3uYa4DKd9FVVdw68WunX1Tym66SEWnimfWhuEsQqDTqMf2deEwYDuuCTdteMuJe3
PASS R2. the live Freighter session after removal | refused: Error Code: NotASigner
PASS R3. MetaMask session still works | ok 5hdFNJwf34JVYY2Vs7r1iNiMtGZyqL2odBfs5QHP37wWtcWpTjWbePjduezTEfoJVdTk6fiXFTMrjDxCAW3SdKUo
METRIC relayerSpend {"net":"localnet","spentLamports":4093275560,"vaultFundingLamports":4000000000,"sessionKeysFunded":46,"sessionKeyFundingDevnetLamports":92000000,"devnetEstimateLamports":465275560}
NEAR MPC signatures: 35, average 0.0s
128/133 passed
FAIL V1b. the marker is empty, owned by prime-session and rent exempt {"lamports":890880,"dataBytes":0,"owner":"11111111111111111111111111111111"}
FAIL V2. the revoked session 1 is refused 2qH5bxs98P36rSuqKh6YTmBGWbm8cL6wX8VTxVLuW5Lg4XcdfC8fnHsXknAHp5Pz1wSteGE44mcuCNxFnUpeweBk
FAIL V3b. revoking session 1 again is refused 3ig1uhG4L6m7KR5VbtoobBAN3yRFaDexCUA8gi2dd4fxNBhDH7xrifZyGNccDeVuKBjSCnaARSiv2sTCSeK2M4VQ
FAIL V5b. a grant signed for that key afterwards is refused 3U5cjAaXQV9FjrwqZWcUvAnYd11K1yB2CbsLpmRD3MrV1E9Ayee91ZqvdEDSR79XHGByTPzZvZ6LwEV3cL4NtAne
FAIL V7d. the revoked session 4 is refused 5cFfw7WZ8pn6exXTUsQHoLAVQ7jyJDYr1W4LHbZsDDnCQeq1KxVtt72mU9ByYW4ET6CUVtbgVA1qmVN3FyFCDtaD
