{
  MetaMask: "4TXiTPLxe5PrpwiY15tj9nP3wF5F8JPKUsYQyfHCCcod",
  Freighter: "9BcBicoPrGtPJnVynJoj2g1p6zrvaFBkJccorLwGTMZo",
  Phantom: "G5H71U2pASYLeei9MYvWVmCZzjHp2VscWTjpdLYa6LT4",
  sessionMetaMask: "3YomJ7dnhtqFnnPAzRUGmhC8EevR2R4F6Sdx7YN6Pppc",
  sessionFreighter: "Cn2bjH8kGkjioVoB9MY86TDsJ6kKjvaiu9ZCmMsJVW74",
  program: "FTNMFWiECbRp7D5MwJUiNQfee6NuJPjE7S11J9yc2B9G",
  programB: "J38gUL2YFo91GDBnDXwVDaGpk6XWSJUhs7RuditRdiVo",
  net: "localnet",
}
PASS P0. seats are exactly MetaMask(NEAR MPC), Freighter(NEAR MPC), Phantom(own key); threshold 2; vault funded | ok 4bJEYtsMqF65tLfoVXSJnM28s5qPE8gRv2KfRJZqXUz9yQgtDYeoPp2bEzK3LtG6hERC3PmcR5CpwgaQHBND3itB
PASS K1-MetaMask. MetaMask alone:a. MetaMask proposes and approves | ok 2EDj1YUAhuk8awxv1b1Mjm8JXjiKdmwsMzabxmsBSamgv7Kmy4ye4Rymz5nsrHx8tyT7RrsMXdazat8AyyrjvaXJ
PASS K1-MetaMask. MetaMask alone:b. MetaMask executes with only its own approval | refused: Error Code: InvalidProposalStatus
PASS K1-Freighter. Freighter alone:a. Freighter proposes and approves | ok 3EQUunU141Ehjuugsnvv8D4AkpHNETpdRS5eCVLUCb4x4woDUQ1BLJDe7iT4Muw7yMbbNjq6HbN4eM3DkXRSYgct
PASS K1-Freighter. Freighter alone:b. Freighter executes with only its own approval | refused: Error Code: InvalidProposalStatus
PASS K1-Phantom. Phantom alone:a. Phantom proposes and approves | ok 3Jh9uzmj3vha6rbqgKiV2Mqp852WyRZPfEseHc85FD6H9K5KgEQ8UFoTSY5pGuHjuiVm1hdAouJVMRc7vzBmb2kV
PASS K1-Phantom. Phantom alone:b. Phantom executes with only its own approval | refused: Error Code: InvalidProposalStatus
PASS K2. MetaMask + Freighter:a. MetaMask proposes and approves | ok 5aQXYxNRB6NmNoNJj1eDDdYBMZt66UUQJR6RRPy92JGZS13xcqY8rKTQr2GFEWiskwKmbFgsCBKcYbjRe3VPGh6A
METRIC seat-propose-K2-MetaMask {"totalCu":78014,"bytes":579,"fee":10000}
PASS K2. MetaMask + Freighter:b. Freighter approves and executes | ok 4fdiuC84nVsVzrJBysjpwPScR5GSXzJYik2qwnotnK9Gpu59MjHPt8drMRpwuhfWzwqaBgyTRdnkji25nFvFSv42
METRIC seat-exec-K2-Freighter {"totalCu":67701,"bytes":490,"fee":10000}
PASS K3. Freighter + Phantom:a. Freighter proposes and approves | ok EATsDN9pH9jkbrgNSY4vuGJap36j1UfssVBS1ghj8zmXGW2oeFivWU1uoLoSZGVVJ2J5Jfk8vAVyiqr3PH3d8bJ
METRIC seat-propose-K3-Freighter {"totalCu":83828,"bytes":579,"fee":10000}
PASS K3. Freighter + Phantom:b. Phantom approves and executes | ok 2yzLCKbyBoguZd7Z3Q7zue8ky9vDmyE3URvBLUchJdd6mK3XgfyxUdDLvaJgbTWZcrsSEzmk12acjrgpiFZbdw4A
METRIC seat-exec-K3-Phantom {"totalCu":70829,"bytes":490,"fee":10000}
PASS K4. Phantom + MetaMask:a. Phantom proposes and approves | ok 3b8Pxyt8zXwBTywde4CiSL7G6hBYSUfNSAYhhmjcufDxffNyCTzog1KrWwkFXEwJffDWtYYXuDrGu823zbzy8bgo
METRIC seat-propose-K4-Phantom {"totalCu":79520,"bytes":579,"fee":10000}
PASS K4. Phantom + MetaMask:b. MetaMask approves and executes | ok 4cW8ZSafy9bwcCoGRWqvTvVSFsb7Qr2vSgsi943XqnUzdvoeq69NjJSGRVWMRuavnH16c6XwBANhx5g7N1gDfwkb
METRIC seat-exec-K4-MetaMask {"totalCu":67876,"bytes":490,"fee":10000}
PASS K5. DEST received exactly 0.03 SOL | ok 0.03
PASS K6. MetaMask alone (open proposal):a. MetaMask proposes and approves | ok 4oBALF9Be3FujPohQh6XCX5Y2VyVdjBdzEu8MyL5PXGDTXDcWbrQv8hg3bN7MmCfJYGcLQyem5xdfJ4NgTT3bTb1
PASS K6. MetaMask alone (open proposal):b. MetaMask executes with only its own approval | refused: Error Code: InvalidProposalStatus
PASS K6c. an outsider approves it | refused: Error Code: NotASigner
PASS K6d. Freighter's seat signed by MetaMask's MPC key | refused: Transaction did not pass signature verification
PASS K6e. Freighter's seat signed by its MPC key under another path | refused: Transaction did not pass signature verification
PASS K6f-MetaMask. MetaMask's seat vote signed by its session-path key | refused: Transaction did not pass signature verification
PASS K6g-MetaMask. MetaMask's session-path key approves as itself | refused: Error Code: NotASigner
PASS K6f-Freighter. Freighter's seat vote signed by its session-path key | refused: Transaction did not pass signature verification
PASS K6g-Freighter. Freighter's session-path key approves as itself | refused: Error Code: NotASigner
PASS K7. install the movers policy (members: the three session PDAs):a. MetaMask proposes and approves | ok 32YczwQ7KzzhJdmp6AY9RZNcrbVF8FCcuNAehD927PSecNsxhbPCqUd6yJ2PJpx1pQJndKpjcfxHwfBDueSTkE5J
PASS K7. install the movers policy (members: the three session PDAs):b. Phantom approves and executes | ok QLYaTs5MFNhBiHtT6aP1DPN7NKUvf2ywo7jSwMtzc5MmEJUyfnjHL3pSewJzn6UcYYmmMuGB9KWGSXdx1pea6uw
PASS N0. MetaMask alone (open proposal):a. MetaMask proposes and approves | ok rzYbabUcgTCxzcxV4u695fJYTyaLcQSatqX37uRceiRgkxtdFHs1A1E3sofg8gW7WQhGXNJbacKpBSn7nonRbHP
PASS N0. MetaMask alone (open proposal):b. MetaMask executes with only its own approval | refused: Error Code: InvalidProposalStatus
PASS N1. Phantom session approves that proposal as its PDA | refused: Error Code: NotASigner
PASS N2. Phantom session key approves it as itself | refused: Error Code: NotASigner
PASS N3. Phantom session proposes a vault transaction as its PDA | refused: Error Code: NotASigner
PASS N4. Phantom session adds its key as a seat (settings sync, as its PDA) | refused: Error Code: InvalidSignerCount
PASS N5. Phantom session calls a program other than the Smart Account (System transfer from its PDA) | refused: Program FTNMFWiECbRp7D5MwJUiNQfee6NuJPjE7S11J9yc2B9G invoke [1] Unknown program SMRTzfY6DfH5ik3TKiyLFfXexV8uSG3d2UksSCYdunG Program FTNMFWiECbRp7D5MwJUiNQfee6Nu
PASS G-MetaMask1. one MetaMask signature (through NEAR) -> session; relayer pays: 0.01 SOL to VENUE | ok 3jmxYyW3LkfERvEcehWCVjuA86U1tsL2rJnDa1wGTcuBw8UuZBivfZsFDm3M8DfuNBhxByUHCEhSRJddumcBVd1W
METRIC move-MetaMask-relayed {"totalCu":52275,"primeSessionCu":52275,"bytes":974,"fee":15000}
PASS G-MetaMask2. relayer down: session key pays the fee itself: 0.005 SOL to VENUE | ok HaHWm7n1BQowvYxHGfpAecfA6417o3uFsWzcBat5aHnxPHC2FzZ8CBstLvJwhhiAqqpcL1xXtMKHivY79hcX6VM
PASS G-MetaMask3. VENUE received exactly 0.015 SOL | ok 0.015
PASS G-MetaMask4. relayer down and the session key has no SOL | refused: Attempt to debit an account but found no record of a prior credit
PASS G-MetaMask5. same session: 0.01 SOL elsewhere (policy) | refused: Error Code: ProgramInteractionAccountConstraintViolated
PASS G-MetaMask6. same session: 0.06 SOL to VENUE (over the 0.05 per-move limit) | refused: Error Code: ProgramInteractionInvalidNumericValue
PASS G-MetaMask7. stretched valid-until | refused: custom program error: 0x7
PASS G-MetaMask8. someone else replays the grant with their own key | refused: custom program error: 0x7
PASS G-Freighter1. one Freighter signature (through NEAR) -> session; relayer pays: 0.01 SOL to VENUE | ok 2JNhS6ADsusti2S1ZgdAxpdVfsKckzS2842MRLSLNCTKyeidB2bBtBd7WeKCyLSqNSHZtZNh7Y1Y6xj6KrvP6PLR
METRIC move-Freighter-relayed {"totalCu":52254,"primeSessionCu":52254,"bytes":975,"fee":15000}
PASS G-Freighter2. relayer down: session key pays the fee itself: 0.005 SOL to VENUE | ok 3myMmC1fBJH7kr1LXjRKwGNdgewPFe4ev7A9tVf6bo3oiTZmvSitobpy8TXEntkSLpXpqsQ4GwhK57kSDFqhn6dX
PASS G-Freighter3. VENUE received exactly 0.015 SOL | ok 0.015
PASS G-Freighter4. relayer down and the session key has no SOL | refused: Attempt to debit an account but found no record of a prior credit
PASS G-Freighter5. same session: 0.01 SOL elsewhere (policy) | refused: Error Code: ProgramInteractionAccountConstraintViolated
PASS G-Freighter6. same session: 0.06 SOL to VENUE (over the 0.05 per-move limit) | refused: Error Code: ProgramInteractionInvalidNumericValue
PASS G-Freighter7. stretched valid-until | refused: custom program error: 0x7
PASS G-Freighter8. someone else replays the grant with their own key | refused: custom program error: 0x7
PASS G-Phantom1. one Phantom signature -> session; relayer pays: 0.01 SOL to VENUE | ok 5hc4D6hCb5pLNwho9pwMWXSpJRkX1pX5odyr2VxhYrGdeFWm8cVPC8MwoLjyrcoND1woy9iKCqqwA7VWJy9qNisg
METRIC move-Phantom-relayed {"totalCu":58286,"primeSessionCu":58286,"bytes":975,"fee":15000}
PASS G-Phantom2. relayer down: session key pays the fee itself: 0.005 SOL to VENUE | ok 5wNrUefomeYu93xdBshuHDo3LdKMVomYHTeCqYSjwcN64evETNGgdz2tN1h436VYGyScJGcjLEaoUEGhZsvG282V
PASS G-Phantom3. VENUE received exactly 0.015 SOL | ok 0.015
PASS G-Phantom4. relayer down and the session key has no SOL | refused: Attempt to debit an account but found no record of a prior credit
PASS G-Phantom5. same session: 0.01 SOL elsewhere (policy) | refused: Error Code: ProgramInteractionAccountConstraintViolated
PASS G-Phantom6. same session: 0.06 SOL to VENUE (over the 0.05 per-move limit) | refused: Error Code: ProgramInteractionInvalidNumericValue
PASS G-Phantom7. stretched valid-until | refused: custom program error: 0x7
PASS G-Phantom8. someone else replays the grant with their own key | refused: custom program error: 0x7
PASS G9. grant longer than 7 days | refused: custom program error: 0x4
PASS G10. expired grant | refused: custom program error: 0x4
PASS G11. MetaMask grant with the ed25519 program instruction missing | refused: custom program error: 0x7
PASS G12. ed25519 instruction reading its public key from another instruction | refused: custom program error: 0x0
PASS G13. daily cap shared by all: 0.045 used + 0.05 = 0.095 <= 0.1 | ok 5dMYjsPMnVX1DyPHEvMQP2HHX4tzS6Sqa2ZW12gjcW3g1U1oaGn5KomGDbREiBCjb3zfWeBNqvxLHJddJnpA4Mzk
PASS G13b. + 0.01 = 0.105 > 0.1 | refused: Error Code: ProgramInteractionInsufficientLamportAllowance
PASS X1. Freighter's PDA with a grant signed by MetaMask (NEAR) | refused: custom program error: 0x7
PASS X2. Phantom's PDA with a grant signed by Freighter (NEAR) | refused: custom program error: 0x7
PASS X3. MetaMask's PDA with a grant signed by Phantom | refused: custom program error: 0x7
PASS X4. Freighter's PDA with its MPC key under another path | refused: custom program error: 0x7
PASS X4b. Freighter's session PDA with a grant signed by its seat key (prime:solana) | refused: custom program error: 0x7
PASS X5. Phantom grant presented for MetaMask's PDA | refused: custom program error: 0x7
PASS X6. grant signed for cluster mainnet, used on localnet | refused: custom program error: 0x7
PASS X7a. a grant naming program A's PDA, presented to program B with A's PDA | refused: custom program error: 0x2
PASS X7b. the same grant presented to program B with B's PDA (text mismatch) | refused: custom program error: 0x7
PASS X7c. a grant naming program B's PDA, presented to program A with B's PDA | refused: custom program error: 0x2
PASS X7d. the same grant presented to program A with A's PDA (text mismatch) | refused: custom program error: 0x7
PASS X8. Phantom's own signed grant naming MetaMask's PDA | refused: custom program error: 0x2
PASS X9a. valid Phantom grant, data names another settings address | refused: custom program error: 0x2
PASS X10. the session key does not sign (relayer only) | refused: Program FTNMFWiECbRp7D5MwJUiNQfee6NuJPjE7S11J9yc2B9G invoke [1] Program FTNMFWiECbRp7D5MwJUiNQfee6NuJPjE7S11J9yc2B9G consumed 165 of 203000 compute units Progra
PASS X11a. account 3 set to the System program instead of the Smart Account program: the move still runs | ok 45gYGHyWt1NKGWc2j2HX5Fk3t75Foid6HJv3eyWC3t1u3tRCroegxr45gGnNSzK5sazPWm4sx15nvdZcRSudvjfv
PASS X11b. ...and prime-session called only the Smart Account program | ok 45gYGHyWt1NK… Program SMRTzfY6DfH5ik3TKiyLFfXexV8uSG3d2UksSCYdunG invoke [2]
PASS A0. account B created with the same three seats | ok 4LciXzpUWSFqnPbV3qeVh9Wxn7XAfsLDHFzeKvPRWLFGNjChTw4hou1zhPfxUWN8oQUG8jvq1ZdBHday6QXCStUm
PASS A1. account B installs its movers policy (members: each wallet's PDA for account B):a. MetaMask proposes and approves | ok 2d5ryCzeGwQcjNQydmET7AUhAVuNet8cog5RhGUczdXhh9nsN8Y6oQL81EgDHMhLivz6vaw9WpagVVk9ZJNzL6GE
PASS A1. account B installs its movers policy (members: each wallet's PDA for account B):b. Phantom approves and executes | ok 2xiiNFqHu9dHG7DHvchxkr7di2zBbdmaezi25HyJYvGkATjqTDk267X9txzDPvonr6CCZXhWKy758AadBkycBB9
PASS A2. each wallet's PDA differs between account A and account B | ok 7qriG5,J5qGs8,CxMTvv
PASS A3. account A's Phantom grant presented to account B (as Phantom's account-B PDA) | refused: custom program error: 0x7
PASS A4. account A's Phantom PDA calling account B's policy | refused: Error Code: NotASigner
PASS A5. a Phantom grant made for account B works in account B | ok 4cD3DqVvcNw6NMgQVvpJtWaMDyLYjytf9za7UEyT65wdaRGtq7sxwDoBCWSpVtM2D5Fn2NM7K6TcPzmQSc9WAGx2
PASS A5-M0. Phantom session: one move through the Smart Account (compute units recorded) | ok 2BSaBjtNk5tAt1QrXjz2D11Yw1sWu9HQcedDqFe6mWMiGSDYypdvbs6rybnjWr8Uygf3Q2tzaaRcEsUFedYmpfpR
METRIC move-sample-0 {"totalCu":49254,"primeSessionCu":49254,"bytes":975,"fee":15000}
PASS A5-M1. Phantom session: one move through the Smart Account (compute units recorded) | ok 5tByyny6vN2sdt2Rcaf9yT4aSa81842GDFxLuExpfeKNAFt9Q2LEenSZgP1rzaBcYYhSsatsVmVuwYu9YAauinHJ
METRIC move-sample-1 {"totalCu":50754,"primeSessionCu":50754,"bytes":975,"fee":15000}
PASS A5-M2. Phantom session: one move through the Smart Account (compute units recorded) | ok 4pvM6V5hk4W4uJdrzZ5E26L26XguWmECwPFkknj7wphAQxy5gHw2kGP8sdxanf5dy2sRUy9Fwr8RDBk7wm2eM628
METRIC move-sample-2 {"totalCu":58254,"primeSessionCu":58254,"bytes":975,"fee":15000}
PASS A5-M3. Phantom session: one move through the Smart Account (compute units recorded) | ok GzosYmuEKNyZo4iA13Anm9Ld3313E8Gkvsujy69AW9MuwWyFuPURqocWxvg6DmVSzYWWBe39tRcjhbxkpitsjw6
METRIC move-sample-3 {"totalCu":59754,"primeSessionCu":59754,"bytes":975,"fee":15000}
PASS A5-M4. Phantom session: one move through the Smart Account (compute units recorded) | ok 5mWY6Tf7SQdWbm3tNLSfZDLyjENdDwXvVvXBFLr6DsDrF2K319S59MTUrw7FmnLJnsYgMt1qrQiVvdtJjyTmCw8e
METRIC move-sample-4 {"totalCu":50754,"primeSessionCu":50754,"bytes":975,"fee":15000}
PASS A5-M5. Phantom session: one move through the Smart Account (compute units recorded) | ok 4WcBscmhMczc3jFQ7MrgCbQysoHWRNzV3PSLuA76NpSd3azf98dBZohK7JGAZEbLxFhrwBnBzbTmdH5aijRj75XT
METRIC move-sample-5 {"totalCu":52254,"primeSessionCu":52254,"bytes":975,"fee":15000}
PASS A5-M6. Phantom session: one move through the Smart Account (compute units recorded) | ok 44ydyuL1qijXFUPsXk3Aqsy2mbR8Eet86uZwdWBj2tpyus8W39b2iwacE5w4WaWpnTHoRRhXUjci8sTpzGVCwJfm
METRIC move-sample-6 {"totalCu":50754,"primeSessionCu":50754,"bytes":975,"fee":15000}
PASS A5-M7. Phantom session: one move through the Smart Account (compute units recorded) | ok RpbibRb4Zh4xpaX2TQk1LnReNhh6Kw5Xi4RojGTZ1xpbzhwJtmRgoRAFvxNBn4XpAogEyxrTqzM8rMRmFbYpXtt
METRIC move-sample-7 {"totalCu":52254,"primeSessionCu":52254,"bytes":975,"fee":15000}
PASS A5-M8. Phantom session: one move through the Smart Account (compute units recorded) | ok VJ4gYhPHDbXkzeBJnv9JDZ2sBdrwFbruF3q7eNJW3udG5UNaAKHqukJbRG8s2UUiuwxz3fzwHtgb7Tqa64C9Zkw
METRIC move-sample-8 {"totalCu":49254,"primeSessionCu":49254,"bytes":975,"fee":15000}
PASS A5-M9. Phantom session: one move through the Smart Account (compute units recorded) | ok 3HayAN587eQBRvWLnnVGMNHJUJzkxCjapEu2JK9gaeTwsHG1KQN8b8LagQEHnxA9Hd8yHYoqe4cJWJTnwwW7f4Md
METRIC move-sample-9 {"totalCu":49254,"primeSessionCu":49254,"bytes":975,"fee":15000}
PASS A6. account B's grant presented to account A | refused: custom program error: 0x7
PASS V0a. Phantom session 1 works | ok 4k3dut3Kg5U78PZBpncKg1QkXzx6zesd2VwGYtLbMkK53FF1i2nCUpsJjhrWig6cksDjAmBWyeF8VzDbxq7q2DE2
PASS V0b. Phantom session 2 works | ok 2Fp3ysAzwgGA21qXswi5q3A7Ak9hSFunuMiSfFdnebeH4rQGE2661UTY9kGzxNKoMbCqMKkke1bLAR2eYcDdzJ8k
PASS V0c. no marker exists for session 1 yet | ok 9noEMgE2mze7tsGs3pzj5QYU5Z4aFXZdNJQGpZVAh58z
PASS V1. Phantom revokes session 1 (one signature, relayed, session key does not sign) | ok 2Awc7AcE2mrbB78LAo9cVBpn8RpwhqteRwJQueAhbdHa7HWrSHRynCm9qwg39KgEPy6WRPiNoyAJNjro9CerrTDQ
METRIC revoke {"totalCu":18717,"primeSessionCu":18717,"bytes":726,"fee":10000}
FAIL V1b. the marker is empty, owned by prime-session and rent exempt | refused: {"lamports":890880,"dataBytes":0,"owner":"11111111111111111111111111111111"}
FAIL V2. the revoked session 1 is refused | ok 3MkmHr2UqWwarpKn4QL98V6QQs26TZBe3awsVLoH7Uaa6DEmJL9mnhoaUDo4C62DPcNqhixcLBDnvmFM4oQ9N2to
PASS V3. the same wallet's session 2 keeps working | ok D7yFwEKmtbW3nLoLVbfFadZE8QxLuUgq78ZL335X2kG7prjdw8mmQaA1fdTafdbqg3ZcY2dMDrAxRfzboib1FHk
FAIL V3b. revoking session 1 again is refused | ok xmALgcAB7UyCtKzNuwAnyB8ZUbdathNQuNVTq6K8EZAmUjo14K1HEXQMLrqUauRPdesgEBKLfuXc2wub2URBmxn
PASS V4a. MetaMask's session-owner key signs a revoke of Phantom's session 2 (data names Phantom as owner) | refused: custom program error: 0x7
PASS V4b. MetaMask signs a revoke naming Phantom's PDA under its own owner field | refused: custom program error: 0x2
PASS V4c. Phantom session 2 still works | ok 4bNvas2uv8iuHTCunfBTzjs7zsjcScFi5qcDUDeBDdBeyer96UVzwLUAThW7Vn23GZrDX5q2NwjSmddonmNxbe7M
PASS V4d. MetaMask revokes the same key under its own PDA (a marker in MetaMask's namespace) | ok 5Ew5eMH8u9hWc4ih9hseVmH4FKe29Dr8kxXiVBtRjWKCRgwXYYr3RoCmCzu6TdsVPGSuJT23JWc7gfnx4RE3dBrk
PASS V4e. ...and Phantom's session 2 still works (the marker is per owner) | ok 5bBb24NeQYw2D8ZAd2k4xsrtzbKfn2EzFh8LKyjrmhTjncXQrVSpuUhdJDUopWENTGN3fJQ8AEfJ89bB8stnaD3F
PASS V5a. Phantom revokes a key it never granted | ok 53ohNk5P1QkKCt7sAFFPJfmU3PsnRPb2sT3ZbuwHgMFiRzVnZ3Kp7XmHp9C9sBajDgWey9BHfMkQD21C3FCsAsx
FAIL V5b. a grant signed for that key afterwards is refused | ok 67kW26gDYvLEjsZXcHCByGY8TMHdzbhx5iZMAHt2FGS4Hf4LLGYq7tmp5KeYZtHKNAjtsRoUQcnFFG9gjvLp5M7k
PASS V6a. a revoke signed for account A's PDA, sent with account B's settings and B's marker | refused: custom program error: 0x2
PASS V6b. no marker was created in account B | ok 
PASS V6c. session 3 still works in account A | ok xpGykBqvQx9j6vZMRQjouUpqdErKKuXw5cREGAXnVt3HxTj4MGhPggvPyumFviHy4W6nSYkAbgGe7m5zDXT38NT
PASS V7a. a pre-fund below the rent minimum is refused by the runtime | refused: {"InsufficientFundsForRent":{"account_index":1}}
PASS V7b. a stranger pre-funds the marker address with 0.001 SOL | ok 3KWV4H8etcumt1rj9mm6ufywEjSaQX5H9xtK3nfcGXYnEocGEgZbrpmzn15zsuEBqrmUHkXcp1fXCUviCyg6h9eW
PASS V7c. the revoke still works | ok 2a83rwnXq5KWSYpApBZSFKpsbuNHd8ytF2pDbAQsjfLhXHnipKjFkTa2u51JjbAJk9dzjc7SruJvJwzv1dsfTfTZ
FAIL V7d. the revoked session 4 is refused | ok 5JJ8iUitsCSEeXNbNpGYy6PLdEZnH6uXEcHw56G7eJfdXHd4sfe2are2LtdhHduoCpkSNAm8HsHuQMUogCnYHJXD
PASS V8a. a move that passes another marker address | refused: custom program error: 0x2
PASS V8b. a move with non-canonical bump 254 (canonical 255) and the canonical PDA account | refused: custom program error: 0x2
PASS V8c. the same session with the canonical bump works | ok 4PL5MTrMViV2ZyRFQuGxTKtJMFeupCqXAVFVB1Frgw1okRuRn7KDwRQizdWTE1riPNxcZL93hJFMK6ytL4cbVV7X
PASS V9. a 72-byte instruction (the old length check) | refused: Program FTNMFWiECbRp7D5MwJUiNQfee6NuJPjE7S11J9yc2B9G invoke [1] Program FTNMFWiECbRp7D5MwJUiNQfee6NuJPjE7S11J9yc2B9G consumed 88 of 203000 compute units Program
PASS V9b. a 10-byte instruction | refused: Program FTNMFWiECbRp7D5MwJUiNQfee6NuJPjE7S11J9yc2B9G invoke [1] Program FTNMFWiECbRp7D5MwJUiNQfee6NuJPjE7S11J9yc2B9G consumed 88 of 203000 compute units Program
PASS R0. Freighter session works before | ok 5CRfuBpB5EoWm8hJM5vwcEDFwm3uXXbX74jE8ZkLnVjz3FkRvQBuih76RGXyEb12SYUu99Wj4F27EGansNM81sbM
PASS R1. MetaMask + Phantom update the policy: members MetaMask and Phantom PDAs only:a. MetaMask proposes and approves | ok 3J19nN91CK3x6SjoLuzkXgkPBB9HQhoKCGkruP5wLFK3BE6ioV6hchkWpUkHgTHAY99srkwH6VSf7BU5GSgeBHHi
PASS R1. MetaMask + Phantom update the policy: members MetaMask and Phantom PDAs only:b. Phantom approves and executes | ok 3dVZmQqWmyigeH8C5wFttsVT3z5NRoWCrHLfEYpNAoYFUoofaKf671SD5BVz9k6NsWZptx1CFBTBGUZUeRqqGr2C
PASS R2. the live Freighter session after removal | refused: Error Code: NotASigner
PASS R3. MetaMask session still works | ok 5KNi8dQs8cSqux2p6EoYYznZrkHZ9GAZKdahzu8829dQhA5d6QfTYJiCkWEneEkD4Xiqy3XBkMpNuFdbpgsrMGw8
METRIC relayerSpend {"net":"localnet","spentLamports":4093255560,"vaultFundingLamports":4000000000,"sessionKeysFunded":41,"sessionKeyFundingDevnetLamports":82000000,"devnetEstimateLamports":455255560}
NEAR MPC signatures: 35, average 0.0s
123/128 passed
FAIL V1b. the marker is empty, owned by prime-session and rent exempt {"lamports":890880,"dataBytes":0,"owner":"11111111111111111111111111111111"}
FAIL V2. the revoked session 1 is refused 3MkmHr2UqWwarpKn4QL98V6QQs26TZBe3awsVLoH7Uaa6DEmJL9mnhoaUDo4C62DPcNqhixcLBDnvmFM4oQ9N2to
FAIL V3b. revoking session 1 again is refused xmALgcAB7UyCtKzNuwAnyB8ZUbdathNQuNVTq6K8EZAmUjo14K1HEXQMLrqUauRPdesgEBKLfuXc2wub2URBmxn
FAIL V5b. a grant signed for that key afterwards is refused 67kW26gDYvLEjsZXcHCByGY8TMHdzbhx5iZMAHt2FGS4Hf4LLGYq7tmp5KeYZtHKNAjtsRoUQcnFFG9gjvLp5M7k
FAIL V7d. the revoked session 4 is refused 5JJ8iUitsCSEeXNbNpGYy6PLdEZnH6uXEcHw56G7eJfdXHd4sfe2are2LtdhHduoCpkSNAm8HsHuQMUogCnYHJXD
