{
  MetaMask: "4TXiTPLxe5PrpwiY15tj9nP3wF5F8JPKUsYQyfHCCcod",
  Freighter: "9BcBicoPrGtPJnVynJoj2g1p6zrvaFBkJccorLwGTMZo",
  Phantom: "G5H71U2pASYLeei9MYvWVmCZzjHp2VscWTjpdLYa6LT4",
  sessionMetaMask: "3YomJ7dnhtqFnnPAzRUGmhC8EevR2R4F6Sdx7YN6Pppc",
  sessionFreighter: "Cn2bjH8kGkjioVoB9MY86TDsJ6kKjvaiu9ZCmMsJVW74",
  program: "FTNMFWiECbRp7D5MwJUiNQfee6NuJPjE7S11J9yc2B9G",
  programB: "J38gUL2YFo91GDBnDXwVDaGpk6XWSJUhs7RuditRdiVo",
  net: "localnet",
}
PASS P0. seats are exactly MetaMask(NEAR MPC), Freighter(NEAR MPC), Phantom(own key); threshold 2; vault funded | ok 2RbtTRtKXFPcbaCPAsrJmNibakTFsCsJiofvBJhQLPsXAxrZn4HztuM14kQHwESSMSBtkHmXkzLfwtkwW4QkzCro
PASS K1-MetaMask. MetaMask alone:a. MetaMask proposes and approves | ok 54vJnp7mYhC81cHzKwnkNM9cGXhQMVGQonpNnL6jmHBHWUpAymUn1dHsUgYiRD123pqkgjQNRQFDbdcHmyVNVD65
PASS K1-MetaMask. MetaMask alone:b. MetaMask executes with only its own approval | refused: Error Code: InvalidProposalStatus
PASS K1-Freighter. Freighter alone:a. Freighter proposes and approves | ok sAfyJCShjuS9stYzMPZmzVaSqovzHj1P34kpEbG25mNxeFyjmQfQT9TYnurwMeKgjwxMuL5STnH5j2Mokq7epM4
PASS K1-Freighter. Freighter alone:b. Freighter executes with only its own approval | refused: Error Code: InvalidProposalStatus
PASS K1-Phantom. Phantom alone:a. Phantom proposes and approves | ok dENhoABCCD3NpRS2U4neJZHNsvPEo1opNMPLoPFrXPc1E2AUtn8eYSG631CAVaPfn8WMSt2FrmVv2Z6ajeruo2C
PASS K1-Phantom. Phantom alone:b. Phantom executes with only its own approval | refused: Error Code: InvalidProposalStatus
PASS K2. MetaMask + Freighter:a. MetaMask proposes and approves | ok 4VXj1GRcxQLmdrK9JF27ssqi3T3qrbTrHbx5R2h6QrzZGJX3hGD9oktEPTpjvaLPFt7PZUvfNwU91KnEsRqchTzC
METRIC seat-propose-K2-MetaMask {"totalCu":78014,"bytes":579,"fee":10000}
PASS K2. MetaMask + Freighter:b. Freighter approves and executes | ok 4V4ABMj6ALFYkV3KPt2VEV7hk1RdL3aBpW2mpAD8TstsFg7rdfqKcxDEG2o9wLfdxi5L5JuYJ1uu1B1Vwi4g4xQL
METRIC seat-exec-K2-Freighter {"totalCu":67701,"bytes":490,"fee":10000}
PASS K3. Freighter + Phantom:a. Freighter proposes and approves | ok 5nDbwndp9mWaezi8nTf5UAHawgpK839Z99wSXpED2bnNMng9L9BzWEGZzGSXH1efSmbJhu667Mpga2ymsEvV9ybQ
METRIC seat-propose-K3-Freighter {"totalCu":83828,"bytes":579,"fee":10000}
PASS K3. Freighter + Phantom:b. Phantom approves and executes | ok CgHBDX3EHqmgiBuWJuCwhNTokfsGmaMfdKREk64gNJEnD9MzqCA1FEYcHCekyzmL1VJotjyydfov3XvEk1zQ7k9
METRIC seat-exec-K3-Phantom {"totalCu":70829,"bytes":490,"fee":10000}
PASS K4. Phantom + MetaMask:a. Phantom proposes and approves | ok pL41EDRE5Dgvo2PYqxjpm6L7jWmspkQ6cSteX9dEor8ifRdXTrJ6RtHsSqiVXeKz5jkoHGZPS8KP8QA81yfyoXg
METRIC seat-propose-K4-Phantom {"totalCu":79520,"bytes":579,"fee":10000}
PASS K4. Phantom + MetaMask:b. MetaMask approves and executes | ok 3p6UobaM5LrfuFLM6Jn1xo67R2ZaTih9rJM5XhXkJ48kk4sACQqXocNESq1xErofFB6WhekoeFhKXtgKfdsD2ycM
METRIC seat-exec-K4-MetaMask {"totalCu":67876,"bytes":490,"fee":10000}
PASS K5. DEST received exactly 0.03 SOL | ok 0.03
PASS K6. MetaMask alone (open proposal):a. MetaMask proposes and approves | ok 5MkmDgXcto6FcWXcBeZFzbqvA8u6vDDA25MDYMLRzeJ18VxqpMpy27qC9m4Fk4pu1vYu1GJEXo596Dpy6Fc2MG4r
PASS K6. MetaMask alone (open proposal):b. MetaMask executes with only its own approval | refused: Error Code: InvalidProposalStatus
PASS K6c. an outsider approves it | refused: Error Code: NotASigner
PASS K6d. Freighter's seat signed by MetaMask's MPC key | refused: Transaction did not pass signature verification
PASS K6e. Freighter's seat signed by its MPC key under another path | refused: Transaction did not pass signature verification
PASS K6f-MetaMask. MetaMask's seat vote signed by its session-path key | refused: Transaction did not pass signature verification
PASS K6g-MetaMask. MetaMask's session-path key approves as itself | refused: Error Code: NotASigner
PASS K6f-Freighter. Freighter's seat vote signed by its session-path key | refused: Transaction did not pass signature verification
PASS K6g-Freighter. Freighter's session-path key approves as itself | refused: Error Code: NotASigner
PASS K7. install the movers policy (members: the three session PDAs):a. MetaMask proposes and approves | ok 3HdneUCDvswphok98enW4pXdNDycB8kMEZ4Wk1SwcQi4tJVW6LSN9WxMwk2UNczhQcEgyk31wx34HS6xfVT3uAUm
PASS K7. install the movers policy (members: the three session PDAs):b. Phantom approves and executes | ok 5zbo91D1ogPj8Gg3KoQYArhhAfkXeBYkfw9eaQee2a26TTnHiBxjjwJrizfsd7Krewak1UzFz5jUMQkuQGtzy4mr
PASS N0. MetaMask alone (open proposal):a. MetaMask proposes and approves | ok 3rVFzP6DasTcFdc17JQacu2QCiecRniMvhcZVk4cUJYMh2aCpZaYJnojPapj5Nk2ecuLvBuF2Lmn2CDYkUMMMXCn
PASS N0. MetaMask alone (open proposal):b. MetaMask executes with only its own approval | refused: Error Code: InvalidProposalStatus
PASS N1. Phantom session approves that proposal as its PDA | refused: Error Code: NotASigner
PASS N2. Phantom session key approves it as itself | refused: Error Code: NotASigner
PASS N3. Phantom session proposes a vault transaction as its PDA | refused: Error Code: NotASigner
PASS N4. Phantom session adds its key as a seat (settings sync, as its PDA) | refused: Error Code: InvalidSignerCount
PASS N5. Phantom session calls a program other than the Smart Account (System transfer from its PDA) | refused: Program FTNMFWiECbRp7D5MwJUiNQfee6NuJPjE7S11J9yc2B9G invoke [1] Unknown program SMRTzfY6DfH5ik3TKiyLFfXexV8uSG3d2UksSCYdunG Program FTNMFWiECbRp7D5MwJUiNQfee6Nu
PASS G-MetaMask1. one MetaMask signature (through NEAR) -> session; relayer pays: 0.01 SOL to VENUE | ok iojdXGkm9Amoij9cpx6Un8axqoXeKxmLafcM2jDs26c5uoYjwGthpEqjGj1MKxb5oZsye7D2yeWawbsgvczHgbf
METRIC move-MetaMask-relayed {"totalCu":56365,"primeSessionCu":56365,"bytes":975,"fee":15000}
PASS G-MetaMask2. relayer down: session key pays the fee itself: 0.005 SOL to VENUE | ok 3Sor5ZPftUaDbRB1w1hR2pR8acMhoJUFspnaydwFPdQNjBJACSACkVx6rgFiK8LhX3egcFSHHybrC6f6Ybbgrq9c
PASS G-MetaMask3. VENUE received exactly 0.015 SOL | ok 0.015
PASS G-MetaMask4. relayer down and the session key has no SOL | refused: Attempt to debit an account but found no record of a prior credit
PASS G-MetaMask5. same session: 0.01 SOL elsewhere (policy) | refused: Error Code: ProgramInteractionAccountConstraintViolated
PASS G-MetaMask6. same session: 0.06 SOL to VENUE (over the 0.05 per-move limit) | refused: Error Code: ProgramInteractionInvalidNumericValue
PASS G-MetaMask7. stretched valid-until | refused: custom program error: 0x7
PASS G-MetaMask8. someone else replays the grant with their own key | refused: custom program error: 0x7
PASS G-Freighter1. one Freighter signature (through NEAR) -> session; relayer pays: 0.01 SOL to VENUE | ok 2WNqbGDpsvyqVNWk73TMWFEVXy7ME84opbFSAknqEDzY46rBL4sZprdxMCtYxsZxw1jkzkkybotjtC6TBiQgrgHx
METRIC move-Freighter-relayed {"totalCu":63834,"primeSessionCu":63834,"bytes":975,"fee":15000}
PASS G-Freighter2. relayer down: session key pays the fee itself: 0.005 SOL to VENUE | ok 3Qs6qmbyBE5MMQRkN2Uxj2vLAAam65u1hKXexPxDTu9dEk4ygsnGehaMgCTWHMYzAgKrPS5JS1F9bndRSGBw8iD
PASS G-Freighter3. VENUE received exactly 0.015 SOL | ok 0.015
PASS G-Freighter4. relayer down and the session key has no SOL | refused: Attempt to debit an account but found no record of a prior credit
PASS G-Freighter5. same session: 0.01 SOL elsewhere (policy) | refused: Error Code: ProgramInteractionAccountConstraintViolated
PASS G-Freighter6. same session: 0.06 SOL to VENUE (over the 0.05 per-move limit) | refused: Error Code: ProgramInteractionInvalidNumericValue
PASS G-Freighter7. stretched valid-until | refused: custom program error: 0x7
PASS G-Freighter8. someone else replays the grant with their own key | refused: custom program error: 0x7
PASS G-Phantom1. one Phantom signature -> session; relayer pays: 0.01 SOL to VENUE | ok s8ZYfwTaCsdLYj6ktsqwu3ktN7Sq7FciJHughBbx3E5YEqZRxG5qQJciiYMFoukouxAqV7KPTXF31tAvBihsMFR
METRIC move-Phantom-relayed {"totalCu":57866,"primeSessionCu":57866,"bytes":975,"fee":15000}
PASS G-Phantom2. relayer down: session key pays the fee itself: 0.005 SOL to VENUE | ok XhbeKFUFuHpEWxqE3CtpHheFR6fernZafALJF4FYanvhetAdTYXM6mNxteJ2TPPiNQ9B6gqn8mtwpQqQwGrWuSU
PASS G-Phantom3. VENUE received exactly 0.015 SOL | ok 0.015
PASS G-Phantom4. relayer down and the session key has no SOL | refused: Attempt to debit an account but found no record of a prior credit
PASS G-Phantom5. same session: 0.01 SOL elsewhere (policy) | refused: Error Code: ProgramInteractionAccountConstraintViolated
PASS G-Phantom6. same session: 0.06 SOL to VENUE (over the 0.05 per-move limit) | refused: Error Code: ProgramInteractionInvalidNumericValue
PASS G-Phantom7. stretched valid-until | refused: custom program error: 0x7
PASS G-Phantom8. someone else replays the grant with their own key | refused: custom program error: 0x7
PASS G9. grant longer than 7 days | refused: custom program error: 0x4
PASS G10. expired grant | refused: custom program error: 0x4
PASS G11. MetaMask grant with the ed25519 program instruction missing | refused: custom program error: 0x7
PASS G12. ed25519 instruction reading its public key from another instruction | refused: custom program error: 0x0
PASS G13. daily cap shared by all: 0.045 used + 0.05 = 0.095 <= 0.1 | ok 3J2W2coFyg7NLEGzDrhphFsAzsH4XPQTnaUVr2Hxpq8C7k5o12881fCfLtZhfioDWJcv6Fgp6H4pUPpy625SUNzV
PASS G13b. + 0.01 = 0.105 > 0.1 | refused: Error Code: ProgramInteractionInsufficientLamportAllowance
PASS X1. Freighter's PDA with a grant signed by MetaMask (NEAR) | refused: custom program error: 0x7
PASS X2. Phantom's PDA with a grant signed by Freighter (NEAR) | refused: custom program error: 0x7
PASS X3. MetaMask's PDA with a grant signed by Phantom | refused: custom program error: 0x7
PASS X4. Freighter's PDA with its MPC key under another path | refused: custom program error: 0x7
PASS X4b. Freighter's session PDA with a grant signed by its seat key (prime:solana) | refused: custom program error: 0x7
PASS X5. Phantom grant presented for MetaMask's PDA | refused: custom program error: 0x7
PASS X6. grant signed for cluster mainnet, used on localnet | refused: custom program error: 0x7
PASS X7a. a grant naming program A's PDA, presented to program B with A's PDA | refused: custom program error: 0x2
PASS X7b. the same grant presented to program B with B's PDA (text mismatch) | refused: custom program error: 0x7
PASS X7c. a grant naming program B's PDA, presented to program A with B's PDA | refused: custom program error: 0x2
PASS X7d. the same grant presented to program A with A's PDA (text mismatch) | refused: custom program error: 0x7
PASS X8. Phantom's own signed grant naming MetaMask's PDA | refused: custom program error: 0x2
PASS X9a. valid Phantom grant, data names another settings address | refused: custom program error: 0x2
PASS X10. the session key does not sign (relayer only) | refused: Program FTNMFWiECbRp7D5MwJUiNQfee6NuJPjE7S11J9yc2B9G invoke [1] Program FTNMFWiECbRp7D5MwJUiNQfee6NuJPjE7S11J9yc2B9G consumed 2483 of 203000 compute units Progr
PASS X11a. account 3 set to the System program instead of the Smart Account program: the move still runs | ok 2aRLSxB1znG4EsFGoCMQTyPZKJz5x5NHMEK8bis44fKXPpVM6KrSGZVeyGycnbNDyFi6aYCiGf4AvqaNDfLeshXU
PASS X11b. ...and prime-session called only the Smart Account program | ok 2aRLSxB1znG4… Program SMRTzfY6DfH5ik3TKiyLFfXexV8uSG3d2UksSCYdunG invoke [2]
PASS A0. account B created with the same three seats | ok 4mhShnQBuem2bPySYnbqDrw8a3buGJpzizvsJGZGhLqST7AVKq7GYBN6fbi5MtX18VaopXxUYaDjesmMo8mY3SqV
PASS A1. account B installs its movers policy (members: each wallet's PDA for account B):a. MetaMask proposes and approves | ok 4fLRgErKdUGWpWZsG2JGM8zBH4sq36QNXjxwSKA5xwxcsoCvVRA5NNhj6hE6cQ27hrqmTEbqtMiSsf6p3FitwE2w
PASS A1. account B installs its movers policy (members: each wallet's PDA for account B):b. Phantom approves and executes | ok 2ewNVg4wRs3HNa9pYm8HeGvBj7jCBGYaUsjZvTeiKmxhgu3cPmUSSsc1DPju1XE8fMgS3NgyyV2q29X9X2wHsotn
PASS A2. each wallet's PDA differs between account A and account B | ok 7qriG5,J5qGs8,CxMTvv
PASS A3. account A's Phantom grant presented to account B (as Phantom's account-B PDA) | refused: custom program error: 0x7
PASS A4. account A's Phantom PDA calling account B's policy | refused: Error Code: NotASigner
PASS A5. a Phantom grant made for account B works in account B | ok 5u7DQJPHppiPBMuixrvvC5UAYq34vVPjrcXuNT4bWVfxDN21sq5GfGVA6uQDW6fGmhbfnpGfRWXKzLN7hS7tX9PL
PASS A5-M0. Phantom session: one move through the Smart Account (compute units recorded) | ok 5h3YaEbf6VX7qfLBkJ2BFvRqxYxXsD7YnhP2Zw3QNYnL37beskBsdf7qX7dgj8r9ysXRzR5MndX6cTfbDgxboNf9
METRIC move-sample-0 {"totalCu":53334,"primeSessionCu":53334,"bytes":975,"fee":15000}
PASS A5-M1. Phantom session: one move through the Smart Account (compute units recorded) | ok 2fw7KMnXmriD9TJqNZeyPHFo1JSiRXuB6jfnoH2pQjcX4GDpXGwWyr8wfBVqJ1MjfqWtz1G9AgVCbm5s3gMztQ9q
METRIC move-sample-1 {"totalCu":56334,"primeSessionCu":56334,"bytes":975,"fee":15000}
PASS A5-M2. Phantom session: one move through the Smart Account (compute units recorded) | ok 4wNj3dzoGosPWX1Wt1yo6vSaKEKUfDfsSnEoh7vaiAdzarz6569RfW2yT6nQctRR4vCJQBqyfxvwiAmaxW9Rd1cz
METRIC move-sample-2 {"totalCu":53334,"primeSessionCu":53334,"bytes":975,"fee":15000}
PASS A5-M3. Phantom session: one move through the Smart Account (compute units recorded) | ok 47SkA9scDqvawXSHrnmv8DDSULbVAnpBEQHoo9nx52TbB1ZvdyG6vwCfKhzHGFcs1p4s9ep5oNT6KoYS8V8iazG5
METRIC move-sample-3 {"totalCu":62334,"primeSessionCu":62334,"bytes":975,"fee":15000}
PASS A5-M4. Phantom session: one move through the Smart Account (compute units recorded) | ok 5JErEmWREFWtWEWaT91MjEuGtMQrWHQ4NcQiA4Cxa5ZbxjFG2nJYP3RbjGvsdaTA9wNKaCDMVjCkahVfHsett4po
METRIC move-sample-4 {"totalCu":54834,"primeSessionCu":54834,"bytes":975,"fee":15000}
PASS A5-M5. Phantom session: one move through the Smart Account (compute units recorded) | ok 28HSFQPJcwiDCkS7K7rGrrdnqQzwqaFWEFXooN12wzfyPAWbKGsRojuFNCzT7usdXQ9qxRsu8sKWSwmdivG52FeY
METRIC move-sample-5 {"totalCu":56334,"primeSessionCu":56334,"bytes":975,"fee":15000}
PASS A5-M6. Phantom session: one move through the Smart Account (compute units recorded) | ok 2fhkrHzmRoKbyE992tLH9y3tHCkveNWAe8zXuUcMBUBNkC8qjH6ETUM9KJgeFkeJ4YJK9Q2ETXMx26PdxrxsRiUe
METRIC move-sample-6 {"totalCu":53334,"primeSessionCu":53334,"bytes":975,"fee":15000}
PASS A5-M7. Phantom session: one move through the Smart Account (compute units recorded) | ok 2tJdQsFamdbopxoGqJ8M8XrHHpdEV6bAQfJSSAzhBxzbJjvkrisRRinNzY27mzuq52qtbMkpsfiwyAtZET6NWmgG
METRIC move-sample-7 {"totalCu":53334,"primeSessionCu":53334,"bytes":975,"fee":15000}
PASS A5-M8. Phantom session: one move through the Smart Account (compute units recorded) | ok 5feXbKRT2SepWZjRxScXbHwrN58TJErG4wni7EbmeVsw3SEH57fE7YPQAGcNkpBNcPcvgsG44psr9f4wFVzwCEGL
METRIC move-sample-8 {"totalCu":53334,"primeSessionCu":53334,"bytes":975,"fee":15000}
PASS A5-M9. Phantom session: one move through the Smart Account (compute units recorded) | ok 4b3eZXy49a4znXtGsHBuaMNKtiHXXHngJL2cfJ37xFSgXSaDLi9LevFDv2B5Hf3FTmjJxuoVVGd7jjcv7Nr6N5Xs
METRIC move-sample-9 {"totalCu":54834,"primeSessionCu":54834,"bytes":975,"fee":15000}
PASS A6. account B's grant presented to account A | refused: custom program error: 0x7
PASS V0a. Phantom session 1 works | ok 2B2UbQk3XL5bqYyBgXjdgCYxAwfvSuXpEgMRzWbzavXVu8NpkjhpShzusVxKfd9CRHnhU6SYXebXtfhD3pjssDiW
PASS V0b. Phantom session 2 works | ok 3Y6U8yKgS7YEMBBf9sArjvSE5qa336Yw4fyKQHML8PsVjGJq78qQFVbGGgvQmS38QKSLrxjxT6zJq8V5NyKTthzb
PASS V0c. no marker exists for session 1 yet | ok Gcmt8QRoU5wk6uwrDK4sVJWzKiqbRaHSqvuSzT9FCyG3
FAIL V1. Phantom revokes session 1 (one signature, relayed, session key does not sign) | refused: custom program error: 0x4
7679 |     } = extractCommitmentFromConfig(rawConfig);
7680 |     const args = this._buildArgsAtLeastConfirmed([signature], commitment, undefined /* encoding */, config);
7681 |     const unsafeRes = await this._rpcRequest('getTransaction', args);
7682 |     const res = superstruct.create(unsafeRes, GetTransactionRpcResult);
7683 |     if ('error' in res) {
7684 |       throw new SolanaJSONRPCError(res.error, 'failed to get transaction');
                   ^
SolanaJSONRPCError: failed to get transaction: Invalid param: WrongSize
 code: -32602,
 data: undefined,

      at getTransaction (/home/ubuntu/work/swig-spike/node_modules/@solana/web3.js/lib/index.cjs.js:7684:13)
      at async measure (/home/ubuntu/work/opt/session/psn.x.ts:76:24)

Bun v1.4.2 (Linux x64)
