{
  MetaMask: "4TXiTPLxe5PrpwiY15tj9nP3wF5F8JPKUsYQyfHCCcod",
  Freighter: "9BcBicoPrGtPJnVynJoj2g1p6zrvaFBkJccorLwGTMZo",
  Phantom: "G5H71U2pASYLeei9MYvWVmCZzjHp2VscWTjpdLYa6LT4",
  sessionMetaMask: "3YomJ7dnhtqFnnPAzRUGmhC8EevR2R4F6Sdx7YN6Pppc",
  sessionFreighter: "Cn2bjH8kGkjioVoB9MY86TDsJ6kKjvaiu9ZCmMsJVW74",
  program: "FTNMFWiECbRp7D5MwJUiNQfee6NuJPjE7S11J9yc2B9G",
  programB: "J38gUL2YFo91GDBnDXwVDaGpk6XWSJUhs7RuditRdiVo",
  net: "localnet",
}
PASS P0. seats are exactly MetaMask(NEAR MPC), Freighter(NEAR MPC), Phantom(own key); threshold 2; vault funded | ok 3kpPtTcXepgsPZuCF4bp7ZAGZjrxZJm5WVs3jd2AQ6EeN8UF1hkM4LZLbsMgopeqnRAESyHkdbuWetL51hfJGtWZ
PASS K1-MetaMask. MetaMask alone:a. MetaMask proposes and approves | ok 4yL1gDt1N87o6Fb3tE8uZeWiEgzHbhToUegzJFaA2T2GV7RMR38ezDdVs9Mb6fLj2aaLTPGWprYTwQY5GBdLgLtC
PASS K1-MetaMask. MetaMask alone:b. MetaMask executes with only its own approval | refused: Error Code: InvalidProposalStatus
PASS K1-Freighter. Freighter alone:a. Freighter proposes and approves | ok H2NoUMj1oiEJgVZUT9xR5AjWvgpA8n3x1FFDcbBc425YyVkxqFK2eGFoyErBJdct44uytUP9cTFngxwc16Z21w7
PASS K1-Freighter. Freighter alone:b. Freighter executes with only its own approval | refused: Error Code: InvalidProposalStatus
PASS K1-Phantom. Phantom alone:a. Phantom proposes and approves | ok 3JViodEa7FTp832h7t3gdYTGvUdc7mx83e8MjnFxrTqPiPJzGEFjYfabSdRLrJ5WzyF12EnAR6KZpbEGKXMQwo8Y
PASS K1-Phantom. Phantom alone:b. Phantom executes with only its own approval | refused: Error Code: InvalidProposalStatus
PASS K2. MetaMask + Freighter:a. MetaMask proposes and approves | ok 4nh3q8psn7BFtp7JuqLo9EMaD4QDnf7gLeLMLfMurkQy8rNwqTzbnPddyoq7ycquPWnCY3jEEjqwmkGJAQeNVhQX
METRIC seat-propose-K2-MetaMask {"totalCu":78014,"bytes":579,"fee":10000}
PASS K2. MetaMask + Freighter:b. Freighter approves and executes | ok 2GQPrWxLG7swVLMUr31YfAyz2eEy2aZfrWg3K3kKE6PznSKPhZ6DdU8x3KE4t6L7yvBS95ceGJTKEwuBrZy8tiLG
METRIC seat-exec-K2-Freighter {"totalCu":67701,"bytes":490,"fee":10000}
PASS K3. Freighter + Phantom:a. Freighter proposes and approves | ok 3Y2csvW3cqWsdFUaLqDxa6a1YK7cyveApGWrDz61mT8HqxbHKLXpxMc2f3uQG2rmcZbYrWiCa7KUJ2kNYWT6G49X
METRIC seat-propose-K3-Freighter {"totalCu":83828,"bytes":579,"fee":10000}
PASS K3. Freighter + Phantom:b. Phantom approves and executes | ok 5SpvDYU8WMpdVJSPiQPa7hb5UHuv9CttgLsF7vjt7rGm6YQw7FfWtTscek6JNjgjfUJ8EtbFfbUxCGuzmPpkSwzC
METRIC seat-exec-K3-Phantom {"totalCu":70829,"bytes":490,"fee":10000}
PASS K4. Phantom + MetaMask:a. Phantom proposes and approves | ok 48r6jpY86tj5ABcZZfhPHt73fSVtRpbnUGbb9J1PjnthsXTLXYkEmseWaWt4SPUzxtcv3ofJVLGofJvJF8m8QeM5
METRIC seat-propose-K4-Phantom {"totalCu":79520,"bytes":579,"fee":10000}
PASS K4. Phantom + MetaMask:b. MetaMask approves and executes | ok 4LqgGTLnFcnhkkwJqqPNHrHRUZtB85HzJwbixQRkaKEkFTNU1AMhcYksX2kPkqy4DXyRFYfEssEuv8uuSFp7Hos1
METRIC seat-exec-K4-MetaMask {"totalCu":67876,"bytes":490,"fee":10000}
PASS K5. DEST received exactly 0.03 SOL | ok 0.03
PASS K6. MetaMask alone (open proposal):a. MetaMask proposes and approves | ok fy6EDMozAmNmyGGPkdfeuv4bu3ytnELicWZvsG1EwHd6ZTYFiJKJTCNtCr9vHtT6A9G5aWe66FJ5UK3G58gFCTR
PASS K6. MetaMask alone (open proposal):b. MetaMask executes with only its own approval | refused: Error Code: InvalidProposalStatus
PASS K6c. an outsider approves it | refused: Error Code: NotASigner
PASS K6d. Freighter's seat signed by MetaMask's MPC key | refused: Transaction did not pass signature verification
PASS K6e. Freighter's seat signed by its MPC key under another path | refused: Transaction did not pass signature verification
PASS K6f-MetaMask. MetaMask's seat vote signed by its session-path key | refused: Transaction did not pass signature verification
PASS K6g-MetaMask. MetaMask's session-path key approves as itself | refused: Error Code: NotASigner
PASS K6f-Freighter. Freighter's seat vote signed by its session-path key | refused: Transaction did not pass signature verification
PASS K6g-Freighter. Freighter's session-path key approves as itself | refused: Error Code: NotASigner
PASS K7. install the movers policy (members: the three session PDAs):a. MetaMask proposes and approves | ok mrPmkGcdDye3kMyutLuPAww5onud2XgrTxJiJ5AwxwB5xiqZYRnenXPw6i9hitaVmGwm5f7AMPxQSfyogPY9MVr
PASS K7. install the movers policy (members: the three session PDAs):b. Phantom approves and executes | ok 4qsghmKkoNdi5V9jweVwcpitqjBELPWbZNKZ1Fw7i5YqnmQy7UV1yn9Ez1ap9fruQW8JFQRnFAzbXQzTMUG2sMYn
PASS N0. MetaMask alone (open proposal):a. MetaMask proposes and approves | ok 2E37dkNoYVC4hGVx5Y9Gzbats9o5wp2iQXQQ2PY7vVu9qfSPTo3fkn2J2YEJ7Ba4EPn17pGZFQB9V3jWcxAwX7ho
PASS N0. MetaMask alone (open proposal):b. MetaMask executes with only its own approval | refused: Error Code: InvalidProposalStatus
PASS N1. Phantom session approves that proposal as its PDA | refused: custom program error: 0x7
PASS N2. Phantom session key approves it as itself | refused: Error Code: NotASigner
PASS N3. Phantom session proposes a vault transaction as its PDA | refused: custom program error: 0x7
PASS N4. Phantom session adds its key as a seat (settings sync, as its PDA) | refused: custom program error: 0x7
PASS N5. Phantom session calls a program other than the Smart Account (System transfer from its PDA) | refused: custom program error: 0x7
FAIL G-MetaMask1. one MetaMask signature (through NEAR) -> session; relayer pays: 0.01 SOL to VENUE | refused: custom program error: 0x7
7679 |     } = extractCommitmentFromConfig(rawConfig);
7680 |     const args = this._buildArgsAtLeastConfirmed([signature], commitment, undefined /* encoding */, config);
7681 |     const unsafeRes = await this._rpcRequest('getTransaction', args);
7682 |     const res = superstruct.create(unsafeRes, GetTransactionRpcResult);
7683 |     if ('error' in res) {
7684 |       throw new SolanaJSONRPCError(res.error, 'failed to get transaction');
                   ^
SolanaJSONRPCError: failed to get transaction: Invalid param: WrongSize
 code: -32602,
 data: undefined,

      at getTransaction (/home/ubuntu/work/swig-spike/node_modules/@solana/web3.js/lib/index.cjs.js:7684:13)
      at async measure (/home/ubuntu/work/opt/session/psn.ts:76:24)

Bun v1.4.2 (Linux x64)
