{
  label: "devnet-build",
  near: false,
  maxSlots: "1512000",
  swig: "swigypWHEksbC64pWKwah1WTeh9JXwx8H1rJHLdbQMB",
  squads: "SMRTzfY6DfH5ik3TKiyLFfXexV8uSG3d2UksSCYdunG",
  freighterOwner: "DAryUGim6LqPVPHC5H9UKXy7vnzEMpvA729wdXs5GjmU",
  phantom: "GyxTPX2YRMLHUWwLgnDxh634oB9b19mpgPY45mjJmRdm",
  mmSolana: "8JmKVXFpptEBW8nUT5vUk2aMZb2Ez671EnqeCnN6Ue3T",
  metamask: "0x712A7aD2b9B84932E485dE58f2eC8E302217C9CF",
}
PASS P0. Smart Account: seats B (MetaMask), C (Freighter), Phantom; threshold 2; vault funded 2 SOL | ok 4TBYJdTn61mY…
   MetaMask is asked to personal_sign 64 bytes: "10155413a6fb652fc563d39a1fd462eba9bcb249dc7569322367aaae8d7a475d"
PASS P0-MetaMask(secp256k1): relayer creates the Swig wallet; owner root (ManageAuthority) + owner session role (Smart Account program only, max 1512000 slots); one owner signature | ok 3dS5Xja9vxwF…
METRIC swig-setup {"totalCu":40057,"swigCu":9231,"bytes":653,"fee":5000,"ms":555}
PASS P0-MetaMask(Solana acct): relayer creates the Swig wallet; owner root (ManageAuthority) + owner session role (Smart Account program only, max 1512000 slots); one owner signature | ok 5yeFjfxgZPEA…
METRIC swig-setup {"totalCu":12653,"swigCu":9230,"bytes":582,"fee":10000,"ms":321}
PASS P0-Phantom: relayer creates the Swig wallet; owner root (ManageAuthority) + owner session role (Smart Account program only, max 1512000 slots); one owner signature | ok 2MBW7ssaUiFE…
METRIC swig-setup {"totalCu":12653,"swigCu":9230,"bytes":582,"fee":10000,"ms":564}
PASS P0-Freighter(NEAR MPC): relayer creates the Swig wallet; owner root (ManageAuthority) + owner session role (Smart Account program only, max 1512000 slots); one owner signature | ok 4pLpKWdzfbfN…
METRIC swig-setup {"totalCu":12653,"swigCu":9230,"bytes":582,"fee":10000,"ms":527}
PASS P1. settings signers are exactly the three seats, threshold 2 (no Swig wallet is a seat) | ok 
PASS P2-MetaMask(secp256k1). Swig roles: 0 = owner root (no session), 1 = owner session authority with max 1512000 slots | ok roles 2, max 1512000
PASS P2-MetaMask(Solana acct). Swig roles: 0 = owner root (no session), 1 = owner session authority with max 1512000 slots | ok roles 2, max 1512000
PASS P2-Phantom. Swig roles: 0 = owner root (no session), 1 = owner session authority with max 1512000 slots | ok roles 2, max 1512000
PASS P2-Freighter(NEAR MPC). Swig roles: 0 = owner root (no session), 1 = owner session authority with max 1512000 slots | ok roles 2, max 1512000
PASS P3. the 2-of-3 installs the movers policy; signers = the four Swig wallet addresses (policy signers only) | ok 5rUZaQqZsUDq…
PASS G-MetaMask(secp256k1)1. one owner signature starts the session (personal_sign), relayed | ok 5pBhSdWyDmkJ…
METRIC grant-MetaMask(secp256k1) {"totalCu":28386,"swigCu":28386,"bytes":390,"fee":5000,"ms":1097}
PASS G-MetaMask(secp256k1)2. session key alone, relayer pays: 0.01 SOL vault -> VENUE through Swig -> Squads policy | ok HY1AiJAFC1vW…
METRIC move-MetaMask(secp256k1)-relayed {"totalCu":39446,"swigCu":39446,"squadsCu":1052,"bytes":561,"fee":10000,"ms":538}
PASS G-MetaMask(secp256k1)3. relayer down, session key pays its own fee: 0.005 SOL | ok sZxZTfDUGnTr…
METRIC move-MetaMask(secp256k1)-selfpaid {"totalCu":39536,"swigCu":39536,"squadsCu":1052,"bytes":465,"fee":5000,"ms":545}
PASS G-MetaMask(secp256k1)4. VENUE received exactly 0.015 SOL | ok 0.015
PASS G-MetaMask(secp256k1)5. same session: 0.01 SOL elsewhere (policy) | refused: Error Code: ProgramInteractionAccountConstraintViolated
PASS G-MetaMask(secp256k1)6. same session: 0.06 SOL to VENUE (over the per-move limit) | refused: Error Code: ProgramInteractionInvalidNumericValue
PASS G-MetaMask(secp256k1)7a. a second session for a key with no SOL | ok 4eYc8Adg7eHL…
PASS G-MetaMask(secp256k1)7b. relayer down and the session key has no SOL | refused: Attempt to debit an account but found no record of a pri
PASS G-MetaMask(secp256k1)8. the first session key stopped working when the second started (one live session per wallet) | ok 
PASS G-MetaMask(Solana acct)1. one owner signature starts the session (Solana tx signature), relayed | ok mVZKVdHM6ANj…
METRIC grant-MetaMask(Solana acct) {"totalCu":1009,"swigCu":1009,"bytes":349,"fee":10000,"ms":549}
PASS G-MetaMask(Solana acct)2. session key alone, relayer pays: 0.01 SOL vault -> VENUE through Swig -> Squads policy | ok 3ex82PdvmcMP…
METRIC move-MetaMask(Solana acct)-relayed {"totalCu":39494,"swigCu":39494,"squadsCu":1052,"bytes":561,"fee":10000,"ms":271}
PASS G-MetaMask(Solana acct)3. relayer down, session key pays its own fee: 0.005 SOL | ok 5jfXWc3EpARM…
METRIC move-MetaMask(Solana acct)-selfpaid {"totalCu":39584,"swigCu":39584,"squadsCu":1052,"bytes":465,"fee":5000,"ms":522}
PASS G-MetaMask(Solana acct)4. VENUE received exactly 0.015 SOL | ok 0.015
PASS G-MetaMask(Solana acct)5. same session: 0.01 SOL elsewhere (policy) | refused: Error Code: ProgramInteractionAccountConstraintViolated
PASS G-MetaMask(Solana acct)6. same session: 0.06 SOL to VENUE (over the per-move limit) | refused: Error Code: ProgramInteractionInvalidNumericValue
PASS G-MetaMask(Solana acct)7a. a second session for a key with no SOL | ok pKxJUo9iLkEf…
PASS G-MetaMask(Solana acct)7b. relayer down and the session key has no SOL | refused: Attempt to debit an account but found no record of a pri
PASS G-MetaMask(Solana acct)8. the first session key stopped working when the second started (one live session per wallet) | ok 
PASS G-Phantom1. one owner signature starts the session (Solana tx signature), relayed | ok 5qHjBZgxZ6W7…
METRIC grant-Phantom {"totalCu":1009,"swigCu":1009,"bytes":349,"fee":10000,"ms":525}
PASS G-Phantom2. session key alone, relayer pays: 0.01 SOL vault -> VENUE through Swig -> Squads policy | ok iv8WhNZoHVAK…
METRIC move-Phantom-relayed {"totalCu":39463,"swigCu":39463,"squadsCu":1052,"bytes":561,"fee":10000,"ms":290}
PASS G-Phantom3. relayer down, session key pays its own fee: 0.005 SOL | ok 5cxBNLY2PCFh…
METRIC move-Phantom-selfpaid {"totalCu":39553,"swigCu":39553,"squadsCu":1052,"bytes":465,"fee":5000,"ms":531}
PASS G-Phantom4. VENUE received exactly 0.015 SOL | ok 0.015
PASS G-Phantom5. same session: 0.01 SOL elsewhere (policy) | refused: Error Code: ProgramInteractionAccountConstraintViolated
PASS G-Phantom6. same session: 0.06 SOL to VENUE (over the per-move limit) | refused: Error Code: ProgramInteractionInvalidNumericValue
PASS G-Phantom7a. a second session for a key with no SOL | ok jEf2Gd9X76Ng…
PASS G-Phantom7b. relayer down and the session key has no SOL | refused: Attempt to debit an account but found no record of a pri
PASS G-Phantom8. the first session key stopped working when the second started (one live session per wallet) | ok 
PASS G-Freighter(NEAR MPC)1. one owner signature starts the session (Solana tx signature), relayed | ok 3FV64ZU22Dzw…
METRIC grant-Freighter(NEAR MPC) {"totalCu":1009,"swigCu":1009,"bytes":349,"fee":10000,"ms":534}
PASS G-Freighter(NEAR MPC)2. session key alone, relayer pays: 0.01 SOL vault -> VENUE through Swig -> Squads policy | ok 3rJynbZTKXLv…
METRIC move-Freighter(NEAR MPC)-relayed {"totalCu":39464,"swigCu":39464,"squadsCu":1052,"bytes":561,"fee":10000,"ms":278}
PASS G-Freighter(NEAR MPC)3. relayer down, session key pays its own fee: 0.005 SOL | ok 3iJyHFkxvZcJ…
METRIC move-Freighter(NEAR MPC)-selfpaid {"totalCu":39554,"swigCu":39554,"squadsCu":1052,"bytes":465,"fee":5000,"ms":535}
PASS G-Freighter(NEAR MPC)4. VENUE received exactly 0.015 SOL | ok 0.015
PASS G-Freighter(NEAR MPC)5. same session: 0.01 SOL elsewhere (policy) | refused: Error Code: ProgramInteractionAccountConstraintViolated
PASS G-Freighter(NEAR MPC)6. same session: 0.06 SOL to VENUE (over the per-move limit) | refused: Error Code: ProgramInteractionInvalidNumericValue
PASS G-Freighter(NEAR MPC)7a. a second session for a key with no SOL | ok 4iPg3q2HLzFk…
PASS G-Freighter(NEAR MPC)7b. relayer down and the session key has no SOL | refused: Attempt to debit an account but found no record of a pri
PASS G-Freighter(NEAR MPC)8. the first session key stopped working when the second started (one live session per wallet) | ok 
PASS G10a. a policy that lists the Phantom Swig wallet address with the Execute permission only (mask 4) | refused: Error Code: NoProposers
PASS G10b. the same wallet with Execute only, next to seat B with Initiate and Vote (mask 3) | ok 4ssYSTwdWUwQ…
PASS G10c. the Phantom session alone (Execute only) moves through that policy | refused: Error Code: InsufficientAggregatePermissions
PASS N0. seat B proposes a vault transfer and approves it (1 of 2 approvals), so a vote would matter | ok GZkdZrdkeenw…
PASS N1. Phantom session approves that proposal as its Swig wallet address (through Swig) | refused: Error Code: NotASigner
PASS N2. Phantom session key approves it as itself (plain transaction) | refused: Error Code: NotASigner
PASS N3. Phantom session proposes a vault transaction as its Swig wallet address | refused: Error Code: NotASigner
PASS N4. Phantom session adds its Swig wallet address as a seat (settings sync) | refused: Error Code: InvalidSignerCount
PASS N4b. Phantom session changes the threshold to 1 (settings sync) | refused: Error Code: InvalidSignerCount
PASS N5. Phantom session calls the System program as the Swig wallet address (not the Smart Account program) | refused: Swig PermissionDeniedMissingPermission (3006)
PASS N5b. Phantom as OWNER (role 0, root key) signs a move directly: the root role holds no Program action, so only a session can move | refused: Swig PermissionDeniedMissingPermission (3006)
PASS N6. Phantom session adds an All authority for an attacker key (Swig AddAuthority, acting role 1) | refused: Swig PermissionDeniedToManageAuthority (3010)
PASS N6b. Phantom session widens its own role (Swig UpdateAuthority: add All) | refused: Swig PermissionDeniedToManageAuthority (3010)
PASS N7. Phantom session key restarts its own session for the maximum length (Swig CreateSession, session key as the signer) | refused: Swig PermissionDenied (3005)
PASS N8. session builds a Swig sign whose inner call is a System transfer FROM THE RELAYER (fee payer) to the attacker; relayer co-signs | refused: Swig PermissionDeniedAuthorityExternalAssetChange (77)
PASS FINDING N8 | ok refused on the devnet-build Swig build (0 lamports reached the attacker). Swig forwards outer signers into the inner call and its Program action only checks instructions that sign with the Swig wallet.
PASS N8b. session builds a Swig sign whose inner call is a System createAccount of 10240 bytes funded BY THE RELAYER (0.07 SOL of rent), owner program = Token program | ok rxrxKioKma6P…
PASS FINDING N8b | ok executed on the devnet-build Swig build (relayer balance fell by 0.072 SOL). The relayer must refuse any transaction that lists its key in an instruction account list: that rule makes both attempts impossible.
PASS N9-scratch: relayer creates the Swig wallet; owner root (ManageAuthority) + owner session role (Smart Account program only, max 1512000 slots); one owner signature | ok 2YU8jHKBuFNC…
METRIC swig-setup {"totalCu":12653,"swigCu":9230,"bytes":582,"fee":10000,"ms":531}
PASS N9a. scratch Swig: Phantom starts a session | ok 4YMgeCxzRgnZ…
PASS N9b. scratch Swig: the session key removes its own role (Swig RemoveAuthority 1 by 1) | ok 5bXXMwKR5rQF…
PASS FINDING N9 | ok a session key can delete its own role: roles left on the Swig = 1; the owner (role 0, ManageAuthority) can add the role again with one signature
PASS X0. Smart Account: seats B (MetaMask), C (Freighter), Phantom; threshold 2; vault funded 2 SOL | ok 2ihCg8xahpDB…
PASS X0-MM: relayer creates the Swig wallet; owner root (ManageAuthority) + owner session role (Smart Account program only, max 1512000 slots); one owner signature | ok 5yGdVc51hizU…
METRIC swig-setup {"totalCu":40056,"swigCu":9231,"bytes":653,"fee":5000,"ms":529}
PASS X0-PH: relayer creates the Swig wallet; owner root (ManageAuthority) + owner session role (Smart Account program only, max 1512000 slots); one owner signature | ok 5ZBLVbS4r31P…
METRIC swig-setup {"totalCu":17153,"swigCu":13730,"bytes":582,"fee":10000,"ms":543}
PASS X0b. account B installs its own movers policy (0.1 SOL a day): signers = its two Swig wallet addresses | ok 3LoyDegNyo78…
PASS X0c. the Swig wallet addresses of account A and account B differ for the same owners | ok 
PASS G9a. account B: MetaMask session | ok ALo1NoWuXvDp…
PASS G9b. account B: Phantom session | ok 35dYiRRLSYSo…
PASS G9c. account B daily cap is 0.1 SOL for all wallets: MetaMask moves 0.05 | ok 3iPjskdG89LE…
PASS G9d. Phantom moves 0.045 (0.095 used) | ok 2Yt4BPxN3vSo…
PASS G9e. MetaMask moves 0.01 more (0.105 > 0.1) | refused: Error Code: ProgramInteractionInsufficientLamportAllowance
PASS G9f. Phantom moves 0.005 (exactly 0.1) | ok 9Xh7ABF2mqGQ…
PASS X1. Phantom's session key signs a move on MetaMask's Swig (session-key slot swapped) | refused: Swig PermissionDenied (3005)
PASS X2. MetaMask's Solana-account key signs a session start on Phantom's Swig (owner slot swapped) | refused: Swig PermissionDenied (3005)
PASS X2b. a random key signs a session start on Phantom's Swig | refused: Swig PermissionDenied (3005)
PASS X3. another secp256k1 key signs a session start on MetaMask's Swig | refused: Swig PermissionDenied (3005)
PASS X4a. MetaMask session start (signed once) | ok MR1gyACvrKvQ…
PASS X4b. the identical instruction sent again (replay) | refused: Swig PermissionDeniedSecp256k1SignatureReused (3017)
PASS X5-swig1: relayer creates the Swig wallet; owner root (ManageAuthority) + owner session role (Smart Account program only, max 1512000 slots); one owner signature | ok LiBwWJK3bSZn…
METRIC swig-setup {"totalCu":40057,"swigCu":9231,"bytes":653,"fee":5000,"ms":525}
PASS X5-swig2: relayer creates the Swig wallet; owner root (ManageAuthority) + owner session role (Smart Account program only, max 1512000 slots); one owner signature | ok 5PNkEiVLmNrH…
METRIC swig-setup {"totalCu":41555,"swigCu":10731,"bytes":653,"fee":5000,"ms":517}
PASS X5. a MetaMask signature made for Swig 1 presented to Swig 2 (same owner key, same counter; account swapped) | refused: Swig PermissionDenied (3005)
PASS X5b. the same signature on Swig 1 itself works | ok 2XcVhXaJdghD…
PASS X6a. a signed session start with the session key replaced by the attacker key | refused: Swig PermissionDenied (3005)
PASS X6b. a signed session start with the duration changed | refused: Swig PermissionDenied (3005)
PASS X6c. a signed session start with the fee payer account swapped | refused: Swig PermissionDenied (3005)
PASS X6d. the untouched signed session start works | ok 46aEnkCZHdHu…
   waiting 40 s so the signature is more than 60 slots old
PASS X7. a MetaMask signature older than 60 slots | refused: Swig PermissionDeniedSecp256k1InvalidSignature (3015)
PASS X7b. a MetaMask signature that names a slot in the future | refused: Swig PermissionDeniedSecp256k1InvalidSignature (3015)
PASS X8-swig1: relayer creates the Swig wallet; owner root (ManageAuthority) + owner session role (Smart Account program only, max 1512000 slots); one owner signature | ok 2Q4jtEUFqgMz…
METRIC swig-setup {"totalCu":15653,"swigCu":12230,"bytes":582,"fee":10000,"ms":287}
PASS X8-swig2: relayer creates the Swig wallet; owner root (ManageAuthority) + owner session role (Smart Account program only, max 1512000 slots); one owner signature | ok 4zxgNzTF7miH…
METRIC swig-setup {"totalCu":12653,"swigCu":9230,"bytes":582,"fee":10000,"ms":528}
PASS X8. Phantom's signature over a session start for Swig 1, reused on a transaction that names Swig 2 | refused: Signature verification failed
PASS X9. Phantom's account-A session key moves in account B (A's Swig wallet is not a signer of B's policy) | refused: Error Code: NotASigner
PASS X10a. (misconfiguration) account B's 2-of-3 also installs account A's Phantom Swig wallet as a signer of a second policy | ok 42MF4yoPgjF9…
PASS X10b. ...then Phantom's one session key moves in account B as well: a Swig session reaches every policy that lists its wallet address | ok ZWYtTsbeVRLW…
PASS FINDING X10 | ok the account binding is the policy membership: use one Swig per wallet per Prime Account and never list a Swig wallet address in two accounts
PASS E1. session of 20 slots | ok 4bk6UdtdUNwE…
PASS E2. a move inside the 20 slots | ok iD9wwejVEDur…
PASS E3. the same session after its expiry slot 298 (now 299) | refused: Swig PermissionDeniedSessionExpired (3014)
PASS E4. session for exactly the maximum length | ok cD1c8KfrftnB…
PASS E4b. the expiry slot is the landing slot plus the maximum | ok landing 300, expiry 1512300, max 1512000
PASS E5. session for the maximum plus one slot | refused: Swig InvalidSessionDuration (3022)
PASS E5b. the maximum itself is on the role, and the owner cannot lengthen it without changing the role (checked in H2) | ok 3KbiE4SekTFR…
METRIC slotTime {"localMsPerSlot":471.4,"maxSlots":"1512000","maxDaysAtLocalRate":8.25}
PASS R-MetaMask(secp256k1)1. fresh session | ok 2gqPPrXLZZAf…
PASS R-MetaMask(secp256k1)2. it works | ok 5QcX8nst8FMA…
PASS R-MetaMask(secp256k1)3. the owner revokes: one owner signature starts a session for a dead key with duration 0 | ok 2fDPMWkz7SKD…
METRIC revoke-MetaMask(secp256k1) {"totalCu":28388,"swigCu":28388,"bytes":390,"fee":5000,"ms":516}
PASS R-MetaMask(secp256k1)4. the revoked session key (its key slot is gone: the role now names a dead key) | refused: Swig PermissionDenied (3005)
PASS R-MetaMask(secp256k1)5. another wallet's session is unaffected (Phantom) | ok 2XiiD2eoTbah…
PASS R-MetaMask(secp256k1)6. a new session on the same wallet | ok WiBVsmjVc2Jy…
PASS R-MetaMask(secp256k1)7. the new session works | ok 5weDDoRvaKed…
PASS R-MetaMask(Solana acct)1. fresh session | ok 2kyYMxF52qQG…
PASS R-MetaMask(Solana acct)2. it works | ok 4wqAfoxpJ3sm…
PASS R-MetaMask(Solana acct)3. the owner revokes: one owner signature starts a session for a dead key with duration 0 | ok S2vBkVtJyQVF…
METRIC revoke-MetaMask(Solana acct) {"totalCu":1009,"swigCu":1009,"bytes":349,"fee":10000,"ms":520}
PASS R-MetaMask(Solana acct)4. the revoked session key (its key slot is gone: the role now names a dead key) | refused: Swig PermissionDenied (3005)
PASS R-MetaMask(Solana acct)5. another wallet's session is unaffected (MetaMask(secp256k1)) | ok 4Pnjt8rcgcG4…
PASS R-MetaMask(Solana acct)6. a new session on the same wallet | ok 62b3mSrCgm7g…
PASS R-MetaMask(Solana acct)7. the new session works | ok 5VJ1srTHT3PZ…
PASS R-Phantom1. fresh session | ok 41eJq2qoMB6Q…
PASS R-Phantom2. it works | ok 4raK6bGZov7p…
PASS R-Phantom3. the owner revokes: one owner signature starts a session for a dead key with duration 0 | ok 37wjoCsX7iUq…
METRIC revoke-Phantom {"totalCu":1009,"swigCu":1009,"bytes":349,"fee":10000,"ms":534}
PASS R-Phantom4. the revoked session key (its key slot is gone: the role now names a dead key) | refused: Swig PermissionDenied (3005)
PASS R-Phantom5. another wallet's session is unaffected (MetaMask(secp256k1)) | ok 3drpBMhySGp5…
PASS R-Phantom6. a new session on the same wallet | ok 3eJjhYLVKdgP…
PASS R-Phantom7. the new session works | ok rknwdbHBKdNT…
PASS R-Freighter(NEAR MPC)1. fresh session | ok 2jiiWBoxNXb1…
PASS R-Freighter(NEAR MPC)2. it works | ok 2rn3decP1wYz…
PASS R-Freighter(NEAR MPC)3. the owner revokes: one owner signature starts a session for a dead key with duration 0 | ok 5ysStqpeduus…
METRIC revoke-Freighter(NEAR MPC) {"totalCu":1009,"swigCu":1009,"bytes":349,"fee":10000,"ms":516}
PASS R-Freighter(NEAR MPC)4. the revoked session key (its key slot is gone: the role now names a dead key) | refused: Swig PermissionDenied (3005)
PASS R-Freighter(NEAR MPC)5. another wallet's session is unaffected (MetaMask(secp256k1)) | ok 5jvvqJs7fp2o…
PASS R-Freighter(NEAR MPC)6. a new session on the same wallet | ok 4Y2kvu9FAQrj…
PASS R-Freighter(NEAR MPC)7. the new session works | ok 5B63HvQ7U5qs…
PASS R2a. (Phantom) the owner signs a grant for key K1; the relayer withholds it. The owner then revokes by starting a session for a dead key | ok 3EPpaYPU6eAw…
PASS R2b. the relayer now sends the withheld grant (still inside its blockhash lifetime) | ok 67MBVx13d9Vi…
PASS FINDING R2 | ok a revoked ed25519 session came back: K1 is live again (true). A Swig revoke overwrites the session key; it does not bar K1 for good, so an earlier owner-signed grant that was never sent can be sent after it, for as long as its blockhash lives (150 slots, about 40 seconds at today's slot time).
PASS R2c. (MetaMask) the revoke, signed after the grant but before it was sent, goes first | ok Tbp3VfHQPxfF…
PASS R2d. (MetaMask) the withheld grant sent afterwards | refused: Swig PermissionDeniedSecp256k1SignatureReused (3017)
PASS fresh session on Phantom | ok 4N8S91LbkesL…
PASS M0. Phantom session: one relayed move through Swig and the Squads policy (compute units recorded) | ok pmDRaGbiRKSp…
METRIC move-sample-0 {"totalCu":39441,"swigCu":39441,"squadsCu":1052,"bytes":561,"fee":10000,"ms":263}
PASS M1. Phantom session: one relayed move through Swig and the Squads policy (compute units recorded) | ok 5n1d9Rm5UzRE…
METRIC move-sample-1 {"totalCu":39441,"swigCu":39441,"squadsCu":1052,"bytes":561,"fee":10000,"ms":552}
PASS M2. Phantom session: one relayed move through Swig and the Squads policy (compute units recorded) | ok v3zTUCFQ6xYh…
METRIC move-sample-2 {"totalCu":39441,"swigCu":39441,"squadsCu":1052,"bytes":561,"fee":10000,"ms":518}
PASS M3. Phantom session: one relayed move through Swig and the Squads policy (compute units recorded) | ok etU78Luz2fTv…
METRIC move-sample-3 {"totalCu":39441,"swigCu":39441,"squadsCu":1052,"bytes":561,"fee":10000,"ms":283}
PASS M4. Phantom session: one relayed move through Swig and the Squads policy (compute units recorded) | ok 31mfKUzoDk6V…
METRIC move-sample-4 {"totalCu":39441,"swigCu":39441,"squadsCu":1052,"bytes":561,"fee":10000,"ms":520}
PASS M5. Phantom session: one relayed move through Swig and the Squads policy (compute units recorded) | ok 4oQGDLR2wCGU…
METRIC move-sample-5 {"totalCu":39441,"swigCu":39441,"squadsCu":1052,"bytes":561,"fee":10000,"ms":281}
PASS M6. Phantom session: one relayed move through Swig and the Squads policy (compute units recorded) | ok vrVxFff6wako…
METRIC move-sample-6 {"totalCu":39441,"swigCu":39441,"squadsCu":1052,"bytes":561,"fee":10000,"ms":543}
PASS M7. Phantom session: one relayed move through Swig and the Squads policy (compute units recorded) | ok 2K9m6Qv1x8pH…
METRIC move-sample-7 {"totalCu":39441,"swigCu":39441,"squadsCu":1052,"bytes":561,"fee":10000,"ms":528}
PASS M8. Phantom session: one relayed move through Swig and the Squads policy (compute units recorded) | ok 4PGR2sPRZLhG…
METRIC move-sample-8 {"totalCu":39441,"swigCu":39441,"squadsCu":1052,"bytes":561,"fee":10000,"ms":267}
PASS M9. Phantom session: one relayed move through Swig and the Squads policy (compute units recorded) | ok 63yCsSXnqxPN…
METRIC move-sample-9 {"totalCu":39441,"swigCu":39441,"squadsCu":1052,"bytes":561,"fee":10000,"ms":523}
METRIC moveCu {"samples":[39441,39441,39441,39441,39441,39441,39441,39441,39441,39441],"min":39441,"median":39441,"max":39441,"txBytes":561}
PASS M-combo-MetaMask(secp256k1). one transaction: owner starts the session and the new key makes its first move | ok 5uiVT2M7vV7Y…
METRIC grant-and-first-move-MetaMask(secp256k1) {"totalCu":67810,"swigCu":28386,"squadsCu":1052,"bytes":721,"fee":10000,"ms":537}
PASS M-combo-Phantom. one transaction: owner starts the session and the new key makes its first move | ok 3nsHBi1RPDVc…
METRIC grant-and-first-move-Phantom {"totalCu":40450,"swigCu":1009,"squadsCu":1052,"bytes":712,"fee":15000,"ms":279}
PASS M-combo-Freighter(NEAR MPC). one transaction: owner starts the session and the new key makes its first move | ok 4QzntSM56TM6…
METRIC grant-and-first-move-Freighter(NEAR MPC) {"totalCu":40451,"swigCu":1009,"squadsCu":1052,"bytes":712,"fee":15000,"ms":536}
PASS M2-0. Smart Account: seats B (MetaMask), C (Freighter), Phantom; threshold 2; vault funded 2 SOL | ok 21r9JiyC4A9F…
PASS M2-swig0: relayer creates the Swig wallet; owner root (ManageAuthority) + owner session role (Smart Account program only, max 1512000 slots); one owner signature | ok 9SjCBpDpBuzW…
METRIC swig-setup {"totalCu":14153,"swigCu":10730,"bytes":582,"fee":10000,"ms":566}
PASS M2-p0. policy with three signers: this Swig wallet address and two other keys | ok 5Bst8ocwQBR2…
PASS M2-g0. session on Swig 0 | ok 4A2AnA2d3oa7…
PASS M2-m0. one relayed move on Swig 0 (compute units recorded) | ok 53rDKbq8qcn7…
METRIC move-swig-0 {"totalCu":38840,"swigCu":38840,"squadsCu":1052,"bytes":561,"fee":10000,"ms":549}
PASS M2-1. Smart Account: seats B (MetaMask), C (Freighter), Phantom; threshold 2; vault funded 2 SOL | ok 2Tm26tWRtiSP…
PASS M2-swig1: relayer creates the Swig wallet; owner root (ManageAuthority) + owner session role (Smart Account program only, max 1512000 slots); one owner signature | ok 5vigFNknBLEh…
METRIC swig-setup {"totalCu":12653,"swigCu":9230,"bytes":582,"fee":10000,"ms":532}
PASS M2-p1. policy with three signers: this Swig wallet address and two other keys | ok evbQMt3yKSFF…
PASS M2-g1. session on Swig 1 | ok 5oNFk2uBfaat…
PASS M2-m1. one relayed move on Swig 1 (compute units recorded) | ok K2FpNGCzfLos…
METRIC move-swig-1 {"totalCu":40340,"swigCu":40340,"squadsCu":1052,"bytes":561,"fee":10000,"ms":538}
PASS M2-2. Smart Account: seats B (MetaMask), C (Freighter), Phantom; threshold 2; vault funded 2 SOL | ok 4xf4Ya1YPQe9…
PASS M2-swig2: relayer creates the Swig wallet; owner root (ManageAuthority) + owner session role (Smart Account program only, max 1512000 slots); one owner signature | ok 49EewyjVuAun…
METRIC swig-setup {"totalCu":12653,"swigCu":9230,"bytes":582,"fee":10000,"ms":296}
PASS M2-p2. policy with three signers: this Swig wallet address and two other keys | ok 3MEDvnGVGfu3…
PASS M2-g2. session on Swig 2 | ok 2h8w4FCAyjvQ…
PASS M2-m2. one relayed move on Swig 2 (compute units recorded) | ok 4GhxPP3EiCf3…
METRIC move-swig-2 {"totalCu":37339,"swigCu":37339,"squadsCu":1052,"bytes":561,"fee":10000,"ms":537}
PASS M2-3. Smart Account: seats B (MetaMask), C (Freighter), Phantom; threshold 2; vault funded 2 SOL | ok 4ZXX8geHtgan…
PASS M2-swig3: relayer creates the Swig wallet; owner root (ManageAuthority) + owner session role (Smart Account program only, max 1512000 slots); one owner signature | ok 2u49eiuC2wu1…
METRIC swig-setup {"totalCu":12653,"swigCu":9230,"bytes":582,"fee":10000,"ms":547}
PASS M2-p3. policy with three signers: this Swig wallet address and two other keys | ok 4z6zRpyunfQs…
PASS M2-g3. session on Swig 3 | ok 4zgbw2pa7pHz…
PASS M2-m3. one relayed move on Swig 3 (compute units recorded) | ok 2Er4PrzFJwVU…
METRIC move-swig-3 {"totalCu":40340,"swigCu":40340,"squadsCu":1052,"bytes":561,"fee":10000,"ms":520}
PASS M2-4. Smart Account: seats B (MetaMask), C (Freighter), Phantom; threshold 2; vault funded 2 SOL | ok 2EEspKXg6bRm…
PASS M2-swig4: relayer creates the Swig wallet; owner root (ManageAuthority) + owner session role (Smart Account program only, max 1512000 slots); one owner signature | ok 2GRLCUZ9UsWx…
METRIC swig-setup {"totalCu":12653,"swigCu":9230,"bytes":582,"fee":10000,"ms":523}
PASS M2-p4. policy with three signers: this Swig wallet address and two other keys | ok 2Ejsc41rB2Y7…
PASS M2-g4. session on Swig 4 | ok KPzhntUEc4ZW…
PASS M2-m4. one relayed move on Swig 4 (compute units recorded) | ok 4fS9EgPqHnHw…
METRIC move-swig-4 {"totalCu":41840,"swigCu":41840,"squadsCu":1052,"bytes":561,"fee":10000,"ms":531}
PASS M2-5. Smart Account: seats B (MetaMask), C (Freighter), Phantom; threshold 2; vault funded 2 SOL | ok 4MHU1egYqGyc…
PASS M2-swig5: relayer creates the Swig wallet; owner root (ManageAuthority) + owner session role (Smart Account program only, max 1512000 slots); one owner signature | ok 35Woz84u5S5x…
METRIC swig-setup {"totalCu":14153,"swigCu":10730,"bytes":582,"fee":10000,"ms":518}
PASS M2-p5. policy with three signers: this Swig wallet address and two other keys | ok 4cMuYo5Tuq2Q…
PASS M2-g5. session on Swig 5 | ok aUg87Aywzgcp…
PASS M2-m5. one relayed move on Swig 5 (compute units recorded) | ok 4odeojFPNPXQ…
METRIC move-swig-5 {"totalCu":37340,"swigCu":37340,"squadsCu":1052,"bytes":561,"fee":10000,"ms":272}
PASS M2-6. Smart Account: seats B (MetaMask), C (Freighter), Phantom; threshold 2; vault funded 2 SOL | ok 2cKwHmmWPe5g…
PASS M2-swig6: relayer creates the Swig wallet; owner root (ManageAuthority) + owner session role (Smart Account program only, max 1512000 slots); one owner signature | ok 3SHNnjdH4peB…
METRIC swig-setup {"totalCu":15653,"swigCu":12230,"bytes":582,"fee":10000,"ms":289}
PASS M2-p6. policy with three signers: this Swig wallet address and two other keys | ok 28CMTy26NqGc…
PASS M2-g6. session on Swig 6 | ok 5yVyB3vf3Dta…
PASS M2-m6. one relayed move on Swig 6 (compute units recorded) | ok 3YUQLXVjuTUZ…
METRIC move-swig-6 {"totalCu":35808,"swigCu":35808,"squadsCu":1052,"bytes":561,"fee":10000,"ms":1678}
PASS M2-7. Smart Account: seats B (MetaMask), C (Freighter), Phantom; threshold 2; vault funded 2 SOL | ok 5vuSScdqJNQf…
PASS M2-swig7: relayer creates the Swig wallet; owner root (ManageAuthority) + owner session role (Smart Account program only, max 1512000 slots); one owner signature | ok 2BTG3ThowXq9…
METRIC swig-setup {"totalCu":14153,"swigCu":10730,"bytes":582,"fee":10000,"ms":527}
PASS M2-p7. policy with three signers: this Swig wallet address and two other keys | ok 33ddenk7SFzP…
PASS M2-g7. session on Swig 7 | ok 32N5ioHrebNk…
PASS M2-m7. one relayed move on Swig 7 (compute units recorded) | ok hUAhW8Dcozc9…
METRIC move-swig-7 {"totalCu":37340,"swigCu":37340,"squadsCu":1052,"bytes":561,"fee":10000,"ms":530}
PASS M2-8. Smart Account: seats B (MetaMask), C (Freighter), Phantom; threshold 2; vault funded 2 SOL | ok SPfkeBvBCJT8…
PASS M2-swig8: relayer creates the Swig wallet; owner root (ManageAuthority) + owner session role (Smart Account program only, max 1512000 slots); one owner signature | ok 4nGrDB8owk8X…
METRIC swig-setup {"totalCu":14153,"swigCu":10730,"bytes":582,"fee":10000,"ms":544}
PASS M2-p8. policy with three signers: this Swig wallet address and two other keys | ok xB7KUV8FB3DF…
PASS M2-g8. session on Swig 8 | ok 2rNXkqWw37oj…
PASS M2-m8. one relayed move on Swig 8 (compute units recorded) | ok nVQS6rbmtqVp…
METRIC move-swig-8 {"totalCu":35839,"swigCu":35839,"squadsCu":1052,"bytes":561,"fee":10000,"ms":560}
PASS M2-9. Smart Account: seats B (MetaMask), C (Freighter), Phantom; threshold 2; vault funded 2 SOL | ok 2FFGjAiobRny…
PASS M2-swig9: relayer creates the Swig wallet; owner root (ManageAuthority) + owner session role (Smart Account program only, max 1512000 slots); one owner signature | ok 2ux7oozzk9T4…
METRIC swig-setup {"totalCu":14153,"swigCu":10730,"bytes":582,"fee":10000,"ms":523}
PASS M2-p9. policy with three signers: this Swig wallet address and two other keys | ok 3CU1oCDTe3pX…
PASS M2-g9. session on Swig 9 | ok 5iGr8i1E4rLH…
PASS M2-m9. one relayed move on Swig 9 (compute units recorded) | ok 4Zw28d5DRJVT…
METRIC move-swig-9 {"totalCu":41840,"swigCu":41840,"squadsCu":1052,"bytes":561,"fee":10000,"ms":303}
METRIC moveCuAcrossSwigs {"samples":[35808,35839,37339,37340,37340,38840,40340,40340,41840,41840],"min":35808,"median":38090,"max":41840,"mean":38687}
PASS T0. Smart Account: seats B (MetaMask), C (Freighter), Phantom; threshold 2; vault funded 2 SOL | ok 3bBHqEXA7Wh6…
PASS T0-PH: relayer creates the Swig wallet; owner root (ManageAuthority) + owner session role (Smart Account program only, max 1512000 slots); one owner signature | ok 5hRyyo9qqEhV…
METRIC swig-setup {"totalCu":12653,"swigCu":9230,"bytes":582,"fee":10000,"ms":532}
PASS T0b. mint with 6 decimals (relayer is the authority) | ok 42zgGQkQUYyW…
PASS T0c. vault token account (owner = the Smart Account vault) with 1000 tokens, and the venue token account | ok 5ScYBkYT1P3e…
PASS T1. the 2-of-3 installs a token policy: Token transfer <= 100 tokens to the venue account, Token approve <= 50 tokens for the venue, ATA creation | ok 21x5RFsCDhvh…
PASS T2a. Phantom session on the token account | ok 4DFNaz85LDpk…
PASS T2. session moves 10 tokens vault -> venue (SPL transfer through Swig and Squads) | ok 46bRfLAfav8B…
METRIC move-token-transfer {"totalCu":39840,"swigCu":39840,"squadsCu":1052,"bytes":593,"fee":10000,"ms":545}
PASS T2b. the venue token account received exactly 10 tokens | ok 10
PASS T3. session moves 10 tokens to a token account the policy does not list | refused: Error Code: ProgramInteractionAccountConstraintViolated
PASS T4. session moves 200 tokens (over the 100 limit) | refused: Error Code: ProgramInteractionInvalidNumericValue
PASS T5. session sets the venue as delegate of the vault token account for 20 tokens (SPL approve through Swig) | ok 2meZXFMcghiB…
PASS T5b. the delegate is set on the vault token account | ok 3eP6TxdLs14Tem9bCYqA2xNfzSsreW5N3pMGXLNkJuPo
PASS T6. session creates the other party's token account, rent paid by the vault | ok 58wHxLR8yRvb…
METRIC move-token-ata-create-vault-funded {"totalCu":61768,"swigCu":61768,"squadsCu":1052,"bytes":690,"fee":10000,"ms":286}
PASS T7. session creates a token account with the RELAYER as rent payer inside the move | ok 2vEGutdGDiSf…
PASS FINDING T7 | ok executed (relayer paid 0.00204928 SOL); the relayer rule applies to a policy that allows account creation
PASS fresh session on Freighter(NEAR MPC) | ok 2FbwW2Vf94HF…
PASS fresh session on MetaMask(secp256k1) | ok 3f4Q3ccjRihf…
PASS D0. Freighter session works before the removal | ok 416NawEptZ8w…
PASS D1. seats B (MetaMask) and Phantom update the policy: Freighter's Swig wallet address is dropped | ok rNW3BFQQbJ5E…
PASS D2. the live Freighter session after the removal | refused: Error Code: NotASigner
PASS D3. the MetaMask session keeps working | ok 2RyQkME3rG7K…
PASS D4. the 2-of-3 puts Freighter back | ok 23RLdETPAWsj…
PASS D5. the same, still unexpired Freighter session works again | ok 3cY51H5eWn2V…
PASS FINDING D5 | ok removing a Swig wallet from the policy stops its sessions but does not revoke them: if the wallet is added back, an unexpired session works again (prime-session behaves the same unless the key was revoked)
PASS D6. B and C remove the whole policy (kill switch) | ok Jp5GXsSGv7Zj…
PASS D7. any session move after the policy is gone | refused: Error Code: AccountNotInitialized
PASS H1: relayer creates the Swig wallet; owner root (ManageAuthority) + owner session role (Smart Account program only, max 1512000 slots); one owner signature | ok phTg8ouK1jtP…
METRIC swig-setup {"totalCu":12838,"swigCu":9230,"bytes":590,"fee":10000,"ms":298}
PASS H1a. Swig whose session role also holds ManageAuthority: Phantom starts a session | ok 2JBskaeoW8GC…
PASS H1b. the session key adds an All authority for an attacker key (acting as its own role) | ok okgKkPf1CtUL…
PASS H1c. the attacker key then moves SOL out of the Swig wallet with no session at all | ok FbqiXbERzPEB…
PASS FINDING H1 | ok a session role must never hold ManageAuthority: the attacker role has no expiry (moved 5000000 lamports)
PASS H2a. the owner (role 0, ManageAuthority) adds a second session role with ten times the maximum length | ok 2TUmYKWziXrB…
METRIC add-role {"totalCu":3458,"swigCu":3458,"bytes":463,"fee":10000,"ms":531}
PASS H2b. the owner starts a session of 15120000 slots on that role | ok 3GzU61ybzT87…
PASS FINDING H2 | ok with the owner as role 0, the 7-day cap binds the session key and not the owner (the owner can add a longer role). The frozen variant below removes that.
PASS H3a. an attacker creates a Swig at the id the app meant to use, with the attacker as root | ok oHX3VgZSobVW…
PASS H3b. the app creates its Swig at the same id | refused: Swig OwnerMismatchSwigAccount (1)
PASS H3c. the squatted Swig is owned by the attacker, so the app must read role 0 before the 2-of-3 lists a wallet address | ok role 0 = attacker
PASS H4a. frozen variant: one transaction creates the Swig with a throwaway root key E, adds the owner session role, and replaces E with the vault address | ok 3PXGi3daXCYy…
METRIC swig-setup-frozen {"totalCu":18211,"swigCu":13730,"bytes":636,"fee":10000,"ms":528}
PASS H4b. role 0 is now the vault address, not E | ok 
PASS H4c. E can no longer add an authority | refused: Swig PermissionDenied (3005)
PASS H4d. the owner cannot add a longer role (it holds no admin role) | refused: Swig PermissionDenied (3005)
PASS H4e. the 2-of-3 cannot act as the admin either: Swig refuses any admin call that arrives by CPI | refused: Swig Cpi (8)
PASS H4f. the owner still starts sessions on the frozen Swig | ok 47HYuBDTeScU…
PASS H4j. frozen variant for a MetaMask (secp256k1) owner: create, add the session role, hand role 0 to the vault, one transaction, no owner signature | ok 3tGe7RXjsxLK…
PASS H4k. the MetaMask owner starts a session on the frozen Swig (one personal_sign) | ok 2kRzLSScANM1…
PASS H4l. the frozen MetaMask Swig has role 0 = the vault and the maximum from creation | ok 
PASS H4g. the frozen Swig keeps the maximum from the first transaction | ok 1512000
PASS H4h. frozen Swig: the session key removes its own role | ok 5XrBw7TEc521…
PASS H4i. ...then the owner cannot start a session any more, and nobody can add the role back: the 2-of-3 must replace the Swig (new Swig, policy update) | refused: Swig InvalidAuthorityNotFoundByRoleId (12)

256/256 passed
